{
  "change": "complete-store-capability-migration",
  "evidence_summary": {
    "docs_only": 0,
    "fixture": 0,
    "formal": 0,
    "mode": "advisory",
    "model": 0,
    "probe": 0,
    "property": 0
  },
  "input_hash": "fedd635629ffc2f2cb5abdd1a2e468ea243309f5b22de7bbb0c3e9d764da3e46",
  "issues": [
    {
      "code": "cairn.gate.validation",
      "message": "complete-store-capability-migration: 10 task(s) missing concurrency markers",
      "promoted": "no",
      "scope": "tasks"
    }
  ],
  "layout": "cairn",
  "policy": "mantle-default",
  "policy_hash": "69891b1b46c1b38dad36043d5603ad45768bbeb4bc61ad10b72bc0cbabadb0d7",
  "probe_evidence": {
    "declarations_present": false,
    "probes": []
  },
  "receipt_hash": "97ae9d6cceb78e53f4634681047b262190399acd1adfbcaf5aca7c5f9cb72815",
  "stage": "tasks",
  "substance": [
    {
      "checkbox_tasks": 0,
      "kind": "design",
      "malformed_dependency_markers": 0,
      "path": "./.cairn/changes/complete-store-capability-migration/design.md",
      "requirement_blocks": 0,
      "scenario_blocks": 0,
      "substantive_lines": 21,
      "substantive_requirement_blocks": 0,
      "substantive_tasks": 0,
      "task_done": 0,
      "task_in_progress": 0,
      "task_todo": 0
    },
    {
      "checkbox_tasks": 0,
      "kind": "proposal",
      "malformed_dependency_markers": 0,
      "path": "./.cairn/changes/complete-store-capability-migration/proposal.md",
      "requirement_blocks": 0,
      "scenario_blocks": 0,
      "substantive_lines": 22,
      "substantive_requirement_blocks": 0,
      "substantive_tasks": 0,
      "task_done": 0,
      "task_in_progress": 0,
      "task_todo": 0
    },
    {
      "checkbox_tasks": 0,
      "kind": "delta_spec",
      "malformed_dependency_markers": 0,
      "path": "./.cairn/changes/complete-store-capability-migration/specs/store-lifecycle/spec.md",
      "requirement_blocks": 3,
      "scenario_blocks": 6,
      "substantive_lines": 28,
      "substantive_requirement_blocks": 3,
      "substantive_tasks": 0,
      "task_done": 0,
      "task_in_progress": 0,
      "task_todo": 0
    },
    {
      "checkbox_tasks": 10,
      "kind": "tasks",
      "malformed_dependency_markers": 0,
      "path": "./.cairn/changes/complete-store-capability-migration/tasks.md",
      "requirement_blocks": 0,
      "scenario_blocks": 0,
      "substantive_lines": 10,
      "substantive_requirement_blocks": 0,
      "substantive_tasks": 10,
      "task_done": 0,
      "task_in_progress": 0,
      "task_todo": 10
    }
  ],
  "task_ordering": {
    "active": false,
    "edges": [],
    "issues": [],
    "nodes": [],
    "order": [],
    "ready_tasks": [],
    "valid": true
  },
  "valid": false,
  "verdict": "FAIL"
}
