copying path '/nix/store/hhccdmpa2bhqbagn2zgmgrwjbcdinn55-source' from 'http://100.100.103.95:5000'...
warning: file 'nar/1pzq6dhayzd6kgyhjwqr1bwq468z36vp0al101havv6d0pw1fa40.nar?hash=hhccdmpa2bhqbagn2zgmgrwjbcdinn55' does not exist in binary cache 'http://100.100.103.95:5000'
warning: /home/brittonr/git/OnixResearch/mantle/.pi/worktrees/drain-complete-store-capability-migration/Cargo.toml: file `/home/brittonr/git/OnixResearch/mantle/.pi/worktrees/drain-complete-store-capability-migration/src/main.rs` found to be present in multiple build targets:
  * `bin` target `crunch`
  * `bin` target `mantle`
    Blocking waiting for file lock on build directory
   Compiling crunch-attestation-core v0.1.0 (/home/brittonr/git/OnixResearch/mantle/.pi/worktrees/drain-complete-store-capability-migration/crates/crunch-attestation-core)
   Compiling nix-compat v0.1.0 (/home/brittonr/git/OnixResearch/mantle/.pi/worktrees/drain-complete-store-capability-migration/vendor/nix-compat)
   Compiling snix-tracing v0.1.0 (/home/brittonr/git/OnixResearch/mantle/.pi/worktrees/drain-complete-store-capability-migration/vendor/snix-tracing)
   Compiling fuse-backend-rs v0.12.0 (/home/brittonr/git/OnixResearch/mantle/.pi/worktrees/drain-complete-store-capability-migration/vendor/fuse-backend-rs)
   Compiling crunch-action-result-core v0.1.0 (/home/brittonr/git/OnixResearch/mantle/.pi/worktrees/drain-complete-store-capability-migration/crates/crunch-action-result-core)
   Compiling crunch-repair-core v0.1.0 (/home/brittonr/git/OnixResearch/mantle/.pi/worktrees/drain-complete-store-capability-migration/crates/crunch-repair-core)
   Compiling crunch-overlay-core v0.1.0 (/home/brittonr/git/OnixResearch/mantle/.pi/worktrees/drain-complete-store-capability-migration/crates/crunch-overlay-core)
   Compiling crunch-gc-core v0.1.0 (/home/brittonr/git/OnixResearch/mantle/.pi/worktrees/drain-complete-store-capability-migration/crates/crunch-gc-core)
   Compiling crunch-composition-core v0.1.0 (/home/brittonr/git/OnixResearch/mantle/.pi/worktrees/drain-complete-store-capability-migration/crates/crunch-composition-core)
   Compiling crunch-rust-cache-core v0.1.0 (/home/brittonr/git/OnixResearch/mantle/.pi/worktrees/drain-complete-store-capability-migration/crates/crunch-rust-cache-core)
   Compiling crunch-eval v0.1.0 (/home/brittonr/git/OnixResearch/mantle/.pi/worktrees/drain-complete-store-capability-migration/crates/crunch-eval)
   Compiling crunch-evaluation-stream-core v0.1.0 (/home/brittonr/git/OnixResearch/mantle/.pi/worktrees/drain-complete-store-capability-migration/crates/crunch-evaluation-stream-core)
   Compiling crunch-wasm-component-core v0.1.0 (/home/brittonr/git/OnixResearch/mantle/.pi/worktrees/drain-complete-store-capability-migration/crates/crunch-wasm-component-core)
   Compiling crunch-shell-core v0.1.0 (/home/brittonr/git/OnixResearch/mantle/.pi/worktrees/drain-complete-store-capability-migration/crates/crunch-shell-core)
   Compiling crunch-release-core v0.1.0 (/home/brittonr/git/OnixResearch/mantle/.pi/worktrees/drain-complete-store-capability-migration/crates/crunch-release-core)
   Compiling crunch-eval-budget-core v0.1.0 (/home/brittonr/git/OnixResearch/mantle/.pi/worktrees/drain-complete-store-capability-migration/crates/crunch-eval-budget-core)
   Compiling crunch-bootstrap-core v0.1.0 (/home/brittonr/git/OnixResearch/mantle/.pi/worktrees/drain-complete-store-capability-migration/crates/crunch-bootstrap-core)
   Compiling mantlepkgs-core v0.1.0 (/home/brittonr/git/OnixResearch/mantle/.pi/worktrees/drain-complete-store-capability-migration/crates/mantlepkgs-core)
   Compiling crunch-hardware-simulation-core v0.1.0 (/home/brittonr/git/OnixResearch/mantle/.pi/worktrees/drain-complete-store-capability-migration/crates/crunch-hardware-simulation-core)
   Compiling mantle-portable-client-core v0.1.0 (/home/brittonr/git/OnixResearch/mantle/.pi/worktrees/drain-complete-store-capability-migration/crates/mantle-portable-client-core)
   Compiling crunch-kernelscript-core v0.1.0 (/home/brittonr/git/OnixResearch/mantle/.pi/worktrees/drain-complete-store-capability-migration/crates/crunch-kernelscript-core)
   Compiling crunch-shell v0.1.0 (/home/brittonr/git/OnixResearch/mantle/.pi/worktrees/drain-complete-store-capability-migration/crates/crunch-shell)
   Compiling crunch-attestation v0.1.0 (/home/brittonr/git/OnixResearch/mantle/.pi/worktrees/drain-complete-store-capability-migration/crates/crunch-attestation)
   Compiling crunch-project-core v0.1.0 (/home/brittonr/git/OnixResearch/mantle/.pi/worktrees/drain-complete-store-capability-migration/crates/crunch-project-core)
   Compiling crunch-hardware-simulation v0.1.0 (/home/brittonr/git/OnixResearch/mantle/.pi/worktrees/drain-complete-store-capability-migration/crates/crunch-hardware-simulation)
   Compiling snix-castore v0.1.0 (/home/brittonr/git/OnixResearch/mantle/.pi/worktrees/drain-complete-store-capability-migration/vendor/snix-castore)
   Compiling crunch-nar v0.1.0 (/home/brittonr/git/OnixResearch/mantle/.pi/worktrees/drain-complete-store-capability-migration/crates/crunch-nar)
   Compiling crunch-glue v0.1.0 (/home/brittonr/git/OnixResearch/mantle/.pi/worktrees/drain-complete-store-capability-migration/crates/crunch-glue)
   Compiling crunch-wasm-component v0.1.0 (/home/brittonr/git/OnixResearch/mantle/.pi/worktrees/drain-complete-store-capability-migration/crates/crunch-wasm-component)
   Compiling crunch-project v0.1.0 (/home/brittonr/git/OnixResearch/mantle/.pi/worktrees/drain-complete-store-capability-migration/crates/crunch-project)
   Compiling snix-store v0.1.0 (/home/brittonr/git/OnixResearch/mantle/.pi/worktrees/drain-complete-store-capability-migration/vendor/snix-store)
   Compiling snix-build v0.1.0 (/home/brittonr/git/OnixResearch/mantle/.pi/worktrees/drain-complete-store-capability-migration/vendor/snix-build)
   Compiling crunch-store v0.1.0 (/home/brittonr/git/OnixResearch/mantle/.pi/worktrees/drain-complete-store-capability-migration/crates/crunch-store)
   Compiling crunch-build v0.1.0 (/home/brittonr/git/OnixResearch/mantle/.pi/worktrees/drain-complete-store-capability-migration/crates/crunch-build)
   Compiling crunch-rust-cache v0.1.0 (/home/brittonr/git/OnixResearch/mantle/.pi/worktrees/drain-complete-store-capability-migration/crates/crunch-rust-cache)
   Compiling crunch-delta v0.1.0 (/home/brittonr/git/OnixResearch/mantle/.pi/worktrees/drain-complete-store-capability-migration/crates/crunch-delta)
   Compiling crunch-rustc-wrapper v0.1.0 (/home/brittonr/git/OnixResearch/mantle/.pi/worktrees/drain-complete-store-capability-migration/crates/crunch-rustc-wrapper)
   Compiling crunch-pipeline v0.1.0 (/home/brittonr/git/OnixResearch/mantle/.pi/worktrees/drain-complete-store-capability-migration/crates/crunch-pipeline)
   Compiling mantle v0.1.0 (/home/brittonr/git/OnixResearch/mantle/.pi/worktrees/drain-complete-store-capability-migration)
    Finished `test` profile [unoptimized + debuginfo] target(s) in 1m 46s
     Running unittests src/main.rs (/home/brittonr/.cargo-target/debug/deps/mantle-cb8911c7ad7b0910)

running 0 tests

test result: ok. 0 passed; 0 failed; 0 ignored; 0 measured; 2555 filtered out; finished in 0.00s

