warning: /tmp/mantle-remote-hexagon-baseline/Cargo.toml: file `/tmp/mantle-remote-hexagon-baseline/src/main.rs` found to be present in multiple build targets:
  * `bin` target `crunch`
  * `bin` target `mantle`
   Compiling proc-macro2 v1.0.106
   Compiling unicode-ident v1.0.24
   Compiling quote v1.0.45
   Compiling libc v0.2.186
   Compiling cfg-if v1.0.4
   Compiling serde_core v1.0.228
   Compiling serde v1.0.228
   Compiling memchr v2.8.0
   Compiling smallvec v1.15.1
   Compiling parking_lot_core v0.9.12
   Compiling scopeguard v1.2.0
   Compiling regex-syntax v0.8.10
   Compiling once_cell v1.21.4
   Compiling subtle v2.6.1
   Compiling find-msvc-tools v0.1.9
   Compiling shlex v1.3.0
   Compiling thiserror v2.0.18
   Compiling crossbeam-utils v0.8.21
   Compiling itoa v1.0.18
   Compiling lock_api v0.4.14
   Compiling bitflags v2.11.0
   Compiling version_check v0.9.5
   Compiling typenum v1.20.1
   Compiling equivalent v1.0.2
   Compiling stable_deref_trait v1.2.1
   Compiling fastrand v2.4.1
   Compiling allocator-api2 v0.2.21
   Compiling crc32fast v1.5.0
   Compiling tinyvec_macros v0.1.1
   Compiling gix-trace v0.1.18
   Compiling tinyvec v1.11.0
   Compiling foldhash v0.2.0
   Compiling same-file v1.0.6
   Compiling pin-project-lite v0.2.17
   Compiling cpufeatures v0.2.17
   Compiling human_format v1.2.1
   Compiling bytesize v2.3.1
   Compiling walkdir v2.5.0
   Compiling futures-core v0.3.32
   Compiling zlib-rs v0.6.3
   Compiling rustix v1.1.4
   Compiling generic-array v0.14.7
   Compiling linux-raw-sys v0.12.1
   Compiling byteorder v1.5.0
   Compiling heapless v0.8.0
   Compiling fnv v1.0.7
   Compiling rand_core v0.10.0
   Compiling hashbrown v0.16.1
   Compiling unicode-normalization v0.1.25
   Compiling getrandom v0.4.2
   Compiling jiff v0.2.23
   Compiling aho-corasick v1.1.4
   Compiling hash32 v0.3.1
   Compiling futures-io v0.3.32
   Compiling zeroize v1.8.2
   Compiling futures-sink v0.3.32
   Compiling syn v2.0.117
   Compiling slab v0.4.12
   Compiling futures-task v0.3.32
   Compiling winnow v0.7.15
   Compiling crossbeam-channel v0.5.15
   Compiling futures-channel v0.3.32
   Compiling arrayvec v0.7.6
   Compiling tracing-core v0.1.36
   Compiling log v0.4.29
   Compiling dunce v1.0.5
   Compiling fs_extra v1.3.0
   Compiling strsim v0.11.1
   Compiling percent-encoding v2.3.2
   Compiling zmij v1.0.21
   Compiling crossbeam-epoch v0.9.20
   Compiling faster-hex v0.10.0
   Compiling jobserver v0.1.34
   Compiling aws-lc-rs v1.16.2
   Compiling serde_json v1.0.149
   Compiling rustls-pki-types v1.14.0
   Compiling rayon-core v1.13.0
   Compiling signal-hook v0.4.4
   Compiling cc v1.2.59
   Compiling encoding_rs v0.8.35
   Compiling hashbrown v0.14.5
   Compiling httparse v1.10.1
   Compiling pkg-config v0.3.32
   Compiling nonempty v0.12.0
   Compiling block-buffer v0.10.4
   Compiling crypto-common v0.1.7
   Compiling ident_case v1.0.1
   Compiling digest v0.10.7
   Compiling untrusted v0.9.0
   Compiling writeable v0.6.3
   Compiling litemap v0.8.2
   Compiling utf8_iter v1.0.4
   Compiling crossbeam-deque v0.8.6
   Compiling icu_properties_data v2.2.0
   Compiling rustls v0.23.37
   Compiling icu_normalizer_data v2.2.0
   Compiling indexmap v2.13.1
   Compiling sha1 v0.10.6
   Compiling constant_time_eq v0.3.1
   Compiling arrayref v0.3.9
   Compiling regex-automata v0.4.14
   Compiling atomic-waker v1.1.2
   Compiling errno v0.3.14
   Compiling mio v1.2.0
   Compiling socket2 v0.6.3
   Compiling sha1-checked v0.10.0
   Compiling signal-hook-registry v1.4.8
   Compiling memmap2 v0.9.10
   Compiling getrandom v0.2.17
   Compiling parking_lot v0.12.5
   Compiling dashmap v6.1.0
   Compiling tempfile v3.27.0
   Compiling rustversion v1.0.22
   Compiling base64 v0.22.1
   Compiling tower-service v0.3.3
   Compiling try-lock v0.2.5
   Compiling autocfg v1.5.0
   Compiling unicode-bom v2.0.3
   Compiling cmake v0.1.58
   Compiling cfg_aliases v0.2.1
   Compiling want v0.3.1
   Compiling prodash v31.0.0
   Compiling form_urlencoded v1.2.2
   Compiling sync_wrapper v1.0.2
   Compiling foldhash v0.1.5
   Compiling ipnet v2.12.0
   Compiling openssl-probe v0.2.1
   Compiling tower-layer v0.3.3
   Compiling static_assertions v1.1.0
   Compiling iri-string v0.7.12
   Compiling shell-words v1.1.1
   Compiling mime v0.3.17
   Compiling semver v1.0.28
   Compiling kstring v2.0.2
   Compiling hashbrown v0.15.5
   Compiling filetime v0.2.27
   Compiling rustls-native-certs v0.8.3
   Compiling utf8parse v0.2.2
   Compiling winnow v1.0.1
   Compiling portable-atomic v1.13.1
   Compiling aws-lc-sys v0.39.1
   Compiling ring v0.17.14
   Compiling blake3 v1.8.2
   Compiling zstd-sys v2.0.16+zstd.1.5.7
   Compiling heck v0.5.0
   Compiling anstyle-parse v1.0.0
   Compiling rustc_version v0.4.1
   Compiling libmimalloc-sys v0.1.44
   Compiling num-traits v0.2.19
   Compiling gix-sec v0.13.2
   Compiling toml_datetime v1.1.1+spec-1.1.0
   Compiling is_terminal_polyfill v1.70.2
   Compiling unicode-width v0.2.2
   Compiling anyhow v1.0.102
   Compiling anstyle v1.0.14
   Compiling lazy_static v1.5.0
   Compiling colorchoice v1.0.5
   Compiling data-encoding v2.10.0
   Compiling curve25519-dalek v4.1.3
   Compiling unicode-segmentation v1.13.2
   Compiling anstyle-query v1.1.5
   Compiling anstream v1.0.0
   Compiling lzma-sys v0.1.20
   Compiling bzip2-sys v0.1.13+1.0.8
   Compiling memoffset v0.6.5
   Compiling sha2 v0.10.9
   Compiling vte v0.15.0
   Compiling convert_case v0.10.0
   Compiling unicode-xid v0.2.6
   Compiling typeid v1.0.3
   Compiling clap_lex v1.1.0
   Compiling rustix v0.38.44
   Compiling zstd-safe v7.2.4
   Compiling signature v2.2.0
   Compiling clap_builder v4.6.0
   Compiling synstructure v0.13.2
   Compiling darling_core v0.23.0
   Compiling darling_core v0.20.11
   Compiling ed25519 v2.2.3
   Compiling vt100 v0.16.2
   Compiling console v0.16.3
   Compiling sharded-slab v0.1.7
   Compiling arc-swap v1.9.1
   Compiling n0-future v0.3.2
   Compiling toml_parser v1.1.2+spec-1.1.0
   Compiling nix v0.31.3
   Compiling tracing-log v0.2.0
   Compiling thread_local v1.1.9
   Compiling cpufeatures v0.3.0
   Compiling matchers v0.2.0
   Compiling spin v0.10.0
   Compiling linux-raw-sys v0.4.15
   Compiling parking v2.2.1
   Compiling simd-adler32 v0.3.9
   Compiling erased-serde v0.4.10
   Compiling bitflags v1.3.2
   Compiling either v1.15.0
   Compiling nu-ansi-term v0.50.3
   Compiling adler2 v2.0.1
   Compiling unit-prefix v0.5.2
   Compiling zerocopy v0.8.48
   Compiling toml_edit v0.25.10+spec-1.1.0
   Compiling serde_derive v1.0.228
   Compiling thiserror-impl v2.0.18
   Compiling tokio-macros v2.7.0
   Compiling futures-macro v0.3.32
   Compiling zerofrom-derive v0.1.7
   Compiling yoke-derive v0.8.2
   Compiling zerovec-derive v0.11.3
   Compiling tracing-attributes v0.1.31
   Compiling displaydoc v0.2.5
   Compiling async-trait v0.1.89
   Compiling curve25519-dalek-derive v0.1.1
   Compiling pin-project-internal v1.1.11
   Compiling clap_derive v4.6.0
   Compiling futures-util v0.3.32
   Compiling zerofrom v0.1.7
   Compiling darling_macro v0.20.11
   Compiling proc-macro-crate v3.5.0
   Compiling yoke v0.8.2
   Compiling derive_more-impl v2.1.1
   Compiling diatomic-waker v0.2.3
   Compiling zerotrie v0.2.4
   Compiling cordyceps v0.3.4
   Compiling thiserror v1.0.69
   Compiling num_enum_derive v0.7.6
   Compiling darling_macro v0.23.0
   Compiling zerovec v0.11.6
   Compiling darling v0.20.11
   Compiling futures-buffered v0.2.13
   Compiling miniz_oxide v0.8.9
   Compiling tinystr v0.8.3
   Compiling tracing v0.1.44
   Compiling potential_utf v0.1.5
   Compiling icu_locale_core v2.2.0
   Compiling tracing-subscriber v0.3.23
   Compiling icu_collections v2.2.0
   Compiling ed25519-dalek v2.2.0
   Compiling indicatif v0.18.4
   Compiling pin-project v1.1.11
   Compiling thiserror-impl v1.0.69
   Compiling spez v0.1.2
   Compiling async-stream-impl v0.3.6
   Compiling n0-error-macros v0.1.3
   Compiling darling v0.23.0
   Compiling futures-lite v2.6.1
   Compiling serde_with_macros v3.18.0
   Compiling derive_more v2.1.1
   Compiling chacha20 v0.10.0
   Compiling mimalloc v0.1.48
   Compiling icu_provider v2.2.0
   Compiling clap v4.6.0
   Compiling xattr v1.6.1
   Compiling nibble_vec v0.1.0
   Compiling matchit v0.8.4
   Compiling iana-time-zone v0.1.65
   Compiling fuse-backend-rs v0.12.0 (/tmp/mantle-remote-hexagon-baseline/vendor/fuse-backend-rs)
   Compiling endian-type v0.1.2
   Compiling ryu v1.0.23
   Compiling nix-compat v0.1.0 (/tmp/mantle-remote-hexagon-baseline/vendor/nix-compat)
   Compiling icu_properties v2.2.0
   Compiling icu_normalizer v2.2.0
   Compiling futures-executor v0.3.32
   Compiling getrandom v0.3.4
   Compiling redb v3.1.3
   Compiling radix_trie v0.2.1
   Compiling async-stream v0.3.6
   Compiling clap-verbosity-flag v3.0.4
   Compiling futures v0.3.32
   Compiling tracing-indicatif v0.3.14
   Compiling nix v0.24.3
   Compiling rand v0.10.1
   Compiling num_enum v0.7.6
   Compiling bytes v1.11.1
   Compiling bstr v1.12.1
   Compiling quick-xml v0.40.1
   Compiling chrono v0.4.44
   Compiling n0-error v0.1.3
   Compiling serde_urlencoded v0.7.1
   Compiling serde_with v3.18.0
   Compiling bzip2 v0.5.2
   Compiling flate2 v1.1.9
   Compiling xz2 v0.1.7
   Compiling derive_builder_core v0.20.2
   Compiling cobs v0.3.0
   Compiling itertools v0.15.0
   Compiling irpc-derive v0.10.0
   Compiling tokio v1.51.0
   Compiling http v1.4.0
   Compiling nix-compat-derive v0.1.0 (/tmp/mantle-remote-hexagon-baseline/vendor/nix-compat-derive)
   Compiling vmm-sys-util v0.11.2
   Compiling gix-validate v0.11.0
   Compiling gix-utils v0.3.1
   Compiling gix-error v0.2.1
   Compiling gix-path v0.11.2
   Compiling idna_adapter v1.2.1
   Compiling gix-packetline v0.21.2
   Compiling num_cpus v1.17.0
   Compiling vm-memory v0.10.0
   Compiling idna v1.1.0
   Compiling gix-date v0.15.1
   Compiling gix-chunk v0.7.0
   Compiling gix-quote v0.7.0
   Compiling gix-features v0.46.2
   Compiling gix-config-value v0.17.1
   Compiling http-body v1.0.1
   Compiling url v2.5.8
   Compiling gix-command v0.8.0
   Compiling gix-bitmap v0.3.0
   Compiling gix-url v0.35.2
   Compiling mio v0.8.11
   Compiling gix-actor v0.40.0
   Compiling gix-hash v0.23.0
   Compiling gix-fs v0.19.2
   Compiling gix-glob v0.24.0
   Compiling http-body-util v0.1.3
   Compiling caps v0.5.6
   Compiling proc-macro-error-attr2 v2.0.0
   Compiling nom v8.0.0
   Compiling fixedbitset v0.4.2
   Compiling rustc-hash v2.1.2
   Compiling snix-castore v0.1.0 (/tmp/mantle-remote-hexagon-baseline/vendor/snix-castore)
   Compiling humantime v2.3.0
   Compiling gix-hashtable v0.13.0
   Compiling gix-commitgraph v0.35.0
   Compiling gix-prompt v0.14.1
   Compiling gix-tempfile v21.0.2
   Compiling gix-attributes v0.31.0
   Compiling gix-object v0.58.0
   Compiling gix-ignore v0.19.1
   Compiling petgraph v0.6.5
   Compiling derive_builder_macro v0.20.2
   Compiling threadpool v1.8.1
   Compiling serde_tagged v0.3.0
   Compiling postcard v1.1.3
   Compiling gix-lock v21.0.2
   Compiling serde_qs v0.12.0
   Compiling proc-macro-error2 v2.0.1
   Compiling auto_impl v1.3.0
   Compiling regex v1.12.3
   Compiling gix-pathspec v0.16.1
   Compiling imara-diff v0.2.0
   Compiling imara-diff v0.1.8
   Compiling nix v0.29.0
   Compiling serde_bytes v0.11.19
   Compiling wu-manber v0.1.0 (https://github.com/tvlfyi/wu-manber.git#0d5b22be)
   Compiling getset v0.1.6
   Compiling rand_core v0.9.5
   Compiling derive_builder v0.20.2
   Compiling gix-credentials v0.37.1
   Compiling artifact-auth-core v0.1.0 (ssh://git@github.com/OnixResearch/onix-artifact.git?rev=c932138d880ddf4c2967f4c024b489b5c0022bf1#c932138d)
   Compiling crunch-attestation-core v0.1.0 (/tmp/mantle-remote-hexagon-baseline/crates/crunch-attestation-core)
   Compiling strum_macros v0.26.4
   Compiling typed-builder-macro v0.22.0
   Compiling md-5 v0.10.6
   Compiling clru v0.6.3
   Compiling uluru v3.1.0
   Compiling snix-build v0.1.0 (/tmp/mantle-remote-hexagon-baseline/vendor/snix-build)
   Compiling snix-store v0.1.0 (/tmp/mantle-remote-hexagon-baseline/vendor/snix-store)
   Compiling strum v0.26.3
   Compiling gix-revwalk v0.29.0
   Compiling gix-ref v0.61.0
   Compiling gix-filter v0.28.0
   Compiling ppv-lite86 v0.2.21
   Compiling gix-pack v0.68.0
   Compiling gix-shallow v0.10.0
   Compiling nix-archive v0.1.0
   Compiling gix-traverse v0.55.0
   Compiling gix-revision v0.43.0
   Compiling gix-negotiate v0.29.0
   Compiling itertools v0.12.1
   Compiling maybe-async v0.2.10
   Compiling rand_core v0.6.4
   Compiling uuid v1.23.0
   Compiling gix-index v0.49.0
   Compiling gix-worktree-stream v0.30.0
   Compiling io-close v0.3.7
   Compiling gix-discover v0.49.0
   Compiling crunch-attestation v0.1.0 (/tmp/mantle-remote-hexagon-baseline/crates/crunch-attestation)
   Compiling gix-config v0.54.0
   Compiling gix-refspec v0.39.0
   Compiling lru v0.16.4
   Compiling tokio-util v0.7.18
   Compiling tower v0.5.3
   Compiling tokio-stream v0.1.18
   Compiling count-write v0.1.0
   Compiling crc-catalog v2.4.0
   Compiling gix-odb v0.78.0
   Compiling oci-spec v0.7.1
   Compiling typed-builder v0.22.0
   Compiling crc v3.4.0
   Compiling gix-worktree v0.50.0
   Compiling gix-archive v0.30.0
   Compiling rand_chacha v0.3.1
   Compiling astral-tokio-tar v0.6.3
   Compiling fastcdc v3.2.1
   Compiling tower-http v0.6.8
   Compiling crunch-action-result-core v0.1.0 (/tmp/mantle-remote-hexagon-baseline/crates/crunch-action-result-core)
   Compiling gix-submodule v0.28.0
   Compiling gix-mailmap v0.32.0
   Compiling h2 v0.4.13
   Compiling gix-diff v0.61.0
   Compiling gix-dir v0.23.0
   Compiling gix-worktree-state v0.28.0
   Compiling ureq-proto v0.6.0
   Compiling crunch-composition-core v0.1.0 (/tmp/mantle-remote-hexagon-baseline/crates/crunch-composition-core)
   Compiling tar v0.4.45
   Compiling crunch-repair-core v0.1.0 (/tmp/mantle-remote-hexagon-baseline/crates/crunch-repair-core)
   Compiling crunch-gc-core v0.1.0 (/tmp/mantle-remote-hexagon-baseline/crates/crunch-gc-core)
   Compiling crunch-overlay-core v0.1.0 (/tmp/mantle-remote-hexagon-baseline/crates/crunch-overlay-core)
   Compiling fs2 v0.4.3
   Compiling wait-timeout v0.2.1
   Compiling webpki-roots v1.0.6
   Compiling utf8-zero v0.8.1
   Compiling bit-vec v0.8.0
   Compiling twox-hash v2.1.2
   Compiling gix-blame v0.11.0
   Compiling gix-status v0.28.0
   Compiling quick-error v1.2.3
   Compiling ruzstd v0.8.2
   Compiling rand v0.8.6
   Compiling lzma-rs v0.3.0
   Compiling rusty-fork v0.3.1
   Compiling bit-set v0.8.0
   Compiling rand_chacha v0.9.0
   Compiling artifact-auth-ed25519 v0.1.0 (ssh://git@github.com/OnixResearch/onix-artifact.git?rev=c932138d880ddf4c2967f4c024b489b5c0022bf1#c932138d)
   Compiling rand v0.9.3
   Compiling rand_xorshift v0.4.0
   Compiling gethostname v0.5.0
   Compiling bzip2-rs v0.1.2
   Compiling unarray v0.1.4
   Compiling yansi v1.0.1
   Compiling diff v0.1.13
   Compiling irpc v0.13.0
   Compiling proptest v1.11.0
   Compiling pretty_assertions v1.4.1
   Compiling zstd v0.13.3
   Compiling async-compression v0.4.19
   Compiling hyper v1.9.0
   Compiling crunch-nar v0.1.0 (/tmp/mantle-remote-hexagon-baseline/crates/crunch-nar)
   Compiling crunch-glue v0.1.0 (/tmp/mantle-remote-hexagon-baseline/crates/crunch-glue)
   Compiling hyper-util v0.1.20
   Compiling rustls-webpki v0.103.13
   Compiling tokio-rustls v0.26.4
   Compiling rustls-platform-verifier v0.6.2
   Compiling ureq v3.3.0
   Compiling hyper-rustls v0.27.7
   Compiling reqwest v0.13.2
   Compiling reqwest-middleware v0.5.1
   Compiling object_store v0.14.0
   Compiling gix-transport v0.55.1
   Compiling reqwest-tracing v0.6.0
   Compiling gix-protocol v0.59.0
   Compiling snix-tracing v0.1.0 (/tmp/mantle-remote-hexagon-baseline/vendor/snix-tracing)
   Compiling gix v0.81.0
   Compiling crunch-store v0.1.0 (/tmp/mantle-remote-hexagon-baseline/crates/crunch-store)
   Compiling crunch-build v0.1.0 (/tmp/mantle-remote-hexagon-baseline/crates/crunch-build)
    Finished `test` profile [unoptimized + debuginfo] target(s) in 2m 28s
     Running unittests src/lib.rs (/tmp/mantle-remote-baseline-target/debug/deps/crunch_build-81912de7a5290395)

running 117 tests
test distributed::external_batch::tests::terminal_state_conflicts_and_backwards_transitions_are_rejected ... ok
test distributed::external_batch::tests::invalid_limits_and_missing_job_identity_are_rejected ... ok
test distributed::external_batch::tests::equivalent_resource_order_produces_identical_dispatch_identity ... ok
test distributed::external_batch::tests::reconciliation_reattaches_waits_preserves_unknown_resubmits_and_marks_lost ... ok
test distributed::remote_attempt::tests::assignment_nonce_prevents_identity_reuse_after_state_reset ... ok
test distributed::external_batch::tests::followup_preserves_dispatch_identity_and_requires_scheduler_identity ... ok
test distributed::external_batch::tests::operation_kind_changes_operation_identity_not_dispatch_identity ... ok
test distributed::external_batch::tests::malformed_and_stale_responses_fail_closed ... ok
test distributed::remote_attempt::tests::duplicate_report_is_an_idempotent_no_op_and_conflict_is_rejected ... ok
test distributed::remote_attempt::tests::malformed_assignment_nonce_fails_before_identity_derivation ... ok
test distributed::external_batch::tests::malformed_operation_enum_and_oversized_response_reason_are_rejected ... ok
test distributed::external_batch::tests::canonical_submit_is_deterministic_and_secret_free ... ok
test distributed::remote_attempt::tests::malformed_identity_and_unknown_future_fence_fail_without_state_change ... ok
test distributed::remote_attempt::tests::output_result_requires_separate_output_admission_authorization ... ok
test distributed::remote_attempt::tests::repeated_assignment_advances_every_fence_generation ... ok
test distributed::remote_attempt::tests::result_ready_and_completion_require_matching_output_digest ... ok
test distributed::remote_attempt::tests::retry_decision_uses_only_supplied_budget_and_time_facts ... ok
test distributed::remote_attempt::tests::stale_report_is_rejected_before_output_admission ... ok
test distributed::remote_attempt::tests::transition_table_accepts_only_declared_live_edges ... ok
test distributed::remote_attempt::tests::transfer_checkpoints_cannot_regress_with_a_fresh_event_id ... ok
test distributed::remote_attempt_log::tests::bounded_segment_accepts_multiple_contiguous_records ... ok
test distributed::remote_failure_debug::tests::capture_accounting_detects_overflow_before_publication ... ok
test distributed::remote_attempt_log::tests::canonical_record_segment_and_manifest_identities_are_deterministic ... ok
test distributed::remote_attempt_log::tests::redaction_escapes_control_data_redacts_secrets_and_truncates_deterministically ... ok
test distributed::remote_attempt_log::tests::append_is_idempotent_and_changed_payload_under_event_id_conflicts ... ok
test distributed::remote_attempt_log::tests::stale_future_and_wrong_attempt_scopes_fail_before_manifest_change ... ok
test distributed::remote_failure_debug::tests::capture_plan_rejects_traversal_secrets_host_paths_and_duplicates ... ok
test distributed::remote_attempt_log::tests::malformed_policy_position_and_overflow_arithmetic_fail_closed ... ok
test distributed::remote_resources::tests::placement_uses_classes_and_stable_identity_not_input_order ... ok
test distributed::remote_failure_debug::tests::capture_observation_admission_is_bounded_and_regular_file_only ... ok
test distributed::remote_resources::tests::verified_full_partial_and_missing_locality_are_derived_from_receiver_facts ... ok
test distributed::remote_resources::tests::stale_wrong_scope_and_unverified_locality_never_claim_zero_transfer ... ok
test distributed::remote_telemetry::tests::invalid_policy_and_zero_value_fail_closed ... ok
test distributed::remote_failure_debug::tests::retention_preserves_active_lease_and_deletes_only_expired_debug_roots ... ok
test distributed::remote_resources::tests::stale_attempt_cannot_renew_release_or_resize_current_lease ... ok
test distributed::remote_failure_debug::tests::malformed_and_mismatched_bundle_facts_fail_closed ... ok
test distributed::remote_failure_debug::tests::permutation_equivalent_bundle_facts_have_one_identity ... ok
test distributed::remote_resources::tests::locality_cannot_create_eligibility_and_starvation_remains_authoritative ... ok
test distributed::remote_resources::tests::restart_recovery_preserves_only_current_live_lease ... ok
test distributed::remote_resources::tests::aggregate_reservations_prevent_every_overcommit_class ... ok
test distributed::remote_failure_debug::tests::metadata_only_bundle_validates_inspects_and_plans_new_authority_replay ... ok
test distributed::remote_failure_debug::tests::retention_rejects_ordinary_build_output_deletion_authority ... ok
test distributed::remote_failure_debug::tests::replay_comparison_reports_match_and_divergence_without_rewriting_truth ... ok
test distributed::remote_failure_debug::tests::redaction_never_returns_raw_secret_host_path_or_control_text ... ok
test distributed::remote_telemetry::tests::raw_identifiers_paths_outputs_traces_credentials_and_errors_are_rejected ... ok
test distributed::remote_resources::tests::compatible_vectors_reserve_release_and_replay_deterministically ... ok
test distributed::remote_telemetry::tests::bounded_buffer_drops_without_rewriting_existing_events ... ok
test distributed::remote_transfer::tests::acknowledgement_is_monotonic_and_digest_checked ... ok
test distributed::remote_telemetry::tests::equivalent_facts_normalize_to_provider_neutral_event_and_metric ... ok
test distributed::remote_resources::tests::invalid_resource_shapes_fail_closed ... ok
test distributed::remote_transfer::tests::canonical_manifest_is_permutation_invariant_and_covers_existing_identity_classes ... ok
test distributed::tests::environment_changes_key ... ok
test distributed::remote_transfer::tests::checkpoint_tamper_scope_regression_missing_object_and_forged_cursor_fail_closed ... ok
test distributed::remote_resources::tests::lease_snapshot_rejects_corruption_and_overcommit ... ok
test distributed::remote_attempt_log::tests::chain_validation_rejects_payload_previous_digest_and_segment_tamper ... ok
test distributed::remote_attempt::tests::advancing_a_valid_fence_never_decreases ... ok
test distributed::remote_transfer::tests::credit_and_chunk_validation_reject_before_payload_allocation ... ok
test distributed::tests::hash_negotiated_remote_realization_rejects_unsupported_capability_and_profile ... ok
test distributed::tests::hash_negotiated_remote_realization_rejects_digest_mismatch_before_execution ... ok
test distributed::tests::hash_negotiated_remote_realization_all_present_executes_without_transfer ... ok
test distributed::tests::equivalent_requests_have_stable_keys ... ok
test distributed::remote_attempt::tests::terminal_states_never_transition_to_live_states ... ok
test distributed::remote_transfer::tests::idle_progress_is_bounded_and_regression_fails ... ok
test distributed::remote_attempt::tests::event_retention_exhaustion_fails_closed_without_evicting_conflict_history ... ok
test distributed::tests::fake_remote_realizer_can_satisfy_contract_tests_without_local_service ... ok
test distributed::remote_attempt_log::tests::checked_accounting_never_wraps ... ok
test distributed::remote_transfer::tests::manifest_rejects_chunk_bounds_digest_conflicts_and_non_nar_sha256 ... ok
test distributed::tests::derivation_identity_changes_key ... ok
test distributed::tests::diagnostic_receipts_cover_operator_events_and_redact_secrets ... ok
test distributed::tests::hash_negotiated_remote_realization_requests_missing_hashes_then_verifies_transfer ... ok
test distributed::remote_attempt_log::tests::tampered_truncation_anchor_fails_closed ... ok
test distributed::remote_transfer::tests::receiver_missing_set_is_permutation_invariant_and_resume_requests_only_missing_chunks ... ok
test distributed::tests::distributed_profile_default_is_provider_neutral_local_only ... ok
test distributed::remote_attempt_log::tests::retention_creates_verifiable_anchor_and_distinguishes_truncated_cursor ... ok
test distributed::tests::distributed_profile_config_round_trips_capabilities_and_parameters ... ok
test distributed::tests::empty_resolver_chain_preserves_local_build_decision ... ok
test distributed::tests::in_memory_adapter_reports_miss_then_hit_after_publish ... ok
test distributed::remote_transfer::tests::early_cutoff_requires_verified_identity_complete_closure_and_admitted_pathinfo ... ok
test distributed::remote_transfer::tests::repeated_chunk_digests_are_disambiguated_by_artifact_local_index ... ok
test distributed::tests::input_closure_order_is_validated ... ok
test distributed::tests::local_only_policy_requires_local_realizer ... ok
test distributed::tests::remote_candidate_verification_rejects_key_mismatch ... ok
test distributed::tests::remote_candidate_verification_rejects_unverified_status ... ok
test distributed::tests::remote_candidate_verification_rejects_missing_log_or_metadata ... ok
test distributed::tests::remote_candidate_verification_rejects_output_mismatch ... ok
test distributed::tests::local_build_service_realizer_delegates_to_build_service ... ok
test distributed::tests::remote_first_fallback_requires_explicit_policy ... ok
test distributed::tests::scheduler_route_facts_normalize_only_after_every_hard_check ... ok
test distributed::tests::remote_build_service_rejects_raw_or_incomplete_requests ... ok
test distributed::tests::scheduler_selection_does_not_schedule_when_at_capacity ... ok
test distributed::tests::scheduler_selection_keeps_goal_dedup_owned_by_scheduler ... ok
test distributed::tests::platform_changes_key ... ok
test distributed::tests::resolver_chain_uses_first_hit_before_local_build ... ok
test distributed::tests::sandbox_changes_key ... ok
test distributed::tests::input_closure_changes_key ... ok
test distributed::remote_attempt_log::tests::cursor_decision_table_distinguishes_retained_head_and_after_head ... ok
test distributed::tests::in_memory_publisher_reports_idempotent_skip ... ok
test distributed::tests::realizer_profile_changes_key ... ok
test distributed::tests::remote_goal_attachments_start_once_and_attach_duplicate_key ... ok
test distributed::tests::remote_allowed_policy_allows_remote_realizer ... ok
test distributed::tests::scheduler_route_preference_cannot_bypass_any_hard_blocker ... ok
test distributed::tests::remote_build_service_adapter_dispatches_concrete_ready_goal ... ok
test distributed::tests::remote_candidate_verification_accepts_verified_outputs ... ok
test distributed::tests::resolver_chain_skips_unavailable_resolvers ... ok
test distributed::remote_attempt_log::tests::replay_is_bounded_and_rejects_after_head_or_too_small_limit ... ok
test distributed::remote_transfer::tests::checked_quota_arithmetic_never_wraps ... ok
test distributed::tests::scheduler_selection_preserves_max_jobs_budget ... ok
test distributed::tests::store_prefix_changes_key ... ok
test distributed::tests::verified_artifact_rejects_substitution_for_unknown_output ... ok
test distributed::tests::verified_artifact_rejects_empty_outputs ... ok
test distributed::tests::toolchain_changes_key ... ok
test distributed::remote_transfer::tests::acknowledged_sets_are_monotonic_when_extended ... ok
test distributed::remote_attempt::tests::equivalent_facts_produce_equivalent_decisions ... ok
test distributed::remote_resources::tests::checked_cpu_reservations_preserve_capacity_invariant ... ok
test distributed::tests::remote_goal_attachments_reject_unbounded_ready_sets ... ok
test distributed::remote_transfer::tests::equivalent_receiver_facts_produce_equivalent_demand ... ok
test distributed::remote_attempt_log::tests::equivalent_record_facts_produce_equivalent_identity ... ok

test result: ok. 117 passed; 0 failed; 0 ignored; 0 measured; 562 filtered out; finished in 0.11s

     Running tests/export_api.rs (/tmp/mantle-remote-baseline-target/debug/deps/export_api-e0b38ed187451b12)

running 0 tests

test result: ok. 0 passed; 0 failed; 0 ignored; 0 measured; 1 filtered out; finished in 0.00s

