warning: /tmp/mantle-remote-hexagon-baseline/Cargo.toml: file `/tmp/mantle-remote-hexagon-baseline/src/main.rs` found to be present in multiple build targets:
  * `bin` target `crunch`
  * `bin` target `mantle`
   Compiling subtle v2.6.1
   Compiling const-oid v0.9.6
   Compiling regex-automata v0.4.14
   Compiling rustix v1.1.4
   Compiling linux-raw-sys v0.12.1
   Compiling serde_json v1.0.149
   Compiling blake3 v1.8.2
   Compiling mio v1.2.0
   Compiling indexmap v2.13.1
   Compiling libm v0.2.16
   Compiling num-traits v0.2.19
   Compiling unicode-segmentation v1.13.2
   Compiling spin v0.9.9
   Compiling memchr v2.8.0
   Compiling itertools v0.14.0
   Compiling toml_parser v1.1.2+spec-1.1.0
   Compiling smallvec v1.15.1
   Compiling crypto-common v0.1.7
   Compiling siphasher v1.0.2
   Compiling lazy_static v1.5.0
   Compiling rustls v0.23.37
   Compiling digest v0.10.7
   Compiling phf_shared v0.11.3
   Compiling sharded-slab v0.1.7
   Compiling parking_lot_core v0.9.12
   Compiling bytemuck v1.25.0
   Compiling sha1 v0.10.6
   Compiling tokio v1.51.0
   Compiling sha2 v0.10.9
   Compiling convert_case v0.10.0
   Compiling aho-corasick v1.1.4
   Compiling signature v2.2.0
   Compiling curve25519-dalek v4.1.3
   Compiling parking_lot v0.12.5
   Compiling sha1-checked v0.10.0
   Compiling ed25519 v2.2.3
   Compiling toml_edit v0.25.10+spec-1.1.0
   Compiling md-5 v0.10.6
   Compiling derive_more-impl v2.1.1
   Compiling precomputed-hash v0.1.1
   Compiling bit-vec v0.8.0
   Compiling keccak v0.1.6
   Compiling new_debug_unreachable v1.0.6
   Compiling log v0.4.29
   Compiling fixedbitset v0.5.7
   Compiling term v1.2.1
   Compiling string_cache v0.8.9
   Compiling sha3 v0.10.8
   Compiling bit-set v0.8.0
   Compiling safe_arch v1.2.0
   Compiling petgraph v0.7.1
   Compiling ena v0.14.4
   Compiling malachite-nz v0.9.2
   Compiling proc-macro-crate v3.5.0
   Compiling pico-args v0.5.0
   Compiling petgraph v0.6.5
   Compiling ascii-canvas v4.0.0
   Compiling artifact-auth-core v0.1.0 (ssh://git@github.com/OnixResearch/onix-artifact.git?rev=c932138d880ddf4c2967f4c024b489b5c0022bf1#c932138d)
   Compiling fuse-backend-rs v0.12.0 (/tmp/mantle-remote-hexagon-baseline/vendor/fuse-backend-rs)
   Compiling proc-macro2-diagnostics v0.10.1
   Compiling winnow v1.0.1
   Compiling ed25519-dalek v2.2.0
   Compiling num_enum_derive v0.7.6
   Compiling crunch-attestation-core v0.1.0 (/tmp/mantle-remote-hexagon-baseline/crates/crunch-attestation-core)
   Compiling malachite-base v0.9.2
   Compiling wide v1.7.0
   Compiling unicode-width v0.1.14
   Compiling uuid v1.23.0
   Compiling toml_datetime v0.7.5+spec-1.1.0
   Compiling toml_writer v1.1.1+spec-1.1.0
   Compiling base64ct v1.8.3
   Compiling io-lifetimes v3.0.1
   Compiling termcolor v1.4.1
   Compiling bstr v1.12.1
   Compiling regex v1.12.3
   Compiling matchers v0.2.0
   Compiling chrono v0.4.44
   Compiling heck v0.4.1
   Compiling num_enum v0.7.6
   Compiling io-lifetimes v2.0.4
   Compiling bitmaps v3.2.1
   Compiling tracing-subscriber v0.3.23
   Compiling codespan-reporting v0.13.1
   Compiling oci-spec v0.7.1
   Compiling ouroboros_macro v0.18.5
   Compiling derive_more v2.1.1
   Compiling pem-rfc7468 v0.7.0
   Compiling gix-validate v0.11.0
   Compiling gix-utils v0.3.1
   Compiling gix-error v0.2.1
   Compiling tempfile v3.27.0
   Compiling gix-path v0.11.2
   Compiling rustls-platform-verifier v0.6.2
   Compiling gix-date v0.15.1
   Compiling gix-chunk v0.7.0
   Compiling gix-quote v0.7.0
   Compiling gix-features v0.46.2
   Compiling gix-config-value v0.17.1
   Compiling xattr v1.6.1
   Compiling gix-actor v0.40.0
   Compiling gix-packetline v0.21.2
   Compiling gix-command v0.8.0
   Compiling tracing-indicatif v0.3.14
   Compiling gix-hash v0.23.0
   Compiling gix-fs v0.19.2
   Compiling gix-glob v0.24.0
   Compiling lalrpop-util v0.22.2
   Compiling gix-bitmap v0.3.0
   Compiling crunch-attestation v0.1.0 (/tmp/mantle-remote-hexagon-baseline/crates/crunch-attestation)
   Compiling tar v0.4.45
   Compiling logos-codegen v0.16.1
   Compiling gix-url v0.35.2
   Compiling gix-hashtable v0.13.0
   Compiling tokio-util v0.7.18
   Compiling gix-commitgraph v0.35.0
   Compiling gix-tempfile v21.0.2
   Compiling tokio-rustls v0.26.4
   Compiling gix-object v0.58.0
   Compiling tower v0.5.3
   Compiling gix-attributes v0.31.0
   Compiling tokio-stream v0.1.18
   Compiling gix-lock v21.0.2
   Compiling gix-ignore v0.19.1
   Compiling lalrpop v0.22.2
   Compiling async-compression v0.4.19
   Compiling nix-compat v0.1.0 (/tmp/mantle-remote-hexagon-baseline/vendor/nix-compat)
   Compiling nix-archive v0.1.0
   Compiling h2 v0.4.13
   Compiling tower-http v0.6.8
   Compiling n0-future v0.3.2
   Compiling gix-prompt v0.14.1
   Compiling fastcdc v3.2.1
   Compiling astral-tokio-tar v0.6.3
   Compiling gix-revwalk v0.29.0
   Compiling gix-ref v0.61.0
   Compiling gix-filter v0.28.0
   Compiling gix-pathspec v0.16.1
   Compiling imbl-sized-chunks v0.1.3
   Compiling crunch-action-result-core v0.1.0 (/tmp/mantle-remote-hexagon-baseline/crates/crunch-action-result-core)
   Compiling crunch-repair-core v0.1.0 (/tmp/mantle-remote-hexagon-baseline/crates/crunch-repair-core)
   Compiling crunch-composition-core v0.1.0 (/tmp/mantle-remote-hexagon-baseline/crates/crunch-composition-core)
   Compiling logos-derive v0.16.1
   Compiling gix-traverse v0.55.0
   Compiling gix-revision v0.43.0
   Compiling crunch-gc-core v0.1.0 (/tmp/mantle-remote-hexagon-baseline/crates/crunch-gc-core)
   Compiling crunch-overlay-core v0.1.0 (/tmp/mantle-remote-hexagon-baseline/crates/crunch-overlay-core)
   Compiling gix-index v0.49.0
   Compiling hashlink v0.10.0
   Compiling serde_spanned v1.1.1
   Compiling aliasable v0.1.3
   Compiling arraydeque v0.5.1
   Compiling typed-arena v2.0.2
   Compiling signal-hook v0.3.18
   Compiling io-extras v0.19.0
   Compiling object v0.37.3
   Compiling arrayvec v0.5.2
   Compiling paste v1.0.15
   Compiling saphyr-parser v0.0.6
   Compiling ouroboros v0.18.5
   Compiling logos v0.16.1
   Compiling pretty v0.12.5
   Compiling toml v0.9.12+spec-1.1.0
   Compiling gix-discover v0.49.0
   Compiling gix-refspec v0.39.0
   Compiling nickel-lang-vector v0.2.0
   Compiling gix-worktree v0.50.0
   Compiling gix-credentials v0.37.1
   Compiling codespan v0.13.1
   Compiling der v0.7.10
   Compiling toml_edit v0.24.1+spec-1.1.0
   Compiling crunch-nar v0.1.0 (/tmp/mantle-remote-hexagon-baseline/crates/crunch-nar)
   Compiling vte v0.14.1
   Compiling irpc v0.13.0
   Compiling simple-counter v0.1.0
   Compiling unsafe-libyaml v0.2.11
   Compiling gix-diff v0.61.0
   Compiling bumpalo v3.20.2
   Compiling gimli v0.32.3
   Compiling cap-primitives v4.0.2
   Compiling hyper v1.9.0
   Compiling strip-ansi-escapes v0.2.1
   Compiling gix-dir v0.23.0
   Compiling gix-pack v0.68.0
   Compiling fs-set-times v0.20.3
   Compiling gix-config v0.54.0
   Compiling gix-worktree-stream v0.30.0
   Compiling spki v0.7.3
   Compiling serde_yaml v0.9.34+deprecated
   Compiling gix-negotiate v0.29.0
   Compiling gix-shallow v0.10.0
   Compiling rustix-linux-procfs v0.1.1
   Compiling num-integer v0.1.46
   Compiling hyper-util v0.1.20
   Compiling sha-1 v0.10.1
   Compiling json_scanner v0.1.0
   Compiling maybe-owned v0.3.4
   Compiling indoc v2.0.7
   Compiling cap-std v4.0.2
   Compiling num-bigint-dig v0.8.6
   Compiling litrs v1.0.0
   Compiling rustc-demangle v0.1.28
   Compiling owo-colors v4.3.0
   Compiling ambient-authority v0.0.2
   Compiling linkme-impl v0.3.37
   Compiling gix-odb v0.78.0
   Compiling num-iter v0.1.46
   Compiling gix-worktree-state v0.28.0
   Compiling pkcs8 v0.10.2
   Compiling gix-archive v0.30.0
   Compiling document-features v0.2.12
   Compiling gix-submodule v0.28.0
   Compiling gix-status v0.28.0
   Compiling gix-blame v0.11.0
   Compiling signal-hook-mio v0.2.5
   Compiling gix-mailmap v0.32.0
   Compiling toml_datetime v0.6.11
   Compiling serde_spanned v0.6.9
   Compiling syn v3.0.3
   Compiling unicode-linebreak v0.1.5
   Compiling addr2line v0.25.1
   Compiling is_ci v1.2.0
   Compiling hyper-rustls v0.27.7
   Compiling toml_write v0.1.2
   Compiling cap-fs-ext v4.0.2
   Compiling linkme v0.3.37
   Compiling ureq v3.3.0
   Compiling textwrap v0.16.2
   Compiling supports-color v3.0.2
   Compiling reqwest v0.13.2
   Compiling rand_chacha v0.9.0
   Compiling toml_edit v0.22.27
   Compiling pkcs1 v0.7.5
   Compiling terminal_size v0.4.4
   Compiling crossterm v0.29.0
   Compiling artifact-auth-ed25519 v0.1.0 (ssh://git@github.com/OnixResearch/onix-artifact.git?rev=c932138d880ddf4c2967f4c024b489b5c0022bf1#c932138d)
   Compiling crunch-rust-cache-core v0.1.0 (/tmp/mantle-remote-hexagon-baseline/crates/crunch-rust-cache-core)
   Compiling fuzzy-matcher v0.3.7
   Compiling miette-derive v7.6.0
   Compiling supports-unicode v3.0.0
   Compiling predicates-core v1.0.10
   Compiling dyn-clone v1.0.20
   Compiling bounded-tree-core v0.1.0 (https://seed.radicle.garden/zqhtZvsteJhxCJE96dMAZSZ9y1PX.git?rev=b0fd0103bc9eed2c1b6d852045959462d105d8f1#b0fd0103)
   Compiling supports-hyperlinks v3.2.0
   Compiling rand v0.9.3
   Compiling crunch-glue v0.1.0 (/tmp/mantle-remote-hexagon-baseline/crates/crunch-glue)
   Compiling crunch-project-core v0.1.0 (/tmp/mantle-remote-hexagon-baseline/crates/crunch-project-core)
   Compiling inquire v0.9.4
   Compiling float-cmp v0.10.0
   Compiling crunch-shell-core v0.1.0 (/tmp/mantle-remote-hexagon-baseline/crates/crunch-shell-core)
   Compiling rsa v0.9.10
   Compiling crunch-wasm-component-core v0.1.0 (/tmp/mantle-remote-hexagon-baseline/crates/crunch-wasm-component-core)
   Compiling backtrace v0.3.76
   Compiling crunch-evaluation-stream-core v0.1.0 (/tmp/mantle-remote-hexagon-baseline/crates/crunch-evaluation-stream-core)
   Compiling secrecy v0.10.3
   Compiling etcetera v0.11.0
   Compiling difflib v0.4.0
   Compiling crunch-delta-core v0.1.0 (/tmp/mantle-remote-hexagon-baseline/crates/crunch-delta-core)
   Compiling normalize-line-endings v0.3.0
   Compiling detect-coding-agent v0.1.0
   Compiling backtrace-ext v0.2.1
   Compiling toml v0.8.23
   Compiling termtree v0.5.1
   Compiling assert_cmd v2.2.0
   Compiling colored v3.1.1
   Compiling reqwest-middleware v0.5.1
   Compiling object_store v0.14.0
   Compiling gix-transport v0.55.1
   Compiling miette v7.6.0
   Compiling dotenvy v0.15.7
   Compiling reqwest-tracing v0.6.0
   Compiling predicates-tree v1.0.13
   Compiling predicates v3.1.4
   Compiling crunch-shell v0.1.0 (/tmp/mantle-remote-hexagon-baseline/crates/crunch-shell)
   Compiling bounded-tree-cap v0.1.0 (https://seed.radicle.garden/zqhtZvsteJhxCJE96dMAZSZ9y1PX.git?rev=b0fd0103bc9eed2c1b6d852045959462d105d8f1#b0fd0103)
   Compiling crunch-release-core v0.1.0 (/tmp/mantle-remote-hexagon-baseline/crates/crunch-release-core)
   Compiling chapter-tgz v0.1.0
   Compiling durable-file-publication v0.1.0 (https://git.onix.computer/z3tAR4For7qw8ZirkJzoDw1VNDDLM.git?rev=951c27f59003cea9bfdb40ed4d89653d50fada1f#951c27f5)
   Compiling crunch-bootstrap-core v0.1.0 (/tmp/mantle-remote-hexagon-baseline/crates/crunch-bootstrap-core)
   Compiling gix-protocol v0.59.0
   Compiling snix-tracing v0.1.0 (/tmp/mantle-remote-hexagon-baseline/vendor/snix-tracing)
   Compiling crunch-hardware-simulation-core v0.1.0 (/tmp/mantle-remote-hexagon-baseline/crates/crunch-hardware-simulation-core)
   Compiling nix-derivation v0.1.0
   Compiling mantlepkgs-core v0.1.0 (/tmp/mantle-remote-hexagon-baseline/crates/mantlepkgs-core)
   Compiling nickel-export-core v0.1.0 (https://github.com/OnixResearch/nickel-export?rev=257fafc1c746f1faf156207043a4c826bfb16d49#257fafc1)
   Compiling crunch-eval-budget-core v0.1.0 (/tmp/mantle-remote-hexagon-baseline/crates/crunch-eval-budget-core)
   Compiling mantle-portable-client-core v0.1.0 (/tmp/mantle-remote-hexagon-baseline/crates/mantle-portable-client-core)
   Compiling secretspec v0.17.0
   Compiling nickel-lang-parser v0.3.0
   Compiling nickel-lang-core v0.18.0
   Compiling gix v0.81.0
   Compiling crunch-kernelscript-core v0.1.0 (/tmp/mantle-remote-hexagon-baseline/crates/crunch-kernelscript-core)
   Compiling transactional-reconciliation-core v0.1.0 (https://seed.radicle.garden/z4Tky6zvC8w4Y6c4YBzNxVbq5n752.git?rev=606489b5f40298181214bb76bc3457b607f225d9#606489b5)
   Compiling crunch-project v0.1.0 (/tmp/mantle-remote-hexagon-baseline/crates/crunch-project)
   Compiling crunch-hardware-simulation v0.1.0 (/tmp/mantle-remote-hexagon-baseline/crates/crunch-hardware-simulation)
   Compiling snix-castore v0.1.0 (/tmp/mantle-remote-hexagon-baseline/vendor/snix-castore)
   Compiling crunch-wasm-component v0.1.0 (/tmp/mantle-remote-hexagon-baseline/crates/crunch-wasm-component)
   Compiling malachite-q v0.9.2
   Compiling snix-build v0.1.0 (/tmp/mantle-remote-hexagon-baseline/vendor/snix-build)
   Compiling snix-store v0.1.0 (/tmp/mantle-remote-hexagon-baseline/vendor/snix-store)
   Compiling malachite-float v0.9.2
   Compiling malachite v0.9.2
   Compiling crunch-store v0.1.0 (/tmp/mantle-remote-hexagon-baseline/crates/crunch-store)
   Compiling crunch-build v0.1.0 (/tmp/mantle-remote-hexagon-baseline/crates/crunch-build)
   Compiling crunch-rust-cache v0.1.0 (/tmp/mantle-remote-hexagon-baseline/crates/crunch-rust-cache)
   Compiling crunch-delta v0.1.0 (/tmp/mantle-remote-hexagon-baseline/crates/crunch-delta)
   Compiling crunch-rustc-wrapper v0.1.0 (/tmp/mantle-remote-hexagon-baseline/crates/crunch-rustc-wrapper)
   Compiling nickel-lang v2.2.0
   Compiling crunch-eval v0.1.0 (/tmp/mantle-remote-hexagon-baseline/crates/crunch-eval)
   Compiling crunch-pipeline v0.1.0 (/tmp/mantle-remote-hexagon-baseline/crates/crunch-pipeline)
   Compiling mantle v0.1.0 (/tmp/mantle-remote-hexagon-baseline)
    Finished `test` profile [unoptimized + debuginfo] target(s) in 3m 18s
     Running unittests src/main.rs (/tmp/mantle-remote-baseline-target/debug/deps/mantle-3e25230ae6110e8c)

running 146 tests
test remote_build::tests::already_present_transfer_emits_accepted_cutoff_before_completion ... ok
test remote_build::tests::action_payload_rejects_untyped_json_before_queue_admission ... ok
test remote_build::tests::compatible_hello_reaches_authorization ... ok
test remote_build::tests::ci_boundary_rejects_frontend_eval_before_coordinator_admission ... ok
test remote_build::tests::action_payload_plans_typed_executor_boundary ... ok
test remote_build::tests::concrete_request_requires_executable_payload_and_expected_outputs ... ok
test remote_build::tests::ci_boundary_concrete_request_passes_validation_without_frontend_eval ... ok
test remote_build::tests::ca_derivation_payload_rejects_predeclared_final_output_path ... ok
test remote_build::tests::coordinator_lost_restart_state_reports_phase_and_session_guards_backoff ... ok
test remote_build::tests::build_outcome_rejects_unexpected_output_path ... ok
test remote_build::tests::builder_rejects_executor_pathinfo_without_signature ... ok
test remote_build::tests::builder_rejects_executor_pathinfo_store_path_mismatch ... ok
test remote_build::tests::ca_derivation_payload_plans_without_predeclared_output_path ... ok
test remote_build::tests::coordinator_dispatch_registers_worker_and_dedupes_identical_requests ... ok
test remote_build::tests::ca_build_outcome_binds_final_path_after_execution ... ok
test remote_build::tests::build_outcome_maps_pathinfo_to_remote_execution_output ... ok
test remote_build::tests::coordinator_rejects_untrusted_worker_key_without_using_coordinator_as_trust_root ... ok
test remote_build::tests::delta_failure_falls_back_to_full_without_claiming_delta_hit ... ok
test remote_build::tests::coordinator_load_migrates_legacy_unfenced_result_fail_closed ... ok
test remote_build::tests::coordinator_mutation_guard_is_exclusive_and_rejects_symlinks ... ok
test remote_build::tests::coordinator_persistence_failure_exposes_no_assignment_or_claim ... ok
test remote_build::tests::coordinator_rejects_conflicting_live_output_claim_instead_of_deduping ... ok
test remote_build::tests::endpoint_nominal_admission_rejects_malformed_and_mismatched_roles ... ok
test remote_build::tests::coordinator_unconfigured_persistence_exposes_no_assignment_or_claim ... ok
test remote_build::tests::coordinator_status_bounds_failure_text_and_log_cursors ... ok
test remote_build::tests::coordinator_rejects_capability_store_prefix_resource_and_upload_mismatches ... ok
test remote_build::tests::derivation_payload_rejects_stale_declared_output_path ... ok
test remote_build::tests::coordinator_status_redacts_ticket_secrets_and_splits_phases ... ok
test remote_build::tests::coordinator_resume_summary_redelivers_finished_result ... ok
test remote_build::tests::coordinator_resume_claim_cannot_overwrite_reassigned_durable_owner ... ok
test remote_build::tests::durable_remote_output_import_rejects_missing_pathinfo_bundle ... ok
test remote_build::tests::coordinator_state_reset_cannot_reissue_job_or_attempt_identity ... ok
test remote_build::tests::derivation_payload_plans_executor_command_and_declared_output ... ok
test remote_build::tests::durable_remote_output_import_rejects_attestation_digest_mismatch ... ok
test remote_build::tests::executor_output_identity_mismatch_fails_after_queue_admission ... ok
test remote_build::tests::coordinator_stale_output_result_is_rejected_before_cryptographic_admission ... ok
test remote_build::tests::durable_remote_output_import_rejects_pathinfo_signature_key_mismatch ... ok
test remote_build::tests::coordinator_load_rejects_attempt_id_not_derived_from_durable_nonce ... ok
test remote_build::tests::coordinator_load_rejects_legacy_attempt_without_assignment_nonce ... ok
test remote_build::tests::failure_classification_and_session_lease_are_bounded ... ok
test remote_build::tests::coordinator_load_rejects_corrupt_fenced_projection_fail_closed ... ok
test remote_build::tests::forged_client_time_and_endpoint_cannot_expand_ticket_authority ... ok
test remote_build::tests::lifecycle_fact_mapping_distinguishes_success_failure_fence_and_admission ... ok
test remote_build::tests::immutable_observability_payload_contains_bounded_lifecycle_events ... ok
test remote_build::tests::length_prefixed_frame_roundtrip_and_stdio_pollution_rejected ... ok
test remote_build::tests::external_batch_hardware_tests::tracked_hardware_fixture_rejects_non_claim_and_executor_drift ... ok
test remote_build::tests::local_derivation_registry_rejects_action_payload ... ok
test remote_build::tests::malformed_request_does_not_consume_ticket ... ok
test remote_build::tests::output_trust_requires_trusted_key_and_prefix ... ok
test remote_build::tests::oversized_frame_length_is_rejected_before_payload_read ... ok
test remote_build::tests::missing_inputs_are_derived_from_declared_refs ... ok
test remote_build::tests::output_trust_rejects_same_name_different_key_material ... ok
test remote_build::tests::output_trust_uses_key_material_digest_when_available ... ok
test remote_build::tests::local_executor_accepts_declared_input_refs_after_upload_boundary ... ok
test remote_build::tests::local_executor_rejects_input_refs_missing_from_upload_manifest ... ok
test remote_build::tests::production_redemption_requires_durable_commit_before_continuation ... ok
test remote_build::tests::loopback_session_uploads_missing_input_and_imports_trusted_output ... ok
test remote_build::tests::external_batch_hardware_tests::hardware_named_token_absence_is_ineligible_before_provider_submission ... ok
test remote_build::tests::protocol_mismatch_fails_closed ... ok
test remote_build::tests::protocol_state_machine_accepts_loopback_order ... ok
test remote_build::tests::local_derivation_registry_accepts_declared_derivation_payload ... ok
test remote_build::tests::external_batch_stale_response_and_scheduler_id_conflict_leave_state_unchanged ... ok
test remote_build::tests::mutable_workspace_jobs_never_attach_or_publish_live_output_claims ... ok
test remote_build::tests::operator_remote_build_e2e_rail_rejects_cross_seam_failures ... ok
test remote_build::tests::production_persistence_failure_emits_no_success_frame ... ok
test remote_build::tests::external_batch_submit_is_durable_idempotent_and_restart_reconciles ... ok
test remote_build::tests::external_batch_worker_must_register_before_normal_assignment_and_transfer ... ok
test remote_build::tests::protocol_state_machine_rejects_out_of_order_build_request ... ok
test remote_build::tests::receiver_verified_locality_prefers_only_hard_eligible_current_generation ... ok
test remote_build::tests::production_admission_reloads_state_and_preserves_intervening_mutation ... ok
test remote_build::tests::coordinator_fenced_output_admission_redelivers_after_restart_and_revalidates ... ok
test remote_build::tests::remote_frame_read_write_helpers_roundtrip_one_frame ... ok
test remote_build::tests::coordinator_conflicting_event_digest_changes_no_mutable_surface ... ok
test remote_build::tests::concurrent_resource_dispatches_commit_once_and_never_overcommit ... ok
test remote_build::tests::coordinator_duplicate_current_report_is_durable_idempotent_no_op ... ok
test remote_build::tests::remote_output_digest_changes_when_payload_identity_changes ... ok
test remote_build::tests::remote_output_admission_rejects_malformed_digest ... ok
test remote_build::tests::remote_root_priority_plan_orders_once_with_zero_pressure_evidence ... ok
test remote_build::tests::remote_build_observability_report_names_route_transfer_trust_and_attestation ... ok
test remote_build::tests::remote_output_admission_rejects_untrusted_builder_key ... ok
test remote_build::tests::remote_build_observability_rejects_mismatched_import_claims ... ok
test remote_build::tests::remote_stdio_client_dispatch_plans_derivation_payload_frames ... ok
test remote_build::tests::coordinator_restart_reassignment_fences_every_stale_mutation_and_completion_race ... ok
test remote_build::tests::remote_stdio_client_dispatch_rejects_missing_trusted_keys ... ok
test remote_build::tests::remote_stdio_client_dispatch_frames_non_empty_input_refs_for_upload ... ok
test remote_build::tests::remote_output_import_rejects_tampered_transfer_artifact_payload ... ok
test remote_build::tests::remote_output_import_requires_transfer_artifact_for_framed_pathinfo ... ok
test remote_build::tests::remote_output_admission_rejects_transfer_key_mismatch ... ok
test remote_build::tests::remote_root_priority_plan_rejects_empty_duplicate_and_oversized_snapshots ... ok
test remote_build::tests::remote_ticket_credential_parses_bearer_token ... ok
test remote_build::tests::remote_ticket_credential_rejects_missing_secret ... ok
test remote_build::tests::secret_owners_and_internal_auth_frame_buffers_zeroize ... ok
test remote_build::tests::source_upload_privacy_policy_rejects_secret_class_and_quota ... ok
test remote_build::tests::source_upload_privacy_summary_counts_classes_before_transfer ... ok
test remote_build::tests::source_upload_readiness_rejects_stale_or_unsupported_records ... ok
test remote_build::tests::ssh_stdio_command_planner_uses_explicit_argv ... ok
test remote_build::tests::scheduling_quantities_do_not_change_action_key_but_semantic_classes_do ... ok
test remote_build::tests::stdio_child_exit_failure_is_terminal_transport_setup ... ok
test remote_build::tests::stdio_child_human_stdout_is_terminal_protocol_corruption ... ok
test remote_build::tests::ssh_stdio_client_dispatch_reuses_stdio_frame_state_machine ... ok
test remote_build::tests::request_nominal_admission_rejects_control_bearing_wire_value ... ok
test remote_build::tests::stdio_child_output_decodes_frame_stream_and_keeps_stderr_diagnostic ... ok
test remote_build::tests::status_view_omits_ticket_secret_and_verifier ... ok
test remote_build::tests::remote_workspace_binding_uses_current_job_attempt_and_fence ... ok
test remote_build::tests::stdio_child_exchange_output_classifies_untrusted_builder_key_as_output_import ... ok
test remote_build::tests::stdio_child_exchange_output_validates_import_admission ... ok
test remote_build::tests::replay_execution_identity_forces_a_new_normalized_job_key ... ok
test remote_build::tests::stdio_stderr_summary_is_bounded ... ok
test remote_build::tests::ticket_authorization_rejects_revoked_and_expired_tickets ... ok
test remote_build::tests::ticket_delivery_target_requires_one_explicit_operator_action ... ok
test remote_build::tests::stdio_server_rejects_incomplete_client_sequence_without_redeeming_ticket ... ok
test remote_build::tests::stdio_server_state_lookup_rejects_unknown_ticket ... ok
test remote_build::tests::stdio_server_uses_executor_outcome_for_build_finished_metadata ... ok
test remote_build::tests::upload_set_mismatch_fails_before_queue_admission ... ok
test remote_build::tests::worker_reregistration_without_workspace_policy_revokes_stale_authority ... ok
test remote_build::tests::valid_request_redeems_ticket_once ... ok
test remote_build::tests::stdio_server_state_lookup_redeems_matching_ticket ... ok
test remote_build::tests::untrusted_loopback_output_key_fails_before_ticket_redemption ... ok
test remote_build::tests::stdio_server_once_exchanges_framed_request_and_response ... ok
test remote_build::tests::trace_context_changes_only_diagnostic_health_not_authoritative_decisions ... ok
test remote_build::tests::resource_leases_release_on_completion_cancellation_timeout_and_worker_loss ... ok
test remote_build::tests::full_nar_transfer_artifact_materializes_remote_output_bytes ... ok
test remote_build::tests::production_sender_rejects_excess_credit_before_source_disclosure ... ok
test remote_build::tests::remote_workspace_registration_and_fenced_lease_survive_restart ... ok
test remote_build::tests::production_concurrent_one_use_contenders_commit_exactly_once ... ok
test remote_build::tests::resource_lease_restart_preserves_current_fence_and_stale_loss_cannot_release_it ... ok
test remote_build::tests::coordinator_restart_recovers_each_live_attempt_phase_and_retained_result_disposition ... ok
test remote_build::tests::stale_input_attempt_stops_before_source_read_or_data_disclosure ... ok
test remote_build::tests::durable_remote_output_import_persists_signed_pathinfo_attestation_and_report ... ok
test remote_build::tests::source_input_upload_without_store_or_source_state_fails_without_network_fetch ... ok
test remote_build::tests::external_batch_status_and_composition_keep_scheduler_identity_non_authoritative ... ok
test remote_build::tests::stdio_executor_pathinfo_frames_import_durably ... ok
test remote_build::tests::stale_final_chunk_invalidates_checkpoint_before_acknowledgement_or_completion ... ok
test remote_build::tests::stale_fence_log_append_never_touches_superseded_attempt_manifest ... ok
test remote_build::tests::external_batch_multiprocess_allocation_uses_ordinary_cas_and_output_admission ... ok
test remote_build::tests::operator_remote_build_e2e_rail_composes_route_stdio_input_admission_and_reports ... ok
test remote_build::tests::coordinator_replay_rejects_tampered_anchor_and_after_head_cursor_without_state_mutation ... ok
test remote_build::tests::source_input_upload_rejects_tampered_artifact_payload ... ok
test remote_build::tests::source_input_upload_artifact_materializes_remote_input_bytes ... ok
test remote_build::tests::source_input_upload_reuses_imported_source_state_when_store_path_is_absent ... ok
test remote_build::tests::coordinator_replay_rejects_sequence_cursor_previous_digest_event_and_payload_tamper ... ok
test remote_build::tests::coordinator_immutable_log_restarts_replays_and_retains_bounded_segments ... ok
test remote_build::tests::ticket_credential_fd_reader_accepts_once_and_rejects_invalid_oversized_and_terminal_inputs ... ok
test remote_build::tests::stale_input_final_chunk_is_rejected_before_transfer_completion ... ok
test remote_build::tests::external_batch_hardware_tests::external_batch_dispatches_tracked_hardware_graph_through_ordinary_cas_and_admission ... ok
test remote_build::tests::stdio_child_timeout_is_phase_classified ... ok

test result: ok. 146 passed; 0 failed; 0 ignored; 0 measured; 2418 filtered out; finished in 1.04s

