.cairn/changes/adopt-nickel-1-17-cohort/evidence/baseline-2026-09-01/crunch-eval.command.txt: OK
.cairn/changes/adopt-nickel-1-17-cohort/evidence/baseline-2026-09-01/crunch-eval.log: OK
.cairn/changes/adopt-nickel-1-17-cohort/evidence/baseline-2026-09-01/crunch-eval.status: OK
.cairn/changes/adopt-nickel-1-17-cohort/evidence/baseline-2026-09-01/nickel-configs.command.txt: OK
.cairn/changes/adopt-nickel-1-17-cohort/evidence/baseline-2026-09-01/nickel-configs.log: OK
.cairn/changes/adopt-nickel-1-17-cohort/evidence/baseline-2026-09-01/nickel-configs.status: OK
.cairn/changes/adopt-nickel-1-17-cohort/evidence/cohort-self-test.log: OK
.cairn/changes/adopt-nickel-1-17-cohort/evidence/implementation-2026-09-01/actual.sorted.json: OK
.cairn/changes/adopt-nickel-1-17-cohort/evidence/implementation-2026-09-01/cohort-check-final.log: OK
.cairn/changes/adopt-nickel-1-17-cohort/evidence/implementation-2026-09-01/cohort-checks-final.status: OK
.cairn/changes/adopt-nickel-1-17-cohort/evidence/implementation-2026-09-01/cohort-self-test-final.log: OK
.cairn/changes/adopt-nickel-1-17-cohort/evidence/implementation-2026-09-01/cohort-vendor-final.log: OK
.cairn/changes/adopt-nickel-1-17-cohort/evidence/implementation-2026-09-01/crunch-eval-final.log: OK
.cairn/changes/adopt-nickel-1-17-cohort/evidence/implementation-2026-09-01/crunch-eval-final.status: OK
.cairn/changes/adopt-nickel-1-17-cohort/evidence/implementation-2026-09-01/crunch-eval-first.command.txt: OK
.cairn/changes/adopt-nickel-1-17-cohort/evidence/implementation-2026-09-01/crunch-eval-first.log: OK
.cairn/changes/adopt-nickel-1-17-cohort/evidence/implementation-2026-09-01/crunch-eval-first.status: OK
.cairn/changes/adopt-nickel-1-17-cohort/evidence/implementation-2026-09-01/evaluator-compat.command.txt: OK
.cairn/changes/adopt-nickel-1-17-cohort/evidence/implementation-2026-09-01/evaluator-compat.log: OK
.cairn/changes/adopt-nickel-1-17-cohort/evidence/implementation-2026-09-01/evaluator-compat.status: OK
.cairn/changes/adopt-nickel-1-17-cohort/evidence/implementation-2026-09-01/expected.sorted.json: OK
.cairn/changes/adopt-nickel-1-17-cohort/evidence/implementation-2026-09-01/nickel-cli-final.status: OK
.cairn/changes/adopt-nickel-1-17-cohort/evidence/implementation-2026-09-01/nickel-cohort-diff.log: OK
.cairn/changes/adopt-nickel-1-17-cohort/evidence/implementation-2026-09-01/nickel-cohort-diff.status: OK
.cairn/changes/adopt-nickel-1-17-cohort/evidence/implementation-2026-09-01/nickel-cohort-export.json: OK
.cairn/changes/adopt-nickel-1-17-cohort/evidence/implementation-2026-09-01/nickel-cohort-export.log: OK
.cairn/changes/adopt-nickel-1-17-cohort/evidence/implementation-2026-09-01/nickel-cohort-export.status: OK
.cairn/changes/adopt-nickel-1-17-cohort/evidence/implementation-2026-09-01/nickel-configs.command.txt: OK
.cairn/changes/adopt-nickel-1-17-cohort/evidence/implementation-2026-09-01/nickel-configs-final.log: OK
.cairn/changes/adopt-nickel-1-17-cohort/evidence/implementation-2026-09-01/nickel-configs.log: OK
.cairn/changes/adopt-nickel-1-17-cohort/evidence/implementation-2026-09-01/nickel-configs.status: OK
.cairn/changes/adopt-nickel-1-17-cohort/evidence/implementation-2026-09-01/nickel-version.command.txt: OK
.cairn/changes/adopt-nickel-1-17-cohort/evidence/implementation-2026-09-01/nickel-version-final.log: OK
.cairn/changes/adopt-nickel-1-17-cohort/evidence/implementation-2026-09-01/nickel-version.log: OK
.cairn/changes/adopt-nickel-1-17-cohort/evidence/implementation-2026-09-01/nickel-version.status: OK
.cairn/changes/adopt-nickel-1-17-cohort/evidence/implementation-2026-09-01/nix-nickel-cohort.command.txt: OK
.cairn/changes/adopt-nickel-1-17-cohort/evidence/implementation-2026-09-01/nix-nickel-cohort.log: OK
.cairn/changes/adopt-nickel-1-17-cohort/evidence/implementation-2026-09-01/nix-nickel-cohort.status: OK
.cairn/changes/adopt-nickel-1-17-cohort/evidence/nickel-cargo-update.log: OK
.cairn/changes/adopt-nickel-1-17-cohort/evidence/nickel-flake-lock.log: OK
.cairn/changes/adopt-nickel-1-17-cohort/evidence/validation-2026-09-01/cairn-gate-design-final.log: OK
.cairn/changes/adopt-nickel-1-17-cohort/evidence/validation-2026-09-01/cairn-gate-design-final.status: OK
.cairn/changes/adopt-nickel-1-17-cohort/evidence/validation-2026-09-01/cairn-gate-design.log: OK
.cairn/changes/adopt-nickel-1-17-cohort/evidence/validation-2026-09-01/cairn-gate-design.status: OK
.cairn/changes/adopt-nickel-1-17-cohort/evidence/validation-2026-09-01/cairn-gate-proposal-final.log: OK
.cairn/changes/adopt-nickel-1-17-cohort/evidence/validation-2026-09-01/cairn-gate-proposal-final.status: OK
.cairn/changes/adopt-nickel-1-17-cohort/evidence/validation-2026-09-01/cairn-gate-proposal.log: OK
.cairn/changes/adopt-nickel-1-17-cohort/evidence/validation-2026-09-01/cairn-gate-proposal.status: OK
.cairn/changes/adopt-nickel-1-17-cohort/evidence/validation-2026-09-01/cairn-gate-tasks-final.log: OK
.cairn/changes/adopt-nickel-1-17-cohort/evidence/validation-2026-09-01/cairn-gate-tasks-final.status: OK
.cairn/changes/adopt-nickel-1-17-cohort/evidence/validation-2026-09-01/cairn-gate-tasks.log: OK
.cairn/changes/adopt-nickel-1-17-cohort/evidence/validation-2026-09-01/cairn-gate-tasks.status: OK
.cairn/changes/adopt-nickel-1-17-cohort/evidence/validation-2026-09-01/cairn-tracey-final.log: OK
.cairn/changes/adopt-nickel-1-17-cohort/evidence/validation-2026-09-01/cairn-tracey-final.status: OK
.cairn/changes/adopt-nickel-1-17-cohort/evidence/validation-2026-09-01/cairn-tracey.log: OK
.cairn/changes/adopt-nickel-1-17-cohort/evidence/validation-2026-09-01/cairn-tracey.status: OK
.cairn/changes/adopt-nickel-1-17-cohort/evidence/validation-2026-09-01/cairn-validate-final.log: OK
.cairn/changes/adopt-nickel-1-17-cohort/evidence/validation-2026-09-01/cairn-validate-final.status: OK
.cairn/changes/adopt-nickel-1-17-cohort/evidence/validation-2026-09-01/cairn-validate.log: OK
.cairn/changes/adopt-nickel-1-17-cohort/evidence/validation-2026-09-01/cairn-validate.status: OK
.cairn/changes/adopt-nickel-1-17-cohort/evidence/validation-2026-09-01/cargo-deny.command.txt: OK
.cairn/changes/adopt-nickel-1-17-cohort/evidence/validation-2026-09-01/cargo-deny-final.command.txt: OK
.cairn/changes/adopt-nickel-1-17-cohort/evidence/validation-2026-09-01/cargo-deny-final.log: OK
.cairn/changes/adopt-nickel-1-17-cohort/evidence/validation-2026-09-01/cargo-deny.log: OK
.cairn/changes/adopt-nickel-1-17-cohort/evidence/validation-2026-09-01/clippy.command.txt: OK
.cairn/changes/adopt-nickel-1-17-cohort/evidence/validation-2026-09-01/clippy.log: OK
.cairn/changes/adopt-nickel-1-17-cohort/evidence/validation-2026-09-01/clippy.status: OK
.cairn/changes/adopt-nickel-1-17-cohort/evidence/validation-2026-09-01/diff-check-final.log: OK
.cairn/changes/adopt-nickel-1-17-cohort/evidence/validation-2026-09-01/diff-check-final.status: OK
.cairn/changes/adopt-nickel-1-17-cohort/evidence/validation-2026-09-01/diff-check.log: OK
.cairn/changes/adopt-nickel-1-17-cohort/evidence/validation-2026-09-01/diff-check.status: OK
.cairn/changes/adopt-nickel-1-17-cohort/evidence/validation-2026-09-01/format.command.txt: OK
.cairn/changes/adopt-nickel-1-17-cohort/evidence/validation-2026-09-01/format-final.log: OK
.cairn/changes/adopt-nickel-1-17-cohort/evidence/validation-2026-09-01/format-final.status: OK
.cairn/changes/adopt-nickel-1-17-cohort/evidence/validation-2026-09-01/format.log: OK
.cairn/changes/adopt-nickel-1-17-cohort/evidence/validation-2026-09-01/format.status: OK
.cairn/changes/adopt-nickel-1-17-cohort/evidence/validation-2026-09-01/nix-nickel-cohort-final.log: OK
.cairn/changes/adopt-nickel-1-17-cohort/evidence/validation-2026-09-01/nix-nickel-cohort-final.status: OK
.cairn/changes/adopt-nickel-1-17-cohort/evidence/validation-2026-09-01/nix-nickel-cohort-latest.log: OK
.cairn/changes/adopt-nickel-1-17-cohort/evidence/validation-2026-09-01/nix-nickel-cohort-latest.status: OK
.cairn/changes/adopt-nickel-1-17-cohort/evidence/validation-2026-09-01/nix-no-build.command.txt: OK
.cairn/changes/adopt-nickel-1-17-cohort/evidence/validation-2026-09-01/nix-no-build.log: OK
.cairn/changes/adopt-nickel-1-17-cohort/evidence/validation-2026-09-01/nix-no-build.status: OK
.cairn/changes/adopt-nickel-1-17-cohort/evidence/validation-2026-09-01/paste-tree.log: OK
.cairn/changes/adopt-nickel-1-17-cohort/evidence/validation-2026-09-01/paste-tree.status: OK
.cairn/changes/adopt-nickel-1-17-cohort/evidence/validation-2026-09-01/pipeline.command.txt: OK
.cairn/changes/adopt-nickel-1-17-cohort/evidence/validation-2026-09-01/pipeline.log: OK
.cairn/changes/adopt-nickel-1-17-cohort/evidence/validation-2026-09-01/pipeline.status: OK
.cairn/changes/adopt-nickel-1-17-cohort/evidence/validation-2026-09-01/script-format-apply.log: OK
.cairn/changes/adopt-nickel-1-17-cohort/evidence/validation-2026-09-01/script-format-final.log: OK
.cairn/changes/adopt-nickel-1-17-cohort/evidence/validation-2026-09-01/script-format-final.status: OK
.cairn/changes/adopt-nickel-1-17-cohort/evidence/validation-2026-09-01/script-format.log: OK
.cairn/changes/adopt-nickel-1-17-cohort/evidence/validation-2026-09-01/status-before-implementation-commit.log: OK
.cairn/changes/adopt-nickel-1-17-cohort/evidence/validation-2026-09-01/tigerstyle.log: OK
.cairn/changes/adopt-nickel-1-17-cohort/evidence/validation-2026-09-01/tigerstyle.status: OK
.cairn/changes/adopt-nickel-1-17-cohort/evidence/validation.md: OK
.cairn/changes/adopt-nickel-1-17-cohort/evidence/vendor-refresh-2026-09-01/cargo-vendor.command.txt: OK
.cairn/changes/adopt-nickel-1-17-cohort/evidence/vendor-refresh-2026-09-01/cargo-vendor-config.out: OK
.cairn/changes/adopt-nickel-1-17-cohort/evidence/vendor-refresh-2026-09-01/cargo-vendor.log: OK
.cairn/changes/adopt-nickel-1-17-cohort/evidence/vendor-refresh-2026-09-01/cargo-vendor.status: OK
.cairn/changes/adopt-nickel-1-17-cohort/evidence/vendor-refresh-2026-09-01/cohort-require-vendor.log: OK
.cairn/changes/adopt-nickel-1-17-cohort/evidence/vendor-refresh-2026-09-01/cohort-require-vendor.status: OK
.cairn/changes/adopt-nickel-1-17-cohort/evidence/vendor-refresh-2026-09-01/importer-execute.log: OK
.cairn/changes/adopt-nickel-1-17-cohort/evidence/vendor-refresh-2026-09-01/importer-execute.status: OK
.cairn/changes/adopt-nickel-1-17-cohort/evidence/vendor-refresh-2026-09-01/importer-result-check.log: OK
.cairn/changes/adopt-nickel-1-17-cohort/evidence/vendor-refresh-2026-09-01/importer-result-check.status: OK
.cairn/changes/adopt-nickel-1-17-cohort/evidence/vendor-refresh-2026-09-01/importer-self-test.log: OK
.cairn/changes/adopt-nickel-1-17-cohort/evidence/vendor-refresh-2026-09-01/offline-metadata.command.txt: OK
.cairn/changes/adopt-nickel-1-17-cohort/evidence/vendor-refresh-2026-09-01/offline-metadata.json: OK
.cairn/changes/adopt-nickel-1-17-cohort/evidence/vendor-refresh-2026-09-01/offline-metadata.log: OK
.cairn/changes/adopt-nickel-1-17-cohort/evidence/vendor-refresh-2026-09-01/offline-metadata.status: OK
.cairn/changes/adopt-nickel-1-17-cohort/evidence/vendor-refresh-2026-09-01/vendor-manifest.log: OK
