run_dir=/home/brittonr/git/mantle/.pi/source-root-provider-run-20260531T231455Z
manifest=/home/brittonr/git/mantle/cairn/changes/source-built-toolchain-closure/evidence/source-root-provider-manifest.json
store=/home/brittonr/git/mantle/.pi/source-root-provider-run-20260531T231455Z/store
state=/home/brittonr/git/mantle/.pi/source-root-provider-run-20260531T231455Z/state
seed=/home/brittonr/git/mantle/.pi/source-root-provider-run-20260531T231455Z/seed.ncl
PATH=/nix/store/0rn2xh3zciwdr8sjg79ir79dbr6lnmfb-gnumake-4.4.1/bin:/nix/store/5xxknr9d7fgm7j2pppvh410nh5jjgq72-gnumake-4.4.1-man/bin:/nix/store/p7fgjbrlvxm4afsgrxsix1n826k74xr9-gnutar-1.35/bin:/nix/store/yp1bxv8sdnbxf9nag1gkxfqvmmwqlkrn-binutils-2.46-man/bin:/nix/store/kfwagnh6i1mysf7vxq679rzh30z9zj3g-binutils-wrapper-2.46/bin:/nix/store/pf30k3mg7n6bibc1k6609gyq7glk00k2-glibc-2.42-61-bin/bin:/nix/store/p2vkw5s89ff1fs2d2rxqxiqil9s0jpcm-binutils-2.46/bin:/nix/store/4fi2lyz8xn4mhq1gk5sp3zgfw43fjl56-fd-10.4.2/bin:/nix/store/abq2d8kfixpmgn0sm843pf6jhv5s4qhg-ripgrep-15.1.0/bin:/home/brittonr/.local/bin:/home/brittonr/.nix-profile/bin:/run/wrappers/bin:/etc/profiles/per-user/brittonr/bin:/run/current-system/sw/bin
make=/nix/store/0rn2xh3zciwdr8sjg79ir79dbr6lnmfb-gnumake-4.4.1/bin/make
tar=/nix/store/p7fgjbrlvxm4afsgrxsix1n826k74xr9-gnutar-1.35/bin/tar
readelf=/nix/store/kfwagnh6i1mysf7vxq679rzh30z9zj3g-binutils-wrapper-2.46/bin/readelf
ldd=/nix/store/pf30k3mg7n6bibc1k6609gyq7glk00k2-glibc-2.42-61-bin/bin/ldd
started=2026-05-31T23:14:55Z
  [fetch] linux-headers: https://mirrors.edge.kernel.org/pub/linux/kernel/v6.x/linux-6.6.32.tar.xz
  [extract] linux-headers: kind=tar.xz
  [fetch] musl: https://codeload.github.com/ifduyue/musl/tar.gz/refs/tags/v1.2.5
  [extract] musl: kind=tar.gz
  [fetch] binutils: https://mirrors.kernel.org/gnu/binutils/binutils-2.41.tar.xz
  [extract] binutils: kind=tar.xz
  [fetch] gcc: https://mirrors.kernel.org/gnu/gcc/gcc-10.5.0/gcc-10.5.0.tar.xz
  [extract] gcc: kind=tar.xz
  [fetch] gmp: https://mirrors.kernel.org/gnu/gmp/gmp-6.2.1.tar.xz
  [extract] gmp: kind=tar.xz
  [fetch] mpfr: https://mirrors.kernel.org/gnu/mpfr/mpfr-4.1.0.tar.xz
  [extract] mpfr: kind=tar.xz
  [fetch] mpc: https://mirrors.kernel.org/gnu/mpc/mpc-1.2.1.tar.gz
  [extract] mpc: kind=tar.gz
  host CC=/nix/store/qd70v8g0561vm8m33kmnp79z00cgyi5n-gcc-wrapper-15.2.0/bin/gcc  CXX=/nix/store/qd70v8g0561vm8m33kmnp79z00cgyi5n-gcc-wrapper-15.2.0/bin/g++  PATH=/nix/store/qd70v8g0561vm8m33kmnp79z00cgyi5n-gcc-wrapper-15.2.0/bin:/run/current-system/sw/bin:/usr/bin:/bin:/nix/store/0rn2xh3zciwdr8sjg79ir79dbr6lnmfb-gnumake-4.4.1/bin
  [1/5] installing Linux kernel headers
  [2/5] building binutils
  [3/5] building GCC stage 1 (C compiler, no libc)
  [4/5] building musl libc
  [5/5] building GCC stage 2 (C + C++)
  [normalize] producing seed contract layout
  [self-contain] bundling host runtime libraries
Materialized source-root provider /home/brittonr/git/mantle/.pi/source-root-provider-run-20260531T231455Z/store/0jp0idh7pj86vlraa7vcq8igfqp4wrvh-musl-seed-toolchain
  manifest_digest: 54ca36ac9eacc0193929cf20e457ccc065866839028146ad13d552346505f900
  output_digest: 70674e2e762f22ccf6512ad36d90bc07b608ae0495c216be300a60e61e74c41b
  expected_output_roles: 23
  dependency_trace_urls: 7
Wrote /home/brittonr/git/mantle/.pi/source-root-provider-run-20260531T231455Z/seed.ncl
finished=2026-05-31T23:19:47Z
