{
  "actions": [
    {
      "description": "move active change to archive: extract-build-planning-core",
      "kind": "archive_change",
      "path": "./.cairn/changes/extract-build-planning-core"
    }
  ],
  "blocked": false,
  "change": "extract-build-planning-core",
  "cross_repo_dependencies": {
    "blocked_count": 0,
    "dependency_count": 0,
    "input_hash": "4c32804db9c0d3309e48dd7148eb9f3d3e23f5cd4b0110d83a6fddd7d3046f09",
    "non_claims": [
      "dependency satisfaction proves presented receipt linkage only",
      "dependency satisfaction does not prove upstream correctness or remote trust",
      "dependency satisfaction does not prove downstream integration correctness or release eligibility"
    ],
    "policy_hash": "69891b1b46c1b38dad36043d5603ad45768bbeb4bc61ad10b72bc0cbabadb0d7",
    "receipt_hash": "6767ed8b14dd8f3564cacd001ffaea47a8049f223b6d42df429717fe3476d2f6",
    "rows": [],
    "satisfied_count": 0,
    "schema": "cairn.cross-repo-dependency-receipt.v1",
    "valid": true,
    "verdict": "PASS"
  },
  "cross_repo_evidence_issues": [],
  "dry_run": true,
  "input_hash": "cf4a09f7ba8afd2c577e4be288d59d66510e4ffec6efb6df9e0b3fa55771fbc8",
  "layout": "cairn",
  "mutated": false,
  "mutation_manifest": null,
  "plan_hash": "731422c9bf351828c7a7143415fe787924551a8bde17b9d7948aca4ebc0278a0",
  "policy": "mantle-default",
  "policy_hash": "69891b1b46c1b38dad36043d5603ad45768bbeb4bc61ad10b72bc0cbabadb0d7",
  "reasons": [],
  "receipt_hash": "0ca07452f7ab4c7a250d062adbbbbad95cd483ecb25ce8a90c5ce388ee36a84d"
}
