{
  "actions": [
    {
      "description": "move active change to archive: extract-build-planning-core",
      "kind": "archive_change",
      "path": "./.cairn/archive/1970-01-01-extract-build-planning-core"
    }
  ],
  "blocked": false,
  "change": "extract-build-planning-core",
  "cross_repo_dependencies": {
    "blocked_count": 0,
    "dependency_count": 0,
    "input_hash": "4c32804db9c0d3309e48dd7148eb9f3d3e23f5cd4b0110d83a6fddd7d3046f09",
    "non_claims": [
      "dependency satisfaction proves presented receipt linkage only",
      "dependency satisfaction does not prove upstream correctness or remote trust",
      "dependency satisfaction does not prove downstream integration correctness or release eligibility"
    ],
    "policy_hash": "69891b1b46c1b38dad36043d5603ad45768bbeb4bc61ad10b72bc0cbabadb0d7",
    "receipt_hash": "6767ed8b14dd8f3564cacd001ffaea47a8049f223b6d42df429717fe3476d2f6",
    "rows": [],
    "satisfied_count": 0,
    "schema": "cairn.cross-repo-dependency-receipt.v1",
    "valid": true,
    "verdict": "PASS"
  },
  "cross_repo_evidence_issues": [],
  "dry_run": false,
  "input_hash": "cf4a09f7ba8afd2c577e4be288d59d66510e4ffec6efb6df9e0b3fa55771fbc8",
  "layout": "cairn",
  "mutated": true,
  "mutation_manifest": {
    "after": {
      "entries": [
        {
          "content_hash": "9fd34148bc1458633de60624d6ac91061f0add66b8d02b7504af207df2457f53",
          "exists": true,
          "path": "./.cairn/archive/1970-01-01-extract-build-planning-core/design.md"
        },
        {
          "content_hash": "55e0d2851dd735879161c889e7f74cb589ceaebd43c91b45f7cf5811f3010c27",
          "exists": true,
          "path": "./.cairn/archive/1970-01-01-extract-build-planning-core/evidence/architecture-search-2026-09-03.md"
        },
        {
          "content_hash": "c82b9ba16b85046c79308ed459609a6b37cf2267a495f847e476fc7fe5cc2c01",
          "exists": true,
          "path": "./.cairn/archive/1970-01-01-extract-build-planning-core/evidence/baseline-2026-09-03/build-plan.command.txt"
        },
        {
          "content_hash": "f8a9d805710e5d4de0f74bed9a08136e4fc09181c3bddec6c8903cf592b5759d",
          "exists": true,
          "path": "./.cairn/archive/1970-01-01-extract-build-planning-core/evidence/baseline-2026-09-03/build-plan.log"
        },
        {
          "content_hash": "0de2782cf4f495f568fe0004a5bec6217eccce92bed30e5b375093a1f95c190f",
          "exists": true,
          "path": "./.cairn/archive/1970-01-01-extract-build-planning-core/evidence/baseline-2026-09-03/cairn-validate.command.txt"
        },
        {
          "content_hash": "71d8eb930561da376a5c366b8359cc860bf1bbdee2bdf6a83720866e51127711",
          "exists": true,
          "path": "./.cairn/archive/1970-01-01-extract-build-planning-core/evidence/baseline-2026-09-03/cairn-validate.log"
        },
        {
          "content_hash": "5f153f21d1dc711a8d727bf07bee9ed09861960ecbd10afa6c2bbe1669233037",
          "exists": true,
          "path": "./.cairn/archive/1970-01-01-extract-build-planning-core/evidence/baseline-2026-09-03/pipeline.command.txt"
        },
        {
          "content_hash": "23b4e296b73052eea595a0795b8e89e4a323a9db698d8bd163afeff6571e7816",
          "exists": true,
          "path": "./.cairn/archive/1970-01-01-extract-build-planning-core/evidence/baseline-2026-09-03/pipeline.log"
        },
        {
          "content_hash": "d586fd06819b54b963082e9198068580633588f1822ddb2d8ecaa139a9a7f144",
          "exists": true,
          "path": "./.cairn/archive/1970-01-01-extract-build-planning-core/evidence/baseline-2026-09-03/realization-routing.command.txt"
        },
        {
          "content_hash": "ab7fd5cea9157ad7fe7d092af6e5ea8167c2d3c0ecf79101a23d8e9daf447e09",
          "exists": true,
          "path": "./.cairn/archive/1970-01-01-extract-build-planning-core/evidence/baseline-2026-09-03/realization-routing.log"
        },
        {
          "content_hash": "115dd39de54c56cc075047f48c69a5aef755f5594f8a38b19187f545199bdec9",
          "exists": true,
          "path": "./.cairn/archive/1970-01-01-extract-build-planning-core/evidence/baseline-2026-09-03/source-commit.txt"
        },
        {
          "content_hash": "e2aa91d90a2951198937e1cd7bc51ca8f5a2ba7d31be61e4cbac502f48e7d315",
          "exists": true,
          "path": "./.cairn/archive/1970-01-01-extract-build-planning-core/evidence/baseline-2026-09-03/summary.md"
        },
        {
          "content_hash": "3d9195e765f2ad3d4a51ed1f676af38fa99a80a1eeff59767c48a1511e1e5ec0",
          "exists": true,
          "path": "./.cairn/archive/1970-01-01-extract-build-planning-core/evidence/committed-validation-2026-09-03/architecture-check.command.txt"
        },
        {
          "content_hash": "9c2a9b8b3500cfa28a4ae47b8679844198b8f57071872d1a51bee77202343ee1",
          "exists": true,
          "path": "./.cairn/archive/1970-01-01-extract-build-planning-core/evidence/committed-validation-2026-09-03/architecture-check.log"
        },
        {
          "content_hash": "97e2e444895492c7373843758f082dd8fa6794b40ef8e05a65a7054e31e08744",
          "exists": true,
          "path": "./.cairn/archive/1970-01-01-extract-build-planning-core/evidence/committed-validation-2026-09-03/cairn-gate-design.command.txt"
        },
        {
          "content_hash": "ae268cb848186e42ad7b7746d730223ba366bb37a24ac3a229227b4bc38b826c",
          "exists": true,
          "path": "./.cairn/archive/1970-01-01-extract-build-planning-core/evidence/committed-validation-2026-09-03/cairn-gate-design.log"
        },
        {
          "content_hash": "f678aca73659a65fd88ff92ccc4818f829cc8ff6ee616ae046f3c3cc01d84588",
          "exists": true,
          "path": "./.cairn/archive/1970-01-01-extract-build-planning-core/evidence/committed-validation-2026-09-03/cairn-gate-proposal.command.txt"
        },
        {
          "content_hash": "0c64a791318efb9ec7500be76c34efe1073dacbcad559c75f9609fc646222a34",
          "exists": true,
          "path": "./.cairn/archive/1970-01-01-extract-build-planning-core/evidence/committed-validation-2026-09-03/cairn-gate-proposal.log"
        },
        {
          "content_hash": "c3a69bb0de4cf18f9f8f7020f7989b16a3da30b2a2337e9d3097794f52304508",
          "exists": true,
          "path": "./.cairn/archive/1970-01-01-extract-build-planning-core/evidence/committed-validation-2026-09-03/cairn-gate-tasks.command.txt"
        },
        {
          "content_hash": "973c80ed1f05297876580e80b1f2680794ce9630ab513433bb7e71ff01f01abf",
          "exists": true,
          "path": "./.cairn/archive/1970-01-01-extract-build-planning-core/evidence/committed-validation-2026-09-03/cairn-gate-tasks.log"
        },
        {
          "content_hash": "0de2782cf4f495f568fe0004a5bec6217eccce92bed30e5b375093a1f95c190f",
          "exists": true,
          "path": "./.cairn/archive/1970-01-01-extract-build-planning-core/evidence/committed-validation-2026-09-03/cairn-validate.command.txt"
        },
        {
          "content_hash": "49025984ad4d5c3f0d3dee2da81c7caed48002e1f3ef29fc771eb4ad6ce94e70",
          "exists": true,
          "path": "./.cairn/archive/1970-01-01-extract-build-planning-core/evidence/committed-validation-2026-09-03/cairn-validate.log"
        },
        {
          "content_hash": "4f44710f58b27f62b699957baa4416490687dad21a22f9f58d19ff52aa003373",
          "exists": true,
          "path": "./.cairn/archive/1970-01-01-extract-build-planning-core/evidence/committed-validation-2026-09-03/machine-check.command.txt"
        },
        {
          "content_hash": "eb493ecd680903754baae7e71e30c10eb97bf8e6cacb3dfc1f467fc4bd7fdd9d",
          "exists": true,
          "path": "./.cairn/archive/1970-01-01-extract-build-planning-core/evidence/committed-validation-2026-09-03/machine-check.log"
        },
        {
          "content_hash": "af5f7560f12a869379ef2179ea0cace467ae6b6bd9e10d98bb401df92040167e",
          "exists": true,
          "path": "./.cairn/archive/1970-01-01-extract-build-planning-core/evidence/committed-validation-2026-09-03/nix-full.command.txt"
        },
        {
          "content_hash": "b599c140e266e12fef83524ace2544f1533d39436c5bd476d356629797ec9b0c",
          "exists": true,
          "path": "./.cairn/archive/1970-01-01-extract-build-planning-core/evidence/committed-validation-2026-09-03/nix-full.log"
        },
        {
          "content_hash": "50cc1102b1c612e6962547aacdcef9a400d4416ef8dd9388e885991853c400c9",
          "exists": true,
          "path": "./.cairn/archive/1970-01-01-extract-build-planning-core/evidence/committed-validation-2026-09-03/nix-full.status"
        },
        {
          "content_hash": "ee04363d155f100e45c7b0479e6b9eec70c3e7232a66429039db2140d25dab90",
          "exists": true,
          "path": "./.cairn/archive/1970-01-01-extract-build-planning-core/evidence/committed-validation-2026-09-03/nix-no-build.command.txt"
        },
        {
          "content_hash": "96f20ba2fbfffcda504a97dd495f39445bcb4c38f9cc9be882720f6046ffb00c",
          "exists": true,
          "path": "./.cairn/archive/1970-01-01-extract-build-planning-core/evidence/committed-validation-2026-09-03/nix-no-build.log"
        },
        {
          "content_hash": "148f02f92554e6acdee4cc513b5cd4e13883a1726b9dca02b19fe9a95c79a369",
          "exists": true,
          "path": "./.cairn/archive/1970-01-01-extract-build-planning-core/evidence/committed-validation-2026-09-03/nix-no-build.status"
        },
        {
          "content_hash": "08903c948eb7e7fcb52755a4aa94d922c59264be2c8b550c044d5b743005fa70",
          "exists": true,
          "path": "./.cairn/archive/1970-01-01-extract-build-planning-core/evidence/committed-validation-2026-09-03/source-commit.txt"
        },
        {
          "content_hash": "ebfc84e8c52de83c2233ddad728a61646e5ea3c253f10b7b1473e7c3a8fc9c3a",
          "exists": true,
          "path": "./.cairn/archive/1970-01-01-extract-build-planning-core/evidence/committed-validation-2026-09-03/summary.md"
        },
        {
          "content_hash": "03fde0d018eaff87b28be3705bd2855e34888a342dab946ea63ebb20e08139c2",
          "exists": true,
          "path": "./.cairn/archive/1970-01-01-extract-build-planning-core/evidence/committed-validation-2026-09-03/tracey.command.txt"
        },
        {
          "content_hash": "4a29c36400e58505fdb8a8d8caa62c96f44a35b5b81a7ebc0bd9bf17ffee408f",
          "exists": true,
          "path": "./.cairn/archive/1970-01-01-extract-build-planning-core/evidence/committed-validation-2026-09-03/tracey.log"
        },
        {
          "content_hash": "0de2782cf4f495f568fe0004a5bec6217eccce92bed30e5b375093a1f95c190f",
          "exists": true,
          "path": "./.cairn/archive/1970-01-01-extract-build-planning-core/evidence/sync-2026-09-03/cairn-post-sync.command.txt"
        },
        {
          "content_hash": "061aaa9eb24bc4f4754a3c9db5d8aebe9606462e5a38125d69f531cfbac3bcb2",
          "exists": true,
          "path": "./.cairn/archive/1970-01-01-extract-build-planning-core/evidence/sync-2026-09-03/cairn-post-sync.log"
        },
        {
          "content_hash": "38814f09cd4500725df1001aac9973bbfefe29c4b21a2741fb0bbf5a922951fb",
          "exists": true,
          "path": "./.cairn/archive/1970-01-01-extract-build-planning-core/evidence/sync-2026-09-03/summary.md"
        },
        {
          "content_hash": "287188d0489c949e039ba86c926248b5cb5736e380ac11466752658c7ac52c95",
          "exists": true,
          "path": "./.cairn/archive/1970-01-01-extract-build-planning-core/evidence/sync-2026-09-03/sync-dry.command.txt"
        },
        {
          "content_hash": "e9e27a945ab6df9400035311f39ec74f248847b8cb8ca9319d915e535438fcf4",
          "exists": true,
          "path": "./.cairn/archive/1970-01-01-extract-build-planning-core/evidence/sync-2026-09-03/sync-dry.log"
        },
        {
          "content_hash": "42c1a3383ac7d9122302b84b4e7e023fa0ad55c2e8e671bc693909dd65ac33dd",
          "exists": true,
          "path": "./.cairn/archive/1970-01-01-extract-build-planning-core/evidence/sync-2026-09-03/sync-execute.command.txt"
        },
        {
          "content_hash": "9063374d2222742c4b1ae6e173265cef26a3a2a80539959eb18166c79d12f0e5",
          "exists": true,
          "path": "./.cairn/archive/1970-01-01-extract-build-planning-core/evidence/sync-2026-09-03/sync-execute.log"
        },
        {
          "content_hash": "072a372a036089cb3e069b7a9fe168a011cab5f252a9b46a1ece696e01fb08b8",
          "exists": true,
          "path": "./.cairn/archive/1970-01-01-extract-build-planning-core/evidence/validation-2026-09-03/adapter-tests.command.txt"
        },
        {
          "content_hash": "b63e3994d48e3b21fd3d2ef47744b7843fadd76329d2a46a0a3017b27d34474e",
          "exists": true,
          "path": "./.cairn/archive/1970-01-01-extract-build-planning-core/evidence/validation-2026-09-03/adapter-tests.log"
        },
        {
          "content_hash": "9c2a9b8b3500cfa28a4ae47b8679844198b8f57071872d1a51bee77202343ee1",
          "exists": true,
          "path": "./.cairn/archive/1970-01-01-extract-build-planning-core/evidence/validation-2026-09-03/architecture-check.log"
        },
        {
          "content_hash": "8255f7f2bc78142e6a9ace06a13b42ae3ee8e184c62fa940fc5a1986f4c4cc60",
          "exists": true,
          "path": "./.cairn/archive/1970-01-01-extract-build-planning-core/evidence/validation-2026-09-03/architecture-nix.command.txt"
        },
        {
          "content_hash": "d19e3fde3224aa18c39565c20d87a299964452ee2fa12f2584494e83e91cdd8d",
          "exists": true,
          "path": "./.cairn/archive/1970-01-01-extract-build-planning-core/evidence/validation-2026-09-03/architecture-nix.log"
        },
        {
          "content_hash": "9c2a9b8b3500cfa28a4ae47b8679844198b8f57071872d1a51bee77202343ee1",
          "exists": true,
          "path": "./.cairn/archive/1970-01-01-extract-build-planning-core/evidence/validation-2026-09-03/architecture-self-test.log"
        },
        {
          "content_hash": "9d8f0304bc086d3cf08ae04820dd8ecd815457f870bfc11b46869080ca1c9e37",
          "exists": true,
          "path": "./.cairn/archive/1970-01-01-extract-build-planning-core/evidence/validation-2026-09-03/architecture.command.txt"
        },
        {
          "content_hash": "c82b9ba16b85046c79308ed459609a6b37cf2267a495f847e476fc7fe5cc2c01",
          "exists": true,
          "path": "./.cairn/archive/1970-01-01-extract-build-planning-core/evidence/validation-2026-09-03/build-plan-tests.command.txt"
        },
        {
          "content_hash": "1e8c281a63ce9a9f3b633f6241437fe99f07c50ae05b03e47b56017fe9604459",
          "exists": true,
          "path": "./.cairn/archive/1970-01-01-extract-build-planning-core/evidence/validation-2026-09-03/build-plan-tests.log"
        },
        {
          "content_hash": "97e2e444895492c7373843758f082dd8fa6794b40ef8e05a65a7054e31e08744",
          "exists": true,
          "path": "./.cairn/archive/1970-01-01-extract-build-planning-core/evidence/validation-2026-09-03/cairn-gate-design.command.txt"
        },
        {
          "content_hash": "b5e7a94d3fb29dd2337c301d6a4fb0531cd0b5afcfa96264fa268500954d5f30",
          "exists": true,
          "path": "./.cairn/archive/1970-01-01-extract-build-planning-core/evidence/validation-2026-09-03/cairn-gate-design.log"
        },
        {
          "content_hash": "f678aca73659a65fd88ff92ccc4818f829cc8ff6ee616ae046f3c3cc01d84588",
          "exists": true,
          "path": "./.cairn/archive/1970-01-01-extract-build-planning-core/evidence/validation-2026-09-03/cairn-gate-proposal.command.txt"
        },
        {
          "content_hash": "d26cdb037d813f2cabb26bf96f089dc0c7eafbf812688c16fca3a77cf959500e",
          "exists": true,
          "path": "./.cairn/archive/1970-01-01-extract-build-planning-core/evidence/validation-2026-09-03/cairn-gate-proposal.log"
        },
        {
          "content_hash": "c3a69bb0de4cf18f9f8f7020f7989b16a3da30b2a2337e9d3097794f52304508",
          "exists": true,
          "path": "./.cairn/archive/1970-01-01-extract-build-planning-core/evidence/validation-2026-09-03/cairn-gate-tasks.command.txt"
        },
        {
          "content_hash": "f9b2d02e0a9033b14257b7988145d44e1ac74a44cf84c955b6a15d629f1f8054",
          "exists": true,
          "path": "./.cairn/archive/1970-01-01-extract-build-planning-core/evidence/validation-2026-09-03/cairn-gate-tasks.log"
        },
        {
          "content_hash": "0de2782cf4f495f568fe0004a5bec6217eccce92bed30e5b375093a1f95c190f",
          "exists": true,
          "path": "./.cairn/archive/1970-01-01-extract-build-planning-core/evidence/validation-2026-09-03/cairn-validate.command.txt"
        },
        {
          "content_hash": "ca80690fdf9cee9b42bf3991e6bad9ee84b3f67ff83d01ccc715e6cc4564a20e",
          "exists": true,
          "path": "./.cairn/archive/1970-01-01-extract-build-planning-core/evidence/validation-2026-09-03/cairn-validate.log"
        },
        {
          "content_hash": "3d342bb78e058b748574b454dbe3494644052e704ff26fcb99d1e1d4650d0f2b",
          "exists": true,
          "path": "./.cairn/archive/1970-01-01-extract-build-planning-core/evidence/validation-2026-09-03/clippy.command.txt"
        },
        {
          "content_hash": "7826c91495a691ece64a94ec1218b0d911baeacb4032f9ebc91a769080307ea3",
          "exists": true,
          "path": "./.cairn/archive/1970-01-01-extract-build-planning-core/evidence/validation-2026-09-03/clippy.log"
        },
        {
          "content_hash": "2577ef3c076c22e0ff7b5488af610573aaa824ddf63bb55a807ad3ecb4ede454",
          "exists": true,
          "path": "./.cairn/archive/1970-01-01-extract-build-planning-core/evidence/validation-2026-09-03/core-nix.command.txt"
        },
        {
          "content_hash": "826baa7fa585a3ebc72d103d17c41f98114a68c55ea07ad812937c3544ffa21a",
          "exists": true,
          "path": "./.cairn/archive/1970-01-01-extract-build-planning-core/evidence/validation-2026-09-03/core-nix.log"
        },
        {
          "content_hash": "97551e85263cf61f310d242c29f018e603c0dc444e786d511c3e76e67c069ddb",
          "exists": true,
          "path": "./.cairn/archive/1970-01-01-extract-build-planning-core/evidence/validation-2026-09-03/core-tests.command.txt"
        },
        {
          "content_hash": "551693e832670c48f1db602723ce3c6e150a0cd06e71fc8c251235e606122bfc",
          "exists": true,
          "path": "./.cairn/archive/1970-01-01-extract-build-planning-core/evidence/validation-2026-09-03/core-tests.log"
        },
        {
          "content_hash": "ad74cde728eb187ccec542a5678949e4779f3b6def763d6d24d550af38febe5f",
          "exists": true,
          "path": "./.cairn/archive/1970-01-01-extract-build-planning-core/evidence/validation-2026-09-03/core-wasm-nix.command.txt"
        },
        {
          "content_hash": "91763e56744680418a0322f25970719b2f68bb0ac2fd9306474914435a0c8e19",
          "exists": true,
          "path": "./.cairn/archive/1970-01-01-extract-build-planning-core/evidence/validation-2026-09-03/core-wasm-nix.log"
        },
        {
          "content_hash": "5dcc26bd02f68de30ca7aa009d4da89ad23d9d93228f1182757082c969660df6",
          "exists": true,
          "path": "./.cairn/archive/1970-01-01-extract-build-planning-core/evidence/validation-2026-09-03/durable-publication.command.txt"
        },
        {
          "content_hash": "40f04fd1299c34acd929fbe5715af8debb65a775aa21aa4e53d285dd179bf4f7",
          "exists": true,
          "path": "./.cairn/archive/1970-01-01-extract-build-planning-core/evidence/validation-2026-09-03/durable-publication.log"
        },
        {
          "content_hash": "eb18991a580f43fdab6ea656966555b6e86c1a2a0a578c234b6cb7a0af26b174",
          "exists": true,
          "path": "./.cairn/archive/1970-01-01-extract-build-planning-core/evidence/validation-2026-09-03/formatting.command.txt"
        },
        {
          "content_hash": "af1349b9f5f9a1a6a0404dea36dcc9499bcb25c9adc112b7cc9a93cae41f3262",
          "exists": true,
          "path": "./.cairn/archive/1970-01-01-extract-build-planning-core/evidence/validation-2026-09-03/formatting.log"
        },
        {
          "content_hash": "eb493ecd680903754baae7e71e30c10eb97bf8e6cacb3dfc1f467fc4bd7fdd9d",
          "exists": true,
          "path": "./.cairn/archive/1970-01-01-extract-build-planning-core/evidence/validation-2026-09-03/machine-check.log"
        },
        {
          "content_hash": "614b2f479d61102180b565fa143579df2f9eb4fc849c29d55ee25cd055475d3a",
          "exists": true,
          "path": "./.cairn/archive/1970-01-01-extract-build-planning-core/evidence/validation-2026-09-03/machine-generate.log"
        },
        {
          "content_hash": "18022d49f8bcbc22bf727432d84ad8c3676544ee81e05f53619ab7d9004462fe",
          "exists": true,
          "path": "./.cairn/archive/1970-01-01-extract-build-planning-core/evidence/validation-2026-09-03/machine.command.txt"
        },
        {
          "content_hash": "5f153f21d1dc711a8d727bf07bee9ed09861960ecbd10afa6c2bbe1669233037",
          "exists": true,
          "path": "./.cairn/archive/1970-01-01-extract-build-planning-core/evidence/validation-2026-09-03/pipeline-tests.command.txt"
        },
        {
          "content_hash": "f1c8ed480b92b6866851f94650aebb65955dfe37d6ae53f620c43c476ad1ebec",
          "exists": true,
          "path": "./.cairn/archive/1970-01-01-extract-build-planning-core/evidence/validation-2026-09-03/pipeline-tests.log"
        },
        {
          "content_hash": "d586fd06819b54b963082e9198068580633588f1822ddb2d8ecaa139a9a7f144",
          "exists": true,
          "path": "./.cairn/archive/1970-01-01-extract-build-planning-core/evidence/validation-2026-09-03/realization-routing-tests.command.txt"
        },
        {
          "content_hash": "b870334de6719ec7ba17ea623b087373f8d455ac78fbd65f70ad914e2b4668ce",
          "exists": true,
          "path": "./.cairn/archive/1970-01-01-extract-build-planning-core/evidence/validation-2026-09-03/realization-routing-tests.log"
        },
        {
          "content_hash": "5470fa9ee734ef681b123e49c5f6af6dbcebcc8c996fd13e54718c4e53e18c09",
          "exists": true,
          "path": "./.cairn/archive/1970-01-01-extract-build-planning-core/evidence/validation-2026-09-03/summary.md"
        },
        {
          "content_hash": "b3b72212a38a15ee4a6338c53f99ab3e6f7c6ab1520c487288214ac6f87b73e6",
          "exists": true,
          "path": "./.cairn/archive/1970-01-01-extract-build-planning-core/evidence/validation-2026-09-03/tigerstyle.command.txt"
        },
        {
          "content_hash": "8a278d04488a40d4481105c75cc7bb0ea432a1c4165de621c4d8acddc63707a7",
          "exists": true,
          "path": "./.cairn/archive/1970-01-01-extract-build-planning-core/evidence/validation-2026-09-03/tigerstyle.log"
        },
        {
          "content_hash": "03fde0d018eaff87b28be3705bd2855e34888a342dab946ea63ebb20e08139c2",
          "exists": true,
          "path": "./.cairn/archive/1970-01-01-extract-build-planning-core/evidence/validation-2026-09-03/tracey.command.txt"
        },
        {
          "content_hash": "2db73382a81165d86a90b8620e3ef6410c1b10c0c73ff543f91733388da0040c",
          "exists": true,
          "path": "./.cairn/archive/1970-01-01-extract-build-planning-core/evidence/validation-2026-09-03/tracey.log"
        },
        {
          "content_hash": "545b9c24e3622905630f84a4dbf3ed546ef6e6c4cc56dc9612f21a59b36a2777",
          "exists": true,
          "path": "./.cairn/archive/1970-01-01-extract-build-planning-core/proposal.md"
        },
        {
          "content_hash": "2cf2d0147fc82a4351cc5ebad55117fad1a09689bdd5ae8996e0b9362ee18078",
          "exists": true,
          "path": "./.cairn/archive/1970-01-01-extract-build-planning-core/specs/build-scheduling/spec.md"
        },
        {
          "content_hash": "c56a0f93e8c86b59c34f589fe4a58da99aa1798485f7fc144c089195b509c2e3",
          "exists": true,
          "path": "./.cairn/archive/1970-01-01-extract-build-planning-core/specs/realization-routing/spec.md"
        },
        {
          "content_hash": "0634377871b8fb94fd0278072be54a100db1e7d38a3be61db576893032388fc1",
          "exists": true,
          "path": "./.cairn/archive/1970-01-01-extract-build-planning-core/tasks.md"
        },
        {
          "content_hash": null,
          "exists": false,
          "path": "./.cairn/changes/extract-build-planning-core"
        }
      ],
      "manifest_hash": "61a5b543b3a850ad778ba8fdf7531039c98a4126a9e0ad79996fc92bdf642188"
    },
    "before": {
      "entries": [
        {
          "content_hash": "9fd34148bc1458633de60624d6ac91061f0add66b8d02b7504af207df2457f53",
          "exists": true,
          "path": "./.cairn/changes/extract-build-planning-core/design.md"
        },
        {
          "content_hash": "55e0d2851dd735879161c889e7f74cb589ceaebd43c91b45f7cf5811f3010c27",
          "exists": true,
          "path": "./.cairn/changes/extract-build-planning-core/evidence/architecture-search-2026-09-03.md"
        },
        {
          "content_hash": "c82b9ba16b85046c79308ed459609a6b37cf2267a495f847e476fc7fe5cc2c01",
          "exists": true,
          "path": "./.cairn/changes/extract-build-planning-core/evidence/baseline-2026-09-03/build-plan.command.txt"
        },
        {
          "content_hash": "f8a9d805710e5d4de0f74bed9a08136e4fc09181c3bddec6c8903cf592b5759d",
          "exists": true,
          "path": "./.cairn/changes/extract-build-planning-core/evidence/baseline-2026-09-03/build-plan.log"
        },
        {
          "content_hash": "0de2782cf4f495f568fe0004a5bec6217eccce92bed30e5b375093a1f95c190f",
          "exists": true,
          "path": "./.cairn/changes/extract-build-planning-core/evidence/baseline-2026-09-03/cairn-validate.command.txt"
        },
        {
          "content_hash": "71d8eb930561da376a5c366b8359cc860bf1bbdee2bdf6a83720866e51127711",
          "exists": true,
          "path": "./.cairn/changes/extract-build-planning-core/evidence/baseline-2026-09-03/cairn-validate.log"
        },
        {
          "content_hash": "5f153f21d1dc711a8d727bf07bee9ed09861960ecbd10afa6c2bbe1669233037",
          "exists": true,
          "path": "./.cairn/changes/extract-build-planning-core/evidence/baseline-2026-09-03/pipeline.command.txt"
        },
        {
          "content_hash": "23b4e296b73052eea595a0795b8e89e4a323a9db698d8bd163afeff6571e7816",
          "exists": true,
          "path": "./.cairn/changes/extract-build-planning-core/evidence/baseline-2026-09-03/pipeline.log"
        },
        {
          "content_hash": "d586fd06819b54b963082e9198068580633588f1822ddb2d8ecaa139a9a7f144",
          "exists": true,
          "path": "./.cairn/changes/extract-build-planning-core/evidence/baseline-2026-09-03/realization-routing.command.txt"
        },
        {
          "content_hash": "ab7fd5cea9157ad7fe7d092af6e5ea8167c2d3c0ecf79101a23d8e9daf447e09",
          "exists": true,
          "path": "./.cairn/changes/extract-build-planning-core/evidence/baseline-2026-09-03/realization-routing.log"
        },
        {
          "content_hash": "115dd39de54c56cc075047f48c69a5aef755f5594f8a38b19187f545199bdec9",
          "exists": true,
          "path": "./.cairn/changes/extract-build-planning-core/evidence/baseline-2026-09-03/source-commit.txt"
        },
        {
          "content_hash": "e2aa91d90a2951198937e1cd7bc51ca8f5a2ba7d31be61e4cbac502f48e7d315",
          "exists": true,
          "path": "./.cairn/changes/extract-build-planning-core/evidence/baseline-2026-09-03/summary.md"
        },
        {
          "content_hash": "3d9195e765f2ad3d4a51ed1f676af38fa99a80a1eeff59767c48a1511e1e5ec0",
          "exists": true,
          "path": "./.cairn/changes/extract-build-planning-core/evidence/committed-validation-2026-09-03/architecture-check.command.txt"
        },
        {
          "content_hash": "9c2a9b8b3500cfa28a4ae47b8679844198b8f57071872d1a51bee77202343ee1",
          "exists": true,
          "path": "./.cairn/changes/extract-build-planning-core/evidence/committed-validation-2026-09-03/architecture-check.log"
        },
        {
          "content_hash": "97e2e444895492c7373843758f082dd8fa6794b40ef8e05a65a7054e31e08744",
          "exists": true,
          "path": "./.cairn/changes/extract-build-planning-core/evidence/committed-validation-2026-09-03/cairn-gate-design.command.txt"
        },
        {
          "content_hash": "ae268cb848186e42ad7b7746d730223ba366bb37a24ac3a229227b4bc38b826c",
          "exists": true,
          "path": "./.cairn/changes/extract-build-planning-core/evidence/committed-validation-2026-09-03/cairn-gate-design.log"
        },
        {
          "content_hash": "f678aca73659a65fd88ff92ccc4818f829cc8ff6ee616ae046f3c3cc01d84588",
          "exists": true,
          "path": "./.cairn/changes/extract-build-planning-core/evidence/committed-validation-2026-09-03/cairn-gate-proposal.command.txt"
        },
        {
          "content_hash": "0c64a791318efb9ec7500be76c34efe1073dacbcad559c75f9609fc646222a34",
          "exists": true,
          "path": "./.cairn/changes/extract-build-planning-core/evidence/committed-validation-2026-09-03/cairn-gate-proposal.log"
        },
        {
          "content_hash": "c3a69bb0de4cf18f9f8f7020f7989b16a3da30b2a2337e9d3097794f52304508",
          "exists": true,
          "path": "./.cairn/changes/extract-build-planning-core/evidence/committed-validation-2026-09-03/cairn-gate-tasks.command.txt"
        },
        {
          "content_hash": "973c80ed1f05297876580e80b1f2680794ce9630ab513433bb7e71ff01f01abf",
          "exists": true,
          "path": "./.cairn/changes/extract-build-planning-core/evidence/committed-validation-2026-09-03/cairn-gate-tasks.log"
        },
        {
          "content_hash": "0de2782cf4f495f568fe0004a5bec6217eccce92bed30e5b375093a1f95c190f",
          "exists": true,
          "path": "./.cairn/changes/extract-build-planning-core/evidence/committed-validation-2026-09-03/cairn-validate.command.txt"
        },
        {
          "content_hash": "49025984ad4d5c3f0d3dee2da81c7caed48002e1f3ef29fc771eb4ad6ce94e70",
          "exists": true,
          "path": "./.cairn/changes/extract-build-planning-core/evidence/committed-validation-2026-09-03/cairn-validate.log"
        },
        {
          "content_hash": "4f44710f58b27f62b699957baa4416490687dad21a22f9f58d19ff52aa003373",
          "exists": true,
          "path": "./.cairn/changes/extract-build-planning-core/evidence/committed-validation-2026-09-03/machine-check.command.txt"
        },
        {
          "content_hash": "eb493ecd680903754baae7e71e30c10eb97bf8e6cacb3dfc1f467fc4bd7fdd9d",
          "exists": true,
          "path": "./.cairn/changes/extract-build-planning-core/evidence/committed-validation-2026-09-03/machine-check.log"
        },
        {
          "content_hash": "af5f7560f12a869379ef2179ea0cace467ae6b6bd9e10d98bb401df92040167e",
          "exists": true,
          "path": "./.cairn/changes/extract-build-planning-core/evidence/committed-validation-2026-09-03/nix-full.command.txt"
        },
        {
          "content_hash": "b599c140e266e12fef83524ace2544f1533d39436c5bd476d356629797ec9b0c",
          "exists": true,
          "path": "./.cairn/changes/extract-build-planning-core/evidence/committed-validation-2026-09-03/nix-full.log"
        },
        {
          "content_hash": "50cc1102b1c612e6962547aacdcef9a400d4416ef8dd9388e885991853c400c9",
          "exists": true,
          "path": "./.cairn/changes/extract-build-planning-core/evidence/committed-validation-2026-09-03/nix-full.status"
        },
        {
          "content_hash": "ee04363d155f100e45c7b0479e6b9eec70c3e7232a66429039db2140d25dab90",
          "exists": true,
          "path": "./.cairn/changes/extract-build-planning-core/evidence/committed-validation-2026-09-03/nix-no-build.command.txt"
        },
        {
          "content_hash": "96f20ba2fbfffcda504a97dd495f39445bcb4c38f9cc9be882720f6046ffb00c",
          "exists": true,
          "path": "./.cairn/changes/extract-build-planning-core/evidence/committed-validation-2026-09-03/nix-no-build.log"
        },
        {
          "content_hash": "148f02f92554e6acdee4cc513b5cd4e13883a1726b9dca02b19fe9a95c79a369",
          "exists": true,
          "path": "./.cairn/changes/extract-build-planning-core/evidence/committed-validation-2026-09-03/nix-no-build.status"
        },
        {
          "content_hash": "08903c948eb7e7fcb52755a4aa94d922c59264be2c8b550c044d5b743005fa70",
          "exists": true,
          "path": "./.cairn/changes/extract-build-planning-core/evidence/committed-validation-2026-09-03/source-commit.txt"
        },
        {
          "content_hash": "ebfc84e8c52de83c2233ddad728a61646e5ea3c253f10b7b1473e7c3a8fc9c3a",
          "exists": true,
          "path": "./.cairn/changes/extract-build-planning-core/evidence/committed-validation-2026-09-03/summary.md"
        },
        {
          "content_hash": "03fde0d018eaff87b28be3705bd2855e34888a342dab946ea63ebb20e08139c2",
          "exists": true,
          "path": "./.cairn/changes/extract-build-planning-core/evidence/committed-validation-2026-09-03/tracey.command.txt"
        },
        {
          "content_hash": "4a29c36400e58505fdb8a8d8caa62c96f44a35b5b81a7ebc0bd9bf17ffee408f",
          "exists": true,
          "path": "./.cairn/changes/extract-build-planning-core/evidence/committed-validation-2026-09-03/tracey.log"
        },
        {
          "content_hash": "0de2782cf4f495f568fe0004a5bec6217eccce92bed30e5b375093a1f95c190f",
          "exists": true,
          "path": "./.cairn/changes/extract-build-planning-core/evidence/sync-2026-09-03/cairn-post-sync.command.txt"
        },
        {
          "content_hash": "061aaa9eb24bc4f4754a3c9db5d8aebe9606462e5a38125d69f531cfbac3bcb2",
          "exists": true,
          "path": "./.cairn/changes/extract-build-planning-core/evidence/sync-2026-09-03/cairn-post-sync.log"
        },
        {
          "content_hash": "38814f09cd4500725df1001aac9973bbfefe29c4b21a2741fb0bbf5a922951fb",
          "exists": true,
          "path": "./.cairn/changes/extract-build-planning-core/evidence/sync-2026-09-03/summary.md"
        },
        {
          "content_hash": "287188d0489c949e039ba86c926248b5cb5736e380ac11466752658c7ac52c95",
          "exists": true,
          "path": "./.cairn/changes/extract-build-planning-core/evidence/sync-2026-09-03/sync-dry.command.txt"
        },
        {
          "content_hash": "e9e27a945ab6df9400035311f39ec74f248847b8cb8ca9319d915e535438fcf4",
          "exists": true,
          "path": "./.cairn/changes/extract-build-planning-core/evidence/sync-2026-09-03/sync-dry.log"
        },
        {
          "content_hash": "42c1a3383ac7d9122302b84b4e7e023fa0ad55c2e8e671bc693909dd65ac33dd",
          "exists": true,
          "path": "./.cairn/changes/extract-build-planning-core/evidence/sync-2026-09-03/sync-execute.command.txt"
        },
        {
          "content_hash": "9063374d2222742c4b1ae6e173265cef26a3a2a80539959eb18166c79d12f0e5",
          "exists": true,
          "path": "./.cairn/changes/extract-build-planning-core/evidence/sync-2026-09-03/sync-execute.log"
        },
        {
          "content_hash": "072a372a036089cb3e069b7a9fe168a011cab5f252a9b46a1ece696e01fb08b8",
          "exists": true,
          "path": "./.cairn/changes/extract-build-planning-core/evidence/validation-2026-09-03/adapter-tests.command.txt"
        },
        {
          "content_hash": "b63e3994d48e3b21fd3d2ef47744b7843fadd76329d2a46a0a3017b27d34474e",
          "exists": true,
          "path": "./.cairn/changes/extract-build-planning-core/evidence/validation-2026-09-03/adapter-tests.log"
        },
        {
          "content_hash": "9c2a9b8b3500cfa28a4ae47b8679844198b8f57071872d1a51bee77202343ee1",
          "exists": true,
          "path": "./.cairn/changes/extract-build-planning-core/evidence/validation-2026-09-03/architecture-check.log"
        },
        {
          "content_hash": "8255f7f2bc78142e6a9ace06a13b42ae3ee8e184c62fa940fc5a1986f4c4cc60",
          "exists": true,
          "path": "./.cairn/changes/extract-build-planning-core/evidence/validation-2026-09-03/architecture-nix.command.txt"
        },
        {
          "content_hash": "d19e3fde3224aa18c39565c20d87a299964452ee2fa12f2584494e83e91cdd8d",
          "exists": true,
          "path": "./.cairn/changes/extract-build-planning-core/evidence/validation-2026-09-03/architecture-nix.log"
        },
        {
          "content_hash": "9c2a9b8b3500cfa28a4ae47b8679844198b8f57071872d1a51bee77202343ee1",
          "exists": true,
          "path": "./.cairn/changes/extract-build-planning-core/evidence/validation-2026-09-03/architecture-self-test.log"
        },
        {
          "content_hash": "9d8f0304bc086d3cf08ae04820dd8ecd815457f870bfc11b46869080ca1c9e37",
          "exists": true,
          "path": "./.cairn/changes/extract-build-planning-core/evidence/validation-2026-09-03/architecture.command.txt"
        },
        {
          "content_hash": "c82b9ba16b85046c79308ed459609a6b37cf2267a495f847e476fc7fe5cc2c01",
          "exists": true,
          "path": "./.cairn/changes/extract-build-planning-core/evidence/validation-2026-09-03/build-plan-tests.command.txt"
        },
        {
          "content_hash": "1e8c281a63ce9a9f3b633f6241437fe99f07c50ae05b03e47b56017fe9604459",
          "exists": true,
          "path": "./.cairn/changes/extract-build-planning-core/evidence/validation-2026-09-03/build-plan-tests.log"
        },
        {
          "content_hash": "97e2e444895492c7373843758f082dd8fa6794b40ef8e05a65a7054e31e08744",
          "exists": true,
          "path": "./.cairn/changes/extract-build-planning-core/evidence/validation-2026-09-03/cairn-gate-design.command.txt"
        },
        {
          "content_hash": "b5e7a94d3fb29dd2337c301d6a4fb0531cd0b5afcfa96264fa268500954d5f30",
          "exists": true,
          "path": "./.cairn/changes/extract-build-planning-core/evidence/validation-2026-09-03/cairn-gate-design.log"
        },
        {
          "content_hash": "f678aca73659a65fd88ff92ccc4818f829cc8ff6ee616ae046f3c3cc01d84588",
          "exists": true,
          "path": "./.cairn/changes/extract-build-planning-core/evidence/validation-2026-09-03/cairn-gate-proposal.command.txt"
        },
        {
          "content_hash": "d26cdb037d813f2cabb26bf96f089dc0c7eafbf812688c16fca3a77cf959500e",
          "exists": true,
          "path": "./.cairn/changes/extract-build-planning-core/evidence/validation-2026-09-03/cairn-gate-proposal.log"
        },
        {
          "content_hash": "c3a69bb0de4cf18f9f8f7020f7989b16a3da30b2a2337e9d3097794f52304508",
          "exists": true,
          "path": "./.cairn/changes/extract-build-planning-core/evidence/validation-2026-09-03/cairn-gate-tasks.command.txt"
        },
        {
          "content_hash": "f9b2d02e0a9033b14257b7988145d44e1ac74a44cf84c955b6a15d629f1f8054",
          "exists": true,
          "path": "./.cairn/changes/extract-build-planning-core/evidence/validation-2026-09-03/cairn-gate-tasks.log"
        },
        {
          "content_hash": "0de2782cf4f495f568fe0004a5bec6217eccce92bed30e5b375093a1f95c190f",
          "exists": true,
          "path": "./.cairn/changes/extract-build-planning-core/evidence/validation-2026-09-03/cairn-validate.command.txt"
        },
        {
          "content_hash": "ca80690fdf9cee9b42bf3991e6bad9ee84b3f67ff83d01ccc715e6cc4564a20e",
          "exists": true,
          "path": "./.cairn/changes/extract-build-planning-core/evidence/validation-2026-09-03/cairn-validate.log"
        },
        {
          "content_hash": "3d342bb78e058b748574b454dbe3494644052e704ff26fcb99d1e1d4650d0f2b",
          "exists": true,
          "path": "./.cairn/changes/extract-build-planning-core/evidence/validation-2026-09-03/clippy.command.txt"
        },
        {
          "content_hash": "7826c91495a691ece64a94ec1218b0d911baeacb4032f9ebc91a769080307ea3",
          "exists": true,
          "path": "./.cairn/changes/extract-build-planning-core/evidence/validation-2026-09-03/clippy.log"
        },
        {
          "content_hash": "2577ef3c076c22e0ff7b5488af610573aaa824ddf63bb55a807ad3ecb4ede454",
          "exists": true,
          "path": "./.cairn/changes/extract-build-planning-core/evidence/validation-2026-09-03/core-nix.command.txt"
        },
        {
          "content_hash": "826baa7fa585a3ebc72d103d17c41f98114a68c55ea07ad812937c3544ffa21a",
          "exists": true,
          "path": "./.cairn/changes/extract-build-planning-core/evidence/validation-2026-09-03/core-nix.log"
        },
        {
          "content_hash": "97551e85263cf61f310d242c29f018e603c0dc444e786d511c3e76e67c069ddb",
          "exists": true,
          "path": "./.cairn/changes/extract-build-planning-core/evidence/validation-2026-09-03/core-tests.command.txt"
        },
        {
          "content_hash": "551693e832670c48f1db602723ce3c6e150a0cd06e71fc8c251235e606122bfc",
          "exists": true,
          "path": "./.cairn/changes/extract-build-planning-core/evidence/validation-2026-09-03/core-tests.log"
        },
        {
          "content_hash": "ad74cde728eb187ccec542a5678949e4779f3b6def763d6d24d550af38febe5f",
          "exists": true,
          "path": "./.cairn/changes/extract-build-planning-core/evidence/validation-2026-09-03/core-wasm-nix.command.txt"
        },
        {
          "content_hash": "91763e56744680418a0322f25970719b2f68bb0ac2fd9306474914435a0c8e19",
          "exists": true,
          "path": "./.cairn/changes/extract-build-planning-core/evidence/validation-2026-09-03/core-wasm-nix.log"
        },
        {
          "content_hash": "5dcc26bd02f68de30ca7aa009d4da89ad23d9d93228f1182757082c969660df6",
          "exists": true,
          "path": "./.cairn/changes/extract-build-planning-core/evidence/validation-2026-09-03/durable-publication.command.txt"
        },
        {
          "content_hash": "40f04fd1299c34acd929fbe5715af8debb65a775aa21aa4e53d285dd179bf4f7",
          "exists": true,
          "path": "./.cairn/changes/extract-build-planning-core/evidence/validation-2026-09-03/durable-publication.log"
        },
        {
          "content_hash": "eb18991a580f43fdab6ea656966555b6e86c1a2a0a578c234b6cb7a0af26b174",
          "exists": true,
          "path": "./.cairn/changes/extract-build-planning-core/evidence/validation-2026-09-03/formatting.command.txt"
        },
        {
          "content_hash": "af1349b9f5f9a1a6a0404dea36dcc9499bcb25c9adc112b7cc9a93cae41f3262",
          "exists": true,
          "path": "./.cairn/changes/extract-build-planning-core/evidence/validation-2026-09-03/formatting.log"
        },
        {
          "content_hash": "eb493ecd680903754baae7e71e30c10eb97bf8e6cacb3dfc1f467fc4bd7fdd9d",
          "exists": true,
          "path": "./.cairn/changes/extract-build-planning-core/evidence/validation-2026-09-03/machine-check.log"
        },
        {
          "content_hash": "614b2f479d61102180b565fa143579df2f9eb4fc849c29d55ee25cd055475d3a",
          "exists": true,
          "path": "./.cairn/changes/extract-build-planning-core/evidence/validation-2026-09-03/machine-generate.log"
        },
        {
          "content_hash": "18022d49f8bcbc22bf727432d84ad8c3676544ee81e05f53619ab7d9004462fe",
          "exists": true,
          "path": "./.cairn/changes/extract-build-planning-core/evidence/validation-2026-09-03/machine.command.txt"
        },
        {
          "content_hash": "5f153f21d1dc711a8d727bf07bee9ed09861960ecbd10afa6c2bbe1669233037",
          "exists": true,
          "path": "./.cairn/changes/extract-build-planning-core/evidence/validation-2026-09-03/pipeline-tests.command.txt"
        },
        {
          "content_hash": "f1c8ed480b92b6866851f94650aebb65955dfe37d6ae53f620c43c476ad1ebec",
          "exists": true,
          "path": "./.cairn/changes/extract-build-planning-core/evidence/validation-2026-09-03/pipeline-tests.log"
        },
        {
          "content_hash": "d586fd06819b54b963082e9198068580633588f1822ddb2d8ecaa139a9a7f144",
          "exists": true,
          "path": "./.cairn/changes/extract-build-planning-core/evidence/validation-2026-09-03/realization-routing-tests.command.txt"
        },
        {
          "content_hash": "b870334de6719ec7ba17ea623b087373f8d455ac78fbd65f70ad914e2b4668ce",
          "exists": true,
          "path": "./.cairn/changes/extract-build-planning-core/evidence/validation-2026-09-03/realization-routing-tests.log"
        },
        {
          "content_hash": "5470fa9ee734ef681b123e49c5f6af6dbcebcc8c996fd13e54718c4e53e18c09",
          "exists": true,
          "path": "./.cairn/changes/extract-build-planning-core/evidence/validation-2026-09-03/summary.md"
        },
        {
          "content_hash": "b3b72212a38a15ee4a6338c53f99ab3e6f7c6ab1520c487288214ac6f87b73e6",
          "exists": true,
          "path": "./.cairn/changes/extract-build-planning-core/evidence/validation-2026-09-03/tigerstyle.command.txt"
        },
        {
          "content_hash": "8a278d04488a40d4481105c75cc7bb0ea432a1c4165de621c4d8acddc63707a7",
          "exists": true,
          "path": "./.cairn/changes/extract-build-planning-core/evidence/validation-2026-09-03/tigerstyle.log"
        },
        {
          "content_hash": "03fde0d018eaff87b28be3705bd2855e34888a342dab946ea63ebb20e08139c2",
          "exists": true,
          "path": "./.cairn/changes/extract-build-planning-core/evidence/validation-2026-09-03/tracey.command.txt"
        },
        {
          "content_hash": "2db73382a81165d86a90b8620e3ef6410c1b10c0c73ff543f91733388da0040c",
          "exists": true,
          "path": "./.cairn/changes/extract-build-planning-core/evidence/validation-2026-09-03/tracey.log"
        },
        {
          "content_hash": "545b9c24e3622905630f84a4dbf3ed546ef6e6c4cc56dc9612f21a59b36a2777",
          "exists": true,
          "path": "./.cairn/changes/extract-build-planning-core/proposal.md"
        },
        {
          "content_hash": "2cf2d0147fc82a4351cc5ebad55117fad1a09689bdd5ae8996e0b9362ee18078",
          "exists": true,
          "path": "./.cairn/changes/extract-build-planning-core/specs/build-scheduling/spec.md"
        },
        {
          "content_hash": "c56a0f93e8c86b59c34f589fe4a58da99aa1798485f7fc144c089195b509c2e3",
          "exists": true,
          "path": "./.cairn/changes/extract-build-planning-core/specs/realization-routing/spec.md"
        },
        {
          "content_hash": "0634377871b8fb94fd0278072be54a100db1e7d38a3be61db576893032388fc1",
          "exists": true,
          "path": "./.cairn/changes/extract-build-planning-core/tasks.md"
        }
      ],
      "manifest_hash": "7fd7d8600b6c569554f95d5fbec174be72a4bd91182ce51cb96729f7584cc66b"
    },
    "kind": "archive",
    "manifest_hash": "8c28eac8d19461b3e4784db175558f4ac17c74b2a72cbad3b61bf6366bdb4026"
  },
  "plan_hash": "10cfcc9dfc7839152b04783ddf9552c02318de42669a7dfc726791146bf7d470",
  "policy": "mantle-default",
  "policy_hash": "69891b1b46c1b38dad36043d5603ad45768bbeb4bc61ad10b72bc0cbabadb0d7",
  "reasons": [],
  "receipt_hash": "069f326de9f5696a4aa628c9c5b33fd9bb5e1a3e6cf56b98119b8ac610cfb2c0"
}
