[example (2024)] "/home/brittonr/git/OnixResearch/mantle/.pi/worktrees/repair-bootstrap-parity-baseline/examples/benchmark_compare.rs"
[example (2024)] "/home/brittonr/git/OnixResearch/mantle/.pi/worktrees/repair-bootstrap-parity-baseline/examples/benchmark_eval_backends.rs"
[example (2024)] "/home/brittonr/git/OnixResearch/mantle/.pi/worktrees/repair-bootstrap-parity-baseline/examples/benchmark_eval_smoke.rs"
[example (2024)] "/home/brittonr/git/OnixResearch/mantle/.pi/worktrees/repair-bootstrap-parity-baseline/examples/benchmark_lazy_eval.rs"
[example (2024)] "/home/brittonr/git/OnixResearch/mantle/.pi/worktrees/repair-bootstrap-parity-baseline/examples/benchmark_scheduler_priority.rs"
[example (2024)] "/home/brittonr/git/OnixResearch/mantle/.pi/worktrees/repair-bootstrap-parity-baseline/examples/benchmark_suite.rs"
[example (2024)] "/home/brittonr/git/OnixResearch/mantle/.pi/worktrees/repair-bootstrap-parity-baseline/examples/distributed_eval_assess.rs"
[example (2024)] "/home/brittonr/git/OnixResearch/mantle/.pi/worktrees/repair-bootstrap-parity-baseline/examples/hardware_simulation_plan.rs"
[example (2024)] "/home/brittonr/git/OnixResearch/mantle/.pi/worktrees/repair-bootstrap-parity-baseline/examples/picolibc_compare.rs"
[example (2024)] "/home/brittonr/git/OnixResearch/mantle/.pi/worktrees/repair-bootstrap-parity-baseline/examples/projects/delta-substitution/demo.rs"
[example (2024)] "/home/brittonr/git/OnixResearch/mantle/.pi/worktrees/repair-bootstrap-parity-baseline/examples/projects/release-witness-handoff/demo.rs"
[example (2024)] "/home/brittonr/git/OnixResearch/mantle/.pi/worktrees/repair-bootstrap-parity-baseline/examples/projects/shared-action-result-roundtrip/publish.rs"
[lib (2024)] "/home/brittonr/git/OnixResearch/mantle/.pi/worktrees/repair-bootstrap-parity-baseline/src/lib.rs"
[bin (2024)] "/home/brittonr/git/OnixResearch/mantle/.pi/worktrees/repair-bootstrap-parity-baseline/src/main.rs"
[test (2024)] "/home/brittonr/git/OnixResearch/mantle/.pi/worktrees/repair-bootstrap-parity-baseline/tests/attest_cli.rs"
[test (2024)] "/home/brittonr/git/OnixResearch/mantle/.pi/worktrees/repair-bootstrap-parity-baseline/tests/audit_support.rs"
[test (2024)] "/home/brittonr/git/OnixResearch/mantle/.pi/worktrees/repair-bootstrap-parity-baseline/tests/benchmark_harness.rs"
[test (2024)] "/home/brittonr/git/OnixResearch/mantle/.pi/worktrees/repair-bootstrap-parity-baseline/tests/bootstrap_eval.rs"
[test (2024)] "/home/brittonr/git/OnixResearch/mantle/.pi/worktrees/repair-bootstrap-parity-baseline/tests/bootstrap_parity_cli.rs"
[test (2024)] "/home/brittonr/git/OnixResearch/mantle/.pi/worktrees/repair-bootstrap-parity-baseline/tests/bootstrap_trust_report_cli.rs"
[test (2024)] "/home/brittonr/git/OnixResearch/mantle/.pi/worktrees/repair-bootstrap-parity-baseline/tests/bootstrap_validate_cli.rs"
[test (2024)] "/home/brittonr/git/OnixResearch/mantle/.pi/worktrees/repair-bootstrap-parity-baseline/tests/cargo_free_self_build_cli.rs"
[test (2024)] "/home/brittonr/git/OnixResearch/mantle/.pi/worktrees/repair-bootstrap-parity-baseline/tests/cargo_import_cli.rs"
[test (2024)] "/home/brittonr/git/OnixResearch/mantle/.pi/worktrees/repair-bootstrap-parity-baseline/tests/composition_root_cli.rs"
[test (2024)] "/home/brittonr/git/OnixResearch/mantle/.pi/worktrees/repair-bootstrap-parity-baseline/tests/evaluator_budget_cli.rs"
[test (2024)] "/home/brittonr/git/OnixResearch/mantle/.pi/worktrees/repair-bootstrap-parity-baseline/tests/example_projects.rs"
[test (2024)] "/home/brittonr/git/OnixResearch/mantle/.pi/worktrees/repair-bootstrap-parity-baseline/tests/examples_build.rs"
[test (2024)] "/home/brittonr/git/OnixResearch/mantle/.pi/worktrees/repair-bootstrap-parity-baseline/tests/examples_eval.rs"
[test (2024)] "/home/brittonr/git/OnixResearch/mantle/.pi/worktrees/repair-bootstrap-parity-baseline/tests/examples_inventory.rs"
[test (2024)] "/home/brittonr/git/OnixResearch/mantle/.pi/worktrees/repair-bootstrap-parity-baseline/tests/examples_workflow_gallery.rs"
[test (2024)] "/home/brittonr/git/OnixResearch/mantle/.pi/worktrees/repair-bootstrap-parity-baseline/tests/foreign_import_cli.rs"
[test (2024)] "/home/brittonr/git/OnixResearch/mantle/.pi/worktrees/repair-bootstrap-parity-baseline/tests/freshness_offline_rail.rs"
[test (2024)] "/home/brittonr/git/OnixResearch/mantle/.pi/worktrees/repair-bootstrap-parity-baseline/tests/identity_cli.rs"
[test (2024)] "/home/brittonr/git/OnixResearch/mantle/.pi/worktrees/repair-bootstrap-parity-baseline/tests/integration.rs"
[test (2024)] "/home/brittonr/git/OnixResearch/mantle/.pi/worktrees/repair-bootstrap-parity-baseline/tests/integration_build.rs"
[test (2024)] "/home/brittonr/git/OnixResearch/mantle/.pi/worktrees/repair-bootstrap-parity-baseline/tests/kernel_bundle_oci_cli.rs"
[test (2024)] "/home/brittonr/git/OnixResearch/mantle/.pi/worktrees/repair-bootstrap-parity-baseline/tests/kernel_bundle_oci_registry_cli.rs"
[test (2024)] "/home/brittonr/git/OnixResearch/mantle/.pi/worktrees/repair-bootstrap-parity-baseline/tests/kernelscript_experiment.rs"
[test (2024)] "/home/brittonr/git/OnixResearch/mantle/.pi/worktrees/repair-bootstrap-parity-baseline/tests/lock_importer_offline_rail.rs"
[test (2024)] "/home/brittonr/git/OnixResearch/mantle/.pi/worktrees/repair-bootstrap-parity-baseline/tests/machine_schema_contracts.rs"
[test (2024)] "/home/brittonr/git/OnixResearch/mantle/.pi/worktrees/repair-bootstrap-parity-baseline/tests/nix_free_demo_cli.rs"
[test (2024)] "/home/brittonr/git/OnixResearch/mantle/.pi/worktrees/repair-bootstrap-parity-baseline/tests/offline_build_runbook_docs.rs"
[test (2024)] "/home/brittonr/git/OnixResearch/mantle/.pi/worktrees/repair-bootstrap-parity-baseline/tests/offline_cargo_project.rs"
[test (2024)] "/home/brittonr/git/OnixResearch/mantle/.pi/worktrees/repair-bootstrap-parity-baseline/tests/operator_diagnostics.rs"
[test (2024)] "/home/brittonr/git/OnixResearch/mantle/.pi/worktrees/repair-bootstrap-parity-baseline/tests/pin_import_cli.rs"
[test (2024)] "/home/brittonr/git/OnixResearch/mantle/.pi/worktrees/repair-bootstrap-parity-baseline/tests/project_build_smoke.rs"
[test (2024)] "/home/brittonr/git/OnixResearch/mantle/.pi/worktrees/repair-bootstrap-parity-baseline/tests/project_cli.rs"
[test (2024)] "/home/brittonr/git/OnixResearch/mantle/.pi/worktrees/repair-bootstrap-parity-baseline/tests/project_refresh_cli.rs"
[test (2024)] "/home/brittonr/git/OnixResearch/mantle/.pi/worktrees/repair-bootstrap-parity-baseline/tests/release_cli.rs"
[test (2024)] "/home/brittonr/git/OnixResearch/mantle/.pi/worktrees/repair-bootstrap-parity-baseline/tests/remote_credentials_cli.rs"
[test (2024)] "/home/brittonr/git/OnixResearch/mantle/.pi/worktrees/repair-bootstrap-parity-baseline/tests/remote_rail_offline_rail.rs"
[test (2024)] "/home/brittonr/git/OnixResearch/mantle/.pi/worktrees/repair-bootstrap-parity-baseline/tests/remote_stdio_cli.rs"
[test (2024)] "/home/brittonr/git/OnixResearch/mantle/.pi/worktrees/repair-bootstrap-parity-baseline/tests/remote_transfer_production.rs"
[test (2024)] "/home/brittonr/git/OnixResearch/mantle/.pi/worktrees/repair-bootstrap-parity-baseline/tests/removed_system_cli.rs"
[test (2024)] "/home/brittonr/git/OnixResearch/mantle/.pi/worktrees/repair-bootstrap-parity-baseline/tests/retention_offline_rail.rs"
[test (2024)] "/home/brittonr/git/OnixResearch/mantle/.pi/worktrees/repair-bootstrap-parity-baseline/tests/rust_compatibility_rail.rs"
[test (2024)] "/home/brittonr/git/OnixResearch/mantle/.pi/worktrees/repair-bootstrap-parity-baseline/tests/rust_plan_cli.rs"
[test (2024)] "/home/brittonr/git/OnixResearch/mantle/.pi/worktrees/repair-bootstrap-parity-baseline/tests/scheduling_policy.rs"
[test (2024)] "/home/brittonr/git/OnixResearch/mantle/.pi/worktrees/repair-bootstrap-parity-baseline/tests/self_hosting.rs"
[test (2024)] "/home/brittonr/git/OnixResearch/mantle/.pi/worktrees/repair-bootstrap-parity-baseline/tests/smoke.rs"
[test (2024)] "/home/brittonr/git/OnixResearch/mantle/.pi/worktrees/repair-bootstrap-parity-baseline/tests/source_bundle_cli.rs"
[test (2024)] "/home/brittonr/git/OnixResearch/mantle/.pi/worktrees/repair-bootstrap-parity-baseline/tests/source_bundle_hydration_cli.rs"
[test (2024)] "/home/brittonr/git/OnixResearch/mantle/.pi/worktrees/repair-bootstrap-parity-baseline/tests/stdlib_tests.rs"
[test (2024)] "/home/brittonr/git/OnixResearch/mantle/.pi/worktrees/repair-bootstrap-parity-baseline/tests/store_archive_cli.rs"
[test (2024)] "/home/brittonr/git/OnixResearch/mantle/.pi/worktrees/repair-bootstrap-parity-baseline/tests/store_gc_cli.rs"
[test (2024)] "/home/brittonr/git/OnixResearch/mantle/.pi/worktrees/repair-bootstrap-parity-baseline/tests/transactional_reconciliation_pilot.rs"
[test (2024)] "/home/brittonr/git/OnixResearch/mantle/.pi/worktrees/repair-bootstrap-parity-baseline/tests/transcript_cli.rs"
[test (2024)] "/home/brittonr/git/OnixResearch/mantle/.pi/worktrees/repair-bootstrap-parity-baseline/tests/trust_policy_offline_rail.rs"
[test (2024)] "/home/brittonr/git/OnixResearch/mantle/.pi/worktrees/repair-bootstrap-parity-baseline/tests/wasm_component_cli.rs"
[bin (2024)] "/home/brittonr/git/OnixResearch/mantle/.pi/worktrees/repair-bootstrap-parity-baseline/tools/generate_operator_command_contract.rs"
[bin (2024)] "/home/brittonr/git/OnixResearch/mantle/.pi/worktrees/repair-bootstrap-parity-baseline/tools/generate_portable_platform_profiles.rs"
rustfmt --edition 2024 --check /home/brittonr/git/OnixResearch/mantle/.pi/worktrees/repair-bootstrap-parity-baseline/examples/benchmark_compare.rs /home/brittonr/git/OnixResearch/mantle/.pi/worktrees/repair-bootstrap-parity-baseline/examples/benchmark_eval_backends.rs /home/brittonr/git/OnixResearch/mantle/.pi/worktrees/repair-bootstrap-parity-baseline/examples/benchmark_eval_smoke.rs /home/brittonr/git/OnixResearch/mantle/.pi/worktrees/repair-bootstrap-parity-baseline/examples/benchmark_lazy_eval.rs /home/brittonr/git/OnixResearch/mantle/.pi/worktrees/repair-bootstrap-parity-baseline/examples/benchmark_scheduler_priority.rs /home/brittonr/git/OnixResearch/mantle/.pi/worktrees/repair-bootstrap-parity-baseline/examples/benchmark_suite.rs /home/brittonr/git/OnixResearch/mantle/.pi/worktrees/repair-bootstrap-parity-baseline/examples/distributed_eval_assess.rs /home/brittonr/git/OnixResearch/mantle/.pi/worktrees/repair-bootstrap-parity-baseline/examples/hardware_simulation_plan.rs /home/brittonr/git/OnixResearch/mantle/.pi/worktrees/repair-bootstrap-parity-baseline/examples/picolibc_compare.rs /home/brittonr/git/OnixResearch/mantle/.pi/worktrees/repair-bootstrap-parity-baseline/examples/projects/delta-substitution/demo.rs /home/brittonr/git/OnixResearch/mantle/.pi/worktrees/repair-bootstrap-parity-baseline/examples/projects/release-witness-handoff/demo.rs /home/brittonr/git/OnixResearch/mantle/.pi/worktrees/repair-bootstrap-parity-baseline/examples/projects/shared-action-result-roundtrip/publish.rs /home/brittonr/git/OnixResearch/mantle/.pi/worktrees/repair-bootstrap-parity-baseline/src/lib.rs /home/brittonr/git/OnixResearch/mantle/.pi/worktrees/repair-bootstrap-parity-baseline/src/main.rs /home/brittonr/git/OnixResearch/mantle/.pi/worktrees/repair-bootstrap-parity-baseline/tests/attest_cli.rs /home/brittonr/git/OnixResearch/mantle/.pi/worktrees/repair-bootstrap-parity-baseline/tests/audit_support.rs /home/brittonr/git/OnixResearch/mantle/.pi/worktrees/repair-bootstrap-parity-baseline/tests/benchmark_harness.rs /home/brittonr/git/OnixResearch/mantle/.pi/worktrees/repair-bootstrap-parity-baseline/tests/bootstrap_eval.rs /home/brittonr/git/OnixResearch/mantle/.pi/worktrees/repair-bootstrap-parity-baseline/tests/bootstrap_parity_cli.rs /home/brittonr/git/OnixResearch/mantle/.pi/worktrees/repair-bootstrap-parity-baseline/tests/bootstrap_trust_report_cli.rs /home/brittonr/git/OnixResearch/mantle/.pi/worktrees/repair-bootstrap-parity-baseline/tests/bootstrap_validate_cli.rs /home/brittonr/git/OnixResearch/mantle/.pi/worktrees/repair-bootstrap-parity-baseline/tests/cargo_free_self_build_cli.rs /home/brittonr/git/OnixResearch/mantle/.pi/worktrees/repair-bootstrap-parity-baseline/tests/cargo_import_cli.rs /home/brittonr/git/OnixResearch/mantle/.pi/worktrees/repair-bootstrap-parity-baseline/tests/composition_root_cli.rs /home/brittonr/git/OnixResearch/mantle/.pi/worktrees/repair-bootstrap-parity-baseline/tests/evaluator_budget_cli.rs /home/brittonr/git/OnixResearch/mantle/.pi/worktrees/repair-bootstrap-parity-baseline/tests/example_projects.rs /home/brittonr/git/OnixResearch/mantle/.pi/worktrees/repair-bootstrap-parity-baseline/tests/examples_build.rs /home/brittonr/git/OnixResearch/mantle/.pi/worktrees/repair-bootstrap-parity-baseline/tests/examples_eval.rs /home/brittonr/git/OnixResearch/mantle/.pi/worktrees/repair-bootstrap-parity-baseline/tests/examples_inventory.rs /home/brittonr/git/OnixResearch/mantle/.pi/worktrees/repair-bootstrap-parity-baseline/tests/examples_workflow_gallery.rs /home/brittonr/git/OnixResearch/mantle/.pi/worktrees/repair-bootstrap-parity-baseline/tests/foreign_import_cli.rs /home/brittonr/git/OnixResearch/mantle/.pi/worktrees/repair-bootstrap-parity-baseline/tests/freshness_offline_rail.rs /home/brittonr/git/OnixResearch/mantle/.pi/worktrees/repair-bootstrap-parity-baseline/tests/identity_cli.rs /home/brittonr/git/OnixResearch/mantle/.pi/worktrees/repair-bootstrap-parity-baseline/tests/integration.rs /home/brittonr/git/OnixResearch/mantle/.pi/worktrees/repair-bootstrap-parity-baseline/tests/integration_build.rs /home/brittonr/git/OnixResearch/mantle/.pi/worktrees/repair-bootstrap-parity-baseline/tests/kernel_bundle_oci_cli.rs /home/brittonr/git/OnixResearch/mantle/.pi/worktrees/repair-bootstrap-parity-baseline/tests/kernel_bundle_oci_registry_cli.rs /home/brittonr/git/OnixResearch/mantle/.pi/worktrees/repair-bootstrap-parity-baseline/tests/kernelscript_experiment.rs /home/brittonr/git/OnixResearch/mantle/.pi/worktrees/repair-bootstrap-parity-baseline/tests/lock_importer_offline_rail.rs /home/brittonr/git/OnixResearch/mantle/.pi/worktrees/repair-bootstrap-parity-baseline/tests/machine_schema_contracts.rs /home/brittonr/git/OnixResearch/mantle/.pi/worktrees/repair-bootstrap-parity-baseline/tests/nix_free_demo_cli.rs /home/brittonr/git/OnixResearch/mantle/.pi/worktrees/repair-bootstrap-parity-baseline/tests/offline_build_runbook_docs.rs /home/brittonr/git/OnixResearch/mantle/.pi/worktrees/repair-bootstrap-parity-baseline/tests/offline_cargo_project.rs /home/brittonr/git/OnixResearch/mantle/.pi/worktrees/repair-bootstrap-parity-baseline/tests/operator_diagnostics.rs /home/brittonr/git/OnixResearch/mantle/.pi/worktrees/repair-bootstrap-parity-baseline/tests/pin_import_cli.rs /home/brittonr/git/OnixResearch/mantle/.pi/worktrees/repair-bootstrap-parity-baseline/tests/project_build_smoke.rs /home/brittonr/git/OnixResearch/mantle/.pi/worktrees/repair-bootstrap-parity-baseline/tests/project_cli.rs /home/brittonr/git/OnixResearch/mantle/.pi/worktrees/repair-bootstrap-parity-baseline/tests/project_refresh_cli.rs /home/brittonr/git/OnixResearch/mantle/.pi/worktrees/repair-bootstrap-parity-baseline/tests/release_cli.rs /home/brittonr/git/OnixResearch/mantle/.pi/worktrees/repair-bootstrap-parity-baseline/tests/remote_credentials_cli.rs /home/brittonr/git/OnixResearch/mantle/.pi/worktrees/repair-bootstrap-parity-baseline/tests/remote_rail_offline_rail.rs /home/brittonr/git/OnixResearch/mantle/.pi/worktrees/repair-bootstrap-parity-baseline/tests/remote_stdio_cli.rs /home/brittonr/git/OnixResearch/mantle/.pi/worktrees/repair-bootstrap-parity-baseline/tests/remote_transfer_production.rs /home/brittonr/git/OnixResearch/mantle/.pi/worktrees/repair-bootstrap-parity-baseline/tests/removed_system_cli.rs /home/brittonr/git/OnixResearch/mantle/.pi/worktrees/repair-bootstrap-parity-baseline/tests/retention_offline_rail.rs /home/brittonr/git/OnixResearch/mantle/.pi/worktrees/repair-bootstrap-parity-baseline/tests/rust_compatibility_rail.rs /home/brittonr/git/OnixResearch/mantle/.pi/worktrees/repair-bootstrap-parity-baseline/tests/rust_plan_cli.rs /home/brittonr/git/OnixResearch/mantle/.pi/worktrees/repair-bootstrap-parity-baseline/tests/scheduling_policy.rs /home/brittonr/git/OnixResearch/mantle/.pi/worktrees/repair-bootstrap-parity-baseline/tests/self_hosting.rs /home/brittonr/git/OnixResearch/mantle/.pi/worktrees/repair-bootstrap-parity-baseline/tests/smoke.rs /home/brittonr/git/OnixResearch/mantle/.pi/worktrees/repair-bootstrap-parity-baseline/tests/source_bundle_cli.rs /home/brittonr/git/OnixResearch/mantle/.pi/worktrees/repair-bootstrap-parity-baseline/tests/source_bundle_hydration_cli.rs /home/brittonr/git/OnixResearch/mantle/.pi/worktrees/repair-bootstrap-parity-baseline/tests/stdlib_tests.rs /home/brittonr/git/OnixResearch/mantle/.pi/worktrees/repair-bootstrap-parity-baseline/tests/store_archive_cli.rs /home/brittonr/git/OnixResearch/mantle/.pi/worktrees/repair-bootstrap-parity-baseline/tests/store_gc_cli.rs /home/brittonr/git/OnixResearch/mantle/.pi/worktrees/repair-bootstrap-parity-baseline/tests/transactional_reconciliation_pilot.rs /home/brittonr/git/OnixResearch/mantle/.pi/worktrees/repair-bootstrap-parity-baseline/tests/transcript_cli.rs /home/brittonr/git/OnixResearch/mantle/.pi/worktrees/repair-bootstrap-parity-baseline/tests/trust_policy_offline_rail.rs /home/brittonr/git/OnixResearch/mantle/.pi/worktrees/repair-bootstrap-parity-baseline/tests/wasm_component_cli.rs /home/brittonr/git/OnixResearch/mantle/.pi/worktrees/repair-bootstrap-parity-baseline/tools/generate_operator_command_contract.rs /home/brittonr/git/OnixResearch/mantle/.pi/worktrees/repair-bootstrap-parity-baseline/tools/generate_portable_platform_profiles.rs
