warning: method `as_str` is never used
  --> src/remote_nominal.rs:55:20
   |
50 |         impl $name {
   |         ---------- method in this implementation
...
55 |             pub fn as_str(&self) -> &str {
   |                    ^^^^^^
...
62 | remote_id!(RemoteRequestId);
   | --------------------------- in this macro invocation
   |
   = note: `#[warn(dead_code)]` (part of `#[warn(unused)]`) on by default
   = note: this warning originates in the macro `remote_id` (in Nightly builds, run with -Z macro-backtrace for more info)

warning: method `as_str` is never used
  --> src/remote_nominal.rs:55:20
   |
50 |         impl $name {
   |         ---------- method in this implementation
...
55 |             pub fn as_str(&self) -> &str {
   |                    ^^^^^^
...
63 | remote_id!(RemoteProtocolSessionId);
   | ----------------------------------- in this macro invocation
   |
   = note: this warning originates in the macro `remote_id` (in Nightly builds, run with -Z macro-backtrace for more info)

error: operator command contract: flag-drift: build
exit_status=3
