warning: /home/brittonr/git/OnixResearch/mantle/.pi/worktrees/drain-extract-build-planning-core/Cargo.toml: file `/home/brittonr/git/OnixResearch/mantle/.pi/worktrees/drain-extract-build-planning-core/src/main.rs` found to be present in multiple build targets:
  * `bin` target `crunch`
  * `bin` target `mantle`
   Compiling gix-hash v0.23.0
   Compiling gix-tempfile v21.0.2
   Compiling h2 v0.4.13
   Compiling libm v0.2.16
   Compiling num-traits v0.2.19
   Compiling derive_more-impl v2.1.1
   Compiling tracing-subscriber v0.3.23
   Compiling fuse-backend-rs v0.12.0 (/home/brittonr/git/OnixResearch/mantle/.pi/worktrees/drain-extract-build-planning-core/vendor/fuse-backend-rs)
   Compiling nix-compat v0.1.0 (/home/brittonr/git/OnixResearch/mantle/.pi/worktrees/drain-extract-build-planning-core/vendor/nix-compat)
   Compiling nix-compat-derive v0.1.0 (/home/brittonr/git/OnixResearch/mantle/.pi/worktrees/drain-extract-build-planning-core/vendor/nix-compat-derive)
   Compiling snix-castore v0.1.0 (/home/brittonr/git/OnixResearch/mantle/.pi/worktrees/drain-extract-build-planning-core/vendor/snix-castore)
   Compiling gix-prompt v0.14.1
   Compiling crunch-attestation-core v0.1.0 (/home/brittonr/git/OnixResearch/mantle/.pi/worktrees/drain-extract-build-planning-core/crates/crunch-attestation-core)
   Compiling snix-store v0.1.0 (/home/brittonr/git/OnixResearch/mantle/.pi/worktrees/drain-extract-build-planning-core/vendor/snix-store)
   Compiling snix-build v0.1.0 (/home/brittonr/git/OnixResearch/mantle/.pi/worktrees/drain-extract-build-planning-core/vendor/snix-build)
   Compiling oci-spec v0.7.1
   Compiling sha-1 v0.10.1
   Compiling crunch-action-result-core v0.1.0 (/home/brittonr/git/OnixResearch/mantle/.pi/worktrees/drain-extract-build-planning-core/crates/crunch-action-result-core)
   Compiling crunch-gc-core v0.1.0 (/home/brittonr/git/OnixResearch/mantle/.pi/worktrees/drain-extract-build-planning-core/crates/crunch-gc-core)
   Compiling crunch-composition-core v0.1.0 (/home/brittonr/git/OnixResearch/mantle/.pi/worktrees/drain-extract-build-planning-core/crates/crunch-composition-core)
   Compiling crunch-repair-core v0.1.0 (/home/brittonr/git/OnixResearch/mantle/.pi/worktrees/drain-extract-build-planning-core/crates/crunch-repair-core)
   Compiling crunch-overlay-core v0.1.0 (/home/brittonr/git/OnixResearch/mantle/.pi/worktrees/drain-extract-build-planning-core/crates/crunch-overlay-core)
   Compiling crunch-remote-core v0.1.0 (/home/brittonr/git/OnixResearch/mantle/.pi/worktrees/drain-extract-build-planning-core/crates/crunch-remote-core)
   Compiling crunch-evaluation-stream-core v0.1.0 (/home/brittonr/git/OnixResearch/mantle/.pi/worktrees/drain-extract-build-planning-core/crates/crunch-evaluation-stream-core)
   Compiling gix-hashtable v0.13.0
   Compiling gix-commitgraph v0.35.0
   Compiling gix-lock v21.0.2
   Compiling gix-object v0.58.0
   Compiling gix-credentials v0.37.1
   Compiling gix-shallow v0.10.0
   Compiling chrono v0.4.44
   Compiling derive_more v2.1.1
   Compiling malachite-base v0.9.2
   Compiling tracing-indicatif v0.3.14
   Compiling crunch-attestation v0.1.0 (/home/brittonr/git/OnixResearch/mantle/.pi/worktrees/drain-extract-build-planning-core/crates/crunch-attestation)
   Compiling n0-future v0.3.2
   Compiling gix-revwalk v0.29.0
   Compiling gix-filter v0.28.0
   Compiling gix-ref v0.61.0
   Compiling gix-pack v0.68.0
   Compiling irpc v0.13.0
   Compiling gix-traverse v0.55.0
   Compiling gix-revision v0.43.0
   Compiling gix-negotiate v0.29.0
   Compiling gix-index v0.49.0
   Compiling gix-worktree-stream v0.30.0
   Compiling gix-refspec v0.39.0
   Compiling gix-archive v0.30.0
   Compiling gix-discover v0.49.0
   Compiling gix-config v0.54.0
   Compiling hyper v1.9.0
   Compiling gix-odb v0.78.0
   Compiling gix-worktree v0.50.0
   Compiling gix-diff v0.61.0
   Compiling gix-dir v0.23.0
   Compiling gix-worktree-state v0.28.0
   Compiling gix-submodule v0.28.0
   Compiling hyper-util v0.1.20
   Compiling crunch-nar v0.1.0 (/home/brittonr/git/OnixResearch/mantle/.pi/worktrees/drain-extract-build-planning-core/crates/crunch-nar)
   Compiling crunch-glue v0.1.0 (/home/brittonr/git/OnixResearch/mantle/.pi/worktrees/drain-extract-build-planning-core/crates/crunch-glue)
   Compiling gix-status v0.28.0
   Compiling gix-blame v0.11.0
   Compiling hyper-rustls v0.27.7
   Compiling reqwest v0.13.2
   Compiling malachite-nz v0.9.2
   Compiling reqwest-middleware v0.5.1
   Compiling object_store v0.14.0
   Compiling gix-transport v0.55.1
   Compiling reqwest-tracing v0.6.0
   Compiling gix-protocol v0.59.0
   Compiling snix-tracing v0.1.0 (/home/brittonr/git/OnixResearch/mantle/.pi/worktrees/drain-extract-build-planning-core/vendor/snix-tracing)
   Compiling gix v0.81.0
   Compiling malachite-q v0.9.2
   Compiling malachite-float v0.9.2
   Compiling malachite v0.9.2
   Compiling nickel-lang-parser v0.3.0
   Compiling crunch-store v0.1.0 (/home/brittonr/git/OnixResearch/mantle/.pi/worktrees/drain-extract-build-planning-core/crates/crunch-store)
   Compiling crunch-build v0.1.0 (/home/brittonr/git/OnixResearch/mantle/.pi/worktrees/drain-extract-build-planning-core/crates/crunch-build)
   Compiling nickel-lang-core v0.18.0
   Compiling nickel-lang v2.2.0
   Compiling crunch-eval v0.1.0 (/home/brittonr/git/OnixResearch/mantle/.pi/worktrees/drain-extract-build-planning-core/crates/crunch-eval)
   Compiling crunch-pipeline v0.1.0 (/home/brittonr/git/OnixResearch/mantle/.pi/worktrees/drain-extract-build-planning-core/crates/crunch-pipeline)
    Finished `test` profile [unoptimized + debuginfo] target(s) in 47.63s
     Running unittests src/lib.rs (/tmp/mantle-remote-hexagon-dev-target/debug/deps/crunch_pipeline-3fcb1eb82bb7362e)

running 40 tests
test derivation_file::tests::reference_text_accepts_normalized_relative_nickel_path ... ok
test derivation_file::tests::reference_text_rejects_absolute_parent_and_non_nickel_paths ... ok
test derivation_file::tests::selected_output_accepts_available_and_rejects_missing_name ... ok
test tests::eval_failure_key_uses_stable_prefix ... ok
test tests::hermeticity_audit_event_preserves_kind_and_detail ... ok
test tests::hermeticity_mode_display_uses_stable_strings ... ok
test derivation_file::tests::resolver_falls_back_to_explicit_import_root ... ok
test tests::eager_message_collection_rejects_root_count_overflow ... ok
test derivation_file::tests::resolver_rejects_import_root_symlink_escape ... ok
test tests::map_store_audit_events_preserves_pathinfo_fallback ... ok
test tests::normalize_failed_goal_keys_rewrites_nix_store_keys ... ok
test tests::map_eval_error_keeps_labeled_deserialize_failures_in_deserialize_class ... ok
test tests::parse_drv_key_round_trip ... ok
test tests::map_store_audit_events_preserves_closure_degraded_kind ... ok
test tests::parse_fod_mismatch_edge_case_preserves_trailing_context ... ok
test tests::parse_fod_mismatch_invalid ... ok
test tests::parse_fod_mismatch_strips_drv_suffix ... ok
test tests::parse_fod_mismatch_valid ... ok
test tests::resolve_eval_parallelism_stays_within_requested_roots ... ok
test tests::resolve_max_jobs_default_in_range ... ok
test tests::closed_stream_consumer_requests_cancellation_before_dispatch ... ok
test tests::store_fallback_mode_matches_hermeticity_mode ... ok
test tests::resolve_max_jobs_clamps_user_value ... ok
test tests::shared_initialization_failure_prevents_dispatch_and_accounts_for_roots ... ok
test tests::worker_loss_stops_dispatch_and_accounts_for_every_root ... ok
test tests::managed_generation_defers_sources_until_success_then_commits_output_and_source ... ok
test tests::opaque_evaluator_failure_stops_dispatch_as_shared_fatal ... ok
test tests::evaluation_stream_emits_start_discovery_terminals_and_final_summary ... ok
test tests::recursive_record_root_evaluates_without_suppressing_its_sibling ... ok
test derivation_file::tests::resolver_converts_lazy_file_edge_without_embedding_dependency ... ok
test derivation_file::tests::resolver_preserves_imported_derivation_file_authority ... ok
test tests::conversion_failure_does_not_suppress_later_root ... ok
test tests::stream_roots_into_worker_matches_across_root_force_policies ... ok
test tests::cancellation_rejects_late_success_and_stops_new_dispatch ... ok
test derivation_file::tests::resolver_rejects_file_cycle ... ok
test tests::malformed_sibling_does_not_suppress_independent_success ... ok
test tests::eager_derivation_evaluation_rejects_missing_child_action ... ok
test tests::eager_derivation_evaluation_resolves_all_actions_without_execution ... ok
test derivation_file::tests::full_source_graph_cuts_legacy_edges_at_stagex_sources ... ok
test derivation_file::tests::full_source_linux_headers_preserve_all_derivation_file_edges ... ok

test result: ok. 40 passed; 0 failed; 0 ignored; 0 measured; 0 filtered out; finished in 4.67s

     Running tests/integration_build.rs (/tmp/mantle-remote-hexagon-dev-target/debug/deps/integration_build-0123ad91bbe9ebc4)

running 23 tests
test pipeline_determinism_probe_fetcher_root ... ignored
test pipeline_determinism_probe_normal_derivation ... ignored
test pipeline_determinism_probe_self_build_friendly_path ... ignored
test pipeline_determinism_probe_strict_environment_override_blocker ... ignored
test pipeline_strict_mode_rejects_pathinfo_startup_fallback ... ok
test pipeline_rejects_denied_strict_environment_before_dispatch ... ok
test pipeline_blocks_declared_build_time_network_capability_before_dispatch ... ok
test pipeline_reports_fod_mismatch_without_aborting_other_roots ... ok
test pipeline_preserves_label_to_output_association_under_parallel_root_streaming ... ok
test pipeline_preserves_successful_sibling_after_labeled_eval_failure ... ok
test pipeline_strict_mode_rejects_environment_override ... ok
test pipeline_strict_mode_rejects_missing_closure_facts ... ok
test pipeline_practical_mode_reports_pathinfo_startup_fallback ... ok
test pipeline_uses_source_fetch_override_for_remote_fixed_output_fetcher ... ok
test pipeline_determinism_strict_blocker_stable_across_ambient_state ... ok
test pipeline_determinism_fetcher_root_stable_across_ambient_state ... ok
test pipeline_builds_trivial_derivation_end_to_end ... ok
test pipeline_practical_mode_audits_environment_override ... ok
test pipeline_normalizes_runtime_environment_and_umask ... ok
test pipeline_practical_mode_reports_degraded_closure_resolution ... ok
test pipeline_host_ambient_state_does_not_leak_into_strict_build ... ok
test pipeline_determinism_normal_derivation_stable_across_ambient_state ... ok
test pipeline_determinism_self_build_friendly_path_stable_across_ambient_state ... ok

test result: ok. 19 passed; 0 failed; 4 ignored; 0 measured; 0 filtered out; finished in 1.68s

   Doc-tests crunch_pipeline

running 0 tests

test result: ok. 0 passed; 0 failed; 0 ignored; 0 measured; 0 filtered out; finished in 0.00s

