mantle-runtime-fingerprint {"schema":"mantle-runtime-fingerprint-v1","mantle_version":"0.1.0","command":"self-build","logical_store_prefix":"/mantle/store","physical_store_dir":"/nix/store","state_dir":"/home/brittonr/.local/state/crunch","json_mode":false,"verbosity_source":"verbose-flag","diagnostic_scope":"selected-runtime-context-only","hermeticity_mode":"strict","substitution_mode":"disabled","substituter_count":0,"signing_key_selected":false,"trusted_public_key_count":0,"trust_unsigned":false}
Admitted full-source provider /home/brittonr/mantle-runs/receipt-fix-v31/source-built-native-prefix-v61-repaired-20260828/native-store/kcvijyh0sibqcc4g9sqk694xyslzhpsx-full-source-seed-toolchain
  output_digest_blake3: 63d9bc23cfcc232726527c141132ea35bc7ef9adf4ed7a952b5baa62bd466ed9
  source_closure_blake3: 7a97f836c8daa3dc5cbdf51a2d6ca59e7b995debac22fe5d08c091e667828778
  metadata_digest_blake3: 50ac462f76ed2033a6d760a9271081351ccb9493e6d9cd796e7b6abdab02a826
  report: /home/brittonr/mantle-runs/receipt-fix-v31/.source-built-fixed-point-v85-ptrace-acknowledged-20260830.source-built-fixed-point-staging-2241078/imported-native-provider-origin-revalidation.json
Admitted full-source provider /home/brittonr/mantle-runs/receipt-fix-v31/.source-built-fixed-point-v85-ptrace-acknowledged-20260830.source-built-fixed-point-staging-2241078/imported-native-prefix/native-store/kcvijyh0sibqcc4g9sqk694xyslzhpsx-full-source-seed-toolchain
  output_digest_blake3: 63d9bc23cfcc232726527c141132ea35bc7ef9adf4ed7a952b5baa62bd466ed9
  source_closure_blake3: 7a97f836c8daa3dc5cbdf51a2d6ca59e7b995debac22fe5d08c091e667828778
  metadata_digest_blake3: 50ac462f76ed2033a6d760a9271081351ccb9493e6d9cd796e7b6abdab02a826
  report: /home/brittonr/mantle-runs/receipt-fix-v31/.source-built-fixed-point-v85-ptrace-acknowledged-20260830.source-built-fixed-point-staging-2241078/imported-native-provider-revalidation.json
  acquired source mrustc-0.12.0 sha256=c1ba35f5fc5c4ca2952d9f5526e900dcb6632ea7fd4d71fa58029b3bb563ae56 extracted=/home/brittonr/mantle-runs/receipt-fix-v31/.source-built-fixed-point-v85-ptrace-acknowledged-20260830.source-built-fixed-point-staging-2241078/rust-provider-scratch/sources/mrustc-0.12.0 entries=696
  acquired source rust-1.90.0 sha256=799a9f9cba4ed5351e071048bcf6b5560755d9009648def33a407dd4961f9b7e extracted=/home/brittonr/mantle-runs/receipt-fix-v31/.source-built-fixed-point-v85-ptrace-acknowledged-20260830.source-built-fixed-point-staging-2241078/rust-provider-scratch/sources/rust-1.90.0 entries=279266
  first_stage_build_script: /home/brittonr/mantle-runs/receipt-fix-v31/.source-built-fixed-point-v85-ptrace-acknowledged-20260830.source-built-fixed-point-staging-2241078/rust-provider-scratch/run-mrustc-first-stage.sh
  first_stage_build_log: /home/brittonr/mantle-runs/receipt-fix-v31/.source-built-fixed-point-v85-ptrace-acknowledged-20260830.source-built-fixed-point-staging-2241078/rust-provider-scratch/mrustc-first-stage-build.log
  acquired source rust-1.91.1 sha256=38dce205d39f61571261f0444237a1ce9efecb970e760d8ec4d957af5b445723 extracted=/home/brittonr/mantle-runs/receipt-fix-v31/.source-built-fixed-point-v85-ptrace-acknowledged-20260830.source-built-fixed-point-staging-2241078/rust-provider-scratch/rustc-stage1-sources/rust-1.91.1 entries=290629
  rustc_stage1_build_script: /home/brittonr/mantle-runs/receipt-fix-v31/.source-built-fixed-point-v85-ptrace-acknowledged-20260830.source-built-fixed-point-staging-2241078/rust-provider-scratch/run-rustc-stage1.sh
  rustc_stage1_build_log: /home/brittonr/mantle-runs/receipt-fix-v31/.source-built-fixed-point-v85-ptrace-acknowledged-20260830.source-built-fixed-point-staging-2241078/rust-provider-scratch/rustc-stage1-build.log
  acquired source rust-1.92.0 sha256=9e0d2ca75c7e275fdc758255bf4b03afb3d65d1543602746907c933b6901c3b8 extracted=/home/brittonr/mantle-runs/receipt-fix-v31/.source-built-fixed-point-v85-ptrace-acknowledged-20260830.source-built-fixed-point-staging-2241078/rust-provider-scratch/rustc-stage1-chain/rust-1.92.0-stage1/rustc-stage1-sources/rust-1.92.0 entries=298197
  rustc_stage1_build_script: /home/brittonr/mantle-runs/receipt-fix-v31/.source-built-fixed-point-v85-ptrace-acknowledged-20260830.source-built-fixed-point-staging-2241078/rust-provider-scratch/rustc-stage1-chain/rust-1.92.0-stage1/run-rustc-stage1.sh
  rustc_stage1_build_log: /home/brittonr/mantle-runs/receipt-fix-v31/.source-built-fixed-point-v85-ptrace-acknowledged-20260830.source-built-fixed-point-staging-2241078/rust-provider-scratch/rustc-stage1-chain/rust-1.92.0-stage1/rustc-stage1-build.log
  acquired source rust-1.93.1 sha256=4c230a44b3d9c9f3cef950943719f8380058d27c91fda5e36a9a947ef013e01f extracted=/home/brittonr/mantle-runs/receipt-fix-v31/.source-built-fixed-point-v85-ptrace-acknowledged-20260830.source-built-fixed-point-staging-2241078/rust-provider-scratch/rustc-stage1-chain/rust-1.93.1-stage1/rustc-stage1-sources/rust-1.93.1 entries=301572
  rustc_stage1_build_script: /home/brittonr/mantle-runs/receipt-fix-v31/.source-built-fixed-point-v85-ptrace-acknowledged-20260830.source-built-fixed-point-staging-2241078/rust-provider-scratch/rustc-stage1-chain/rust-1.93.1-stage1/run-rustc-stage1.sh
  rustc_stage1_build_log: /home/brittonr/mantle-runs/receipt-fix-v31/.source-built-fixed-point-v85-ptrace-acknowledged-20260830.source-built-fixed-point-staging-2241078/rust-provider-scratch/rustc-stage1-chain/rust-1.93.1-stage1/rustc-stage1-build.log
  acquired source rust-1.94.0 sha256=b83f921cd3f321ff614f9c06a8b870d89299fc02888b48a5549683a36823474c extracted=/home/brittonr/mantle-runs/receipt-fix-v31/.source-built-fixed-point-v85-ptrace-acknowledged-20260830.source-built-fixed-point-staging-2241078/rust-provider-scratch/rustc-final/rustc-final-sources/rust-1.94.0 entries=304388
  rustc_final_build_script: /home/brittonr/mantle-runs/receipt-fix-v31/.source-built-fixed-point-v85-ptrace-acknowledged-20260830.source-built-fixed-point-staging-2241078/rust-provider-scratch/rustc-final/run-rustc-final.sh
  rustc_final_build_log: /home/brittonr/mantle-runs/receipt-fix-v31/.source-built-fixed-point-v85-ptrace-acknowledged-20260830.source-built-fixed-point-staging-2241078/rust-provider-scratch/rustc-final/rustc-final-build.log
error: build failed
source-built fixed-point proof failed closed: error: build failed
source-built fixed-point blocked: constructing full-source Rust provider: build: Rust provider action authority blocked: Rust provider aggregate exec event count 391207 exceeds 262144; preserved_attempt=/home/brittonr/mantle-runs/receipt-fix-v31/.source-built-fixed-point-v85-ptrace-acknowledged-20260830.source-built-fixed-point-staging-2241078
