## fix/repair-crunch-build-tigerstyle-20260901...origin/main [ahead 3]
 D .cairn/changes/repair-crunch-build-tigerstyle/design.md
 D .cairn/changes/repair-crunch-build-tigerstyle/evidence/baseline-2026-09-01/focused-tiger-baseline.command.txt
 D .cairn/changes/repair-crunch-build-tigerstyle/evidence/baseline-2026-09-01/focused-tiger-baseline.log
 D .cairn/changes/repair-crunch-build-tigerstyle/evidence/baseline-2026-09-01/focused-tiger-baseline.status
 D .cairn/changes/repair-crunch-build-tigerstyle/evidence/baseline-2026-09-01/pre-change-tests.command.txt
 D .cairn/changes/repair-crunch-build-tigerstyle/evidence/baseline-2026-09-01/pre-change-tests.log
 D .cairn/changes/repair-crunch-build-tigerstyle/evidence/baseline-2026-09-01/pre-change-tests.status
 D .cairn/changes/repair-crunch-build-tigerstyle/evidence/baseline-2026-09-01/summary.md
 D .cairn/changes/repair-crunch-build-tigerstyle/evidence/build-repair-2026-09-01/blake3-check.log
 D .cairn/changes/repair-crunch-build-tigerstyle/evidence/build-repair-2026-09-01/blake3-check.status
 D .cairn/changes/repair-crunch-build-tigerstyle/evidence/build-repair-2026-09-01/blake3-manifest.txt
 D .cairn/changes/repair-crunch-build-tigerstyle/evidence/build-repair-2026-09-01/build-package-findings.status
 D .cairn/changes/repair-crunch-build-tigerstyle/evidence/build-repair-2026-09-01/build-package-findings.txt
 D .cairn/changes/repair-crunch-build-tigerstyle/evidence/build-repair-2026-09-01/cairn-gate-design.log
 D .cairn/changes/repair-crunch-build-tigerstyle/evidence/build-repair-2026-09-01/cairn-gate-design.status
 D .cairn/changes/repair-crunch-build-tigerstyle/evidence/build-repair-2026-09-01/cairn-gate-proposal.log
 D .cairn/changes/repair-crunch-build-tigerstyle/evidence/build-repair-2026-09-01/cairn-gate-proposal.status
 D .cairn/changes/repair-crunch-build-tigerstyle/evidence/build-repair-2026-09-01/cairn-gate-tasks.log
 D .cairn/changes/repair-crunch-build-tigerstyle/evidence/build-repair-2026-09-01/cairn-gate-tasks.status
 D .cairn/changes/repair-crunch-build-tigerstyle/evidence/build-repair-2026-09-01/cairn-tracey.log
 D .cairn/changes/repair-crunch-build-tigerstyle/evidence/build-repair-2026-09-01/cairn-tracey.status
 D .cairn/changes/repair-crunch-build-tigerstyle/evidence/build-repair-2026-09-01/cairn-validate.log
 D .cairn/changes/repair-crunch-build-tigerstyle/evidence/build-repair-2026-09-01/cairn-validate.status
 D .cairn/changes/repair-crunch-build-tigerstyle/evidence/build-repair-2026-09-01/clippy.command.txt
 D .cairn/changes/repair-crunch-build-tigerstyle/evidence/build-repair-2026-09-01/clippy.log
 D .cairn/changes/repair-crunch-build-tigerstyle/evidence/build-repair-2026-09-01/clippy.status
 D .cairn/changes/repair-crunch-build-tigerstyle/evidence/build-repair-2026-09-01/final-diff-check.log
 D .cairn/changes/repair-crunch-build-tigerstyle/evidence/build-repair-2026-09-01/final-diff-check.status
 D .cairn/changes/repair-crunch-build-tigerstyle/evidence/build-repair-2026-09-01/focused-tiger.command.txt
 D .cairn/changes/repair-crunch-build-tigerstyle/evidence/build-repair-2026-09-01/focused-tiger.log
 D .cairn/changes/repair-crunch-build-tigerstyle/evidence/build-repair-2026-09-01/focused-tiger.status
 D .cairn/changes/repair-crunch-build-tigerstyle/evidence/build-repair-2026-09-01/formatting.command.txt
 D .cairn/changes/repair-crunch-build-tigerstyle/evidence/build-repair-2026-09-01/formatting.log
 D .cairn/changes/repair-crunch-build-tigerstyle/evidence/build-repair-2026-09-01/formatting.status
 D .cairn/changes/repair-crunch-build-tigerstyle/evidence/build-repair-2026-09-01/full-local-build-findings.status
 D .cairn/changes/repair-crunch-build-tigerstyle/evidence/build-repair-2026-09-01/full-local-build-findings.txt
 D .cairn/changes/repair-crunch-build-tigerstyle/evidence/build-repair-2026-09-01/full-local.command.txt
 D .cairn/changes/repair-crunch-build-tigerstyle/evidence/build-repair-2026-09-01/full-local.log
 D .cairn/changes/repair-crunch-build-tigerstyle/evidence/build-repair-2026-09-01/full-local.status
 D .cairn/changes/repair-crunch-build-tigerstyle/evidence/build-repair-2026-09-01/full-ordinary-build-findings.status
 D .cairn/changes/repair-crunch-build-tigerstyle/evidence/build-repair-2026-09-01/full-ordinary-build-findings.txt
 D .cairn/changes/repair-crunch-build-tigerstyle/evidence/build-repair-2026-09-01/full-ordinary.command.txt
 D .cairn/changes/repair-crunch-build-tigerstyle/evidence/build-repair-2026-09-01/full-ordinary.log
 D .cairn/changes/repair-crunch-build-tigerstyle/evidence/build-repair-2026-09-01/full-ordinary.status
 D .cairn/changes/repair-crunch-build-tigerstyle/evidence/build-repair-2026-09-01/git-diff-check.log
 D .cairn/changes/repair-crunch-build-tigerstyle/evidence/build-repair-2026-09-01/git-diff-check.status
 D .cairn/changes/repair-crunch-build-tigerstyle/evidence/build-repair-2026-09-01/git-status-before-archive.log
 D .cairn/changes/repair-crunch-build-tigerstyle/evidence/build-repair-2026-09-01/mantle-check.command.txt
 D .cairn/changes/repair-crunch-build-tigerstyle/evidence/build-repair-2026-09-01/mantle-check.log
 D .cairn/changes/repair-crunch-build-tigerstyle/evidence/build-repair-2026-09-01/mantle-check.status
 D .cairn/changes/repair-crunch-build-tigerstyle/evidence/build-repair-2026-09-01/new-suppression-findings.log
 D .cairn/changes/repair-crunch-build-tigerstyle/evidence/build-repair-2026-09-01/new-suppression-findings.status
 D .cairn/changes/repair-crunch-build-tigerstyle/evidence/build-repair-2026-09-01/next-tiger-blocker-summary.txt
 D .cairn/changes/repair-crunch-build-tigerstyle/evidence/build-repair-2026-09-01/nix-no-build.command.txt
 D .cairn/changes/repair-crunch-build-tigerstyle/evidence/build-repair-2026-09-01/nix-no-build.log
 D .cairn/changes/repair-crunch-build-tigerstyle/evidence/build-repair-2026-09-01/nix-no-build.status
 D .cairn/changes/repair-crunch-build-tigerstyle/evidence/build-repair-2026-09-01/post-change-tests.command.txt
 D .cairn/changes/repair-crunch-build-tigerstyle/evidence/build-repair-2026-09-01/post-change-tests.log
 D .cairn/changes/repair-crunch-build-tigerstyle/evidence/build-repair-2026-09-01/post-change-tests.status
 D .cairn/changes/repair-crunch-build-tigerstyle/evidence/build-repair-2026-09-01/repository-tiger.command.txt
 D .cairn/changes/repair-crunch-build-tigerstyle/evidence/build-repair-2026-09-01/repository-tiger.log
 D .cairn/changes/repair-crunch-build-tigerstyle/evidence/build-repair-2026-09-01/repository-tiger.status
 D .cairn/changes/repair-crunch-build-tigerstyle/evidence/build-repair-2026-09-01/round1-hidden-wrapper-findings.log
 D .cairn/changes/repair-crunch-build-tigerstyle/evidence/build-repair-2026-09-01/summary.md
 D .cairn/changes/repair-crunch-build-tigerstyle/evidence/validation.md
 D .cairn/changes/repair-crunch-build-tigerstyle/metadata.json
 D .cairn/changes/repair-crunch-build-tigerstyle/proposal.md
 D .cairn/changes/repair-crunch-build-tigerstyle/specs/build-correctness/spec.md
 D .cairn/changes/repair-crunch-build-tigerstyle/tasks.md
 M .cairn/specs/build-correctness/spec.md
?? .cairn/archive/2026-09-01-repair-crunch-build-tigerstyle/
