command=cargo clippy -p mantle --bin mantle --tests --no-deps -- -D warnings
warning: Cargo.toml: file `/home/brittonr/git/OnixResearch/mantle/.pi/worktrees/source-built-receipt-finalization/src/main.rs` found to be present in multiple build targets:
  * `bin` target `crunch`
  * `bin` target `mantle`
warning: `mantle` (manifest) generated 1 warning
    Checking cfg-if v1.0.4
    Checking memchr v2.8.0
    Checking smallvec v1.15.1
    Checking subtle v2.6.1
    Checking const-oid v0.9.6
    Checking itoa v1.0.18
    Checking typenum v1.20.1
    Checking once_cell v1.21.4
    Checking regex-syntax v0.8.10
    Checking scopeguard v1.2.0
    Checking bitflags v2.11.0
    Checking serde_core v1.0.228
    Checking libc v0.2.186
    Checking crossbeam-utils v0.8.21
    Checking allocator-api2 v0.2.21
    Checking equivalent v1.0.2
    Checking stable_deref_trait v1.2.1
    Checking thiserror v2.0.18
    Checking foldhash v0.2.0
    Checking fastrand v2.4.1
    Checking cpufeatures v0.2.17
    Checking lock_api v0.4.14
    Checking linux-raw-sys v0.12.1
    Checking crc32fast v1.5.0
    Checking log v0.4.29
    Checking same-file v1.0.6
    Checking tinyvec_macros v0.1.1
    Checking arrayvec v0.7.6
    Checking pin-project-lite v0.2.17
    Checking gix-trace v0.1.18
    Checking zmij v1.0.21
    Checking futures-core v0.3.32
    Checking zeroize v1.8.2
    Checking tinyvec v1.11.0
    Checking bytesize v2.3.1
    Checking human_format v1.2.1
    Checking walkdir v2.5.0
    Checking zlib-rs v0.6.3
    Checking arrayref v0.3.9
    Checking constant_time_eq v0.3.1
    Checking byteorder v1.5.0
    Checking rand_core v0.10.0
    Checking futures-sink v0.3.32
    Checking hashbrown v0.16.1
    Checking futures-io v0.3.32
    Checking jiff v0.2.23
    Checking futures-task v0.3.32
    Checking slab v0.4.12
    Checking zerofrom v0.1.7
    Checking foldhash v0.1.5
    Checking futures-channel v0.3.32
    Checking libm v0.2.16
    Checking tracing-core v0.1.36
    Checking crossbeam-epoch v0.9.20
    Checking crossbeam-channel v0.5.15
    Checking yoke v0.8.2
    Checking aho-corasick v1.1.4
    Checking winnow v0.7.15
    Checking hash32 v0.3.1
    Checking rustix v1.1.4
    Checking hashbrown v0.15.5
    Checking percent-encoding v2.3.2
    Checking unicode-normalization v0.1.25
    Checking heapless v0.8.0
    Checking futures-util v0.3.32
    Checking zerovec v0.11.6
    Checking fnv v1.0.7
    Checking crossbeam-deque v0.8.6
    Checking rustls-pki-types v1.14.0
    Checking tracing v0.1.44
    Checking rayon-core v1.13.0
    Checking unicode-width v0.2.2
    Checking base64 v0.22.1
    Checking writeable v0.6.3
    Checking generic-array v0.14.7
    Checking litemap v0.8.2
    Checking faster-hex v0.10.0
   Compiling indexmap v2.13.1
    Checking aws-lc-sys v0.39.1
    Checking zerotrie v0.2.4
    Checking encoding_rs v0.8.35
    Checking tinystr v0.8.3
    Checking potential_utf v0.1.5
    Checking utf8_iter v1.0.4
   Compiling strsim v0.11.1
    Checking untrusted v0.9.0
    Checking ipnet v2.12.0
    Checking icu_collections v2.2.0
    Checking httparse v1.10.1
    Checking icu_normalizer_data v2.2.0
    Checking icu_properties_data v2.2.0
    Checking either v1.15.0
    Checking icu_locale_core v2.2.0
    Checking tower-service v0.3.3
    Checking nonempty v0.12.0
    Checking block-buffer v0.10.4
    Checking crypto-common v0.1.7
    Checking atomic-waker v1.1.2
    Checking hashbrown v0.14.5
    Checking static_assertions v1.1.0
    Checking try-lock v0.2.5
    Checking ryu v1.0.23
    Checking form_urlencoded v1.2.2
    Checking num-traits v0.2.19
    Checking digest v0.10.7
    Checking sync_wrapper v1.0.2
    Checking tower-layer v0.3.3
    Checking regex-automata v0.4.14
    Checking openssl-probe v0.2.1
    Checking want v0.3.1
    Checking parking_lot_core v0.9.12
    Checking errno v0.3.14
    Checking mio v1.2.0
    Checking getrandom v0.2.17
    Checking socket2 v0.6.3
    Checking getrandom v0.4.2
    Checking memmap2 v0.9.10
    Checking aws-lc-rs v1.16.2
    Checking rustls-native-certs v0.8.3
    Checking sha1 v0.10.6
    Checking signal-hook-registry v1.4.8
    Checking blake3 v1.8.2
    Checking parking_lot v0.12.5
    Checking ring v0.17.14
    Checking rand_core v0.6.4
    Checking sha2 v0.10.9
    Checking sha1-checked v0.10.0
    Checking iri-string v0.7.12
    Checking signal-hook v0.4.4
    Checking data-encoding v2.10.0
    Checking spin v0.9.9
    Checking prodash v31.0.0
    Checking colorchoice v1.0.5
    Checking dashmap v6.1.0
    Checking serde v1.0.228
    Checking serde_json v1.0.149
    Checking icu_provider v2.2.0
    Checking lazy_static v1.5.0
    Checking mime v0.3.17
    Checking anstyle v1.0.14
    Checking unicode-bom v2.0.3
    Checking adler2 v2.0.1
    Checking simd-adler32 v0.3.9
   Compiling unicode-segmentation v1.13.2
    Checking signature v2.2.0
    Checking filetime v0.2.27
   Compiling darling_core v0.23.0
    Checking icu_properties v2.2.0
    Checking icu_normalizer v2.2.0
    Checking utf8parse v0.2.2
    Checking kstring v2.0.2
    Checking thread_local v1.1.9
    Checking miniz_oxide v0.8.9
    Checking anstyle-parse v1.0.0
    Checking anstyle-query v1.1.5
    Checking bytes v1.11.1
    Checking is_terminal_polyfill v1.70.2
    Checking shell-words v1.1.1
   Compiling toml_parser v1.1.2+spec-1.1.0
    Checking anstream v1.0.0
    Checking clap_lex v1.1.0
   Compiling convert_case v0.10.0
    Checking curve25519-dalek v4.1.3
    Checking portable-atomic v1.13.1
    Checking ed25519 v2.2.3
   Compiling darling_core v0.20.11
    Checking clap_builder v4.6.0
    Checking vte v0.15.0
   Compiling derive_more-impl v2.1.1
    Checking vt100 v0.16.2
    Checking tokio v1.51.0
    Checking http v1.4.0
    Checking rustls-webpki v0.103.13
    Checking tempfile v3.27.0
   Compiling toml_edit v0.25.10+spec-1.1.0
    Checking xattr v1.6.1
    Checking futures-executor v0.3.32
    Checking idna_adapter v1.2.1
    Checking libmimalloc-sys v0.1.44
    Checking anyhow v1.0.102
    Checking zstd-sys v2.0.16+zstd.1.5.7
    Checking futures v0.3.32
    Checking sharded-slab v0.1.7
    Checking idna v1.1.0
    Checking console v0.16.3
    Checking tracing-log v0.2.0
    Checking rustls v0.23.37
    Checking arc-swap v1.9.1
    Checking nu-ansi-term v0.50.3
    Checking diatomic-waker v0.2.3
    Checking cpufeatures v0.3.0
    Checking parking v2.2.1
    Checking url v2.5.8
    Checking bitflags v1.3.2
    Checking http-body v1.0.1
    Checking linux-raw-sys v0.4.15
    Checking spin v0.10.0
    Checking cordyceps v0.3.4
    Checking unit-prefix v0.5.2
    Checking futures-lite v2.6.1
    Checking chacha20 v0.10.0
    Checking ed25519-dalek v2.2.0
    Checking http-body-util v0.1.3
    Checking pin-project v1.1.11
    Checking indicatif v0.18.4
    Checking bstr v1.12.1
    Checking regex v1.12.3
    Checking matchers v0.2.0
    Checking futures-buffered v0.2.13
    Checking rustix v0.38.44
    Checking zstd-safe v7.2.4
   Compiling proc-macro-crate v3.5.0
    Checking tracing-subscriber v0.3.23
    Checking mimalloc v0.1.48
    Checking lzma-sys v0.1.20
    Checking bzip2-sys v0.1.13+1.0.8
    Checking memoffset v0.6.5
    Checking typeid v1.0.3
    Checking flate2 v1.1.9
    Checking md-5 v0.10.6
    Checking gix-sec v0.13.2
    Checking nibble_vec v0.1.0
    Checking clap v4.6.0
    Checking endian-type v0.1.2
    Checking matchit v0.8.4
    Checking iana-time-zone v0.1.65
   Compiling fuse-backend-rs v0.12.0 (/home/brittonr/git/OnixResearch/mantle/.pi/worktrees/source-built-receipt-finalization/vendor/fuse-backend-rs)
    Checking gix-validate v0.11.0
    Checking gix-utils v0.3.1
    Checking gix-error v0.2.1
    Checking gix-packetline v0.21.2
    Checking bytemuck v1.25.0
   Compiling nix-compat v0.1.0 (/home/brittonr/git/OnixResearch/mantle/.pi/worktrees/source-built-receipt-finalization/vendor/nix-compat)
   Compiling num_enum_derive v0.7.6
    Checking chrono v0.4.44
    Checking derive_more v2.1.1
   Compiling sha3 v0.10.8
    Checking radix_trie v0.2.1
    Checking gix-path v0.11.2
    Checking gix-date v0.15.1
    Checking gix-chunk v0.7.0
    Checking gix-quote v0.7.0
    Checking safe_arch v0.7.4
    Checking gix-bitmap v0.3.0
   Compiling itertools v0.14.0
    Checking clap-verbosity-flag v3.0.4
   Compiling string_cache v0.8.9
    Checking erased-serde v0.4.10
    Checking nix v0.24.3
   Compiling darling_macro v0.23.0
   Compiling petgraph v0.7.1
    Checking thiserror v1.0.69
    Checking async-stream v0.3.6
    Checking gix-features v0.46.2
    Checking gix-actor v0.40.0
    Checking gix-command v0.8.0
    Checking gix-config-value v0.17.1
    Checking n0-error v0.1.3
    Checking bzip2 v0.5.2
   Compiling darling_macro v0.20.11
    Checking xz2 v0.1.7
    Checking zstd v0.13.3
    Checking nix v0.31.3
   Compiling darling v0.23.0
    Checking rand v0.10.1
    Checking zerocopy v0.8.48
    Checking gix-hash v0.23.0
    Checking gix-fs v0.19.2
    Checking gix-glob v0.24.0
   Compiling serde_with_macros v3.18.0
    Checking vmm-sys-util v0.11.2
    Checking crunch-attestation-core v0.1.0 (/home/brittonr/git/OnixResearch/mantle/.pi/worktrees/source-built-receipt-finalization/crates/crunch-attestation-core)
   Compiling darling v0.20.11
    Checking quick-xml v0.40.1
    Checking tracing-indicatif v0.3.14
    Checking num_enum v0.7.6
   Compiling derive_builder_core v0.20.2
    Checking gix-hashtable v0.13.0
    Checking gix-tempfile v21.0.2
    Checking gix-commitgraph v0.35.0
    Checking gix-attributes v0.31.0
    Checking gix-object v0.58.0
    Checking serde_urlencoded v0.7.1
    Checking mio v0.8.11
    Checking gix-lock v21.0.2
    Checking vm-memory v0.10.0
    Checking caps v0.5.6
    Checking num_cpus v1.17.0
    Checking itertools v0.15.0
    Checking nom v8.0.0
    Checking cobs v0.3.0
   Compiling nix-compat-derive v0.1.0 (/home/brittonr/git/OnixResearch/mantle/.pi/worktrees/source-built-receipt-finalization/vendor/nix-compat-derive)
    Checking humantime v2.3.0
    Checking rustc-hash v2.1.2
    Checking fixedbitset v0.4.2
   Compiling snix-castore v0.1.0 (/home/brittonr/git/OnixResearch/mantle/.pi/worktrees/source-built-receipt-finalization/vendor/snix-castore)
    Checking serde_with v3.18.0
    Checking petgraph v0.6.5
    Checking postcard v1.1.3
    Checking threadpool v1.8.1
    Checking gix-ignore v0.19.1
    Checking serde_tagged v0.3.0
    Checking wide v0.7.33
    Checking serde_qs v0.12.0
   Compiling derive_builder_macro v0.20.2
    Checking redb v3.1.3
    Checking serde_bytes v0.11.19
    Checking gix-revwalk v0.29.0
    Checking gix-filter v0.28.0
    Checking gix-ref v0.61.0
    Checking winnow v1.0.1
    Checking wu-manber v0.1.0 (https://github.com/tvlfyi/wu-manber.git#0d5b22be)
    Checking derive_builder v0.20.2
    Checking crunch-attestation v0.1.0 (/home/brittonr/git/OnixResearch/mantle/.pi/worktrees/source-built-receipt-finalization/crates/crunch-attestation)
    Checking gix-traverse v0.55.0
    Checking gix-pathspec v0.16.1
    Checking artifact-auth-core v0.1.0 (ssh://git@github.com/OnixResearch/onix-artifact.git?rev=c932138d880ddf4c2967f4c024b489b5c0022bf1#c932138d)
    Checking toml_datetime v0.7.5+spec-1.1.0
    Checking uuid v1.23.0
    Checking rustls-platform-verifier v0.6.2
    Checking strum v0.26.3
    Checking toml_writer v1.1.1+spec-1.1.0
   Compiling snix-build v0.1.0 (/home/brittonr/git/OnixResearch/mantle/.pi/worktrees/source-built-receipt-finalization/vendor/snix-build)
    Checking gix-index v0.49.0
   Compiling snix-store v0.1.0 (/home/brittonr/git/OnixResearch/mantle/.pi/worktrees/source-built-receipt-finalization/vendor/snix-store)
   Compiling yansi v1.0.1
    Checking oci-spec v0.7.1
    Checking malachite-base v0.6.1
   Compiling logos-codegen v0.15.1
    Checking typed-builder v0.22.0
    Checking nix v0.29.0
    Checking gix-url v0.35.2
    Checking tar v0.4.45
    Checking nix-archive v0.1.0
    Checking itertools v0.12.1
    Checking lru v0.16.4
   Compiling proc-macro2-diagnostics v0.10.1
    Checking count-write v0.1.0
    Checking base64ct v1.8.3
    Checking termcolor v1.4.1
    Checking bitmaps v3.2.1
    Checking crunch-action-result-core v0.1.0 (/home/brittonr/git/OnixResearch/mantle/.pi/worktrees/source-built-receipt-finalization/crates/crunch-action-result-core)
    Checking gix-revision v0.43.0
    Checking tokio-util v0.7.18
    Checking tokio-rustls v0.26.4
    Checking tower v0.5.3
    Checking tokio-stream v0.1.18
   Compiling lalrpop-util v0.22.2
    Checking async-compression v0.4.19
    Checking codespan-reporting v0.13.1
    Checking gix-worktree v0.50.0
    Checking pem-rfc7468 v0.7.0
   Compiling ouroboros_macro v0.18.5
    Checking gix-prompt v0.14.1
    Checking imbl-sized-chunks v0.1.3
    Checking crunch-composition-core v0.1.0 (/home/brittonr/git/OnixResearch/mantle/.pi/worktrees/source-built-receipt-finalization/crates/crunch-composition-core)
    Checking crunch-gc-core v0.1.0 (/home/brittonr/git/OnixResearch/mantle/.pi/worktrees/source-built-receipt-finalization/crates/crunch-gc-core)
    Checking astral-tokio-tar v0.6.3
    Checking fastcdc v3.2.1
    Checking crunch-repair-core v0.1.0 (/home/brittonr/git/OnixResearch/mantle/.pi/worktrees/source-built-receipt-finalization/crates/crunch-repair-core)
   Compiling lalrpop v0.22.2
    Checking tower-http v0.6.8
    Checking crunch-overlay-core v0.1.0 (/home/brittonr/git/OnixResearch/mantle/.pi/worktrees/source-built-receipt-finalization/crates/crunch-overlay-core)
    Checking serde_spanned v1.1.1
    Checking fs2 v0.4.3
    Checking h2 v0.4.13
    Checking n0-future v0.3.2
    Checking hashlink v0.10.0
    Checking imara-diff v0.2.0
    Checking imara-diff v0.1.8
    Checking arrayvec v0.5.2
    Checking irpc v0.13.0
    Checking arraydeque v0.5.1
    Checking aliasable v0.1.3
    Checking typed-arena v2.0.2
    Checking toml v0.9.12+spec-1.1.0
   Compiling logos-derive v0.15.1
    Checking nickel-lang-vector v0.1.0
    Checking codespan v0.13.1
    Checking gix-diff v0.61.0
    Checking gix-credentials v0.37.1
    Checking pretty v0.12.5
    Checking saphyr-parser v0.0.6
    Checking der v0.7.10
    Checking gix-refspec v0.39.0
    Checking io-lifetimes v2.0.4
    Checking io-lifetimes v3.0.1
    Checking gix-discover v0.49.0
    Checking toml_edit v0.23.10+spec-1.0.0
    Checking clru v0.6.3
    Checking vte v0.14.1
    Checking uluru v3.1.0
    Checking logos v0.15.1
    Checking unsafe-libyaml v0.2.11
    Checking gimli v0.32.3
    Checking simple-counter v0.1.0
    Checking bumpalo v3.20.2
    Checking strip-ansi-escapes v0.2.1
    Checking io-extras v0.19.0
    Checking ouroboros v0.18.5
    Checking gix-pack v0.68.0
    Checking gix-dir v0.23.0
    Checking fs-set-times v0.20.3
    Checking object v0.37.3
    Checking signal-hook v0.3.18
    Checking getrandom v0.3.4
    Checking gix-config v0.54.0
    Checking gix-worktree-stream v0.30.0
    Checking gix-negotiate v0.29.0
    Checking gix-shallow v0.10.0
    Checking ppv-lite86 v0.2.21
    Checking rustix-linux-procfs v0.1.1
    Checking num-integer v0.1.46
    Checking sha-1 v0.10.1
    Checking io-close v0.3.7
    Checking json_scanner v0.1.0
    Checking rustc-demangle v0.1.28
    Checking crc-catalog v2.4.0
    Checking ambient-authority v0.0.2
    Checking maybe-owned v0.3.4
    Checking gix-worktree-state v0.28.0
    Checking crc v3.4.0
    Checking gix-archive v0.30.0
    Checking gix-status v0.28.0
    Checking signal-hook-mio v0.2.5
    Checking num-iter v0.1.46
    Checking spki v0.7.3
    Checking serde_yaml v0.9.34+deprecated
    Checking rand_chacha v0.3.1
    Checking cap-primitives v4.0.2
    Checking rand_core v0.9.5
    Checking gix-blame v0.11.0
    Checking gix-mailmap v0.32.0
    Checking ureq-proto v0.6.0
    Checking toml_datetime v0.6.11
    Checking serde_spanned v0.6.9
    Checking pkcs8 v0.10.2
    Checking webpki-roots v1.0.6
    Checking rand v0.8.6
    Checking unicode-linebreak v0.1.5
    Checking is_ci v1.2.0
    Checking utf8-zero v0.8.1
    Checking toml_write v0.1.2
    Checking twox-hash v2.1.2
    Checking pkcs1 v0.7.5
    Checking rand_chacha v0.9.0
    Checking supports-color v3.0.2
    Checking lzma-rs v0.3.0
    Checking ureq v3.3.0
    Checking ruzstd v0.8.2
    Checking crossterm v0.29.0
    Checking textwrap v0.16.2
    Checking toml_edit v0.22.27
    Checking cap-std v4.0.2
    Checking gix-odb v0.78.0
    Checking gix-submodule v0.28.0
    Checking owo-colors v4.3.0
    Checking artifact-auth-ed25519 v0.1.0 (ssh://git@github.com/OnixResearch/onix-artifact.git?rev=c932138d880ddf4c2967f4c024b489b5c0022bf1#c932138d)
    Checking gethostname v0.5.0
    Checking crunch-rust-cache-core v0.1.0 (/home/brittonr/git/OnixResearch/mantle/.pi/worktrees/source-built-receipt-finalization/crates/crunch-rust-cache-core)
    Checking terminal_size v0.4.4
    Checking fuzzy-matcher v0.3.7
    Checking bzip2-rs v0.1.2
    Checking dyn-clone v1.0.20
    Checking supports-unicode v3.0.0
    Checking num-bigint-dig v0.8.6
    Checking supports-hyperlinks v3.2.0
    Checking bounded-tree-core v0.1.0 (https://seed.radicle.garden/zqhtZvsteJhxCJE96dMAZSZ9y1PX.git?rev=b0fd0103bc9eed2c1b6d852045959462d105d8f1#b0fd0103)
    Checking unicode-width v0.1.14
    Checking cap-fs-ext v4.0.2
    Checking rand v0.9.3
    Checking linkme v0.3.37
    Checking crunch-nar v0.1.0 (/home/brittonr/git/OnixResearch/mantle/.pi/worktrees/source-built-receipt-finalization/crates/crunch-nar)
    Checking crunch-glue v0.1.0 (/home/brittonr/git/OnixResearch/mantle/.pi/worktrees/source-built-receipt-finalization/crates/crunch-glue)
    Checking hyper v1.9.0
    Checking crunch-project-core v0.1.0 (/home/brittonr/git/OnixResearch/mantle/.pi/worktrees/source-built-receipt-finalization/crates/crunch-project-core)
    Checking crunch-shell-core v0.1.0 (/home/brittonr/git/OnixResearch/mantle/.pi/worktrees/source-built-receipt-finalization/crates/crunch-shell-core)
    Checking inquire v0.9.4
    Checking crunch-wasm-component-core v0.1.0 (/home/brittonr/git/OnixResearch/mantle/.pi/worktrees/source-built-receipt-finalization/crates/crunch-wasm-component-core)
    Checking secrecy v0.10.3
    Checking crunch-evaluation-stream-core v0.1.0 (/home/brittonr/git/OnixResearch/mantle/.pi/worktrees/source-built-receipt-finalization/crates/crunch-evaluation-stream-core)
    Checking etcetera v0.11.0
    Checking dotenvy v0.15.7
    Checking crunch-delta-core v0.1.0 (/home/brittonr/git/OnixResearch/mantle/.pi/worktrees/source-built-receipt-finalization/crates/crunch-delta-core)
    Checking predicates-core v1.0.10
    Checking detect-coding-agent v0.1.0
    Checking colored v3.1.1
    Checking crunch-shell v0.1.0 (/home/brittonr/git/OnixResearch/mantle/.pi/worktrees/source-built-receipt-finalization/crates/crunch-shell)
    Checking bounded-tree-cap v0.1.0 (https://seed.radicle.garden/zqhtZvsteJhxCJE96dMAZSZ9y1PX.git?rev=b0fd0103bc9eed2c1b6d852045959462d105d8f1#b0fd0103)
    Checking crunch-release-core v0.1.0 (/home/brittonr/git/OnixResearch/mantle/.pi/worktrees/source-built-receipt-finalization/crates/crunch-release-core)
    Checking chapter-tgz v0.1.0
    Checking addr2line v0.25.1
    Checking durable-file-publication v0.1.0 (https://git.onix.computer/z3tAR4For7qw8ZirkJzoDw1VNDDLM.git?rev=951c27f59003cea9bfdb40ed4d89653d50fada1f#951c27f5)
    Checking crunch-bootstrap-core v0.1.0 (/home/brittonr/git/OnixResearch/mantle/.pi/worktrees/source-built-receipt-finalization/crates/crunch-bootstrap-core)
    Checking nix-derivation v0.1.0
    Checking mantlepkgs-core v0.1.0 (/home/brittonr/git/OnixResearch/mantle/.pi/worktrees/source-built-receipt-finalization/crates/mantlepkgs-core)
    Checking nickel-export-core v0.1.0 (https://github.com/OnixResearch/nickel-export?rev=257fafc1c746f1faf156207043a4c826bfb16d49#257fafc1)
    Checking crunch-eval-budget-core v0.1.0 (/home/brittonr/git/OnixResearch/mantle/.pi/worktrees/source-built-receipt-finalization/crates/crunch-eval-budget-core)
    Checking mantle-portable-client-core v0.1.0 (/home/brittonr/git/OnixResearch/mantle/.pi/worktrees/source-built-receipt-finalization/crates/mantle-portable-client-core)
    Checking float-cmp v0.10.0
    Checking normalize-line-endings v0.3.0
    Checking difflib v0.4.0
    Checking termtree v0.5.1
    Checking rsa v0.9.10
    Checking crunch-hardware-simulation-core v0.1.0 (/home/brittonr/git/OnixResearch/mantle/.pi/worktrees/source-built-receipt-finalization/crates/crunch-hardware-simulation-core)
    Checking wait-timeout v0.2.1
    Checking diff v0.1.13
    Checking predicates-tree v1.0.13
    Checking predicates v3.1.4
    Checking toml v0.8.23
    Checking crunch-kernelscript-core v0.1.0 (/home/brittonr/git/OnixResearch/mantle/.pi/worktrees/source-built-receipt-finalization/crates/crunch-kernelscript-core)
    Checking transactional-reconciliation-core v0.1.0 (https://seed.radicle.garden/z4Tky6zvC8w4Y6c4YBzNxVbq5n752.git?rev=606489b5f40298181214bb76bc3457b607f225d9#606489b5)
    Checking hyper-util v0.1.20
    Checking malachite-nz v0.6.1
    Checking assert_cmd v2.2.0
    Checking pretty_assertions v1.4.1
    Checking backtrace v0.3.76
    Checking backtrace-ext v0.2.1
    Checking crunch-hardware-simulation v0.1.0 (/home/brittonr/git/OnixResearch/mantle/.pi/worktrees/source-built-receipt-finalization/crates/crunch-hardware-simulation)
    Checking hyper-rustls v0.27.7
    Checking miette v7.6.0
    Checking reqwest v0.13.2
    Checking crunch-wasm-component v0.1.0 (/home/brittonr/git/OnixResearch/mantle/.pi/worktrees/source-built-receipt-finalization/crates/crunch-wasm-component)
    Checking secretspec v0.17.0
    Checking crunch-project v0.1.0 (/home/brittonr/git/OnixResearch/mantle/.pi/worktrees/source-built-receipt-finalization/crates/crunch-project)
    Checking reqwest-middleware v0.5.1
    Checking object_store v0.14.0
    Checking gix-transport v0.55.1
    Checking reqwest-tracing v0.6.0
    Checking gix-protocol v0.59.0
    Checking snix-tracing v0.1.0 (/home/brittonr/git/OnixResearch/mantle/.pi/worktrees/source-built-receipt-finalization/vendor/snix-tracing)
   Compiling nickel-lang-parser v0.1.1
   Compiling nickel-lang-core v0.16.1
    Checking gix v0.81.0
    Checking malachite-q v0.6.1
    Checking malachite-float v0.6.1
    Checking malachite v0.6.1
    Checking crunch-store v0.1.0 (/home/brittonr/git/OnixResearch/mantle/.pi/worktrees/source-built-receipt-finalization/crates/crunch-store)
    Checking crunch-rust-cache v0.1.0 (/home/brittonr/git/OnixResearch/mantle/.pi/worktrees/source-built-receipt-finalization/crates/crunch-rust-cache)
    Checking crunch-build v0.1.0 (/home/brittonr/git/OnixResearch/mantle/.pi/worktrees/source-built-receipt-finalization/crates/crunch-build)
    Checking crunch-delta v0.1.0 (/home/brittonr/git/OnixResearch/mantle/.pi/worktrees/source-built-receipt-finalization/crates/crunch-delta)
    Checking crunch-rustc-wrapper v0.1.0 (/home/brittonr/git/OnixResearch/mantle/.pi/worktrees/source-built-receipt-finalization/crates/crunch-rustc-wrapper)
    Checking nickel-lang v2.0.0
    Checking crunch-eval v0.1.0 (/home/brittonr/git/OnixResearch/mantle/.pi/worktrees/source-built-receipt-finalization/crates/crunch-eval)
    Checking crunch-pipeline v0.1.0 (/home/brittonr/git/OnixResearch/mantle/.pi/worktrees/source-built-receipt-finalization/crates/crunch-pipeline)
    Checking mantle v0.1.0 (/home/brittonr/git/OnixResearch/mantle/.pi/worktrees/source-built-receipt-finalization)
error: function `prepare_rustc_compatibility` is never used
    --> src/cargo_free_self_build.rs:1662:4
     |
1662 | fn prepare_rustc_compatibility(
     |    ^^^^^^^^^^^^^^^^^^^^^^^^^^^
     |
     = note: `-D dead-code` implied by `-D warnings`
     = help: to override `-D warnings` add `#[expect(dead_code)]` or `#[allow(dead_code)]`

error: function `execution_path_env` is never used
    --> src/cargo_free_self_build.rs:3499:4
     |
3499 | fn execution_path_env(cargo_path_dir: &Path, toolchain_closure: &LoadedToolchainClosure) -> Result<OsString, RunError> {
     |    ^^^^^^^^^^^^^^^^^^

error: function `write_toolchain_path_aliases` is never used
    --> src/cargo_free_self_build.rs:3552:4
     |
3552 | fn write_toolchain_path_aliases(
     |    ^^^^^^^^^^^^^^^^^^^^^^^^^^^^

error: method `as_str` is never used
  --> src/remote_nominal.rs:55:20
   |
50 |         impl $name {
   |         ---------- method in this implementation
...
55 |             pub fn as_str(&self) -> &str {
   |                    ^^^^^^
...
62 | remote_id!(RemoteRequestId);
   | --------------------------- in this macro invocation
   |
   = note: this error originates in the macro `remote_id` (in Nightly builds, run with -Z macro-backtrace for more info)

error: method `as_str` is never used
  --> src/remote_nominal.rs:55:20
   |
50 |         impl $name {
   |         ---------- method in this implementation
...
55 |             pub fn as_str(&self) -> &str {
   |                    ^^^^^^
...
63 | remote_id!(RemoteProtocolSessionId);
   | ----------------------------------- in this macro invocation
   |
   = note: this error originates in the macro `remote_id` (in Nightly builds, run with -Z macro-backtrace for more info)

error: variant `IncompleteReconciliation` is never constructed
   --> src/source_built_rust_action_plan.rs:209:5
    |
206 | pub(crate) enum RustChildActionPlanErrorKind {
    |                 ---------------------------- variant in this enum
...
209 |     IncompleteReconciliation,
    |     ^^^^^^^^^^^^^^^^^^^^^^^^
    |
    = note: `RustChildActionPlanErrorKind` has derived impls for the traits `Clone` and `Debug`, but these are intentionally ignored during dead code analysis

error: function `reconcile_rust_child_actions` is never used
   --> src/source_built_rust_action_plan.rs:876:15
    |
876 | pub(crate) fn reconcile_rust_child_actions(
    |               ^^^^^^^^^^^^^^^^^^^^^^^^^^^^

error: large size difference between variants
   --> src/nix_free_demo_cmd.rs:43:1
    |
 43 | /   pub(crate) enum NixFreeDemoAction {
 44 | |       /// Validate a Nix-free demo bundle machine summary JSON file
 45 | | /     Validate {
 46 | | |         /// Path to `mantle-nix-free-demo-summary-v1` JSON
 47 | | |         summary: PathBuf,
 48 | | |     },
    | | |_____- the second-largest variant contains at least 24 bytes
...   |
 57 | | /     Generate {
 58 | | |         /// Output directory to create or reuse if empty
 59 | | |         #[arg(long)]
 60 | | |         out: PathBuf,
...   | |
108 | | |         synthetic: bool,
109 | | |     },
    | | |_____- the largest variant contains at least 289 bytes
110 | |   }
    | |___^ the entire enum is at least 296 bytes
    |
    = help: for further information visit https://rust-lang.github.io/rust-clippy/master/index.html#large_enum_variant
    = note: `-D clippy::large-enum-variant` implied by `-D warnings`
    = help: to override `-D warnings` add `#[allow(clippy::large_enum_variant)]`
help: consider boxing the large fields or introducing indirection in some other way to reduce the total size of the enum
    |
 96 ~         artifact_digests: Box<Vec<String>>,
 97 |
 98 |         /// Replay hint to include in the summary; repeat for each hint
 99 |         #[arg(long = "replay-hint")]
100 ~         replay_hints: Box<Vec<String>>,
101 |
102 |         /// Explicit non-claim text; repeat for each non-claim
103 |         #[arg(long = "non-claim")]
104 ~         non_claims: Box<Vec<String>>,
    |

error: using `chunks_exact` with a constant chunk size
    --> src/rust_plan.rs:9485:37
     |
9485 |     for replacement in replacements.chunks_exact(RUSTC_CODEGEN_ARGUMENT_PAIR_WIDTH) {
     |                                     ^^^^^^^^^^^^^^^^^^^^^^^^^^^^^^^^^^^^^^^^^^^^^^^ help: consider using `as_chunks` instead: `as_chunks::<RUSTC_CODEGEN_ARGUMENT_PAIR_WIDTH>().0`
     |
     = help: for further information visit https://rust-lang.github.io/rust-clippy/master/index.html#chunks_exact_to_as_chunks
     = note: `-D clippy::chunks-exact-to-as-chunks` implied by `-D warnings`
     = help: to override `-D warnings` add `#[allow(clippy::chunks_exact_to_as_chunks)]`

error: could not compile `mantle` (bin "mantle") due to 9 previous errors
warning: build failed, waiting for other jobs to finish...
error: could not compile `mantle` (bin "mantle" test) due to 2 previous errors
error: could not compile `mantle` (bin "crunch" test) due to 2 previous errors
exit_status=101
