command=cargo clippy -p mantle --bin mantle --tests --no-deps -- -D warnings -A dead-code -A clippy::large-enum-variant -A clippy::chunks-exact-to-as-chunks
warning: Cargo.toml: file `/home/brittonr/git/OnixResearch/mantle/.pi/worktrees/source-built-receipt-finalization/src/main.rs` found to be present in multiple build targets:
  * `bin` target `crunch`
  * `bin` target `mantle`
warning: `mantle` (manifest) generated 1 warning
   Compiling fuse-backend-rs v0.12.0 (/home/brittonr/git/OnixResearch/mantle/.pi/worktrees/source-built-receipt-finalization/vendor/fuse-backend-rs)
   Compiling nix-compat v0.1.0 (/home/brittonr/git/OnixResearch/mantle/.pi/worktrees/source-built-receipt-finalization/vendor/nix-compat)
    Checking crunch-attestation-core v0.1.0 (/home/brittonr/git/OnixResearch/mantle/.pi/worktrees/source-built-receipt-finalization/crates/crunch-attestation-core)
   Compiling nix-compat-derive v0.1.0 (/home/brittonr/git/OnixResearch/mantle/.pi/worktrees/source-built-receipt-finalization/vendor/nix-compat-derive)
   Compiling snix-castore v0.1.0 (/home/brittonr/git/OnixResearch/mantle/.pi/worktrees/source-built-receipt-finalization/vendor/snix-castore)
    Checking snix-tracing v0.1.0 (/home/brittonr/git/OnixResearch/mantle/.pi/worktrees/source-built-receipt-finalization/vendor/snix-tracing)
   Compiling snix-build v0.1.0 (/home/brittonr/git/OnixResearch/mantle/.pi/worktrees/source-built-receipt-finalization/vendor/snix-build)
   Compiling snix-store v0.1.0 (/home/brittonr/git/OnixResearch/mantle/.pi/worktrees/source-built-receipt-finalization/vendor/snix-store)
    Checking crunch-action-result-core v0.1.0 (/home/brittonr/git/OnixResearch/mantle/.pi/worktrees/source-built-receipt-finalization/crates/crunch-action-result-core)
    Checking crunch-repair-core v0.1.0 (/home/brittonr/git/OnixResearch/mantle/.pi/worktrees/source-built-receipt-finalization/crates/crunch-repair-core)
    Checking crunch-composition-core v0.1.0 (/home/brittonr/git/OnixResearch/mantle/.pi/worktrees/source-built-receipt-finalization/crates/crunch-composition-core)
    Checking crunch-overlay-core v0.1.0 (/home/brittonr/git/OnixResearch/mantle/.pi/worktrees/source-built-receipt-finalization/crates/crunch-overlay-core)
    Checking crunch-gc-core v0.1.0 (/home/brittonr/git/OnixResearch/mantle/.pi/worktrees/source-built-receipt-finalization/crates/crunch-gc-core)
    Checking crunch-rust-cache-core v0.1.0 (/home/brittonr/git/OnixResearch/mantle/.pi/worktrees/source-built-receipt-finalization/crates/crunch-rust-cache-core)
    Checking crunch-eval v0.1.0 (/home/brittonr/git/OnixResearch/mantle/.pi/worktrees/source-built-receipt-finalization/crates/crunch-eval)
    Checking crunch-evaluation-stream-core v0.1.0 (/home/brittonr/git/OnixResearch/mantle/.pi/worktrees/source-built-receipt-finalization/crates/crunch-evaluation-stream-core)
    Checking crunch-wasm-component-core v0.1.0 (/home/brittonr/git/OnixResearch/mantle/.pi/worktrees/source-built-receipt-finalization/crates/crunch-wasm-component-core)
    Checking crunch-shell-core v0.1.0 (/home/brittonr/git/OnixResearch/mantle/.pi/worktrees/source-built-receipt-finalization/crates/crunch-shell-core)
    Checking crunch-delta-core v0.1.0 (/home/brittonr/git/OnixResearch/mantle/.pi/worktrees/source-built-receipt-finalization/crates/crunch-delta-core)
    Checking crunch-release-core v0.1.0 (/home/brittonr/git/OnixResearch/mantle/.pi/worktrees/source-built-receipt-finalization/crates/crunch-release-core)
    Checking mantlepkgs-core v0.1.0 (/home/brittonr/git/OnixResearch/mantle/.pi/worktrees/source-built-receipt-finalization/crates/mantlepkgs-core)
    Checking crunch-bootstrap-core v0.1.0 (/home/brittonr/git/OnixResearch/mantle/.pi/worktrees/source-built-receipt-finalization/crates/crunch-bootstrap-core)
    Checking crunch-eval-budget-core v0.1.0 (/home/brittonr/git/OnixResearch/mantle/.pi/worktrees/source-built-receipt-finalization/crates/crunch-eval-budget-core)
    Checking mantle-portable-client-core v0.1.0 (/home/brittonr/git/OnixResearch/mantle/.pi/worktrees/source-built-receipt-finalization/crates/mantle-portable-client-core)
    Checking crunch-hardware-simulation-core v0.1.0 (/home/brittonr/git/OnixResearch/mantle/.pi/worktrees/source-built-receipt-finalization/crates/crunch-hardware-simulation-core)
    Checking crunch-kernelscript-core v0.1.0 (/home/brittonr/git/OnixResearch/mantle/.pi/worktrees/source-built-receipt-finalization/crates/crunch-kernelscript-core)
    Checking crunch-shell v0.1.0 (/home/brittonr/git/OnixResearch/mantle/.pi/worktrees/source-built-receipt-finalization/crates/crunch-shell)
    Checking crunch-attestation v0.1.0 (/home/brittonr/git/OnixResearch/mantle/.pi/worktrees/source-built-receipt-finalization/crates/crunch-attestation)
    Checking crunch-project-core v0.1.0 (/home/brittonr/git/OnixResearch/mantle/.pi/worktrees/source-built-receipt-finalization/crates/crunch-project-core)
    Checking crunch-hardware-simulation v0.1.0 (/home/brittonr/git/OnixResearch/mantle/.pi/worktrees/source-built-receipt-finalization/crates/crunch-hardware-simulation)
    Checking crunch-wasm-component v0.1.0 (/home/brittonr/git/OnixResearch/mantle/.pi/worktrees/source-built-receipt-finalization/crates/crunch-wasm-component)
    Checking crunch-nar v0.1.0 (/home/brittonr/git/OnixResearch/mantle/.pi/worktrees/source-built-receipt-finalization/crates/crunch-nar)
    Checking crunch-glue v0.1.0 (/home/brittonr/git/OnixResearch/mantle/.pi/worktrees/source-built-receipt-finalization/crates/crunch-glue)
    Checking crunch-project v0.1.0 (/home/brittonr/git/OnixResearch/mantle/.pi/worktrees/source-built-receipt-finalization/crates/crunch-project)
    Checking crunch-store v0.1.0 (/home/brittonr/git/OnixResearch/mantle/.pi/worktrees/source-built-receipt-finalization/crates/crunch-store)
    Checking crunch-build v0.1.0 (/home/brittonr/git/OnixResearch/mantle/.pi/worktrees/source-built-receipt-finalization/crates/crunch-build)
    Checking crunch-rust-cache v0.1.0 (/home/brittonr/git/OnixResearch/mantle/.pi/worktrees/source-built-receipt-finalization/crates/crunch-rust-cache)
    Checking crunch-delta v0.1.0 (/home/brittonr/git/OnixResearch/mantle/.pi/worktrees/source-built-receipt-finalization/crates/crunch-delta)
    Checking crunch-rustc-wrapper v0.1.0 (/home/brittonr/git/OnixResearch/mantle/.pi/worktrees/source-built-receipt-finalization/crates/crunch-rustc-wrapper)
    Checking crunch-pipeline v0.1.0 (/home/brittonr/git/OnixResearch/mantle/.pi/worktrees/source-built-receipt-finalization/crates/crunch-pipeline)
    Checking mantle v0.1.0 (/home/brittonr/git/OnixResearch/mantle/.pi/worktrees/source-built-receipt-finalization)
    Finished `dev` profile [unoptimized + debuginfo] target(s) in 40.27s
warning: the following packages contain code that will be rejected by a future version of Rust: n0-future v0.3.2, nix v0.29.0, nix v0.31.3, proc-macro-error2 v2.0.1
note: to see what the problems were, use the option `--future-incompat-report`, or run `cargo report future-incompatibilities --id 1`
exit_status=0
