## fix/repair-root-tigerstyle-20260901...origin/main [ahead 3]
 D .cairn/changes/repair-remaining-tigerstyle/design.md
 D .cairn/changes/repair-remaining-tigerstyle/evidence/baseline-2026-09-01/finding-messages.txt
 D .cairn/changes/repair-remaining-tigerstyle/evidence/baseline-2026-09-01/pre-change-tests.command.txt
 D .cairn/changes/repair-remaining-tigerstyle/evidence/baseline-2026-09-01/pre-change-tests.log
 D .cairn/changes/repair-remaining-tigerstyle/evidence/baseline-2026-09-01/pre-change-tests.status
 D .cairn/changes/repair-remaining-tigerstyle/evidence/baseline-2026-09-01/repository-tiger.command.txt
 D .cairn/changes/repair-remaining-tigerstyle/evidence/baseline-2026-09-01/repository-tiger.log
 D .cairn/changes/repair-remaining-tigerstyle/evidence/baseline-2026-09-01/repository-tiger.status
 D .cairn/changes/repair-remaining-tigerstyle/evidence/baseline-2026-09-01/summary.txt
 D .cairn/changes/repair-remaining-tigerstyle/evidence/root-repair-2026-09-01/all-targets.command.txt
 D .cairn/changes/repair-remaining-tigerstyle/evidence/root-repair-2026-09-01/all-targets.log
 D .cairn/changes/repair-remaining-tigerstyle/evidence/root-repair-2026-09-01/all-targets.status
 D .cairn/changes/repair-remaining-tigerstyle/evidence/root-repair-2026-09-01/blake3-check.log
 D .cairn/changes/repair-remaining-tigerstyle/evidence/root-repair-2026-09-01/blake3-check.status
 D .cairn/changes/repair-remaining-tigerstyle/evidence/root-repair-2026-09-01/blake3-manifest.txt
 D .cairn/changes/repair-remaining-tigerstyle/evidence/root-repair-2026-09-01/cairn-gate-design.log
 D .cairn/changes/repair-remaining-tigerstyle/evidence/root-repair-2026-09-01/cairn-gate-design.status
 D .cairn/changes/repair-remaining-tigerstyle/evidence/root-repair-2026-09-01/cairn-gate-proposal.log
 D .cairn/changes/repair-remaining-tigerstyle/evidence/root-repair-2026-09-01/cairn-gate-proposal.status
 D .cairn/changes/repair-remaining-tigerstyle/evidence/root-repair-2026-09-01/cairn-gate-tasks.log
 D .cairn/changes/repair-remaining-tigerstyle/evidence/root-repair-2026-09-01/cairn-gate-tasks.status
 D .cairn/changes/repair-remaining-tigerstyle/evidence/root-repair-2026-09-01/cairn-tracey.log
 D .cairn/changes/repair-remaining-tigerstyle/evidence/root-repair-2026-09-01/cairn-tracey.status
 D .cairn/changes/repair-remaining-tigerstyle/evidence/root-repair-2026-09-01/cairn-validate.log
 D .cairn/changes/repair-remaining-tigerstyle/evidence/root-repair-2026-09-01/cairn-validate.status
 D .cairn/changes/repair-remaining-tigerstyle/evidence/root-repair-2026-09-01/clippy.command.txt
 D .cairn/changes/repair-remaining-tigerstyle/evidence/root-repair-2026-09-01/clippy.log
 D .cairn/changes/repair-remaining-tigerstyle/evidence/root-repair-2026-09-01/clippy.status
 D .cairn/changes/repair-remaining-tigerstyle/evidence/root-repair-2026-09-01/diff-check.log
 D .cairn/changes/repair-remaining-tigerstyle/evidence/root-repair-2026-09-01/diff-check.status
 D .cairn/changes/repair-remaining-tigerstyle/evidence/root-repair-2026-09-01/final-diff-check.log
 D .cairn/changes/repair-remaining-tigerstyle/evidence/root-repair-2026-09-01/final-diff-check.status
 D .cairn/changes/repair-remaining-tigerstyle/evidence/root-repair-2026-09-01/formatting.command.txt
 D .cairn/changes/repair-remaining-tigerstyle/evidence/root-repair-2026-09-01/formatting.log
 D .cairn/changes/repair-remaining-tigerstyle/evidence/root-repair-2026-09-01/formatting.status
 D .cairn/changes/repair-remaining-tigerstyle/evidence/root-repair-2026-09-01/full-local.command.txt
 D .cairn/changes/repair-remaining-tigerstyle/evidence/root-repair-2026-09-01/full-local.log
 D .cairn/changes/repair-remaining-tigerstyle/evidence/root-repair-2026-09-01/full-local.status
 D .cairn/changes/repair-remaining-tigerstyle/evidence/root-repair-2026-09-01/full-ordinary.command.txt
 D .cairn/changes/repair-remaining-tigerstyle/evidence/root-repair-2026-09-01/full-ordinary.log
 D .cairn/changes/repair-remaining-tigerstyle/evidence/root-repair-2026-09-01/full-ordinary.status
 D .cairn/changes/repair-remaining-tigerstyle/evidence/root-repair-2026-09-01/full-tiger-findings.status
 D .cairn/changes/repair-remaining-tigerstyle/evidence/root-repair-2026-09-01/full-tiger-findings.txt
 D .cairn/changes/repair-remaining-tigerstyle/evidence/root-repair-2026-09-01/git-status-before-archive.log
 D .cairn/changes/repair-remaining-tigerstyle/evidence/root-repair-2026-09-01/new-tiger-allowances.log
 D .cairn/changes/repair-remaining-tigerstyle/evidence/root-repair-2026-09-01/new-tiger-allowances.status
 D .cairn/changes/repair-remaining-tigerstyle/evidence/root-repair-2026-09-01/nix-no-build.command.txt
 D .cairn/changes/repair-remaining-tigerstyle/evidence/root-repair-2026-09-01/nix-no-build.log
 D .cairn/changes/repair-remaining-tigerstyle/evidence/root-repair-2026-09-01/nix-no-build.status
 D .cairn/changes/repair-remaining-tigerstyle/evidence/root-repair-2026-09-01/post-change-tests.command.txt
 D .cairn/changes/repair-remaining-tigerstyle/evidence/root-repair-2026-09-01/post-change-tests.log
 D .cairn/changes/repair-remaining-tigerstyle/evidence/root-repair-2026-09-01/post-change-tests.status
 D .cairn/changes/repair-remaining-tigerstyle/evidence/root-repair-2026-09-01/protected-tests.command.txt
 D .cairn/changes/repair-remaining-tigerstyle/evidence/root-repair-2026-09-01/protected-tests.log
 D .cairn/changes/repair-remaining-tigerstyle/evidence/root-repair-2026-09-01/protected-tests.status
 D .cairn/changes/repair-remaining-tigerstyle/evidence/root-repair-2026-09-01/repository-tiger.command.txt
 D .cairn/changes/repair-remaining-tigerstyle/evidence/root-repair-2026-09-01/repository-tiger.log
 D .cairn/changes/repair-remaining-tigerstyle/evidence/root-repair-2026-09-01/repository-tiger.status
 D .cairn/changes/repair-remaining-tigerstyle/evidence/root-repair-2026-09-01/summary.md
 D .cairn/changes/repair-remaining-tigerstyle/evidence/root-repair-2026-09-01/tiger-round1.log
 D .cairn/changes/repair-remaining-tigerstyle/evidence/root-repair-2026-09-01/tiger-round1.status
 D .cairn/changes/repair-remaining-tigerstyle/evidence/root-repair-2026-09-01/tiger-round2.log
 D .cairn/changes/repair-remaining-tigerstyle/evidence/root-repair-2026-09-01/tiger-round2.status
 D .cairn/changes/repair-remaining-tigerstyle/evidence/root-repair-2026-09-01/tiger-round3.log
 D .cairn/changes/repair-remaining-tigerstyle/evidence/root-repair-2026-09-01/tiger-round3.status
 D .cairn/changes/repair-remaining-tigerstyle/evidence/validation.md
 D .cairn/changes/repair-remaining-tigerstyle/metadata.json
 D .cairn/changes/repair-remaining-tigerstyle/proposal.md
 D .cairn/changes/repair-remaining-tigerstyle/specs/build-correctness/spec.md
 D .cairn/changes/repair-remaining-tigerstyle/tasks.md
 M .cairn/specs/build-correctness/spec.md
?? .cairn/archive/2026-09-01-repair-remaining-tigerstyle/
