# crunch build log
# derivation: spike-i386-mes-runtime-layout
# drv_path: 9zip6nn4l1kh7l6cif8b40arjhwm5bqj-spike-i386-mes-runtime-layout.drv
# status: success
# timestamp: 1777715786

i386-mes-layout: predecessor version
i386-tcc27-make: STEP tcc26_version: tcc26-i386 -version
i386-tcc27-make: RESULT tcc26_version rc=0
i386-tcc27-make: STEP runtime_header_smoke: test -f /tmp/spike-i386-mes-runtime-layout/i386-mes-runtime/include/mes/include/stdio.h
i386-tcc27-make: RESULT runtime_header_smoke rc=0
i386-tcc27-make: STEP runtime_crt1_object: tcc26-i386 -c -D HAVE_CONFIG_H=1 -I /tmp/spike-i386-mes-runtime-layout/i386-mes-runtime/include/mes/include -I /tmp/spike-i386-mes-runtime-layout/i386-mes-runtime/include/mes/include/linux/x86 -o /tmp/spike-i386-mes-runtime-layout/i386-mes-runtime/lib/mes/crt1.o /tmp/spike-i386-mes-runtime-layout/mes-0.27.1/lib/linux/x86-mes-gcc/crt1.c
i386-tcc27-make: RESULT runtime_crt1_object rc=0
i386-tcc27-make: STEP runtime_libtcc1_object: tcc26-i386 -c -D HAVE_CONFIG_H=1 -D TCC_TARGET_I386=1 -D HAVE_FLOAT=0 -D HAVE_FLOAT_STUB=0 -D HAVE_LONG_LONG=0 -I /tmp/spike-i386-mes-runtime-layout/i386-mes-runtime/include/mes/include -I /tmp/spike-i386-mes-runtime-layout/i386-mes-runtime/include/mes/include/linux/x86 -o /tmp/spike-i386-mes-runtime-layout/libtcc1.o /tmp/spike-i386-mes-runtime-layout/mes-0.27.1/lib/libtcc1.c
i386-tcc27-make: RESULT runtime_libtcc1_object rc=0
i386-tcc27-make: STEP runtime_libtcc1_archive: tcc26-i386 -ar cr /tmp/spike-i386-mes-runtime-layout/i386-mes-runtime/lib/mes/tcc/libtcc1.a /tmp/spike-i386-mes-runtime-layout/libtcc1.o
i386-tcc27-make: RESULT runtime_libtcc1_archive rc=0
i386-tcc27-make: STEP tcc27_preprocess_no_lines: /bin/sh -c tcc26-i386 -I . -I /tmp/spike-i386-mes-runtime-layout/i386-mes-runtime/include/mes/include -D TCC_TARGET_I386=1 -D CONFIG_TCCDIR=\"/tmp/spike-i386-mes-runtime-layout/i386-mes-runtime/lib/mes/tcc\" -D CONFIG_TCC_CRTPREFIX=\"/tmp/spike-i386-mes-runtime-layout/i386-mes-runtime/lib/mes\" -D CONFIG_TCC_ELFINTERP=\"/mes/loader\" -D CONFIG_TCC_LIBPATHS=\"/tmp/spike-i386-mes-runtime-layout/i386-mes-runtime/lib/mes:/tmp/spike-i386-mes-runtime-layout/i386-mes-runtime/lib/mes/tcc\" -D CONFIG_TCC_SYSINCLUDEPATHS=\"/tmp/spike-i386-mes-runtime-layout/i386-mes-runtime/include/mes/include\" -D TCC_LIBGCC=\"/tmp/spike-i386-mes-runtime-layout/i386-mes-runtime/lib/mes/libc.a\" -D CONFIG_TCC_STATIC=1 -D CONFIG_USE_LIBGCC=1 -D TCC_VERSION=\"0.9.27-i386-spike\" -E -P -D ONE_SOURCE=1 tcc.c
i386-tcc27-make: RESULT tcc27_preprocess_no_lines rc=0
i386-tcc27-make: STEP tcc27_preprocess_line_markers: /bin/sh -c tcc26-i386 -I . -I /tmp/spike-i386-mes-runtime-layout/i386-mes-runtime/include/mes/include -D TCC_TARGET_I386=1 -D CONFIG_TCCDIR=\"/tmp/spike-i386-mes-runtime-layout/i386-mes-runtime/lib/mes/tcc\" -D CONFIG_TCC_CRTPREFIX=\"/tmp/spike-i386-mes-runtime-layout/i386-mes-runtime/lib/mes\" -D CONFIG_TCC_ELFINTERP=\"/mes/loader\" -D CONFIG_TCC_LIBPATHS=\"/tmp/spike-i386-mes-runtime-layout/i386-mes-runtime/lib/mes:/tmp/spike-i386-mes-runtime-layout/i386-mes-runtime/lib/mes/tcc\" -D CONFIG_TCC_SYSINCLUDEPATHS=\"/tmp/spike-i386-mes-runtime-layout/i386-mes-runtime/include/mes/include\" -D TCC_LIBGCC=\"/tmp/spike-i386-mes-runtime-layout/i386-mes-runtime/lib/mes/libc.a\" -D CONFIG_TCC_STATIC=1 -D CONFIG_USE_LIBGCC=1 -D TCC_VERSION=\"0.9.27-i386-spike\" -E -D ONE_SOURCE=1 tcc.c
i386-tcc27-make: RESULT tcc27_preprocess_line_markers rc=139
i386-tcc27-make: STEP tcc27_compile_tccpp_unit: /bin/sh -c tcc26-i386 -I . -I /tmp/spike-i386-mes-runtime-layout/i386-mes-runtime/include/mes/include -D TCC_TARGET_I386=1 -D CONFIG_TCCDIR=\"/tmp/spike-i386-mes-runtime-layout/i386-mes-runtime/lib/mes/tcc\" -D CONFIG_TCC_CRTPREFIX=\"/tmp/spike-i386-mes-runtime-layout/i386-mes-runtime/lib/mes\" -D CONFIG_TCC_ELFINTERP=\"/mes/loader\" -D CONFIG_TCC_LIBPATHS=\"/tmp/spike-i386-mes-runtime-layout/i386-mes-runtime/lib/mes:/tmp/spike-i386-mes-runtime-layout/i386-mes-runtime/lib/mes/tcc\" -D CONFIG_TCC_SYSINCLUDEPATHS=\"/tmp/spike-i386-mes-runtime-layout/i386-mes-runtime/include/mes/include\" -D TCC_LIBGCC=\"/tmp/spike-i386-mes-runtime-layout/i386-mes-runtime/lib/mes/libc.a\" -D CONFIG_TCC_STATIC=1 -D CONFIG_USE_LIBGCC=1 -D TCC_VERSION=\"0.9.27-i386-spike\" -c -o tccpp.o tccpp.c
i386-tcc27-make: RESULT tcc27_compile_tccpp_unit rc=0
i386-tcc27-make: STEP tcc27_compile_tccelf_unit: /bin/sh -c tcc26-i386 -I . -I /tmp/spike-i386-mes-runtime-layout/i386-mes-runtime/include/mes/include -D TCC_TARGET_I386=1 -D CONFIG_TCCDIR=\"/tmp/spike-i386-mes-runtime-layout/i386-mes-runtime/lib/mes/tcc\" -D CONFIG_TCC_CRTPREFIX=\"/tmp/spike-i386-mes-runtime-layout/i386-mes-runtime/lib/mes\" -D CONFIG_TCC_ELFINTERP=\"/mes/loader\" -D CONFIG_TCC_LIBPATHS=\"/tmp/spike-i386-mes-runtime-layout/i386-mes-runtime/lib/mes:/tmp/spike-i386-mes-runtime-layout/i386-mes-runtime/lib/mes/tcc\" -D CONFIG_TCC_SYSINCLUDEPATHS=\"/tmp/spike-i386-mes-runtime-layout/i386-mes-runtime/include/mes/include\" -D TCC_LIBGCC=\"/tmp/spike-i386-mes-runtime-layout/i386-mes-runtime/lib/mes/libc.a\" -D CONFIG_TCC_STATIC=1 -D CONFIG_USE_LIBGCC=1 -D TCC_VERSION=\"0.9.27-i386-spike\" -c -o tccelf.o tccelf.c
i386-tcc27-make: RESULT tcc27_compile_tccelf_unit rc=0
i386-tcc27-make: STEP tcc27_compile_i386_gen_unit: /bin/sh -c tcc26-i386 -I . -I /tmp/spike-i386-mes-runtime-layout/i386-mes-runtime/include/mes/include -D TCC_TARGET_I386=1 -D CONFIG_TCCDIR=\"/tmp/spike-i386-mes-runtime-layout/i386-mes-runtime/lib/mes/tcc\" -D CONFIG_TCC_CRTPREFIX=\"/tmp/spike-i386-mes-runtime-layout/i386-mes-runtime/lib/mes\" -D CONFIG_TCC_ELFINTERP=\"/mes/loader\" -D CONFIG_TCC_LIBPATHS=\"/tmp/spike-i386-mes-runtime-layout/i386-mes-runtime/lib/mes:/tmp/spike-i386-mes-runtime-layout/i386-mes-runtime/lib/mes/tcc\" -D CONFIG_TCC_SYSINCLUDEPATHS=\"/tmp/spike-i386-mes-runtime-layout/i386-mes-runtime/include/mes/include\" -D TCC_LIBGCC=\"/tmp/spike-i386-mes-runtime-layout/i386-mes-runtime/lib/mes/libc.a\" -D CONFIG_TCC_STATIC=1 -D CONFIG_USE_LIBGCC=1 -D TCC_VERSION=\"0.9.27-i386-spike\" -c -o i386-gen.o i386-gen.c
i386-tcc27-make: RESULT tcc27_compile_i386_gen_unit rc=0
i386-tcc27-make: STEP tcc27_compile_libtcc_unit: /bin/sh -c tcc26-i386 -I . -I /tmp/spike-i386-mes-runtime-layout/i386-mes-runtime/include/mes/include -D TCC_TARGET_I386=1 -D CONFIG_TCCDIR=\"/tmp/spike-i386-mes-runtime-layout/i386-mes-runtime/lib/mes/tcc\" -D CONFIG_TCC_CRTPREFIX=\"/tmp/spike-i386-mes-runtime-layout/i386-mes-runtime/lib/mes\" -D CONFIG_TCC_ELFINTERP=\"/mes/loader\" -D CONFIG_TCC_LIBPATHS=\"/tmp/spike-i386-mes-runtime-layout/i386-mes-runtime/lib/mes:/tmp/spike-i386-mes-runtime-layout/i386-mes-runtime/lib/mes/tcc\" -D CONFIG_TCC_SYSINCLUDEPATHS=\"/tmp/spike-i386-mes-runtime-layout/i386-mes-runtime/include/mes/include\" -D TCC_LIBGCC=\"/tmp/spike-i386-mes-runtime-layout/i386-mes-runtime/lib/mes/libc.a\" -D CONFIG_TCC_STATIC=1 -D CONFIG_USE_LIBGCC=1 -D TCC_VERSION=\"0.9.27-i386-spike\" -c -o libtcc.o -D ONE_SOURCE=0 libtcc.c
i386-tcc27-make: RESULT tcc27_compile_libtcc_unit rc=0
i386-tcc27-make: STEP tcc27_compile_tccgen_unit: /bin/sh -c tcc26-i386 -I . -I /tmp/spike-i386-mes-runtime-layout/i386-mes-runtime/include/mes/include -D TCC_TARGET_I386=1 -D CONFIG_TCCDIR=\"/tmp/spike-i386-mes-runtime-layout/i386-mes-runtime/lib/mes/tcc\" -D CONFIG_TCC_CRTPREFIX=\"/tmp/spike-i386-mes-runtime-layout/i386-mes-runtime/lib/mes\" -D CONFIG_TCC_ELFINTERP=\"/mes/loader\" -D CONFIG_TCC_LIBPATHS=\"/tmp/spike-i386-mes-runtime-layout/i386-mes-runtime/lib/mes:/tmp/spike-i386-mes-runtime-layout/i386-mes-runtime/lib/mes/tcc\" -D CONFIG_TCC_SYSINCLUDEPATHS=\"/tmp/spike-i386-mes-runtime-layout/i386-mes-runtime/include/mes/include\" -D TCC_LIBGCC=\"/tmp/spike-i386-mes-runtime-layout/i386-mes-runtime/lib/mes/libc.a\" -D CONFIG_TCC_STATIC=1 -D CONFIG_USE_LIBGCC=1 -D TCC_VERSION=\"0.9.27-i386-spike\" -c -o tccgen.o tccgen.c
i386-tcc27-make: RESULT tcc27_compile_tccgen_unit rc=139
i386-tcc27-make: STEP tcc27_compile_object: tcc26-i386 -c -o tcc27.o -I . -I /tmp/spike-i386-mes-runtime-layout/i386-mes-runtime/include/mes/include -D TCC_TARGET_I386=1 -D CONFIG_TCCDIR="/tmp/spike-i386-mes-runtime-layout/i386-mes-runtime/lib/mes/tcc" -D CONFIG_TCC_CRTPREFIX="/tmp/spike-i386-mes-runtime-layout/i386-mes-runtime/lib/mes" -D CONFIG_TCC_ELFINTERP="/mes/loader" -D CONFIG_TCC_LIBPATHS="/tmp/spike-i386-mes-runtime-layout/i386-mes-runtime/lib/mes:/tmp/spike-i386-mes-runtime-layout/i386-mes-runtime/lib/mes/tcc" -D CONFIG_TCC_SYSINCLUDEPATHS="/tmp/spike-i386-mes-runtime-layout/i386-mes-runtime/include/mes/include" -D TCC_LIBGCC="/tmp/spike-i386-mes-runtime-layout/i386-mes-runtime/lib/mes/libc.a" -D CONFIG_TCC_STATIC=1 -D CONFIG_USE_LIBGCC=1 -D TCC_VERSION="0.9.27-i386-spike" -D ONE_SOURCE=1 tcc.c
i386-tcc27-make: RESULT tcc27_compile_object rc=139
