{
  "actions": [
    {
      "description": "move active change to archive: thin-cli-composition-root",
      "kind": "archive_change",
      "path": "./.cairn/changes/thin-cli-composition-root"
    }
  ],
  "blocked": false,
  "change": "thin-cli-composition-root",
  "cross_repo_dependencies": {
    "blocked_count": 0,
    "dependency_count": 0,
    "input_hash": "4c32804db9c0d3309e48dd7148eb9f3d3e23f5cd4b0110d83a6fddd7d3046f09",
    "non_claims": [
      "dependency satisfaction proves presented receipt linkage only",
      "dependency satisfaction does not prove upstream correctness or remote trust",
      "dependency satisfaction does not prove downstream integration correctness or release eligibility"
    ],
    "policy_hash": "69891b1b46c1b38dad36043d5603ad45768bbeb4bc61ad10b72bc0cbabadb0d7",
    "receipt_hash": "6767ed8b14dd8f3564cacd001ffaea47a8049f223b6d42df429717fe3476d2f6",
    "rows": [],
    "satisfied_count": 0,
    "schema": "cairn.cross-repo-dependency-receipt.v1",
    "valid": true,
    "verdict": "PASS"
  },
  "cross_repo_evidence_issues": [],
  "dry_run": true,
  "input_hash": "da78e5539523085a12e95389cc7d3796a0ba0fc352f9f8333b3c4d36b50c7bc4",
  "layout": "cairn",
  "mutated": false,
  "mutation_manifest": null,
  "plan_hash": "2113e462bf467e8937617a711a9d53141c3ec1fbb1b758b351551f7d2cc6826d",
  "policy": "mantle-default",
  "policy_hash": "69891b1b46c1b38dad36043d5603ad45768bbeb4bc61ad10b72bc0cbabadb0d7",
  "reasons": [],
  "receipt_hash": "29a9de16f2468b8b2f1a7b681949fe218c1fd5d034da723b3eca39fcd144fc07"
}
