{
  "actions": [
    {
      "description": "move active change to archive: thin-cli-composition-root",
      "kind": "archive_change",
      "path": "./.cairn/archive/1970-01-01-thin-cli-composition-root"
    }
  ],
  "blocked": false,
  "change": "thin-cli-composition-root",
  "cross_repo_dependencies": {
    "blocked_count": 0,
    "dependency_count": 0,
    "input_hash": "4c32804db9c0d3309e48dd7148eb9f3d3e23f5cd4b0110d83a6fddd7d3046f09",
    "non_claims": [
      "dependency satisfaction proves presented receipt linkage only",
      "dependency satisfaction does not prove upstream correctness or remote trust",
      "dependency satisfaction does not prove downstream integration correctness or release eligibility"
    ],
    "policy_hash": "69891b1b46c1b38dad36043d5603ad45768bbeb4bc61ad10b72bc0cbabadb0d7",
    "receipt_hash": "6767ed8b14dd8f3564cacd001ffaea47a8049f223b6d42df429717fe3476d2f6",
    "rows": [],
    "satisfied_count": 0,
    "schema": "cairn.cross-repo-dependency-receipt.v1",
    "valid": true,
    "verdict": "PASS"
  },
  "cross_repo_evidence_issues": [],
  "dry_run": false,
  "input_hash": "da78e5539523085a12e95389cc7d3796a0ba0fc352f9f8333b3c4d36b50c7bc4",
  "layout": "cairn",
  "mutated": true,
  "mutation_manifest": {
    "after": {
      "entries": [
        {
          "content_hash": "1e08ac245a7775124cde688f0cfaa2697e97b06d1e76435c68fbbbd10d127dfe",
          "exists": true,
          "path": "./.cairn/archive/1970-01-01-thin-cli-composition-root/.gitattributes"
        },
        {
          "content_hash": "f68b8cc050a10e7b783d40864fdeec3f431c9e939cd465ccb9e739309bbe5695",
          "exists": true,
          "path": "./.cairn/archive/1970-01-01-thin-cli-composition-root/design.md"
        },
        {
          "content_hash": "b898b3c5f2fca235126c842c09630edb1c56e2052e80cba54c684be3b96e19ec",
          "exists": true,
          "path": "./.cairn/archive/1970-01-01-thin-cli-composition-root/evidence/architecture-search-2026-09-03.md"
        },
        {
          "content_hash": "d1d12efa4782b07376f4836f720e0bf16770da1931c18dc556581ee175d49ced",
          "exists": true,
          "path": "./.cairn/archive/1970-01-01-thin-cli-composition-root/evidence/architecture-validation.md"
        },
        {
          "content_hash": "a7c3392622682622e46817fd7e58903486384c734059bdb6a6f1681b0c64cff7",
          "exists": true,
          "path": "./.cairn/archive/1970-01-01-thin-cli-composition-root/evidence/baseline-2026-09-03/build.command.txt"
        },
        {
          "content_hash": "66e82ea33b3945ae958a7d706fc7d3d978e185f0471e5b3a6d944b7ab3d56a78",
          "exists": true,
          "path": "./.cairn/archive/1970-01-01-thin-cli-composition-root/evidence/baseline-2026-09-03/build.log"
        },
        {
          "content_hash": "0de2782cf4f495f568fe0004a5bec6217eccce92bed30e5b375093a1f95c190f",
          "exists": true,
          "path": "./.cairn/archive/1970-01-01-thin-cli-composition-root/evidence/baseline-2026-09-03/cairn-validate.command.txt"
        },
        {
          "content_hash": "29af822da52984c7a4be482206936c3d5040ed619651148b6f1276097aa196f3",
          "exists": true,
          "path": "./.cairn/archive/1970-01-01-thin-cli-composition-root/evidence/baseline-2026-09-03/cairn-validate.log"
        },
        {
          "content_hash": "af1349b9f5f9a1a6a0404dea36dcc9499bcb25c9adc112b7cc9a93cae41f3262",
          "exists": true,
          "path": "./.cairn/archive/1970-01-01-thin-cli-composition-root/evidence/baseline-2026-09-03/cli-family-parity/artifact.stderr"
        },
        {
          "content_hash": "6c7eecc078cefecec00a0516324bdb681f01b462154cc9212beeff2887ac4a5a",
          "exists": true,
          "path": "./.cairn/archive/1970-01-01-thin-cli-composition-root/evidence/baseline-2026-09-03/cli-family-parity/artifact.stdout"
        },
        {
          "content_hash": "af1349b9f5f9a1a6a0404dea36dcc9499bcb25c9adc112b7cc9a93cae41f3262",
          "exists": true,
          "path": "./.cairn/archive/1970-01-01-thin-cli-composition-root/evidence/baseline-2026-09-03/cli-family-parity/bootstrap.stderr"
        },
        {
          "content_hash": "44ab970472455a83fedf27f889ab0462c5d83d9c51ee5962371176e5baeadc1e",
          "exists": true,
          "path": "./.cairn/archive/1970-01-01-thin-cli-composition-root/evidence/baseline-2026-09-03/cli-family-parity/bootstrap.stdout"
        },
        {
          "content_hash": "af1349b9f5f9a1a6a0404dea36dcc9499bcb25c9adc112b7cc9a93cae41f3262",
          "exists": true,
          "path": "./.cairn/archive/1970-01-01-thin-cli-composition-root/evidence/baseline-2026-09-03/cli-family-parity/build.stderr"
        },
        {
          "content_hash": "134244e29ca269335f96aa26f5a5f5b0d2ac97530335917a882b0be8d1235c67",
          "exists": true,
          "path": "./.cairn/archive/1970-01-01-thin-cli-composition-root/evidence/baseline-2026-09-03/cli-family-parity/build.stdout"
        },
        {
          "content_hash": "4a5ed0456f4c96918cfa931062a614e256dc81ef868eb57e929fad77f3296dad",
          "exists": true,
          "path": "./.cairn/archive/1970-01-01-thin-cli-composition-root/evidence/baseline-2026-09-03/cli-family-parity/conflicting-output.stderr"
        },
        {
          "content_hash": "af1349b9f5f9a1a6a0404dea36dcc9499bcb25c9adc112b7cc9a93cae41f3262",
          "exists": true,
          "path": "./.cairn/archive/1970-01-01-thin-cli-composition-root/evidence/baseline-2026-09-03/cli-family-parity/conflicting-output.stdout"
        },
        {
          "content_hash": "c8b36af575a867d59f3f290d7ca4e379cce3e2560a97a9316519dbc5dfab1006",
          "exists": true,
          "path": "./.cairn/archive/1970-01-01-thin-cli-composition-root/evidence/baseline-2026-09-03/cli-family-parity/invalid-build.stderr"
        },
        {
          "content_hash": "af1349b9f5f9a1a6a0404dea36dcc9499bcb25c9adc112b7cc9a93cae41f3262",
          "exists": true,
          "path": "./.cairn/archive/1970-01-01-thin-cli-composition-root/evidence/baseline-2026-09-03/cli-family-parity/invalid-build.stdout"
        },
        {
          "content_hash": "04993d806d317478dd5e4b6d5011e71afa158c2f572149f591605dfcbf9b6fa6",
          "exists": true,
          "path": "./.cairn/archive/1970-01-01-thin-cli-composition-root/evidence/baseline-2026-09-03/cli-family-parity/manifest.json"
        },
        {
          "content_hash": "af1349b9f5f9a1a6a0404dea36dcc9499bcb25c9adc112b7cc9a93cae41f3262",
          "exists": true,
          "path": "./.cairn/archive/1970-01-01-thin-cli-composition-root/evidence/baseline-2026-09-03/cli-family-parity/plan.stderr"
        },
        {
          "content_hash": "134244e29ca269335f96aa26f5a5f5b0d2ac97530335917a882b0be8d1235c67",
          "exists": true,
          "path": "./.cairn/archive/1970-01-01-thin-cli-composition-root/evidence/baseline-2026-09-03/cli-family-parity/plan.stdout"
        },
        {
          "content_hash": "af1349b9f5f9a1a6a0404dea36dcc9499bcb25c9adc112b7cc9a93cae41f3262",
          "exists": true,
          "path": "./.cairn/archive/1970-01-01-thin-cli-composition-root/evidence/baseline-2026-09-03/cli-family-parity/project.stderr"
        },
        {
          "content_hash": "988c79320425d21bb6d20f7558b26517ea6ec70d2c3c82ef3e1d4dff8d64841e",
          "exists": true,
          "path": "./.cairn/archive/1970-01-01-thin-cli-composition-root/evidence/baseline-2026-09-03/cli-family-parity/project.stdout"
        },
        {
          "content_hash": "af1349b9f5f9a1a6a0404dea36dcc9499bcb25c9adc112b7cc9a93cae41f3262",
          "exists": true,
          "path": "./.cairn/archive/1970-01-01-thin-cli-composition-root/evidence/baseline-2026-09-03/cli-family-parity/release.stderr"
        },
        {
          "content_hash": "4d8fba92b4028d97388eef27ee1f7f3af23cf72ca7d8b9e44602866fda0f8f6f",
          "exists": true,
          "path": "./.cairn/archive/1970-01-01-thin-cli-composition-root/evidence/baseline-2026-09-03/cli-family-parity/release.stdout"
        },
        {
          "content_hash": "af1349b9f5f9a1a6a0404dea36dcc9499bcb25c9adc112b7cc9a93cae41f3262",
          "exists": true,
          "path": "./.cairn/archive/1970-01-01-thin-cli-composition-root/evidence/baseline-2026-09-03/cli-family-parity/remote-build.stderr"
        },
        {
          "content_hash": "8532ca192ec98136c7fbfe168253854d19999bf921c1f4ff58f60a4e6522709f",
          "exists": true,
          "path": "./.cairn/archive/1970-01-01-thin-cli-composition-root/evidence/baseline-2026-09-03/cli-family-parity/remote-build.stdout"
        },
        {
          "content_hash": "af1349b9f5f9a1a6a0404dea36dcc9499bcb25c9adc112b7cc9a93cae41f3262",
          "exists": true,
          "path": "./.cairn/archive/1970-01-01-thin-cli-composition-root/evidence/baseline-2026-09-03/cli-family-parity/rust-plan.stderr"
        },
        {
          "content_hash": "4674f7aba1651e18ebf081d1382310531594dab5174a45c75888cfc63af72e67",
          "exists": true,
          "path": "./.cairn/archive/1970-01-01-thin-cli-composition-root/evidence/baseline-2026-09-03/cli-family-parity/rust-plan.stdout"
        },
        {
          "content_hash": "af1349b9f5f9a1a6a0404dea36dcc9499bcb25c9adc112b7cc9a93cae41f3262",
          "exists": true,
          "path": "./.cairn/archive/1970-01-01-thin-cli-composition-root/evidence/baseline-2026-09-03/cli-family-parity/source.stderr"
        },
        {
          "content_hash": "37eb6532f02121ad335eb9b978e1bc5f2c83b23b1cb9c268e691e70fc8047150",
          "exists": true,
          "path": "./.cairn/archive/1970-01-01-thin-cli-composition-root/evidence/baseline-2026-09-03/cli-family-parity/source.stdout"
        },
        {
          "content_hash": "af1349b9f5f9a1a6a0404dea36dcc9499bcb25c9adc112b7cc9a93cae41f3262",
          "exists": true,
          "path": "./.cairn/archive/1970-01-01-thin-cli-composition-root/evidence/baseline-2026-09-03/cli-family-parity/store.stderr"
        },
        {
          "content_hash": "0729529e7da5b6973626083b7e2cf2314910f1150b85a0b39ffa680cc3125213",
          "exists": true,
          "path": "./.cairn/archive/1970-01-01-thin-cli-composition-root/evidence/baseline-2026-09-03/cli-family-parity/store.stdout"
        },
        {
          "content_hash": "083b2118f8102c696a9fdadd30078ecc4620f81c6c2394fa446a89ad281fd677",
          "exists": true,
          "path": "./.cairn/archive/1970-01-01-thin-cli-composition-root/evidence/baseline-2026-09-03/parity-capture.command.txt"
        },
        {
          "content_hash": "af1349b9f5f9a1a6a0404dea36dcc9499bcb25c9adc112b7cc9a93cae41f3262",
          "exists": true,
          "path": "./.cairn/archive/1970-01-01-thin-cli-composition-root/evidence/baseline-2026-09-03/parity-capture.log"
        },
        {
          "content_hash": "e78e5b12faef2317be8ee2d166c27123b8ea8d442c549da06a4dea8dec22c1bf",
          "exists": true,
          "path": "./.cairn/archive/1970-01-01-thin-cli-composition-root/evidence/baseline-2026-09-03/root-tests.command.txt"
        },
        {
          "content_hash": "955ed573c97f155577dacdd59ee7f8d5b8a079fe8a2e3c39b09c70c5f4e7db2d",
          "exists": true,
          "path": "./.cairn/archive/1970-01-01-thin-cli-composition-root/evidence/baseline-2026-09-03/root-tests.log"
        },
        {
          "content_hash": "326f7d940a452cb924d408bdd51a645accf984ed3220236c80942262a68b5e89",
          "exists": true,
          "path": "./.cairn/archive/1970-01-01-thin-cli-composition-root/evidence/baseline-2026-09-03/source-commit.txt"
        },
        {
          "content_hash": "08a8eb75b17e964055ff2446b698ba90d56a3fc582d36dba6e496f21cc1fbefb",
          "exists": true,
          "path": "./.cairn/archive/1970-01-01-thin-cli-composition-root/evidence/baseline-2026-09-03/summary.md"
        },
        {
          "content_hash": "89ca3f42646e6570af5eadf3c16d3688af5702f03fc0b408fcc75854ad237832",
          "exists": true,
          "path": "./.cairn/archive/1970-01-01-thin-cli-composition-root/evidence/command-parity.md"
        },
        {
          "content_hash": "9e9f63c55322de3ce2eca25d2be5bfb64252a02d150d5ba22b9c148503f8fc55",
          "exists": true,
          "path": "./.cairn/archive/1970-01-01-thin-cli-composition-root/evidence/committed-validation-2026-09-03/cairn-design.log"
        },
        {
          "content_hash": "f8d57b593394e29a99b5bf4e48369728b1a6df6c926bb0b11526b1ed075e2f4d",
          "exists": true,
          "path": "./.cairn/archive/1970-01-01-thin-cli-composition-root/evidence/committed-validation-2026-09-03/cairn-proposal.log"
        },
        {
          "content_hash": "a17bdf49a708b9b39a73d6c2f061469662312a0688a4a037df449f7dbcd62688",
          "exists": true,
          "path": "./.cairn/archive/1970-01-01-thin-cli-composition-root/evidence/committed-validation-2026-09-03/cairn-tasks.log"
        },
        {
          "content_hash": "88e78eed9fdd3225e8adfb74545ef78aedc3d0d5ff72af5f9b1b351b22e4ee80",
          "exists": true,
          "path": "./.cairn/archive/1970-01-01-thin-cli-composition-root/evidence/committed-validation-2026-09-03/cairn-validate.log"
        },
        {
          "content_hash": "af5f7560f12a869379ef2179ea0cace467ae6b6bd9e10d98bb401df92040167e",
          "exists": true,
          "path": "./.cairn/archive/1970-01-01-thin-cli-composition-root/evidence/committed-validation-2026-09-03/nix-full.command.txt"
        },
        {
          "content_hash": "4efde4bb4997dc6eea3170d669dc834309ab5e36d369018d4f8d74e1b7a97977",
          "exists": true,
          "path": "./.cairn/archive/1970-01-01-thin-cli-composition-root/evidence/committed-validation-2026-09-03/nix-full.log"
        },
        {
          "content_hash": "50cc1102b1c612e6962547aacdcef9a400d4416ef8dd9388e885991853c400c9",
          "exists": true,
          "path": "./.cairn/archive/1970-01-01-thin-cli-composition-root/evidence/committed-validation-2026-09-03/nix-full.status"
        },
        {
          "content_hash": "82418ff2b33a2d9a82d9df493b4fd15dd87f8e57a5ab638a0c39b230ada29e77",
          "exists": true,
          "path": "./.cairn/archive/1970-01-01-thin-cli-composition-root/evidence/committed-validation-2026-09-03/nix-local.command.txt"
        },
        {
          "content_hash": "06ced0632ef8421be5e82edfcb384eacc017a2a2716bf1d3abc01df0df500607",
          "exists": true,
          "path": "./.cairn/archive/1970-01-01-thin-cli-composition-root/evidence/committed-validation-2026-09-03/nix-local.log"
        },
        {
          "content_hash": "50cc1102b1c612e6962547aacdcef9a400d4416ef8dd9388e885991853c400c9",
          "exists": true,
          "path": "./.cairn/archive/1970-01-01-thin-cli-composition-root/evidence/committed-validation-2026-09-03/nix-local.status"
        },
        {
          "content_hash": "ee04363d155f100e45c7b0479e6b9eec70c3e7232a66429039db2140d25dab90",
          "exists": true,
          "path": "./.cairn/archive/1970-01-01-thin-cli-composition-root/evidence/committed-validation-2026-09-03/nix-no-build.command.txt"
        },
        {
          "content_hash": "3f8df6eabb82a3e10f3c35eed183b0dea797cfc1edbc65a096271bf8128e0ad4",
          "exists": true,
          "path": "./.cairn/archive/1970-01-01-thin-cli-composition-root/evidence/committed-validation-2026-09-03/nix-no-build.log"
        },
        {
          "content_hash": "148f02f92554e6acdee4cc513b5cd4e13883a1726b9dca02b19fe9a95c79a369",
          "exists": true,
          "path": "./.cairn/archive/1970-01-01-thin-cli-composition-root/evidence/committed-validation-2026-09-03/nix-no-build.status"
        },
        {
          "content_hash": "32f9662254357d4387dac4b05d974b946a444f324647f20ba8468964c05e9726",
          "exists": true,
          "path": "./.cairn/archive/1970-01-01-thin-cli-composition-root/evidence/committed-validation-2026-09-03/source-commit.txt"
        },
        {
          "content_hash": "eb5e185a2c26dc8b867a59286564be04ffb4f9472927a9929707a12876988a55",
          "exists": true,
          "path": "./.cairn/archive/1970-01-01-thin-cli-composition-root/evidence/committed-validation-2026-09-03/summary.md"
        },
        {
          "content_hash": "7dfcebb7a5640af2401e8f38a8f687c553326a9f11b82d6d49bf8459d58ffc54",
          "exists": true,
          "path": "./.cairn/archive/1970-01-01-thin-cli-composition-root/evidence/committed-validation-2026-09-03/tracey.log"
        },
        {
          "content_hash": "5e9066eac7e346616badd6dca976d2f50409c2ae42d2ba91ef865b5020e07ccc",
          "exists": true,
          "path": "./.cairn/archive/1970-01-01-thin-cli-composition-root/evidence/sync-2026-09-03/accepted-spec.blake3.txt"
        },
        {
          "content_hash": "a1e11ba2f4318fbfc5b408efa85a94a6519ac90899ca5084a47f8e4c557f0f1b",
          "exists": true,
          "path": "./.cairn/archive/1970-01-01-thin-cli-composition-root/evidence/sync-2026-09-03/cairn-post-sync.log"
        },
        {
          "content_hash": "1afbbf8c8f26f473572e2e4077f2d4dac6d48b307811e315ad512842040788b4",
          "exists": true,
          "path": "./.cairn/archive/1970-01-01-thin-cli-composition-root/evidence/sync-2026-09-03/summary.md"
        },
        {
          "content_hash": "fe6ab280a7b6b7dfe7a62b8859f32efea250a12d961e071e3f622cfa7f6f08e1",
          "exists": true,
          "path": "./.cairn/archive/1970-01-01-thin-cli-composition-root/evidence/sync-2026-09-03/sync-dry.command.txt"
        },
        {
          "content_hash": "b01d29111ed0b868355296a5dceae1260aa5c862cd6eb01ce8fd1714b0c98e3b",
          "exists": true,
          "path": "./.cairn/archive/1970-01-01-thin-cli-composition-root/evidence/sync-2026-09-03/sync-dry.log"
        },
        {
          "content_hash": "e2dc9b3addb4d9a40e89399aacca0226f8fdac86e7aeea1eb4e9553b9037f2ef",
          "exists": true,
          "path": "./.cairn/archive/1970-01-01-thin-cli-composition-root/evidence/sync-2026-09-03/sync-execute.command.txt"
        },
        {
          "content_hash": "d1d3c43270d045a55cb3dec0406a6fe87abb11f71b419cbc4ae53fcc2ceda4aa",
          "exists": true,
          "path": "./.cairn/archive/1970-01-01-thin-cli-composition-root/evidence/sync-2026-09-03/sync-execute.log"
        },
        {
          "content_hash": "7dfcebb7a5640af2401e8f38a8f687c553326a9f11b82d6d49bf8459d58ffc54",
          "exists": true,
          "path": "./.cairn/archive/1970-01-01-thin-cli-composition-root/evidence/sync-2026-09-03/tracey.log"
        },
        {
          "content_hash": "48eaed6eafc18eb21a3b8d55db8543685275fe51aab80019d40dc6ab57a5147f",
          "exists": true,
          "path": "./.cairn/archive/1970-01-01-thin-cli-composition-root/evidence/validation-2026-09-03/architecture.command.txt"
        },
        {
          "content_hash": "addce7626a77898359fb8c7cd0fd58f75064e8d5a78ab62828ff62b30e4e23cd",
          "exists": true,
          "path": "./.cairn/archive/1970-01-01-thin-cli-composition-root/evidence/validation-2026-09-03/architecture.log"
        },
        {
          "content_hash": "af1349b9f5f9a1a6a0404dea36dcc9499bcb25c9adc112b7cc9a93cae41f3262",
          "exists": true,
          "path": "./.cairn/archive/1970-01-01-thin-cli-composition-root/evidence/validation-2026-09-03/cli-family-parity-after/artifact.stderr"
        },
        {
          "content_hash": "6c7eecc078cefecec00a0516324bdb681f01b462154cc9212beeff2887ac4a5a",
          "exists": true,
          "path": "./.cairn/archive/1970-01-01-thin-cli-composition-root/evidence/validation-2026-09-03/cli-family-parity-after/artifact.stdout"
        },
        {
          "content_hash": "af1349b9f5f9a1a6a0404dea36dcc9499bcb25c9adc112b7cc9a93cae41f3262",
          "exists": true,
          "path": "./.cairn/archive/1970-01-01-thin-cli-composition-root/evidence/validation-2026-09-03/cli-family-parity-after/bootstrap.stderr"
        },
        {
          "content_hash": "44ab970472455a83fedf27f889ab0462c5d83d9c51ee5962371176e5baeadc1e",
          "exists": true,
          "path": "./.cairn/archive/1970-01-01-thin-cli-composition-root/evidence/validation-2026-09-03/cli-family-parity-after/bootstrap.stdout"
        },
        {
          "content_hash": "af1349b9f5f9a1a6a0404dea36dcc9499bcb25c9adc112b7cc9a93cae41f3262",
          "exists": true,
          "path": "./.cairn/archive/1970-01-01-thin-cli-composition-root/evidence/validation-2026-09-03/cli-family-parity-after/build.stderr"
        },
        {
          "content_hash": "134244e29ca269335f96aa26f5a5f5b0d2ac97530335917a882b0be8d1235c67",
          "exists": true,
          "path": "./.cairn/archive/1970-01-01-thin-cli-composition-root/evidence/validation-2026-09-03/cli-family-parity-after/build.stdout"
        },
        {
          "content_hash": "4a5ed0456f4c96918cfa931062a614e256dc81ef868eb57e929fad77f3296dad",
          "exists": true,
          "path": "./.cairn/archive/1970-01-01-thin-cli-composition-root/evidence/validation-2026-09-03/cli-family-parity-after/conflicting-output.stderr"
        },
        {
          "content_hash": "af1349b9f5f9a1a6a0404dea36dcc9499bcb25c9adc112b7cc9a93cae41f3262",
          "exists": true,
          "path": "./.cairn/archive/1970-01-01-thin-cli-composition-root/evidence/validation-2026-09-03/cli-family-parity-after/conflicting-output.stdout"
        },
        {
          "content_hash": "c8b36af575a867d59f3f290d7ca4e379cce3e2560a97a9316519dbc5dfab1006",
          "exists": true,
          "path": "./.cairn/archive/1970-01-01-thin-cli-composition-root/evidence/validation-2026-09-03/cli-family-parity-after/invalid-build.stderr"
        },
        {
          "content_hash": "af1349b9f5f9a1a6a0404dea36dcc9499bcb25c9adc112b7cc9a93cae41f3262",
          "exists": true,
          "path": "./.cairn/archive/1970-01-01-thin-cli-composition-root/evidence/validation-2026-09-03/cli-family-parity-after/invalid-build.stdout"
        },
        {
          "content_hash": "04993d806d317478dd5e4b6d5011e71afa158c2f572149f591605dfcbf9b6fa6",
          "exists": true,
          "path": "./.cairn/archive/1970-01-01-thin-cli-composition-root/evidence/validation-2026-09-03/cli-family-parity-after/manifest.json"
        },
        {
          "content_hash": "af1349b9f5f9a1a6a0404dea36dcc9499bcb25c9adc112b7cc9a93cae41f3262",
          "exists": true,
          "path": "./.cairn/archive/1970-01-01-thin-cli-composition-root/evidence/validation-2026-09-03/cli-family-parity-after/plan.stderr"
        },
        {
          "content_hash": "134244e29ca269335f96aa26f5a5f5b0d2ac97530335917a882b0be8d1235c67",
          "exists": true,
          "path": "./.cairn/archive/1970-01-01-thin-cli-composition-root/evidence/validation-2026-09-03/cli-family-parity-after/plan.stdout"
        },
        {
          "content_hash": "af1349b9f5f9a1a6a0404dea36dcc9499bcb25c9adc112b7cc9a93cae41f3262",
          "exists": true,
          "path": "./.cairn/archive/1970-01-01-thin-cli-composition-root/evidence/validation-2026-09-03/cli-family-parity-after/project.stderr"
        },
        {
          "content_hash": "988c79320425d21bb6d20f7558b26517ea6ec70d2c3c82ef3e1d4dff8d64841e",
          "exists": true,
          "path": "./.cairn/archive/1970-01-01-thin-cli-composition-root/evidence/validation-2026-09-03/cli-family-parity-after/project.stdout"
        },
        {
          "content_hash": "af1349b9f5f9a1a6a0404dea36dcc9499bcb25c9adc112b7cc9a93cae41f3262",
          "exists": true,
          "path": "./.cairn/archive/1970-01-01-thin-cli-composition-root/evidence/validation-2026-09-03/cli-family-parity-after/release.stderr"
        },
        {
          "content_hash": "4d8fba92b4028d97388eef27ee1f7f3af23cf72ca7d8b9e44602866fda0f8f6f",
          "exists": true,
          "path": "./.cairn/archive/1970-01-01-thin-cli-composition-root/evidence/validation-2026-09-03/cli-family-parity-after/release.stdout"
        },
        {
          "content_hash": "af1349b9f5f9a1a6a0404dea36dcc9499bcb25c9adc112b7cc9a93cae41f3262",
          "exists": true,
          "path": "./.cairn/archive/1970-01-01-thin-cli-composition-root/evidence/validation-2026-09-03/cli-family-parity-after/remote-build.stderr"
        },
        {
          "content_hash": "8532ca192ec98136c7fbfe168253854d19999bf921c1f4ff58f60a4e6522709f",
          "exists": true,
          "path": "./.cairn/archive/1970-01-01-thin-cli-composition-root/evidence/validation-2026-09-03/cli-family-parity-after/remote-build.stdout"
        },
        {
          "content_hash": "af1349b9f5f9a1a6a0404dea36dcc9499bcb25c9adc112b7cc9a93cae41f3262",
          "exists": true,
          "path": "./.cairn/archive/1970-01-01-thin-cli-composition-root/evidence/validation-2026-09-03/cli-family-parity-after/rust-plan.stderr"
        },
        {
          "content_hash": "4674f7aba1651e18ebf081d1382310531594dab5174a45c75888cfc63af72e67",
          "exists": true,
          "path": "./.cairn/archive/1970-01-01-thin-cli-composition-root/evidence/validation-2026-09-03/cli-family-parity-after/rust-plan.stdout"
        },
        {
          "content_hash": "af1349b9f5f9a1a6a0404dea36dcc9499bcb25c9adc112b7cc9a93cae41f3262",
          "exists": true,
          "path": "./.cairn/archive/1970-01-01-thin-cli-composition-root/evidence/validation-2026-09-03/cli-family-parity-after/source.stderr"
        },
        {
          "content_hash": "37eb6532f02121ad335eb9b978e1bc5f2c83b23b1cb9c268e691e70fc8047150",
          "exists": true,
          "path": "./.cairn/archive/1970-01-01-thin-cli-composition-root/evidence/validation-2026-09-03/cli-family-parity-after/source.stdout"
        },
        {
          "content_hash": "af1349b9f5f9a1a6a0404dea36dcc9499bcb25c9adc112b7cc9a93cae41f3262",
          "exists": true,
          "path": "./.cairn/archive/1970-01-01-thin-cli-composition-root/evidence/validation-2026-09-03/cli-family-parity-after/store.stderr"
        },
        {
          "content_hash": "0729529e7da5b6973626083b7e2cf2314910f1150b85a0b39ffa680cc3125213",
          "exists": true,
          "path": "./.cairn/archive/1970-01-01-thin-cli-composition-root/evidence/validation-2026-09-03/cli-family-parity-after/store.stdout"
        },
        {
          "content_hash": "af1349b9f5f9a1a6a0404dea36dcc9499bcb25c9adc112b7cc9a93cae41f3262",
          "exists": true,
          "path": "./.cairn/archive/1970-01-01-thin-cli-composition-root/evidence/validation-2026-09-03/cli-family-parity.diff"
        },
        {
          "content_hash": "494d922b356630574ec1e673d945f3b8bd4a8477a00eff19bdaec546d2e6dc64",
          "exists": true,
          "path": "./.cairn/archive/1970-01-01-thin-cli-composition-root/evidence/validation-2026-09-03/command-parity.command.txt"
        },
        {
          "content_hash": "c963ac7afb9f01ca4833b2bf363fedbf6362832cab0120072e6ba4cb3f46aa2a",
          "exists": true,
          "path": "./.cairn/archive/1970-01-01-thin-cli-composition-root/evidence/validation-2026-09-03/command-parity.manifest-blake3.txt"
        },
        {
          "content_hash": "e0f7377dfea2e9f585e3ba85b24f9cff918fe5a4ac5b21549ae6ae0fdddbf07f",
          "exists": true,
          "path": "./.cairn/archive/1970-01-01-thin-cli-composition-root/evidence/validation-2026-09-03/compile-fail.command.txt"
        },
        {
          "content_hash": "1c81a3fa3a7a181e7d5318259085e0700c7ba54632de6f0df01e4e89cd56be41",
          "exists": true,
          "path": "./.cairn/archive/1970-01-01-thin-cli-composition-root/evidence/validation-2026-09-03/compile-fail.log"
        },
        {
          "content_hash": "7a1104acca9e30d6c5bb661e742bd6c47cc7fe32f0c9cd482d042bbc795ccdfb",
          "exists": true,
          "path": "./.cairn/archive/1970-01-01-thin-cli-composition-root/evidence/validation-2026-09-03/focused-tests.command.txt"
        },
        {
          "content_hash": "4536a0d74f9c4e6ae8cd5534edaa520607c82a0060b36e608a77f8081952e1e3",
          "exists": true,
          "path": "./.cairn/archive/1970-01-01-thin-cli-composition-root/evidence/validation-2026-09-03/focused-tests.log"
        },
        {
          "content_hash": "828da6df0af11582ae61168a4ee29bdccda2960385faeea597e355c3abe3cce7",
          "exists": true,
          "path": "./.cairn/archive/1970-01-01-thin-cli-composition-root/evidence/validation-2026-09-03/quality-commands.txt"
        },
        {
          "content_hash": "85411d9dca549385596c20d3fda76795c23dafb69913571a1c4411db85b571d0",
          "exists": true,
          "path": "./.cairn/archive/1970-01-01-thin-cli-composition-root/evidence/validation-2026-09-03/summary.md"
        },
        {
          "content_hash": "22c3df7efbcecf7875faec716100943490824c3752d3447aad6571780ada67d3",
          "exists": true,
          "path": "./.cairn/archive/1970-01-01-thin-cli-composition-root/proposal.md"
        },
        {
          "content_hash": "1deb8d8991540219968abaccae13dd4e54d67aa648ec024e9bb6959fe5d71b8c",
          "exists": true,
          "path": "./.cairn/archive/1970-01-01-thin-cli-composition-root/specs/application-architecture/spec.md"
        },
        {
          "content_hash": "453d33ab1b8df160271c844da223bf37ccdc2f1497cddc1ac119c132ed5129a2",
          "exists": true,
          "path": "./.cairn/archive/1970-01-01-thin-cli-composition-root/tasks.md"
        },
        {
          "content_hash": null,
          "exists": false,
          "path": "./.cairn/changes/thin-cli-composition-root"
        }
      ],
      "manifest_hash": "4a4890ef596d04b4b2068d6ee2ddc590843dfd5cda376819ab813fa822efc64f"
    },
    "before": {
      "entries": [
        {
          "content_hash": "1e08ac245a7775124cde688f0cfaa2697e97b06d1e76435c68fbbbd10d127dfe",
          "exists": true,
          "path": "./.cairn/changes/thin-cli-composition-root/.gitattributes"
        },
        {
          "content_hash": "f68b8cc050a10e7b783d40864fdeec3f431c9e939cd465ccb9e739309bbe5695",
          "exists": true,
          "path": "./.cairn/changes/thin-cli-composition-root/design.md"
        },
        {
          "content_hash": "b898b3c5f2fca235126c842c09630edb1c56e2052e80cba54c684be3b96e19ec",
          "exists": true,
          "path": "./.cairn/changes/thin-cli-composition-root/evidence/architecture-search-2026-09-03.md"
        },
        {
          "content_hash": "d1d12efa4782b07376f4836f720e0bf16770da1931c18dc556581ee175d49ced",
          "exists": true,
          "path": "./.cairn/changes/thin-cli-composition-root/evidence/architecture-validation.md"
        },
        {
          "content_hash": "a7c3392622682622e46817fd7e58903486384c734059bdb6a6f1681b0c64cff7",
          "exists": true,
          "path": "./.cairn/changes/thin-cli-composition-root/evidence/baseline-2026-09-03/build.command.txt"
        },
        {
          "content_hash": "66e82ea33b3945ae958a7d706fc7d3d978e185f0471e5b3a6d944b7ab3d56a78",
          "exists": true,
          "path": "./.cairn/changes/thin-cli-composition-root/evidence/baseline-2026-09-03/build.log"
        },
        {
          "content_hash": "0de2782cf4f495f568fe0004a5bec6217eccce92bed30e5b375093a1f95c190f",
          "exists": true,
          "path": "./.cairn/changes/thin-cli-composition-root/evidence/baseline-2026-09-03/cairn-validate.command.txt"
        },
        {
          "content_hash": "29af822da52984c7a4be482206936c3d5040ed619651148b6f1276097aa196f3",
          "exists": true,
          "path": "./.cairn/changes/thin-cli-composition-root/evidence/baseline-2026-09-03/cairn-validate.log"
        },
        {
          "content_hash": "af1349b9f5f9a1a6a0404dea36dcc9499bcb25c9adc112b7cc9a93cae41f3262",
          "exists": true,
          "path": "./.cairn/changes/thin-cli-composition-root/evidence/baseline-2026-09-03/cli-family-parity/artifact.stderr"
        },
        {
          "content_hash": "6c7eecc078cefecec00a0516324bdb681f01b462154cc9212beeff2887ac4a5a",
          "exists": true,
          "path": "./.cairn/changes/thin-cli-composition-root/evidence/baseline-2026-09-03/cli-family-parity/artifact.stdout"
        },
        {
          "content_hash": "af1349b9f5f9a1a6a0404dea36dcc9499bcb25c9adc112b7cc9a93cae41f3262",
          "exists": true,
          "path": "./.cairn/changes/thin-cli-composition-root/evidence/baseline-2026-09-03/cli-family-parity/bootstrap.stderr"
        },
        {
          "content_hash": "44ab970472455a83fedf27f889ab0462c5d83d9c51ee5962371176e5baeadc1e",
          "exists": true,
          "path": "./.cairn/changes/thin-cli-composition-root/evidence/baseline-2026-09-03/cli-family-parity/bootstrap.stdout"
        },
        {
          "content_hash": "af1349b9f5f9a1a6a0404dea36dcc9499bcb25c9adc112b7cc9a93cae41f3262",
          "exists": true,
          "path": "./.cairn/changes/thin-cli-composition-root/evidence/baseline-2026-09-03/cli-family-parity/build.stderr"
        },
        {
          "content_hash": "134244e29ca269335f96aa26f5a5f5b0d2ac97530335917a882b0be8d1235c67",
          "exists": true,
          "path": "./.cairn/changes/thin-cli-composition-root/evidence/baseline-2026-09-03/cli-family-parity/build.stdout"
        },
        {
          "content_hash": "4a5ed0456f4c96918cfa931062a614e256dc81ef868eb57e929fad77f3296dad",
          "exists": true,
          "path": "./.cairn/changes/thin-cli-composition-root/evidence/baseline-2026-09-03/cli-family-parity/conflicting-output.stderr"
        },
        {
          "content_hash": "af1349b9f5f9a1a6a0404dea36dcc9499bcb25c9adc112b7cc9a93cae41f3262",
          "exists": true,
          "path": "./.cairn/changes/thin-cli-composition-root/evidence/baseline-2026-09-03/cli-family-parity/conflicting-output.stdout"
        },
        {
          "content_hash": "c8b36af575a867d59f3f290d7ca4e379cce3e2560a97a9316519dbc5dfab1006",
          "exists": true,
          "path": "./.cairn/changes/thin-cli-composition-root/evidence/baseline-2026-09-03/cli-family-parity/invalid-build.stderr"
        },
        {
          "content_hash": "af1349b9f5f9a1a6a0404dea36dcc9499bcb25c9adc112b7cc9a93cae41f3262",
          "exists": true,
          "path": "./.cairn/changes/thin-cli-composition-root/evidence/baseline-2026-09-03/cli-family-parity/invalid-build.stdout"
        },
        {
          "content_hash": "04993d806d317478dd5e4b6d5011e71afa158c2f572149f591605dfcbf9b6fa6",
          "exists": true,
          "path": "./.cairn/changes/thin-cli-composition-root/evidence/baseline-2026-09-03/cli-family-parity/manifest.json"
        },
        {
          "content_hash": "af1349b9f5f9a1a6a0404dea36dcc9499bcb25c9adc112b7cc9a93cae41f3262",
          "exists": true,
          "path": "./.cairn/changes/thin-cli-composition-root/evidence/baseline-2026-09-03/cli-family-parity/plan.stderr"
        },
        {
          "content_hash": "134244e29ca269335f96aa26f5a5f5b0d2ac97530335917a882b0be8d1235c67",
          "exists": true,
          "path": "./.cairn/changes/thin-cli-composition-root/evidence/baseline-2026-09-03/cli-family-parity/plan.stdout"
        },
        {
          "content_hash": "af1349b9f5f9a1a6a0404dea36dcc9499bcb25c9adc112b7cc9a93cae41f3262",
          "exists": true,
          "path": "./.cairn/changes/thin-cli-composition-root/evidence/baseline-2026-09-03/cli-family-parity/project.stderr"
        },
        {
          "content_hash": "988c79320425d21bb6d20f7558b26517ea6ec70d2c3c82ef3e1d4dff8d64841e",
          "exists": true,
          "path": "./.cairn/changes/thin-cli-composition-root/evidence/baseline-2026-09-03/cli-family-parity/project.stdout"
        },
        {
          "content_hash": "af1349b9f5f9a1a6a0404dea36dcc9499bcb25c9adc112b7cc9a93cae41f3262",
          "exists": true,
          "path": "./.cairn/changes/thin-cli-composition-root/evidence/baseline-2026-09-03/cli-family-parity/release.stderr"
        },
        {
          "content_hash": "4d8fba92b4028d97388eef27ee1f7f3af23cf72ca7d8b9e44602866fda0f8f6f",
          "exists": true,
          "path": "./.cairn/changes/thin-cli-composition-root/evidence/baseline-2026-09-03/cli-family-parity/release.stdout"
        },
        {
          "content_hash": "af1349b9f5f9a1a6a0404dea36dcc9499bcb25c9adc112b7cc9a93cae41f3262",
          "exists": true,
          "path": "./.cairn/changes/thin-cli-composition-root/evidence/baseline-2026-09-03/cli-family-parity/remote-build.stderr"
        },
        {
          "content_hash": "8532ca192ec98136c7fbfe168253854d19999bf921c1f4ff58f60a4e6522709f",
          "exists": true,
          "path": "./.cairn/changes/thin-cli-composition-root/evidence/baseline-2026-09-03/cli-family-parity/remote-build.stdout"
        },
        {
          "content_hash": "af1349b9f5f9a1a6a0404dea36dcc9499bcb25c9adc112b7cc9a93cae41f3262",
          "exists": true,
          "path": "./.cairn/changes/thin-cli-composition-root/evidence/baseline-2026-09-03/cli-family-parity/rust-plan.stderr"
        },
        {
          "content_hash": "4674f7aba1651e18ebf081d1382310531594dab5174a45c75888cfc63af72e67",
          "exists": true,
          "path": "./.cairn/changes/thin-cli-composition-root/evidence/baseline-2026-09-03/cli-family-parity/rust-plan.stdout"
        },
        {
          "content_hash": "af1349b9f5f9a1a6a0404dea36dcc9499bcb25c9adc112b7cc9a93cae41f3262",
          "exists": true,
          "path": "./.cairn/changes/thin-cli-composition-root/evidence/baseline-2026-09-03/cli-family-parity/source.stderr"
        },
        {
          "content_hash": "37eb6532f02121ad335eb9b978e1bc5f2c83b23b1cb9c268e691e70fc8047150",
          "exists": true,
          "path": "./.cairn/changes/thin-cli-composition-root/evidence/baseline-2026-09-03/cli-family-parity/source.stdout"
        },
        {
          "content_hash": "af1349b9f5f9a1a6a0404dea36dcc9499bcb25c9adc112b7cc9a93cae41f3262",
          "exists": true,
          "path": "./.cairn/changes/thin-cli-composition-root/evidence/baseline-2026-09-03/cli-family-parity/store.stderr"
        },
        {
          "content_hash": "0729529e7da5b6973626083b7e2cf2314910f1150b85a0b39ffa680cc3125213",
          "exists": true,
          "path": "./.cairn/changes/thin-cli-composition-root/evidence/baseline-2026-09-03/cli-family-parity/store.stdout"
        },
        {
          "content_hash": "083b2118f8102c696a9fdadd30078ecc4620f81c6c2394fa446a89ad281fd677",
          "exists": true,
          "path": "./.cairn/changes/thin-cli-composition-root/evidence/baseline-2026-09-03/parity-capture.command.txt"
        },
        {
          "content_hash": "af1349b9f5f9a1a6a0404dea36dcc9499bcb25c9adc112b7cc9a93cae41f3262",
          "exists": true,
          "path": "./.cairn/changes/thin-cli-composition-root/evidence/baseline-2026-09-03/parity-capture.log"
        },
        {
          "content_hash": "e78e5b12faef2317be8ee2d166c27123b8ea8d442c549da06a4dea8dec22c1bf",
          "exists": true,
          "path": "./.cairn/changes/thin-cli-composition-root/evidence/baseline-2026-09-03/root-tests.command.txt"
        },
        {
          "content_hash": "955ed573c97f155577dacdd59ee7f8d5b8a079fe8a2e3c39b09c70c5f4e7db2d",
          "exists": true,
          "path": "./.cairn/changes/thin-cli-composition-root/evidence/baseline-2026-09-03/root-tests.log"
        },
        {
          "content_hash": "326f7d940a452cb924d408bdd51a645accf984ed3220236c80942262a68b5e89",
          "exists": true,
          "path": "./.cairn/changes/thin-cli-composition-root/evidence/baseline-2026-09-03/source-commit.txt"
        },
        {
          "content_hash": "08a8eb75b17e964055ff2446b698ba90d56a3fc582d36dba6e496f21cc1fbefb",
          "exists": true,
          "path": "./.cairn/changes/thin-cli-composition-root/evidence/baseline-2026-09-03/summary.md"
        },
        {
          "content_hash": "89ca3f42646e6570af5eadf3c16d3688af5702f03fc0b408fcc75854ad237832",
          "exists": true,
          "path": "./.cairn/changes/thin-cli-composition-root/evidence/command-parity.md"
        },
        {
          "content_hash": "9e9f63c55322de3ce2eca25d2be5bfb64252a02d150d5ba22b9c148503f8fc55",
          "exists": true,
          "path": "./.cairn/changes/thin-cli-composition-root/evidence/committed-validation-2026-09-03/cairn-design.log"
        },
        {
          "content_hash": "f8d57b593394e29a99b5bf4e48369728b1a6df6c926bb0b11526b1ed075e2f4d",
          "exists": true,
          "path": "./.cairn/changes/thin-cli-composition-root/evidence/committed-validation-2026-09-03/cairn-proposal.log"
        },
        {
          "content_hash": "a17bdf49a708b9b39a73d6c2f061469662312a0688a4a037df449f7dbcd62688",
          "exists": true,
          "path": "./.cairn/changes/thin-cli-composition-root/evidence/committed-validation-2026-09-03/cairn-tasks.log"
        },
        {
          "content_hash": "88e78eed9fdd3225e8adfb74545ef78aedc3d0d5ff72af5f9b1b351b22e4ee80",
          "exists": true,
          "path": "./.cairn/changes/thin-cli-composition-root/evidence/committed-validation-2026-09-03/cairn-validate.log"
        },
        {
          "content_hash": "af5f7560f12a869379ef2179ea0cace467ae6b6bd9e10d98bb401df92040167e",
          "exists": true,
          "path": "./.cairn/changes/thin-cli-composition-root/evidence/committed-validation-2026-09-03/nix-full.command.txt"
        },
        {
          "content_hash": "4efde4bb4997dc6eea3170d669dc834309ab5e36d369018d4f8d74e1b7a97977",
          "exists": true,
          "path": "./.cairn/changes/thin-cli-composition-root/evidence/committed-validation-2026-09-03/nix-full.log"
        },
        {
          "content_hash": "50cc1102b1c612e6962547aacdcef9a400d4416ef8dd9388e885991853c400c9",
          "exists": true,
          "path": "./.cairn/changes/thin-cli-composition-root/evidence/committed-validation-2026-09-03/nix-full.status"
        },
        {
          "content_hash": "82418ff2b33a2d9a82d9df493b4fd15dd87f8e57a5ab638a0c39b230ada29e77",
          "exists": true,
          "path": "./.cairn/changes/thin-cli-composition-root/evidence/committed-validation-2026-09-03/nix-local.command.txt"
        },
        {
          "content_hash": "06ced0632ef8421be5e82edfcb384eacc017a2a2716bf1d3abc01df0df500607",
          "exists": true,
          "path": "./.cairn/changes/thin-cli-composition-root/evidence/committed-validation-2026-09-03/nix-local.log"
        },
        {
          "content_hash": "50cc1102b1c612e6962547aacdcef9a400d4416ef8dd9388e885991853c400c9",
          "exists": true,
          "path": "./.cairn/changes/thin-cli-composition-root/evidence/committed-validation-2026-09-03/nix-local.status"
        },
        {
          "content_hash": "ee04363d155f100e45c7b0479e6b9eec70c3e7232a66429039db2140d25dab90",
          "exists": true,
          "path": "./.cairn/changes/thin-cli-composition-root/evidence/committed-validation-2026-09-03/nix-no-build.command.txt"
        },
        {
          "content_hash": "3f8df6eabb82a3e10f3c35eed183b0dea797cfc1edbc65a096271bf8128e0ad4",
          "exists": true,
          "path": "./.cairn/changes/thin-cli-composition-root/evidence/committed-validation-2026-09-03/nix-no-build.log"
        },
        {
          "content_hash": "148f02f92554e6acdee4cc513b5cd4e13883a1726b9dca02b19fe9a95c79a369",
          "exists": true,
          "path": "./.cairn/changes/thin-cli-composition-root/evidence/committed-validation-2026-09-03/nix-no-build.status"
        },
        {
          "content_hash": "32f9662254357d4387dac4b05d974b946a444f324647f20ba8468964c05e9726",
          "exists": true,
          "path": "./.cairn/changes/thin-cli-composition-root/evidence/committed-validation-2026-09-03/source-commit.txt"
        },
        {
          "content_hash": "eb5e185a2c26dc8b867a59286564be04ffb4f9472927a9929707a12876988a55",
          "exists": true,
          "path": "./.cairn/changes/thin-cli-composition-root/evidence/committed-validation-2026-09-03/summary.md"
        },
        {
          "content_hash": "7dfcebb7a5640af2401e8f38a8f687c553326a9f11b82d6d49bf8459d58ffc54",
          "exists": true,
          "path": "./.cairn/changes/thin-cli-composition-root/evidence/committed-validation-2026-09-03/tracey.log"
        },
        {
          "content_hash": "5e9066eac7e346616badd6dca976d2f50409c2ae42d2ba91ef865b5020e07ccc",
          "exists": true,
          "path": "./.cairn/changes/thin-cli-composition-root/evidence/sync-2026-09-03/accepted-spec.blake3.txt"
        },
        {
          "content_hash": "a1e11ba2f4318fbfc5b408efa85a94a6519ac90899ca5084a47f8e4c557f0f1b",
          "exists": true,
          "path": "./.cairn/changes/thin-cli-composition-root/evidence/sync-2026-09-03/cairn-post-sync.log"
        },
        {
          "content_hash": "1afbbf8c8f26f473572e2e4077f2d4dac6d48b307811e315ad512842040788b4",
          "exists": true,
          "path": "./.cairn/changes/thin-cli-composition-root/evidence/sync-2026-09-03/summary.md"
        },
        {
          "content_hash": "fe6ab280a7b6b7dfe7a62b8859f32efea250a12d961e071e3f622cfa7f6f08e1",
          "exists": true,
          "path": "./.cairn/changes/thin-cli-composition-root/evidence/sync-2026-09-03/sync-dry.command.txt"
        },
        {
          "content_hash": "b01d29111ed0b868355296a5dceae1260aa5c862cd6eb01ce8fd1714b0c98e3b",
          "exists": true,
          "path": "./.cairn/changes/thin-cli-composition-root/evidence/sync-2026-09-03/sync-dry.log"
        },
        {
          "content_hash": "e2dc9b3addb4d9a40e89399aacca0226f8fdac86e7aeea1eb4e9553b9037f2ef",
          "exists": true,
          "path": "./.cairn/changes/thin-cli-composition-root/evidence/sync-2026-09-03/sync-execute.command.txt"
        },
        {
          "content_hash": "d1d3c43270d045a55cb3dec0406a6fe87abb11f71b419cbc4ae53fcc2ceda4aa",
          "exists": true,
          "path": "./.cairn/changes/thin-cli-composition-root/evidence/sync-2026-09-03/sync-execute.log"
        },
        {
          "content_hash": "7dfcebb7a5640af2401e8f38a8f687c553326a9f11b82d6d49bf8459d58ffc54",
          "exists": true,
          "path": "./.cairn/changes/thin-cli-composition-root/evidence/sync-2026-09-03/tracey.log"
        },
        {
          "content_hash": "48eaed6eafc18eb21a3b8d55db8543685275fe51aab80019d40dc6ab57a5147f",
          "exists": true,
          "path": "./.cairn/changes/thin-cli-composition-root/evidence/validation-2026-09-03/architecture.command.txt"
        },
        {
          "content_hash": "addce7626a77898359fb8c7cd0fd58f75064e8d5a78ab62828ff62b30e4e23cd",
          "exists": true,
          "path": "./.cairn/changes/thin-cli-composition-root/evidence/validation-2026-09-03/architecture.log"
        },
        {
          "content_hash": "af1349b9f5f9a1a6a0404dea36dcc9499bcb25c9adc112b7cc9a93cae41f3262",
          "exists": true,
          "path": "./.cairn/changes/thin-cli-composition-root/evidence/validation-2026-09-03/cli-family-parity-after/artifact.stderr"
        },
        {
          "content_hash": "6c7eecc078cefecec00a0516324bdb681f01b462154cc9212beeff2887ac4a5a",
          "exists": true,
          "path": "./.cairn/changes/thin-cli-composition-root/evidence/validation-2026-09-03/cli-family-parity-after/artifact.stdout"
        },
        {
          "content_hash": "af1349b9f5f9a1a6a0404dea36dcc9499bcb25c9adc112b7cc9a93cae41f3262",
          "exists": true,
          "path": "./.cairn/changes/thin-cli-composition-root/evidence/validation-2026-09-03/cli-family-parity-after/bootstrap.stderr"
        },
        {
          "content_hash": "44ab970472455a83fedf27f889ab0462c5d83d9c51ee5962371176e5baeadc1e",
          "exists": true,
          "path": "./.cairn/changes/thin-cli-composition-root/evidence/validation-2026-09-03/cli-family-parity-after/bootstrap.stdout"
        },
        {
          "content_hash": "af1349b9f5f9a1a6a0404dea36dcc9499bcb25c9adc112b7cc9a93cae41f3262",
          "exists": true,
          "path": "./.cairn/changes/thin-cli-composition-root/evidence/validation-2026-09-03/cli-family-parity-after/build.stderr"
        },
        {
          "content_hash": "134244e29ca269335f96aa26f5a5f5b0d2ac97530335917a882b0be8d1235c67",
          "exists": true,
          "path": "./.cairn/changes/thin-cli-composition-root/evidence/validation-2026-09-03/cli-family-parity-after/build.stdout"
        },
        {
          "content_hash": "4a5ed0456f4c96918cfa931062a614e256dc81ef868eb57e929fad77f3296dad",
          "exists": true,
          "path": "./.cairn/changes/thin-cli-composition-root/evidence/validation-2026-09-03/cli-family-parity-after/conflicting-output.stderr"
        },
        {
          "content_hash": "af1349b9f5f9a1a6a0404dea36dcc9499bcb25c9adc112b7cc9a93cae41f3262",
          "exists": true,
          "path": "./.cairn/changes/thin-cli-composition-root/evidence/validation-2026-09-03/cli-family-parity-after/conflicting-output.stdout"
        },
        {
          "content_hash": "c8b36af575a867d59f3f290d7ca4e379cce3e2560a97a9316519dbc5dfab1006",
          "exists": true,
          "path": "./.cairn/changes/thin-cli-composition-root/evidence/validation-2026-09-03/cli-family-parity-after/invalid-build.stderr"
        },
        {
          "content_hash": "af1349b9f5f9a1a6a0404dea36dcc9499bcb25c9adc112b7cc9a93cae41f3262",
          "exists": true,
          "path": "./.cairn/changes/thin-cli-composition-root/evidence/validation-2026-09-03/cli-family-parity-after/invalid-build.stdout"
        },
        {
          "content_hash": "04993d806d317478dd5e4b6d5011e71afa158c2f572149f591605dfcbf9b6fa6",
          "exists": true,
          "path": "./.cairn/changes/thin-cli-composition-root/evidence/validation-2026-09-03/cli-family-parity-after/manifest.json"
        },
        {
          "content_hash": "af1349b9f5f9a1a6a0404dea36dcc9499bcb25c9adc112b7cc9a93cae41f3262",
          "exists": true,
          "path": "./.cairn/changes/thin-cli-composition-root/evidence/validation-2026-09-03/cli-family-parity-after/plan.stderr"
        },
        {
          "content_hash": "134244e29ca269335f96aa26f5a5f5b0d2ac97530335917a882b0be8d1235c67",
          "exists": true,
          "path": "./.cairn/changes/thin-cli-composition-root/evidence/validation-2026-09-03/cli-family-parity-after/plan.stdout"
        },
        {
          "content_hash": "af1349b9f5f9a1a6a0404dea36dcc9499bcb25c9adc112b7cc9a93cae41f3262",
          "exists": true,
          "path": "./.cairn/changes/thin-cli-composition-root/evidence/validation-2026-09-03/cli-family-parity-after/project.stderr"
        },
        {
          "content_hash": "988c79320425d21bb6d20f7558b26517ea6ec70d2c3c82ef3e1d4dff8d64841e",
          "exists": true,
          "path": "./.cairn/changes/thin-cli-composition-root/evidence/validation-2026-09-03/cli-family-parity-after/project.stdout"
        },
        {
          "content_hash": "af1349b9f5f9a1a6a0404dea36dcc9499bcb25c9adc112b7cc9a93cae41f3262",
          "exists": true,
          "path": "./.cairn/changes/thin-cli-composition-root/evidence/validation-2026-09-03/cli-family-parity-after/release.stderr"
        },
        {
          "content_hash": "4d8fba92b4028d97388eef27ee1f7f3af23cf72ca7d8b9e44602866fda0f8f6f",
          "exists": true,
          "path": "./.cairn/changes/thin-cli-composition-root/evidence/validation-2026-09-03/cli-family-parity-after/release.stdout"
        },
        {
          "content_hash": "af1349b9f5f9a1a6a0404dea36dcc9499bcb25c9adc112b7cc9a93cae41f3262",
          "exists": true,
          "path": "./.cairn/changes/thin-cli-composition-root/evidence/validation-2026-09-03/cli-family-parity-after/remote-build.stderr"
        },
        {
          "content_hash": "8532ca192ec98136c7fbfe168253854d19999bf921c1f4ff58f60a4e6522709f",
          "exists": true,
          "path": "./.cairn/changes/thin-cli-composition-root/evidence/validation-2026-09-03/cli-family-parity-after/remote-build.stdout"
        },
        {
          "content_hash": "af1349b9f5f9a1a6a0404dea36dcc9499bcb25c9adc112b7cc9a93cae41f3262",
          "exists": true,
          "path": "./.cairn/changes/thin-cli-composition-root/evidence/validation-2026-09-03/cli-family-parity-after/rust-plan.stderr"
        },
        {
          "content_hash": "4674f7aba1651e18ebf081d1382310531594dab5174a45c75888cfc63af72e67",
          "exists": true,
          "path": "./.cairn/changes/thin-cli-composition-root/evidence/validation-2026-09-03/cli-family-parity-after/rust-plan.stdout"
        },
        {
          "content_hash": "af1349b9f5f9a1a6a0404dea36dcc9499bcb25c9adc112b7cc9a93cae41f3262",
          "exists": true,
          "path": "./.cairn/changes/thin-cli-composition-root/evidence/validation-2026-09-03/cli-family-parity-after/source.stderr"
        },
        {
          "content_hash": "37eb6532f02121ad335eb9b978e1bc5f2c83b23b1cb9c268e691e70fc8047150",
          "exists": true,
          "path": "./.cairn/changes/thin-cli-composition-root/evidence/validation-2026-09-03/cli-family-parity-after/source.stdout"
        },
        {
          "content_hash": "af1349b9f5f9a1a6a0404dea36dcc9499bcb25c9adc112b7cc9a93cae41f3262",
          "exists": true,
          "path": "./.cairn/changes/thin-cli-composition-root/evidence/validation-2026-09-03/cli-family-parity-after/store.stderr"
        },
        {
          "content_hash": "0729529e7da5b6973626083b7e2cf2314910f1150b85a0b39ffa680cc3125213",
          "exists": true,
          "path": "./.cairn/changes/thin-cli-composition-root/evidence/validation-2026-09-03/cli-family-parity-after/store.stdout"
        },
        {
          "content_hash": "af1349b9f5f9a1a6a0404dea36dcc9499bcb25c9adc112b7cc9a93cae41f3262",
          "exists": true,
          "path": "./.cairn/changes/thin-cli-composition-root/evidence/validation-2026-09-03/cli-family-parity.diff"
        },
        {
          "content_hash": "494d922b356630574ec1e673d945f3b8bd4a8477a00eff19bdaec546d2e6dc64",
          "exists": true,
          "path": "./.cairn/changes/thin-cli-composition-root/evidence/validation-2026-09-03/command-parity.command.txt"
        },
        {
          "content_hash": "c963ac7afb9f01ca4833b2bf363fedbf6362832cab0120072e6ba4cb3f46aa2a",
          "exists": true,
          "path": "./.cairn/changes/thin-cli-composition-root/evidence/validation-2026-09-03/command-parity.manifest-blake3.txt"
        },
        {
          "content_hash": "e0f7377dfea2e9f585e3ba85b24f9cff918fe5a4ac5b21549ae6ae0fdddbf07f",
          "exists": true,
          "path": "./.cairn/changes/thin-cli-composition-root/evidence/validation-2026-09-03/compile-fail.command.txt"
        },
        {
          "content_hash": "1c81a3fa3a7a181e7d5318259085e0700c7ba54632de6f0df01e4e89cd56be41",
          "exists": true,
          "path": "./.cairn/changes/thin-cli-composition-root/evidence/validation-2026-09-03/compile-fail.log"
        },
        {
          "content_hash": "7a1104acca9e30d6c5bb661e742bd6c47cc7fe32f0c9cd482d042bbc795ccdfb",
          "exists": true,
          "path": "./.cairn/changes/thin-cli-composition-root/evidence/validation-2026-09-03/focused-tests.command.txt"
        },
        {
          "content_hash": "4536a0d74f9c4e6ae8cd5534edaa520607c82a0060b36e608a77f8081952e1e3",
          "exists": true,
          "path": "./.cairn/changes/thin-cli-composition-root/evidence/validation-2026-09-03/focused-tests.log"
        },
        {
          "content_hash": "828da6df0af11582ae61168a4ee29bdccda2960385faeea597e355c3abe3cce7",
          "exists": true,
          "path": "./.cairn/changes/thin-cli-composition-root/evidence/validation-2026-09-03/quality-commands.txt"
        },
        {
          "content_hash": "85411d9dca549385596c20d3fda76795c23dafb69913571a1c4411db85b571d0",
          "exists": true,
          "path": "./.cairn/changes/thin-cli-composition-root/evidence/validation-2026-09-03/summary.md"
        },
        {
          "content_hash": "22c3df7efbcecf7875faec716100943490824c3752d3447aad6571780ada67d3",
          "exists": true,
          "path": "./.cairn/changes/thin-cli-composition-root/proposal.md"
        },
        {
          "content_hash": "1deb8d8991540219968abaccae13dd4e54d67aa648ec024e9bb6959fe5d71b8c",
          "exists": true,
          "path": "./.cairn/changes/thin-cli-composition-root/specs/application-architecture/spec.md"
        },
        {
          "content_hash": "453d33ab1b8df160271c844da223bf37ccdc2f1497cddc1ac119c132ed5129a2",
          "exists": true,
          "path": "./.cairn/changes/thin-cli-composition-root/tasks.md"
        }
      ],
      "manifest_hash": "678c1a296733d7ecc69e550ca866e66aa46727f8da765120af685b38d4af8665"
    },
    "kind": "archive",
    "manifest_hash": "f04f75064d09b9afce68f2c566955ff6aed953a77396d5bf0f546fea76a8c84f"
  },
  "plan_hash": "c2ec62f981ba30d5ce9775f63ae2fa34927520e56258d9251024f690d20ca228",
  "policy": "mantle-default",
  "policy_hash": "69891b1b46c1b38dad36043d5603ad45768bbeb4bc61ad10b72bc0cbabadb0d7",
  "reasons": [],
  "receipt_hash": "925fa264993e4d9bd2d0195a61cd0a9b2495c94d6d872d7fa076899ca7f430a1"
}
