evaluating flake...
checking flake output 'packages'...
checking derivation packages.x86_64-linux.wasi-virt...
derivation evaluated to /nix/store/cacsszdc86gnw4lccv1kiwip8dljz8r9-wasi-virt-0.2.0.drv
checking derivation packages.x86_64-linux.default...
derivation evaluated to /nix/store/8l1nzb2ank6gwcccjjr7gdcj8c47ac68-mantle-0.1.0.drv
checking derivation packages.x86_64-linux.crunch...
derivation evaluated to /nix/store/8l1nzb2ank6gwcccjjr7gdcj8c47ac68-mantle-0.1.0.drv
checking derivation packages.x86_64-linux.ast-grep-toolchain...
derivation evaluated to /nix/store/hwz43xm09gs5v38a4pfyc2dhs5n9h1pj-mantle-ast-grep-toolchain-0.42.1.drv
checking derivation packages.x86_64-linux.ast-grep-package-identity...
derivation evaluated to /nix/store/6f1xqfw3dc0hca3x412qqcgb4cca9d99-mantle-ast-grep-package-identity-smoke.drv
checking derivation packages.x86_64-linux.nickel...
derivation evaluated to /nix/store/mgf4mizpx3zngjhbqpj4cdz6zn1wp7f3-nickel-lang-rev-fixup-1.17.0.drv
checking derivation packages.x86_64-linux.wasm-component-toolchain...
derivation evaluated to /nix/store/skwkzzc8khiw49fjp2l73d5m4x4m88y6-mantle-wasm-component-toolchain-v1.drv
checking derivation packages.x86_64-linux.wasm-component-toolchain-identity...
derivation evaluated to /nix/store/nrf64w472p89kb8q03zw8wf5hx0198c0-mantle-wasm-component-toolchain-identity.drv
checking derivation packages.x86_64-linux.wasm-component-toolchain-compatibility...
derivation evaluated to /nix/store/lax220sgd6bf2raarrl38cg9clbdgspm-mantle-wasm-component-toolchain-compatibility.drv
checking derivation packages.x86_64-linux.mantle-transcript-quality...
derivation evaluated to /nix/store/pq9invi172sk5dwpj1vn4g2wmsmbjfl5-mantle-transcript-quality-nextest-0.1.0.drv
checking derivation packages.x86_64-linux.release-nix-witness-quality...
derivation evaluated to /nix/store/03n706ypdk1ys9fba85hw98nn0khlbpx-crunch-release-nix-witness-quality-nextest-0.1.0.drv
checking derivation packages.x86_64-linux.check-nickel-configs...
derivation evaluated to /nix/store/srbs2g56q3d7mcsyhfcjxndn3hh4byrc-check-nickel-configs.drv
checking derivation packages.x86_64-linux.check-store-retention-policy...
derivation evaluated to /nix/store/i1pqkin9jgwqzkrlh34qqgrqy6r47ijs-check-store-retention-policy.drv
checking derivation packages.x86_64-linux.check-store-overlay-policy...
derivation evaluated to /nix/store/9wbldpqaq54qvhdar9az2s7wy8mhx2f2-check-store-overlay-policy.drv
checking derivation packages.x86_64-linux.oci-distribution-registry...
derivation evaluated to /nix/store/7h1b5w2s2gqhb0dgmiydw4xcl2blxnnv-distribution-3.1.0.drv
checking derivation packages.x86_64-linux.rustc-wrapper...
derivation evaluated to /nix/store/35qsxzbxgqx3vjzgkwz7mlbwm376p8ac-mantle-rustc-wrapper-0.1.0.drv
checking derivation packages.x86_64-linux.kernelscript-compiler...
derivation evaluated to /nix/store/z1dps3ryzhmn8iyx6jnpfyxfqlnzqpzq-ocaml5.2.1-kernelscript-0.1.2.drv
checking derivation packages.x86_64-linux.kernelscript-core-adapter...
derivation evaluated to /nix/store/da5z4w3r30lmpnfvbw9k5i0gf7dn6v9p-crunch-kernelscript-adapter-0.1.0.drv
checking derivation packages.x86_64-linux.kernelscript-production...
derivation evaluated to /nix/store/a2qfxqcrx58l2cpw26safbryk66ybavv-mantle-kernelscript-production-artifacts.drv
checking derivation packages.x86_64-linux.kernelscript-production-cohort...
derivation evaluated to /nix/store/6h6vhrvxjih12drnq69i7fp8sq1792q8-mantle-kernelscript-production-cohort.drv
checking derivation packages.x86_64-linux.kernelscript-production-shell...
derivation evaluated to /nix/store/8y2dym6pah1dmi5z4xy1dw5sf31pknqa-mantle-kernelscript-production.drv
checking derivation packages.x86_64-linux.kernelscript-production-runtime-check...
derivation evaluated to /nix/store/r73pk745wrggww9wflhzc3dsxf57sq3l-vm-test-run-mantle-kernelscript-production-runtime.drv
checking derivation packages.x86_64-linux.spacewasm-reference-bundle...
derivation evaluated to /nix/store/58mdyyk7wnymnnd7bzfakqrpi0b1ny59-mantle-spacewasm-reference-bundle-e24cf09355a90497148eb5029fdb8e3400bd63e3.drv
checking derivation packages.x86_64-linux.spacewasm-reference-bundler...
derivation evaluated to /nix/store/5zy41qxrhp4yi8s31fnvbvw1s3aibcpw-mantle-spacewasm-reference-bundler-0.1.0.drv
checking derivation packages.x86_64-linux.spacewasm-reference-evidence...
derivation evaluated to /nix/store/imiig80j09fxg2nv2qkyrw4zzmazj9j9-spacewasm-e24cf09355a90497148eb5029fdb8e3400bd63e3-evidence.drv
checking derivation packages.x86_64-linux.spacewasm-reference-rust-toolchain...
derivation evaluated to /nix/store/ib3maa2zj4d9ikmlx4x15xaiz9vxh55r-rust-minimal-1.91.1.drv
checking flake output 'apps'...
checking app 'apps.x86_64-linux.tigerstyle'...
warning: app 'apps.x86_64-linux.tigerstyle' lacks attribute 'meta'
checking flake output 'checks'...
checking derivation checks.x86_64-linux.tigerstyle...
derivation evaluated to /nix/store/24adgj6pg6gay48clhdh8zv3an73fp6m-tigerstyle-consumer-check.drv
checking derivation checks.x86_64-linux.crunch...
derivation evaluated to /nix/store/8l1nzb2ank6gwcccjjr7gdcj8c47ac68-mantle-0.1.0.drv
checking derivation checks.x86_64-linux.ast-grep-package-identity...
derivation evaluated to /nix/store/6f1xqfw3dc0hca3x412qqcgb4cca9d99-mantle-ast-grep-package-identity-smoke.drv
checking derivation checks.x86_64-linux.wasm-component-toolchain-identity...
derivation evaluated to /nix/store/nrf64w472p89kb8q03zw8wf5hx0198c0-mantle-wasm-component-toolchain-identity.drv
checking derivation checks.x86_64-linux.wasm-component-toolchain-compatibility...
derivation evaluated to /nix/store/lax220sgd6bf2raarrl38cg9clbdgspm-mantle-wasm-component-toolchain-compatibility.drv
checking derivation checks.x86_64-linux.mantle-transcript-quality...
derivation evaluated to /nix/store/pq9invi172sk5dwpj1vn4g2wmsmbjfl5-mantle-transcript-quality-nextest-0.1.0.drv
checking derivation checks.x86_64-linux.release-nix-witness-quality...
derivation evaluated to /nix/store/03n706ypdk1ys9fba85hw98nn0khlbpx-crunch-release-nix-witness-quality-nextest-0.1.0.drv
checking derivation checks.x86_64-linux.kernelscript-production...
derivation evaluated to /nix/store/5afgsp29lzzkrbp8k2wgx1c25ii84d5p-mantle-kernelscript-production-structural-check.drv
checking derivation checks.x86_64-linux.spacewasm-reference-bundle...
derivation evaluated to /nix/store/58mdyyk7wnymnnd7bzfakqrpi0b1ny59-mantle-spacewasm-reference-bundle-e24cf09355a90497148eb5029fdb8e3400bd63e3.drv
checking derivation checks.x86_64-linux.bounded-tree-source-admission...
derivation evaluated to /nix/store/khfbiz488wya0xpm4ycd3brpxhiqw1p7-mantle-bounded-tree-source-admission.drv
checking derivation checks.x86_64-linux.transactional-reconciliation-source-admission...
derivation evaluated to /nix/store/49j0rng9r91bjqg2vnn043p0s2wm6nli-mantle-transactional-reconciliation-source-admission.drv
checking derivation checks.x86_64-linux.bootstrap-blocker-inventory...
derivation evaluated to /nix/store/pzx041xzhzv29k848f5c0bvq7d843r35-bootstrap-blocker-inventory.drv
checking derivation checks.x86_64-linux.nickel-cohort...
derivation evaluated to /nix/store/1b8mi7w3z0dqs70fjfassjry65hqrma8-mantle-nickel-cohort-check-0.1.0.drv
checking derivation checks.x86_64-linux.nickel-export-core-pin...
derivation evaluated to /nix/store/pfc0zzshw4c9pyrjs43357dnqrbz8c73-mantle-nickel-export-core-pin.drv
checking derivation checks.x86_64-linux.store-capability-architecture...
derivation evaluated to /nix/store/4wxypf2in17fm1xcn1pgqsl1bbdi8wg8-mantle-store-capability-architecture-check-0.1.0.drv
checking derivation checks.x86_64-linux.remote-hexagon-architecture...
derivation evaluated to /nix/store/axd00r4j5x9f2j1yifg8ljhklpwb7dxr-mantle-remote-hexagon-architecture-check-0.1.0.drv
checking derivation checks.x86_64-linux.rust-plan-hexagon-architecture...
derivation evaluated to /nix/store/v4z2027njs4zhzpphx58kh37mb3hh9cc-mantle-rust-plan-hexagon-architecture-check-0.1.0.drv
checking derivation checks.x86_64-linux.build-planning-architecture...
derivation evaluated to /nix/store/i0iy6y8w6k44ydlq00bsh0isyjib6qpq-mantle-build-planning-architecture-check-0.1.0.drv
checking derivation checks.x86_64-linux.cli-application-architecture...
derivation evaluated to /nix/store/v1lp0qxkgxgrzrd6f93dg099h89nr7s4-mantle-cli-application-architecture-check-0.1.0.drv
checking derivation checks.x86_64-linux.content-bound-requirement-source-closure...
derivation evaluated to /nix/store/yx0azawnwdvl4b0mn4rb01104g20a5vp-mantle-content-bound-requirement-source-closure.drv
checking derivation checks.x86_64-linux.content-bound-requirement-evidence...
derivation evaluated to /nix/store/qsb2gc3xqy1bai8axqa5hjpsg320nyq3-mantle-content-bound-requirement-evidence.drv
checking derivation checks.x86_64-linux.store-retention-policy...
derivation evaluated to /nix/store/g18n189d1slm0vl7a8ibqyx9ns21dlnv-mantle-store-retention-policy.drv
checking derivation checks.x86_64-linux.store-overlay-policy...
derivation evaluated to /nix/store/yqwrvswbfckcj541bfb89p5hwmmnca97-mantle-store-overlay-policy.drv
checking derivation checks.x86_64-linux.release-determinism-quality...
derivation evaluated to /nix/store/9hy09sy04bq3nqyk5xxk86pz4hlyqj7m-crunch-release-determinism-quality-nextest-0.1.0.drv
checking derivation checks.x86_64-linux.artifact-auth-radicle-cutover...
derivation evaluated to /nix/store/yhyk5g7ww3b9kil9psyvjf311azwrq1z-mantle-artifact-auth-radicle-cutover.drv
checking derivation checks.x86_64-linux.durable-file-publication-adoption...
derivation evaluated to /nix/store/r0qwfs5dhvxivqq1imq4qr6xyy8yap5i-mantle-durable-file-publication-adoption.drv
checking derivation checks.x86_64-linux.remote-core...
derivation evaluated to /nix/store/0shi5gqx99pzhdsi4ilzx51q044blqbp-mantle-test-0.1.0.drv
checking derivation checks.x86_64-linux.remote-core-wasm...
derivation evaluated to /nix/store/g94kjsh4r84cz28bdvhxb0bbdr7d0dh5-mantle-build-0.1.0.drv
checking derivation checks.x86_64-linux.rust-plan-core...
derivation evaluated to /nix/store/yf8vn8c4n6hdax3bxnsn592agyy784br-mantle-test-0.1.0.drv
checking derivation checks.x86_64-linux.rust-plan-core-wasm...
derivation evaluated to /nix/store/b0bax9xar11gbr2aaw7y336vk99jvkg4-mantle-build-0.1.0.drv
checking derivation checks.x86_64-linux.build-planning-core...
derivation evaluated to /nix/store/z8sh8rryiirshcpbwrdpp4j51jx518l1-mantle-test-0.1.0.drv
checking derivation checks.x86_64-linux.build-planning-core-wasm...
derivation evaluated to /nix/store/85hxqav7yc9yjdm9a8yarqi3n9hg79vg-mantle-build-0.1.0.drv
checking derivation checks.x86_64-linux.application-core...
derivation evaluated to /nix/store/vzbsi9ahp0rzrbpbyz97lg5dcbr6q8ja-mantle-test-0.1.0.drv
checking derivation checks.x86_64-linux.application-core-wasm...
derivation evaluated to /nix/store/4ak3qdja8z1b7xnis4v3482ylaz3whn6-mantle-build-0.1.0.drv
checking derivation checks.x86_64-linux.mantle-build-contract...
derivation evaluated to /nix/store/5kg2idjz8ah37da42bga9saqqz85nfq1-mantle-test-0.1.0.drv
checking derivation checks.x86_64-linux.mantle-build-contract-wasm...
derivation evaluated to /nix/store/33k9987vll649z93qxj54jvabbrg0wxc-mantle-build-0.1.0.drv
checking derivation checks.x86_64-linux.mantle-build-contract-nickel...
derivation evaluated to /nix/store/z8l0lvnm83iz9cvpafjlbwz3ihzv9aa3-mantle-build-contract-nickel.drv
checking derivation checks.x86_64-linux.nextest...
derivation evaluated to /nix/store/qw34b0y2y82wpb344dnx1nr2gal0a45h-mantle-nextest-0.1.0.drv
checking derivation checks.x86_64-linux.clippy...
derivation evaluated to /nix/store/04si0cz9gl93dqwg2v3fkc9qfi48p3vg-mantle-clippy-0.1.0.drv
checking derivation checks.x86_64-linux.fmt...
derivation evaluated to /nix/store/dh31bsfz7g69kk8kyk5k4i5qd5v50kgr-mantle-fmt-0.1.0.drv
checking derivation checks.x86_64-linux.spacewasm-reference-profile...
derivation evaluated to /nix/store/l7afrlfqdkbk2kr6cc4b3cz71mfvyqgr-spacewasm-reference-profile-export.drv
checking derivation checks.x86_64-linux.spacewasm-reference-host-library...
derivation evaluated to /nix/store/w4jrclscwbypndanjqk3q80n0ms9vmq7-spacewasm-e24cf09355a90497148eb5029fdb8e3400bd63e3-host-library.drv
checking derivation checks.x86_64-linux.spacewasm-reference-wasm-library...
derivation evaluated to /nix/store/55qq4aiiy3kl1vn7m0m6bhbwkrj8viin-spacewasm-e24cf09355a90497148eb5029fdb8e3400bd63e3-wasm-library.drv
checking derivation checks.x86_64-linux.spacewasm-reference-host-runner...
derivation evaluated to /nix/store/nhq1j51vr6f2c3hyizpym9gqv7kdlyhg-spacewasm-e24cf09355a90497148eb5029fdb8e3400bd63e3-diagnostic-runner.drv
checking derivation checks.x86_64-linux.spacewasm-reference-upstream-unit-tests...
derivation evaluated to /nix/store/d32qk66pm2qmpp0dbjqsyv9v0qcyrn63-spacewasm-e24cf09355a90497148eb5029fdb8e3400bd63e3-unit-tests.drv
checking derivation checks.x86_64-linux.spacewasm-reference-spectest-address...
derivation evaluated to /nix/store/idj54q1da8w21x0c59p8ay7vxnh2gin6-spacewasm-e24cf09355a90497148eb5029fdb8e3400bd63e3-spectest-address.drv
checking derivation checks.x86_64-linux.spacewasm-reference-fixtures...
derivation evaluated to /nix/store/1i1y5ni7ivf7bnhdb2z8i0kpsbkl0x2j-spacewasm-e24cf09355a90497148eb5029fdb8e3400bd63e3-fixture-report.drv
checking derivation checks.x86_64-linux.spacewasm-reference-negative...
derivation evaluated to /nix/store/6p0ana9vradxplf1as1rb12n67am2gdr-mantle-spacewasm-reference-negative-check.drv
checking flake output 'devShells'...
checking derivation devShells.x86_64-linux.default...
derivation evaluated to /nix/store/79yv04c8ffnzjj4jjgkrnr9adhf084im-nix-shell.drv
all checks passed!
warning: The check omitted these incompatible systems: aarch64-darwin, aarch64-linux, x86_64-darwin
Use '--all-systems' to check all.
