{
  "actions": [
    {
      "description": "merge delta spec into main specs: /home/brittonr/git/OnixResearch/.worktrees/mantle-resolve-mantlepkgs-version-revisions/cairn/changes/resolve-mantlepkgs-version-revisions/specs/mantlepkgs-version-resolution/spec.md",
      "kind": "sync_delta_spec",
      "path": "/home/brittonr/git/OnixResearch/.worktrees/mantle-resolve-mantlepkgs-version-revisions/cairn/changes/resolve-mantlepkgs-version-revisions/specs/mantlepkgs-version-resolution/spec.md"
    }
  ],
  "blocked": false,
  "change": "resolve-mantlepkgs-version-revisions",
  "delta_specs": [
    "/home/brittonr/git/OnixResearch/.worktrees/mantle-resolve-mantlepkgs-version-revisions/cairn/changes/resolve-mantlepkgs-version-revisions/specs/mantlepkgs-version-resolution/spec.md"
  ],
  "dry_run": true,
  "input_hash": "b7c98d518da59f158d26c7de2e4797b7eb507649cd4810878ba0cb72ddd36d44",
  "layout": "cairn",
  "mutated": false,
  "mutation_manifest": null,
  "plan_hash": "c12a390e57f58ac72c5813da8fc26af89128da418e7e0b7877124086a2ed6970",
  "policy": "mantle-default",
  "policy_hash": "810cfa56991a9d1f10038ca79bf9a7a0996a2ee756c4e62324f1cd3f8628c848",
  "reasons": [],
  "receipt_hash": "67df0beb62bac7d3290318fe3eaef552dfd11d1fe96d008e598b225ecc66719e"
}
