Generated signing key: crunch-britton-desktop-1 (/home/brittonr/git/crunch/crunch/.pi/worktrees/session-1777419117392-yvw4/target/live-part-stage0-posix/config/signing-key)
2026-04-28T23:36:51.085628Z  INFO crunch_store::handle: blob service opened path=/home/brittonr/git/crunch/crunch/.pi/worktrees/session-1777419117392-yvw4/target/live-part-stage0-posix/state/blobs
2026-04-28T23:36:51.085915Z  INFO redb::db: Opening database "FileBackend { lock_supported: true, file: File { fd: 10, path: \"/home/brittonr/git/crunch/crunch/.pi/worktrees/session-1777419117392-yvw4/target/live-part-stage0-posix/state/directories.redb\", read: true, write: true } }"
2026-04-28T23:36:51.090410Z  WARN redb::db: Database "FileBackend { lock_supported: true, file: File { fd: 10, path: \"/home/brittonr/git/crunch/crunch/.pi/worktrees/session-1777419117392-yvw4/target/live-part-stage0-posix/state/directories.redb\", read: true, write: true } }" not shutdown cleanly. Repairing
2026-04-28T23:36:51.096477Z  INFO redb::db: Opening database "FileBackend { lock_supported: true, file: File { fd: 11, path: \"/home/brittonr/git/crunch/crunch/.pi/worktrees/session-1777419117392-yvw4/target/live-part-stage0-posix/state/pathinfo.redb\", read: true, write: true } }"
2026-04-28T23:36:51.099754Z  WARN redb::db: Database "FileBackend { lock_supported: true, file: File { fd: 11, path: \"/home/brittonr/git/crunch/crunch/.pi/worktrees/session-1777419117392-yvw4/target/live-part-stage0-posix/state/pathinfo.redb\", read: true, write: true } }" not shutdown cleanly. Repairing
2026-04-28T23:36:51.105483Z  INFO crunch_store::handle: PathInfo database opened path=/home/brittonr/git/crunch/crunch/.pi/worktrees/session-1777419117392-yvw4/target/live-part-stage0-posix/state/pathinfo.redb
2026-04-28T23:36:51.105588Z  INFO crunch_build::worker: worker streaming started jobs=1
2026-04-28T23:36:51.161168Z  INFO crunch_pipeline: converted, sending to worker drv=rz849galkdm397dpqxagcpa1rn3rr2cy-stage0-posix.drv label=stage0-posix entries=8
2026-04-28T23:36:51.161662Z  INFO crunch_build::orchestrate: building drv=M2-Mesoplanet.drv
2026-04-28T23:36:51.161828Z  INFO crunch_build::fetch_build_service: fetching git url=https://github.com/oriansj/M2-Mesoplanet.git rev=4b011a85da73
2026-04-28T23:36:51.161837Z  INFO crunch_build::orchestrate: building drv=mescc-tools-extra.drv
2026-04-28T23:36:51.162021Z  INFO crunch_build::orchestrate: building drv=M2libc.drv
2026-04-28T23:36:51.162100Z  INFO crunch_build::orchestrate: building drv=mescc-tools.drv
2026-04-28T23:36:51.162170Z  INFO crunch_build::orchestrate: building drv=bootstrap-seeds.drv
2026-04-28T23:36:51.162238Z  INFO crunch_build::orchestrate: building drv=stage0-posix-amd64.drv
2026-04-28T23:36:51.162305Z  INFO crunch_build::orchestrate: building drv=M2-Planet.drv
2026-04-28T23:36:51.558180Z  INFO crunch_build::fetcher: git fetch complete url="https://github.com/oriansj/M2-Mesoplanet.git" rev="4b011a85da73" out="/tmp/.tmpkCC9KE/output"
2026-04-28T23:36:51.581370Z  INFO crunch_build::fetch_build_service: fetching git url=https://github.com/oriansj/mescc-tools-extra.git rev=a151c245e512
2026-04-28T23:36:51.589830Z  INFO crunch_build::orchestrate: build succeeded drv=M2-Mesoplanet.drv outputs=["/home/brittonr/git/crunch/crunch/.pi/worktrees/session-1777419117392-yvw4/target/live-part-stage0-posix/store/3nf4wqjyh5lykxigvf9yp1ggvq13qhj4-M2-Mesoplanet"]
2026-04-28T23:36:51.986311Z  INFO crunch_build::fetcher: git fetch complete url="https://github.com/oriansj/mescc-tools-extra.git" rev="a151c245e512" out="/tmp/.tmpsiefel/output"
2026-04-28T23:36:52.009118Z  INFO crunch_build::fetch_build_service: fetching git url=https://github.com/oriansj/M2libc.git rev=68a23cfd05d5
2026-04-28T23:36:52.020552Z  INFO crunch_build::orchestrate: build succeeded drv=mescc-tools-extra.drv outputs=["/home/brittonr/git/crunch/crunch/.pi/worktrees/session-1777419117392-yvw4/target/live-part-stage0-posix/store/hqvrdrs1yn8lwvnsv61v47sjl1cp8csn-mescc-tools-extra"]
2026-04-28T23:36:52.473716Z  INFO crunch_build::fetcher: git fetch complete url="https://github.com/oriansj/M2libc.git" rev="68a23cfd05d5" out="/tmp/.tmpILguya/output"
2026-04-28T23:36:52.519192Z  INFO crunch_build::fetch_build_service: fetching git url=https://git.savannah.nongnu.org/git/mescc-tools.git rev=5adfbf336426
2026-04-28T23:36:52.536239Z  INFO crunch_build::orchestrate: build succeeded drv=M2libc.drv outputs=["/home/brittonr/git/crunch/crunch/.pi/worktrees/session-1777419117392-yvw4/target/live-part-stage0-posix/store/q2jc8ih2zp8c9w2gsf5wnxmdamfh27p4-M2libc"]
2026-04-28T23:36:53.804105Z  INFO crunch_build::fetcher: git fetch complete url="https://git.savannah.nongnu.org/git/mescc-tools.git" rev="5adfbf336426" out="/tmp/.tmpvRBm65/output"
2026-04-28T23:36:53.848994Z  INFO crunch_build::fetch_build_service: fetching git url=https://github.com/oriansj/bootstrap-seeds.git rev=cedec6b8066d
2026-04-28T23:36:53.873680Z  INFO crunch_build::orchestrate: build succeeded drv=mescc-tools.drv outputs=["/home/brittonr/git/crunch/crunch/.pi/worktrees/session-1777419117392-yvw4/target/live-part-stage0-posix/store/zakiab0cbb3vyg3p52dnwrgylb7zl76q-mescc-tools"]
2026-04-28T23:36:54.241224Z  INFO crunch_build::fetcher: git fetch complete url="https://github.com/oriansj/bootstrap-seeds.git" rev="cedec6b8066d" out="/tmp/.tmpQmsTgR/output"
2026-04-28T23:36:54.269330Z  INFO crunch_build::fetch_build_service: fetching git url=https://github.com/oriansj/stage0-posix-amd64.git rev=82efa0d6be1c
2026-04-28T23:36:54.278811Z  INFO crunch_build::orchestrate: build succeeded drv=bootstrap-seeds.drv outputs=["/home/brittonr/git/crunch/crunch/.pi/worktrees/session-1777419117392-yvw4/target/live-part-stage0-posix/store/gkxas7d1i0b1q98w2za0475xa9lxh2qf-bootstrap-seeds"]
2026-04-28T23:36:54.805697Z  INFO crunch_build::fetcher: git fetch complete url="https://github.com/oriansj/stage0-posix-amd64.git" rev="82efa0d6be1c" out="/tmp/.tmpRlnGX3/output"
2026-04-28T23:36:54.841100Z  INFO crunch_build::fetch_build_service: fetching git url=https://github.com/oriansj/M2-Planet.git rev=bd2fe4b0659f
2026-04-28T23:36:54.860579Z  INFO crunch_build::orchestrate: build succeeded drv=stage0-posix-amd64.drv outputs=["/home/brittonr/git/crunch/crunch/.pi/worktrees/session-1777419117392-yvw4/target/live-part-stage0-posix/store/gwglxhll4jjm9gxy40r8w5glm3klff4g-stage0-posix-amd64"]
2026-04-28T23:36:55.798254Z  INFO crunch_build::fetcher: git fetch complete url="https://github.com/oriansj/M2-Planet.git" rev="bd2fe4b0659f" out="/tmp/.tmps8HYPL/output"
2026-04-28T23:36:55.898795Z  INFO crunch_build::orchestrate: build succeeded drv=M2-Planet.drv outputs=["/home/brittonr/git/crunch/crunch/.pi/worktrees/session-1777419117392-yvw4/target/live-part-stage0-posix/store/5jgzdfavmjzgid6pfa1snrz20yyfsjik-M2-Planet"]
2026-04-28T23:36:55.899182Z  INFO crunch_build::orchestrate: building drv=stage0-posix.drv
2026-04-28T23:36:55.899395Z  INFO do_build: snix_build::buildservice::bwrap: Starting bwrap build build_name=a6bb2a86-23dc-4eb1-b4f8-bb55189c43d1 sandbox_path=/tmp/crunch-builds/a6bb2a86-23dc-4eb1-b4f8-bb55189c43d1-fFXOOL
2026-04-28T23:36:55.910792Z  INFO do_build:new{num_threads=4 allow_other=false mountpoint="/tmp/crunch-builds/a6bb2a86-23dc-4eb1-b4f8-bb55189c43d1-fFXOOL/host_inputs_dir"}: fuse_backend_rs::transport::fusedev::linux_session: mount source snix-castore dest /tmp/crunch-builds/a6bb2a86-23dc-4eb1-b4f8-bb55189c43d1-fFXOOL/host_inputs_dir with fstype fuse opts default_permissions,fd=12,rootmode=40000,user_id=1555,group_id=998 fd 12
2026-04-28T23:36:55.910840Z  INFO do_build:new{num_threads=4 allow_other=false mountpoint="/tmp/crunch-builds/a6bb2a86-23dc-4eb1-b4f8-bb55189c43d1-fFXOOL/host_inputs_dir"}: fuse_backend_rs::transport::fusedev::linux_session: fuse_fusermount_mount: raw opts=default_permissions,fd=12,rootmode=40000,user_id=1555,group_id=998
2026-04-28T23:36:55.910862Z  INFO do_build:new{num_threads=4 allow_other=false mountpoint="/tmp/crunch-builds/a6bb2a86-23dc-4eb1-b4f8-bb55189c43d1-fFXOOL/host_inputs_dir"}: fuse_backend_rs::transport::fusedev::linux_session: fuse_fusermount_mount: cleaned opts=fsname=snix-castore,default_permissions,ro,nosuid,nodev,exec,async,noatime, fusermount=/run/wrappers/bin/fusermount3
2026-04-28T23:36:55.910877Z  INFO do_build:new{num_threads=4 allow_other=false mountpoint="/tmp/crunch-builds/a6bb2a86-23dc-4eb1-b4f8-bb55189c43d1-fFXOOL/host_inputs_dir"}: fuse_backend_rs::transport::fusedev::linux_session: fuse_fusermount_mount: _FUSE_COMMFD=13
2026-04-28T23:36:55.912685Z  INFO fuse_backend_rs::api::server::sync_io: FUSE INIT major 7 minor 45
 in_opts: ASYNC_READ | POSIX_LOCKS | ATOMIC_O_TRUNC | EXPORT_SUPPORT | BIG_WRITES | DONT_MASK | SPLICE_WRITE | SPLICE_MOVE | SPLICE_READ | FLOCK_LOCKS | HAS_IOCTL_DIR | AUTO_INVAL_DATA | DO_READDIRPLUS | READDIRPLUS_AUTO | ASYNC_DIO | WRITEBACK_CACHE | ZERO_MESSAGE_OPEN | PARALLEL_DIROPS | HANDLE_KILLPRIV | POSIX_ACL | ABORT_ERROR | MAX_PAGES | CACHE_SYMLINKS | ZERO_MESSAGE_OPENDIR | EXPLICIT_INVAL_DATA | HANDLE_KILLPRIV_V2 | INIT_EXT | PERFILE_DAX
out_opts: ASYNC_READ | DO_READDIRPLUS | READDIRPLUS_AUTO | PARALLEL_DIROPS | CACHE_SYMLINKS
2026-04-28T23:37:02.499641Z  INFO fuse_backend_rs::transport::fusedev::linux_session: FUSE channel already closed!
2026-04-28T23:37:02.499641Z  INFO fuse_backend_rs::transport::fusedev::linux_session: FUSE channel already closed!
2026-04-28T23:37:02.499641Z  INFO fuse_backend_rs::transport::fusedev::linux_session: FUSE channel already closed!
2026-04-28T23:37:02.499644Z  INFO fuse_backend_rs::transport::fusedev::linux_session: FUSE channel already closed!
2026-04-28T23:37:02.682469Z  INFO crunch_build::orchestrate: CA output path resolved drv=stage0-posix.drv output=out ca_path=/home/brittonr/git/crunch/crunch/.pi/worktrees/session-1777419117392-yvw4/target/live-part-stage0-posix/store/bkq165k4gddjp3m6mk1qvr6h0mfrhvli-stage0-posix
2026-04-28T23:37:02.713281Z  INFO crunch_build::orchestrate: build succeeded drv=stage0-posix.drv outputs=["/home/brittonr/git/crunch/crunch/.pi/worktrees/session-1777419117392-yvw4/target/live-part-stage0-posix/store/bkq165k4gddjp3m6mk1qvr6h0mfrhvli-stage0-posix"]
2026-04-28T23:37:02.713402Z  INFO crunch_build::worker: worker streaming finished completed=8 succeeded=1 failed=0 roots=1
--- build log: stage0-posix ---
 +> ./bootstrap-seeds/POSIX/AMD64/hex0-seed ./AMD64/hex0_AMD64.hex0 ./AMD64/artifact/hex0 
 +> ./AMD64/artifact/hex0 ./AMD64/kaem-minimal.hex0 ./AMD64/artifact/kaem-0 
 +> ./AMD64/artifact/hex0 ./AMD64/hex1_AMD64.hex0 ./AMD64/artifact/hex1 
 +> ./AMD64/artifact/hex1 ./AMD64/hex2_AMD64.hex1 ./AMD64/artifact/hex2-0 
 +> ./AMD64/artifact/hex2-0 ./AMD64/catm_AMD64.hex2 ./AMD64/artifact/catm 
 +> ./AMD64/artifact/catm ./AMD64/artifact/M0.hex2 ./AMD64/ELF-amd64.hex2 ./AMD64/M0_AMD64.hex2 
 +> ./AMD64/artifact/hex2-0 ./AMD64/artifact/M0.hex2 ./AMD64/artifact/M0 
 +> ./AMD64/artifact/M0 ./AMD64/cc_amd64.M1 ./AMD64/artifact/cc_amd64.hex2 
 +> ./AMD64/artifact/catm ./AMD64/artifact/cc_amd64-0.hex2 ./AMD64/ELF-amd64.hex2 ./AMD64/artifact/cc_amd64.hex2 
 +> ./AMD64/artifact/hex2-0 ./AMD64/artifact/cc_amd64-0.hex2 ./AMD64/artifact/cc_amd64 
 +> ./AMD64/artifact/catm ./AMD64/artifact/M2-0.c ./M2libc/amd64/linux/bootstrap.c ./M2-Planet/cc.h ./M2libc/bootstrappable.c ./M2-Planet/cc_globals.c ./M2-Planet/cc_reader.c ./M2-Planet/cc_strings.c ./M2-Planet/cc_types.c ./M2-Planet/cc_emit.c ./M2-Planet/cc_core.c ./M2-Planet/cc_macro.c ./M2-Planet/cc.c 
 +> ./AMD64/artifact/cc_amd64 ./AMD64/artifact/M2-0.c ./AMD64/artifact/M2-0.M1 
 +> ./AMD64/artifact/catm ./AMD64/artifact/M2-0-0.M1 ./AMD64/amd64_defs.M1 ./AMD64/libc-core.M1 ./AMD64/artifact/M2-0.M1 
 +> ./AMD64/artifact/M0 ./AMD64/artifact/M2-0-0.M1 ./AMD64/artifact/M2-0.hex2 
 +> ./AMD64/artifact/catm ./AMD64/artifact/M2-0-0.hex2 ./AMD64/ELF-amd64.hex2 ./AMD64/artifact/M2-0.hex2 
 +> ./AMD64/artifact/hex2-0 ./AMD64/artifact/M2-0-0.hex2 ./AMD64/artifact/M2 
 +> ./AMD64/artifact/M2 --architecture amd64 -f ./M2libc/amd64/linux/bootstrap.c -f ./M2libc/bootstrappable.c -f ./mescc-tools/stringify.c -f ./mescc-tools/blood-elf.c --bootstrap-mode -o ./AMD64/artifact/blood-elf-0.M1 
 +> ./AMD64/artifact/catm ./AMD64/artifact/blood-elf-0-0.M1 ./M2libc/amd64/amd64_defs.M1 ./M2libc/amd64/libc-core.M1 ./AMD64/artifact/blood-elf-0.M1 
 +> ./AMD64/artifact/M0 ./AMD64/artifact/blood-elf-0-0.M1 ./AMD64/artifact/blood-elf-0.hex2 
 +> ./AMD64/artifact/catm ./AMD64/artifact/blood-elf-0-0.hex2 ./M2libc/amd64/ELF-amd64.hex2 ./AMD64/artifact/blood-elf-0.hex2 
 +> ./AMD64/artifact/hex2-0 ./AMD64/artifact/blood-elf-0-0.hex2 ./AMD64/artifact/blood-elf-0 
 +> ./AMD64/artifact/M2 --architecture amd64 -f ./M2libc/amd64/linux/bootstrap.c -f ./M2libc/bootstrappable.c -f ./mescc-tools/stringify.c -f ./mescc-tools/M1-macro.c --bootstrap-mode --debug -o ./AMD64/artifact/M1-macro-0.M1 
 +> ./AMD64/artifact/blood-elf-0 --64 --little-endian -f ./AMD64/artifact/M1-macro-0.M1 -o ./AMD64/artifact/M1-macro-0-footer.M1 
 +> ./AMD64/artifact/catm ./AMD64/artifact/M1-macro-0-0.M1 ./M2libc/amd64/amd64_defs.M1 ./M2libc/amd64/libc-core.M1 ./AMD64/artifact/M1-macro-0.M1 ./AMD64/artifact/M1-macro-0-footer.M1 
 +> ./AMD64/artifact/M0 ./AMD64/artifact/M1-macro-0-0.M1 ./AMD64/artifact/M1-macro-0.hex2 
 +> ./AMD64/artifact/catm ./AMD64/artifact/M1-macro-0-0.hex2 ./M2libc/amd64/ELF-amd64-debug.hex2 ./AMD64/artifact/M1-macro-0.hex2 
 +> ./AMD64/artifact/hex2-0 ./AMD64/artifact/M1-macro-0-0.hex2 ./AMD64/artifact/M1-0 
 +> ./AMD64/artifact/M2 --architecture amd64 -f ./M2libc/sys/types.h -f ./M2libc/stddef.h -f ./M2libc/sys/utsname.h -f ./M2libc/amd64/linux/unistd.c -f ./M2libc/amd64/linux/fcntl.c -f ./M2libc/fcntl.c -f ./M2libc/amd64/linux/sys/stat.c -f ./M2libc/ctype.c -f ./M2libc/stdlib.c -f ./M2libc/stdarg.h -f ./M2libc/stdio.h -f ./M2libc/stdio.c -f ./M2libc/bootstrappable.c -f ./mescc-tools/hex2.h -f ./mescc-tools/hex2_linker.c -f ./mescc-tools/hex2_word.c -f ./mescc-tools/hex2.c --debug -o ./AMD64/artifact/hex2_linker-1.M1 
 +> ./AMD64/artifact/blood-elf-0 --64 --little-endian -f ./AMD64/artifact/hex2_linker-1.M1 -o ./AMD64/artifact/hex2_linker-1-footer.M1 
 +> ./AMD64/artifact/M1-0 --architecture amd64 --little-endian -f ./M2libc/amd64/amd64_defs.M1 -f ./M2libc/amd64/libc-full.M1 -f ./AMD64/artifact/hex2_linker-1.M1 -f ./AMD64/artifact/hex2_linker-1-footer.M1 -o ./AMD64/artifact/hex2_linker-1.hex2 
 +> ./AMD64/artifact/catm ./AMD64/artifact/hex2_linker-1-0.hex2 ./M2libc/amd64/ELF-amd64-debug.hex2 ./AMD64/artifact/hex2_linker-1.hex2 
 +> ./AMD64/artifact/hex2-0 ./AMD64/artifact/hex2_linker-1-0.hex2 ./AMD64/artifact/hex2-1 
 +> ./AMD64/artifact/M2 --architecture amd64 -f ./M2libc/sys/types.h -f ./M2libc/stddef.h -f ./M2libc/amd64/linux/fcntl.c -f ./M2libc/fcntl.c -f ./M2libc/sys/utsname.h -f ./M2libc/amd64/linux/unistd.c -f ./M2libc/stdarg.h -f ./M2libc/string.c -f ./M2libc/ctype.c -f ./M2libc/stdlib.c -f ./M2libc/stdio.h -f ./M2libc/stdio.c -f ./M2libc/bootstrappable.c -f ./mescc-tools/stringify.c -f ./mescc-tools/M1-macro.c --debug -o ./AMD64/artifact/M1-macro-1.M1 
 +> ./AMD64/artifact/blood-elf-0 --64 --little-endian -f ./AMD64/artifact/M1-macro-1.M1 -o ./AMD64/artifact/M1-macro-1-footer.M1 
 +> ./AMD64/artifact/M1-0 --architecture amd64 --little-endian -f ./M2libc/amd64/amd64_defs.M1 -f ./M2libc/amd64/libc-full.M1 -f ./AMD64/artifact/M1-macro-1.M1 -f ./AMD64/artifact/M1-macro-1-footer.M1 -o ./AMD64/artifact/M1-macro-1.hex2 
 +> ./AMD64/artifact/hex2-1 --architecture amd64 --little-endian --base-address 0x00600000 -f ./M2libc/amd64/ELF-amd64-debug.hex2 -f ./AMD64/artifact/M1-macro-1.hex2 -o ./AMD64/bin/M1 
 +> ./AMD64/artifact/M2 --architecture amd64 -f ./M2libc/sys/types.h -f ./M2libc/stddef.h -f ./M2libc/sys/utsname.h -f ./M2libc/amd64/linux/unistd.c -f ./M2libc/amd64/linux/fcntl.c -f ./M2libc/fcntl.c -f ./M2libc/amd64/linux/sys/stat.c -f ./M2libc/ctype.c -f ./M2libc/stdlib.c -f ./M2libc/stdarg.h -f ./M2libc/stdio.h -f ./M2libc/stdio.c -f ./M2libc/bootstrappable.c -f ./mescc-tools/hex2.h -f ./mescc-tools/hex2_linker.c -f ./mescc-tools/hex2_word.c -f ./mescc-tools/hex2.c --debug -o ./AMD64/artifact/hex2_linker-2.M1 
 +> ./AMD64/artifact/blood-elf-0 --64 --little-endian -f ./AMD64/artifact/hex2_linker-2.M1 -o ./AMD64/artifact/hex2_linker-2-footer.M1 
 +> ./AMD64/bin/M1 --architecture amd64 --little-endian -f ./M2libc/amd64/amd64_defs.M1 -f ./M2libc/amd64/libc-full.M1 -f ./AMD64/artifact/hex2_linker-2.M1 -f ./AMD64/artifact/hex2_linker-2-footer.M1 -o ./AMD64/artifact/hex2_linker-2.hex2 
 +> ./AMD64/artifact/hex2-1 --architecture amd64 --little-endian --base-address 0x00600000 -f ./M2libc/amd64/ELF-amd64-debug.hex2 -f ./AMD64/artifact/hex2_linker-2.hex2 -o ./AMD64/bin/hex2 
 +> ./AMD64/artifact/M2 --architecture amd64 -f ./M2libc/sys/types.h -f ./M2libc/stddef.h -f ./M2libc/sys/utsname.h -f ./M2libc/amd64/linux/unistd.c -f ./M2libc/amd64/linux/fcntl.c -f ./M2libc/fcntl.c -f ./M2libc/ctype.c -f ./M2libc/stdlib.c -f ./M2libc/string.c -f ./M2libc/stdarg.h -f ./M2libc/stdio.h -f ./M2libc/stdio.c -f ./M2libc/bootstrappable.c -f ./mescc-tools/Kaem/kaem.h -f ./mescc-tools/Kaem/variable.c -f ./mescc-tools/Kaem/kaem_globals.c -f ./mescc-tools/Kaem/kaem.c --debug -o ./AMD64/artifact/kaem.M1 
 +> ./AMD64/artifact/blood-elf-0 --64 --little-endian -f ./AMD64/artifact/kaem.M1 -o ./AMD64/artifact/kaem-footer.M1 
 +> ./AMD64/bin/M1 --architecture amd64 --little-endian -f ./M2libc/amd64/amd64_defs.M1 -f ./M2libc/amd64/libc-full.M1 -f ./AMD64/artifact/kaem.M1 -f ./AMD64/artifact/kaem-footer.M1 -o ./AMD64/artifact/kaem.hex2 
 +> ./AMD64/bin/hex2 --architecture amd64 --little-endian --base-address 0x00600000 -f ./M2libc/amd64/ELF-amd64-debug.hex2 -f ./AMD64/artifact/kaem.hex2 -o ./AMD64/bin/kaem 
 +> ARCH=amd64 
 +> ARCH_DIR=AMD64 
 +> M2LIBC=../M2libc 
 +> TOOLS=../AMD64/bin 
 +> BLOOD_FLAG=--64 
 +> BASE_ADDRESS=0x00600000 
 +> ENDIAN_FLAG=--little-endian 
 +> BINDIR=../AMD64/bin 
 +> BUILDDIR=../AMD64/artifact 
 +> TMPDIR=../AMD64/artifact 
 +> OPERATING_SYSTEM=Linux 
 +> ./AMD64/bin/kaem --verbose --strict --file AMD64/mescc-tools-full-kaem.kaem 
 +> cd AMD64 
 +> ./artifact/M2 --architecture amd64 -f ../M2libc/sys/types.h -f ../M2libc/stddef.h -f ../M2libc/amd64/linux/fcntl.c -f ../M2libc/fcntl.c -f ../M2libc/sys/utsname.h -f ../M2libc/amd64/linux/unistd.c -f ../M2libc/amd64/linux/sys/stat.c -f ../M2libc/ctype.c -f ../M2libc/stdlib.c -f ../M2libc/stdarg.h -f ../M2libc/stdio.h -f ../M2libc/stdio.c -f ../M2libc/string.c -f ../M2libc/bootstrappable.c -f ../M2-Mesoplanet/cc.h -f ../M2-Mesoplanet/cc_globals.c -f ../M2-Mesoplanet/cc_env.c -f ../M2-Mesoplanet/cc_reader.c -f ../M2-Mesoplanet/cc_spawn.c -f ../M2-Mesoplanet/cc_core.c -f ../M2-Mesoplanet/cc_macro.c -f ../M2-Mesoplanet/cc.c --debug -o ./artifact/M2-Mesoplanet-1.M1 
 +> ./artifact/blood-elf-0 --little-endian --64 -f ./artifact/M2-Mesoplanet-1.M1 -o ./artifact/M2-Mesoplanet-1-footer.M1 
 +> ./bin/M1 --architecture amd64 --little-endian -f ../M2libc/amd64/amd64_defs.M1 -f ../M2libc/amd64/libc-full.M1 -f ./artifact/M2-Mesoplanet-1.M1 -f ./artifact/M2-Mesoplanet-1-footer.M1 -o ./artifact/M2-Mesoplanet-1.hex2 
 +> ./bin/hex2 --architecture amd64 --little-endian --base-address 0x00600000 -f ../M2libc/amd64/ELF-amd64-debug.hex2 -f ./artifact/M2-Mesoplanet-1.hex2 -o ./bin/M2-Mesoplanet 
 +> ./artifact/M2 --architecture amd64 -f ../M2libc/sys/types.h -f ../M2libc/stddef.h -f ../M2libc/amd64/linux/fcntl.c -f ../M2libc/fcntl.c -f ../M2libc/sys/utsname.h -f ../M2libc/amd64/linux/unistd.c -f ../M2libc/ctype.c -f ../M2libc/stdlib.c -f ../M2libc/stdarg.h -f ../M2libc/stdio.h -f ../M2libc/stdio.c -f ../M2libc/bootstrappable.c -f ../mescc-tools/stringify.c -f ../mescc-tools/blood-elf.c --debug -o ./artifact/blood-elf-1.M1 
 +> ./artifact/blood-elf-0 --64 --little-endian -f ./artifact/blood-elf-1.M1 -o ./artifact/blood-elf-1-footer.M1 
 +> ./bin/M1 --architecture amd64 --little-endian -f ../M2libc/amd64/amd64_defs.M1 -f ../M2libc/amd64/libc-full.M1 -f ./artifact/blood-elf-1.M1 -f ./artifact/blood-elf-1-footer.M1 -o ./artifact/blood-elf-1.hex2 
 +> ./bin/hex2 --architecture amd64 --little-endian --base-address 0x00600000 -f ../M2libc/amd64/ELF-amd64-debug.hex2 -f ./artifact/blood-elf-1.hex2 -o ./bin/blood-elf 
 +> ./artifact/M2 --architecture amd64 -f ../M2libc/sys/types.h -f ../M2libc/stddef.h -f ../M2libc/sys/utsname.h -f ../M2libc/amd64/linux/unistd.c -f ../M2libc/amd64/linux/fcntl.c -f ../M2libc/fcntl.c -f ../M2libc/ctype.c -f ../M2libc/stdlib.c -f ../M2libc/stdarg.h -f ../M2libc/stdio.h -f ../M2libc/stdio.c -f ../M2libc/bootstrappable.c -f ../mescc-tools/get_machine.c --debug -o artifact/get_machine.M1 
 +> ./bin/blood-elf --64 --little-endian -f ./artifact/get_machine.M1 -o ./artifact/get_machine-footer.M1 
 +> ./bin/M1 --architecture amd64 --little-endian -f ../M2libc/amd64/amd64_defs.M1 -f ../M2libc/amd64/libc-full.M1 -f ./artifact/get_machine.M1 -f ./artifact/get_machine-footer.M1 -o ./artifact/get_machine.hex2 
 +> ./bin/hex2 --architecture amd64 --little-endian --base-address 0x00600000 -f ../M2libc/amd64/ELF-amd64-debug.hex2 -f ./artifact/get_machine.hex2 -o ./bin/get_machine 
 +> ./artifact/M2 --architecture amd64 -f ../M2libc/sys/types.h -f ../M2libc/stddef.h -f ../M2libc/sys/utsname.h -f ../M2libc/amd64/linux/unistd.c -f ../M2libc/amd64/linux/fcntl.c -f ../M2libc/fcntl.c -f ../M2libc/ctype.c -f ../M2libc/stdlib.c -f ../M2libc/stdarg.h -f ../M2libc/stdio.h -f ../M2libc/stdio.c -f ../M2libc/bootstrappable.c -f ../M2-Planet/cc.h -f ../M2-Planet/cc_globals.c -f ../M2-Planet/cc_reader.c -f ../M2-Planet/cc_strings.c -f ../M2-Planet/cc_types.c -f ../M2-Planet/cc_emit.c -f ../M2-Planet/cc_core.c -f ../M2-Planet/cc_macro.c -f ../M2-Planet/cc.c --debug -o ./artifact/M2-1.M1 
 +> ./bin/blood-elf --little-endian --64 -f ./artifact/M2-1.M1 -o ./artifact/M2-1-footer.M1 
 +> ./bin/M1 --architecture amd64 --little-endian -f ../M2libc/amd64/amd64_defs.M1 -f ../M2libc/amd64/libc-full.M1 -f ./artifact/M2-1.M1 -f ./artifact/M2-1-footer.M1 -o ./artifact/M2-1.hex2 
 +> ./bin/hex2 --architecture amd64 --little-endian --base-address 0x00600000 -f ../M2libc/amd64/ELF-amd64-debug.hex2 -f ./artifact/M2-1.hex2 -o ./bin/M2-Planet 
 +> cd .. 
 +> cd mescc-tools-extra 
 +> ../AMD64/bin/kaem --verbose --strict --file mescc-tools-extra.kaem 
 +> set -ex 
 +> set -ex
 +> M2LIBC_PATH=../M2libc 
 +> PATH=../AMD64/bin 
 +> alias CC=../AMD64/bin/M2-Mesoplanet --operating-system Linux --architecture amd64 -f 
 +> ../AMD64/bin/M2-Mesoplanet --operating-system Linux --architecture amd64 -f sha256sum.c -o ../AMD64/bin/sha256sum 
skipping:
../M2libc/uefi/unistd.c
skipping:
../M2libc/uefi/sys/stat.c
skipping:
../M2libc/uefi/fcntl.c
# starting M2-Planet build
# starting Blood-elf stub generation
# starting M1 assembly
# starting hex2 linking
 +> ../AMD64/bin/M2-Mesoplanet --operating-system Linux --architecture amd64 -f match.c -o ../AMD64/bin/match 
skipping:
../M2libc/uefi/sys/stat.c
skipping:
../M2libc/uefi/fcntl.c
skipping:
../M2libc/uefi/unistd.c
# starting M2-Planet build
# starting Blood-elf stub generation
# starting M1 assembly
# starting hex2 linking
 +> ../AMD64/bin/M2-Mesoplanet --operating-system Linux --architecture amd64 -f mkdir.c -o ../AMD64/bin/mkdir 
skipping:
../M2libc/uefi/sys/stat.c
skipping:
../M2libc/uefi/fcntl.c
skipping:
../M2libc/uefi/unistd.c
# starting M2-Planet build
# starting Blood-elf stub generation
# starting M1 assembly
# starting hex2 linking
 +> ../AMD64/bin/M2-Mesoplanet --operating-system Linux --architecture amd64 -f untar.c -o ../AMD64/bin/untar 
skipping:
../M2libc/uefi/sys/stat.c
skipping:
../M2libc/uefi/fcntl.c
skipping:
../M2libc/uefi/unistd.c
# starting M2-Planet build
# starting Blood-elf stub generation
# starting M1 assembly
# starting hex2 linking
 +> ../AMD64/bin/M2-Mesoplanet --operating-system Linux --architecture amd64 -f ungz.c -o ../AMD64/bin/ungz 
skipping:
../M2libc/uefi/sys/stat.c
skipping:
../M2libc/uefi/fcntl.c
skipping:
../M2libc/uefi/unistd.c
# starting M2-Planet build
# starting Blood-elf stub generation
# starting M1 assembly
# starting hex2 linking
 +> ../AMD64/bin/M2-Mesoplanet --operating-system Linux --architecture amd64 -f unbz2.c -o ../AMD64/bin/unbz2 
skipping:
../M2libc/uefi/sys/stat.c
skipping:
../M2libc/uefi/fcntl.c
skipping:
../M2libc/uefi/unistd.c
# starting M2-Planet build
# starting Blood-elf stub generation
# starting M1 assembly
# starting hex2 linking
 +> ../AMD64/bin/M2-Mesoplanet --operating-system Linux --architecture amd64 -f unxz.c -o ../AMD64/bin/unxz 
skipping:
../M2libc/uefi/sys/stat.c
skipping:
../M2libc/uefi/fcntl.c
skipping:
../M2libc/uefi/unistd.c
# starting M2-Planet build
# starting Blood-elf stub generation
# starting M1 assembly
# starting hex2 linking
 +> ../AMD64/bin/M2-Mesoplanet --operating-system Linux --architecture amd64 -f catm.c -o ../AMD64/bin/catm 
skipping:
../M2libc/uefi/sys/stat.c
skipping:
../M2libc/uefi/fcntl.c
skipping:
../M2libc/uefi/unistd.c
# starting M2-Planet build
# starting Blood-elf stub generation
# starting M1 assembly
# starting hex2 linking
 +> ../AMD64/bin/M2-Mesoplanet --operating-system Linux --architecture amd64 -f cp.c -o ../AMD64/bin/cp 
skipping:
../M2libc/uefi/sys/stat.c
skipping:
../M2libc/uefi/fcntl.c
skipping:
../M2libc/uefi/unistd.c
# starting M2-Planet build
# starting Blood-elf stub generation
# starting M1 assembly
# starting hex2 linking
 +> ../AMD64/bin/M2-Mesoplanet --operating-system Linux --architecture amd64 -f chmod.c -o ../AMD64/bin/chmod 
skipping:
../M2libc/uefi/sys/stat.c
skipping:
../M2libc/uefi/fcntl.c
skipping:
../M2libc/uefi/unistd.c
# starting M2-Planet build
# starting Blood-elf stub generation
# starting M1 assembly
# starting hex2 linking
 +> ../AMD64/bin/M2-Mesoplanet --operating-system Linux --architecture amd64 -f rm.c -o ../AMD64/bin/rm 
skipping:
../M2libc/uefi/sys/stat.c
skipping:
../M2libc/uefi/fcntl.c
skipping:
../M2libc/uefi/unistd.c
# starting M2-Planet build
# starting Blood-elf stub generation
# starting M1 assembly
# starting hex2 linking
 +> ../AMD64/bin/M2-Mesoplanet --operating-system Linux --architecture amd64 -f replace.c -o ../AMD64/bin/replace 
skipping:
../M2libc/uefi/sys/stat.c
skipping:
../M2libc/uefi/fcntl.c
skipping:
../M2libc/uefi/unistd.c
# starting M2-Planet build
# starting Blood-elf stub generation
# starting M1 assembly
# starting hex2 linking
 +> ../AMD64/bin/M2-Mesoplanet --operating-system Linux --architecture amd64 -f wrap.c -o ../AMD64/bin/wrap 
skipping:
../M2libc/uefi/fcntl.c
skipping:
../M2libc/uefi/sys/stat.c
skipping:
../M2libc/uefi/unistd.c
# starting M2-Planet build
# starting Blood-elf stub generation
# starting M1 assembly
# starting hex2 linking
 +> cd .. 
 +> ./AMD64/bin/sha256sum -c amd64.answers 
AMD64/bin/blood-elf: OK
AMD64/bin/catm: OK
AMD64/bin/chmod: OK
AMD64/bin/cp: OK
AMD64/bin/get_machine: OK
AMD64/bin/hex2: OK
AMD64/bin/kaem: OK
AMD64/bin/M1: OK
AMD64/bin/M2-Mesoplanet: OK
AMD64/bin/M2-Planet: OK
AMD64/bin/match: OK
AMD64/bin/mkdir: OK
AMD64/bin/replace: OK
AMD64/bin/rm: OK
AMD64/bin/sha256sum: OK
AMD64/bin/ungz: OK
AMD64/bin/unbz2: OK
AMD64/bin/unxz: OK
AMD64/bin/untar: OK
 +> exec ./AMD64/bin/kaem --verbose --strict --file ./after.kaem 
 +> echo stage0-posix build complete 
stage0-posix build complete

reading file: <string.h>
reading file: <string.c>
reading file: <stddef.h>
reading file: <sys/types.h>
reading file: <stdlib.h>
reading file: <unistd.h>
reading file: <sys/utsname.h>
reading file: <x86/linux/unistd.c>
reading file: <amd64/linux/unistd.c>
reading file: <armv7l/linux/unistd.c>
reading file: <aarch64/linux/unistd.c>
reading file: <riscv32/linux/unistd.c>
reading file: <signal.h>
reading file: <riscv64/linux/unistd.c>
reading file: <knight/linux/unistd.c>
reading file: <knight/native/unistd.c>
reading file: <stdlib.c>
reading file: <sys/stat.h>
reading file: <x86/linux/sys/stat.c>
reading file: <amd64/linux/sys/stat.c>
reading file: <armv7l/linux/sys/stat.c>
reading file: <aarch64/linux/sys/stat.c>
reading file: <riscv32/linux/sys/stat.c>
reading file: <riscv64/linux/sys/stat.c>
reading file: <knight/linux/sys/stat.c>
reading file: <knight/native/sys/stat.c>
reading file: <fcntl.h>
reading file: <fcntl.c>
reading file: <x86/linux/fcntl.c>
reading file: <amd64/linux/fcntl.c>
reading file: <armv7l/linux/fcntl.c>
reading file: <aarch64/linux/fcntl.c>
reading file: <riscv32/linux/fcntl.c>
reading file: <riscv64/linux/fcntl.c>
reading file: <knight/linux/fcntl.c>
reading file: <knight/native/fcntl.c>
reading file: <ctype.h>
reading file: <ctype.c>
reading file: <stdio.h>
reading file: <stdio.c>
reading file: <stdarg.h>
reading file: "M2libc/bootstrappable.h"
reading file: <bootstrappable.c>
M2-Planet --file ../AMD64/artifact/M2-Mesoplanet-000000 --output ../AMD64/artifact/M2-Planet-000000 --architecture amd64 --debug 
blood-elf --file ../AMD64/artifact/M2-Planet-000000 --little-endian --output ../AMD64/artifact/blood-elf-000000 --64 
M1 --file ../M2libc/amd64/amd64_defs.M1 --file ../M2libc/amd64/libc-full.M1 --file ../AMD64/artifact/M2-Planet-000000 --little-endian --architecture amd64 --file ../AMD64/artifact/blood-elf-000000 --output ../AMD64/artifact/M1-macro-000000 
hex2 --file ../M2libc/amd64/ELF-amd64-debug.hex2 --file ../AMD64/artifact/M1-macro-000000 --output ../AMD64/bin/sha256sum --architecture amd64 --base-address 0x00600000 --little-endian 
reading file: <stdio.h>
reading file: <stdio.c>
reading file: <stdarg.h>
reading file: <stddef.h>
reading file: <sys/types.h>
reading file: <sys/stat.h>
reading file: <x86/linux/sys/stat.c>
reading file: <amd64/linux/sys/stat.c>
reading file: <armv7l/linux/sys/stat.c>
reading file: <aarch64/linux/sys/stat.c>
reading file: <riscv32/linux/sys/stat.c>
reading file: <riscv64/linux/sys/stat.c>
reading file: <knight/linux/sys/stat.c>
reading file: <knight/native/sys/stat.c>
reading file: <fcntl.h>
reading file: <fcntl.c>
reading file: <x86/linux/fcntl.c>
reading file: <amd64/linux/fcntl.c>
reading file: <armv7l/linux/fcntl.c>
reading file: <aarch64/linux/fcntl.c>
reading file: <riscv32/linux/fcntl.c>
reading file: <riscv64/linux/fcntl.c>
reading file: <knight/linux/fcntl.c>
reading file: <knight/native/fcntl.c>
reading file: <unistd.h>
reading file: <sys/utsname.h>
reading file: <x86/linux/unistd.c>
reading file: <amd64/linux/unistd.c>
reading file: <armv7l/linux/unistd.c>
reading file: <aarch64/linux/unistd.c>
reading file: <riscv32/linux/unistd.c>
reading file: <signal.h>
reading file: <riscv64/linux/unistd.c>
reading file: <knight/linux/unistd.c>
reading file: <knight/native/unistd.c>
reading file: <stdlib.h>
reading file: <stdlib.c>
reading file: <ctype.h>
reading file: <ctype.c>
reading file: <string.h>
reading file: <string.c>
reading file: "M2libc/bootstrappable.h"
reading file: <bootstrappable.c>
M2-Planet --file ../AMD64/artifact/M2-Mesoplanet-000000 --output ../AMD64/artifact/M2-Planet-000000 --architecture amd64 --debug 
blood-elf --file ../AMD64/artifact/M2-Planet-000000 --little-endian --output ../AMD64/artifact/blood-elf-000000 --64 
M1 --file ../M2libc/amd64/amd64_defs.M1 --file ../M2libc/amd64/libc-full.M1 --file ../AMD64/artifact/M2-Planet-000000 --little-endian --architecture amd64 --file ../AMD64/artifact/blood-elf-000000 --output ../AMD64/artifact/M1-macro-000000 
hex2 --file ../M2libc/amd64/ELF-amd64-debug.hex2 --file ../AMD64/artifact/M1-macro-000000 --output ../AMD64/bin/match --architecture amd64 --base-address 0x00600000 --little-endian 
reading file: <stdio.h>
reading file: <stdio.c>
reading file: <stdarg.h>
reading file: <stddef.h>
reading file: <sys/types.h>
reading file: <sys/stat.h>
reading file: <x86/linux/sys/stat.c>
reading file: <amd64/linux/sys/stat.c>
reading file: <armv7l/linux/sys/stat.c>
reading file: <aarch64/linux/sys/stat.c>
reading file: <riscv32/linux/sys/stat.c>
reading file: <riscv64/linux/sys/stat.c>
reading file: <knight/linux/sys/stat.c>
reading file: <knight/native/sys/stat.c>
reading file: <fcntl.h>
reading file: <fcntl.c>
reading file: <x86/linux/fcntl.c>
reading file: <amd64/linux/fcntl.c>
reading file: <armv7l/linux/fcntl.c>
reading file: <aarch64/linux/fcntl.c>
reading file: <riscv32/linux/fcntl.c>
reading file: <riscv64/linux/fcntl.c>
reading file: <knight/linux/fcntl.c>
reading file: <knight/native/fcntl.c>
reading file: <unistd.h>
reading file: <sys/utsname.h>
reading file: <x86/linux/unistd.c>
reading file: <amd64/linux/unistd.c>
reading file: <armv7l/linux/unistd.c>
reading file: <aarch64/linux/unistd.c>
reading file: <riscv32/linux/unistd.c>
reading file: <signal.h>
reading file: <riscv64/linux/unistd.c>
reading file: <knight/linux/unistd.c>
reading file: <knight/native/unistd.c>
reading file: <stdlib.h>
reading file: <stdlib.c>
reading file: <ctype.h>
reading file: <ctype.c>
reading file: <string.h>
reading file: <string.c>
reading file: "M2libc/bootstrappable.h"
reading file: <bootstrappable.c>
M2-Planet --file ../AMD64/artifact/M2-Mesoplanet-000000 --output ../AMD64/artifact/M2-Planet-000000 --architecture amd64 --debug 
blood-elf --file ../AMD64/artifact/M2-Planet-000000 --little-endian --output ../AMD64/artifact/blood-elf-000000 --64 
M1 --file ../M2libc/amd64/amd64_defs.M1 --file ../M2libc/amd64/libc-full.M1 --file ../AMD64/artifact/M2-Planet-000000 --little-endian --architecture amd64 --file ../AMD64/artifact/blood-elf-000000 --output ../AMD64/artifact/M1-macro-000000 
hex2 --file ../M2libc/amd64/ELF-amd64-debug.hex2 --file ../AMD64/artifact/M1-macro-000000 --output ../AMD64/bin/mkdir --architecture amd64 --base-address 0x00600000 --little-endian 
reading file: <stdio.h>
reading file: <stdio.c>
reading file: <stdarg.h>
reading file: <stddef.h>
reading file: <sys/types.h>
reading file: <sys/stat.h>
reading file: <x86/linux/sys/stat.c>
reading file: <amd64/linux/sys/stat.c>
reading file: <armv7l/linux/sys/stat.c>
reading file: <aarch64/linux/sys/stat.c>
reading file: <riscv32/linux/sys/stat.c>
reading file: <riscv64/linux/sys/stat.c>
reading file: <knight/linux/sys/stat.c>
reading file: <knight/native/sys/stat.c>
reading file: <fcntl.h>
reading file: <fcntl.c>
reading file: <x86/linux/fcntl.c>
reading file: <amd64/linux/fcntl.c>
reading file: <armv7l/linux/fcntl.c>
reading file: <aarch64/linux/fcntl.c>
reading file: <riscv32/linux/fcntl.c>
reading file: <riscv64/linux/fcntl.c>
reading file: <knight/linux/fcntl.c>
reading file: <knight/native/fcntl.c>
reading file: <unistd.h>
reading file: <sys/utsname.h>
reading file: <x86/linux/unistd.c>
reading file: <amd64/linux/unistd.c>
reading file: <armv7l/linux/unistd.c>
reading file: <aarch64/linux/unistd.c>
reading file: <riscv32/linux/unistd.c>
reading file: <signal.h>
reading file: <riscv64/linux/unistd.c>
reading file: <knight/linux/unistd.c>
reading file: <knight/native/unistd.c>
reading file: <stdlib.h>
reading file: <stdlib.c>
reading file: <ctype.h>
reading file: <ctype.c>
reading file: <string.h>
reading file: <string.c>
reading file: "M2libc/bootstrappable.h"
reading file: <bootstrappable.c>
M2-Planet --file ../AMD64/artifact/M2-Mesoplanet-000000 --output ../AMD64/artifact/M2-Planet-000000 --architecture amd64 --debug 
blood-elf --file ../AMD64/artifact/M2-Planet-000000 --little-endian --output ../AMD64/artifact/blood-elf-000000 --64 
M1 --file ../M2libc/amd64/amd64_defs.M1 --file ../M2libc/amd64/libc-full.M1 --file ../AMD64/artifact/M2-Planet-000000 --little-endian --architecture amd64 --file ../AMD64/artifact/blood-elf-000000 --output ../AMD64/artifact/M1-macro-000000 
hex2 --file ../M2libc/amd64/ELF-amd64-debug.hex2 --file ../AMD64/artifact/M1-macro-000000 --output ../AMD64/bin/untar --architecture amd64 --base-address 0x00600000 --little-endian 
reading file: <stdio.h>
reading file: <stdio.c>
reading file: <stdarg.h>
reading file: <stddef.h>
reading file: <sys/types.h>
reading file: <sys/stat.h>
reading file: <x86/linux/sys/stat.c>
reading file: <amd64/linux/sys/stat.c>
reading file: <armv7l/linux/sys/stat.c>
reading file: <aarch64/linux/sys/stat.c>
reading file: <riscv32/linux/sys/stat.c>
reading file: <riscv64/linux/sys/stat.c>
reading file: <knight/linux/sys/stat.c>
reading file: <knight/native/sys/stat.c>
reading file: <fcntl.h>
reading file: <fcntl.c>
reading file: <x86/linux/fcntl.c>
reading file: <amd64/linux/fcntl.c>
reading file: <armv7l/linux/fcntl.c>
reading file: <aarch64/linux/fcntl.c>
reading file: <riscv32/linux/fcntl.c>
reading file: <riscv64/linux/fcntl.c>
reading file: <knight/linux/fcntl.c>
reading file: <knight/native/fcntl.c>
reading file: <unistd.h>
reading file: <sys/utsname.h>
reading file: <x86/linux/unistd.c>
reading file: <amd64/linux/unistd.c>
reading file: <armv7l/linux/unistd.c>
reading file: <aarch64/linux/unistd.c>
reading file: <riscv32/linux/unistd.c>
reading file: <signal.h>
reading file: <riscv64/linux/unistd.c>
reading file: <knight/linux/unistd.c>
reading file: <knight/native/unistd.c>
reading file: <stdlib.h>
reading file: <stdlib.c>
reading file: <ctype.h>
reading file: <ctype.c>
reading file: <string.h>
reading file: <string.c>
reading file: "M2libc/bootstrappable.h"
reading file: <bootstrappable.c>
M2-Planet --file ../AMD64/artifact/M2-Mesoplanet-000000 --output ../AMD64/artifact/M2-Planet-000000 --architecture amd64 --debug 
blood-elf --file ../AMD64/artifact/M2-Planet-000000 --little-endian --output ../AMD64/artifact/blood-elf-000000 --64 
M1 --file ../M2libc/amd64/amd64_defs.M1 --file ../M2libc/amd64/libc-full.M1 --file ../AMD64/artifact/M2-Planet-000000 --little-endian --architecture amd64 --file ../AMD64/artifact/blood-elf-000000 --output ../AMD64/artifact/M1-macro-000000 
hex2 --file ../M2libc/amd64/ELF-amd64-debug.hex2 --file ../AMD64/artifact/M1-macro-000000 --output ../AMD64/bin/ungz --architecture amd64 --base-address 0x00600000 --little-endian 
reading file: <stdio.h>
reading file: <stdio.c>
reading file: <stdarg.h>
reading file: <stddef.h>
reading file: <sys/types.h>
reading file: <sys/stat.h>
reading file: <x86/linux/sys/stat.c>
reading file: <amd64/linux/sys/stat.c>
reading file: <armv7l/linux/sys/stat.c>
reading file: <aarch64/linux/sys/stat.c>
reading file: <riscv32/linux/sys/stat.c>
reading file: <riscv64/linux/sys/stat.c>
reading file: <knight/linux/sys/stat.c>
reading file: <knight/native/sys/stat.c>
reading file: <fcntl.h>
reading file: <fcntl.c>
reading file: <x86/linux/fcntl.c>
reading file: <amd64/linux/fcntl.c>
reading file: <armv7l/linux/fcntl.c>
reading file: <aarch64/linux/fcntl.c>
reading file: <riscv32/linux/fcntl.c>
reading file: <riscv64/linux/fcntl.c>
reading file: <knight/linux/fcntl.c>
reading file: <knight/native/fcntl.c>
reading file: <unistd.h>
reading file: <sys/utsname.h>
reading file: <x86/linux/unistd.c>
reading file: <amd64/linux/unistd.c>
reading file: <armv7l/linux/unistd.c>
reading file: <aarch64/linux/unistd.c>
reading file: <riscv32/linux/unistd.c>
reading file: <signal.h>
reading file: <riscv64/linux/unistd.c>
reading file: <knight/linux/unistd.c>
reading file: <knight/native/unistd.c>
reading file: <stdlib.h>
reading file: <stdlib.c>
reading file: <ctype.h>
reading file: <ctype.c>
reading file: <string.h>
reading file: <string.c>
reading file: "M2libc/bootstrappable.h"
reading file: <bootstrappable.c>
M2-Planet --file ../AMD64/artifact/M2-Mesoplanet-000000 --output ../AMD64/artifact/M2-Planet-000000 --architecture amd64 --debug 
blood-elf --file ../AMD64/artifact/M2-Planet-000000 --little-endian --output ../AMD64/artifact/blood-elf-000000 --64 
M1 --file ../M2libc/amd64/amd64_defs.M1 --file ../M2libc/amd64/libc-full.M1 --file ../AMD64/artifact/M2-Planet-000000 --little-endian --architecture amd64 --file ../AMD64/artifact/blood-elf-000000 --output ../AMD64/artifact/M1-macro-000000 
hex2 --file ../M2libc/amd64/ELF-amd64-debug.hex2 --file ../AMD64/artifact/M1-macro-000000 --output ../AMD64/bin/unbz2 --architecture amd64 --base-address 0x00600000 --little-endian 
reading file: <stdio.h>
reading file: <stdio.c>
reading file: <stdarg.h>
reading file: <stddef.h>
reading file: <sys/types.h>
reading file: <sys/stat.h>
reading file: <x86/linux/sys/stat.c>
reading file: <amd64/linux/sys/stat.c>
reading file: <armv7l/linux/sys/stat.c>
reading file: <aarch64/linux/sys/stat.c>
reading file: <riscv32/linux/sys/stat.c>
reading file: <riscv64/linux/sys/stat.c>
reading file: <knight/linux/sys/stat.c>
reading file: <knight/native/sys/stat.c>
reading file: <fcntl.h>
reading file: <fcntl.c>
reading file: <x86/linux/fcntl.c>
reading file: <amd64/linux/fcntl.c>
reading file: <armv7l/linux/fcntl.c>
reading file: <aarch64/linux/fcntl.c>
reading file: <riscv32/linux/fcntl.c>
reading file: <riscv64/linux/fcntl.c>
reading file: <knight/linux/fcntl.c>
reading file: <knight/native/fcntl.c>
reading file: <unistd.h>
reading file: <sys/utsname.h>
reading file: <x86/linux/unistd.c>
reading file: <amd64/linux/unistd.c>
reading file: <armv7l/linux/unistd.c>
reading file: <aarch64/linux/unistd.c>
reading file: <riscv32/linux/unistd.c>
reading file: <signal.h>
reading file: <riscv64/linux/unistd.c>
reading file: <knight/linux/unistd.c>
reading file: <knight/native/unistd.c>
reading file: <stdlib.h>
reading file: <stdlib.c>
reading file: <ctype.h>
reading file: <ctype.c>
reading file: <string.h>
reading file: <string.c>
reading file: <stdint.h>
reading file: "M2libc/bootstrappable.h"
reading file: <bootstrappable.c>
M2-Planet --file ../AMD64/artifact/M2-Mesoplanet-000000 --output ../AMD64/artifact/M2-Planet-000000 --architecture amd64 --debug 
blood-elf --file ../AMD64/artifact/M2-Planet-000000 --little-endian --output ../AMD64/artifact/blood-elf-000000 --64 
M1 --file ../M2libc/amd64/amd64_defs.M1 --file ../M2libc/amd64/libc-full.M1 --file ../AMD64/artifact/M2-Planet-000000 --little-endian --architecture amd64 --file ../AMD64/artifact/blood-elf-000000 --output ../AMD64/artifact/M1-macro-000000 
hex2 --file ../M2libc/amd64/ELF-amd64-debug.hex2 --file ../AMD64/artifact/M1-macro-000000 --output ../AMD64/bin/unxz --architecture amd64 --base-address 0x00600000 --little-endian 
reading file: <stdio.h>
reading file: <stdio.c>
reading file: <stdarg.h>
reading file: <stddef.h>
reading file: <sys/types.h>
reading file: <sys/stat.h>
reading file: <x86/linux/sys/stat.c>
reading file: <amd64/linux/sys/stat.c>
reading file: <armv7l/linux/sys/stat.c>
reading file: <aarch64/linux/sys/stat.c>
reading file: <riscv32/linux/sys/stat.c>
reading file: <riscv64/linux/sys/stat.c>
reading file: <knight/linux/sys/stat.c>
reading file: <knight/native/sys/stat.c>
reading file: <fcntl.h>
reading file: <fcntl.c>
reading file: <x86/linux/fcntl.c>
reading file: <amd64/linux/fcntl.c>
reading file: <armv7l/linux/fcntl.c>
reading file: <aarch64/linux/fcntl.c>
reading file: <riscv32/linux/fcntl.c>
reading file: <riscv64/linux/fcntl.c>
reading file: <knight/linux/fcntl.c>
reading file: <knight/native/fcntl.c>
reading file: <unistd.h>
reading file: <sys/utsname.h>
reading file: <x86/linux/unistd.c>
reading file: <amd64/linux/unistd.c>
reading file: <armv7l/linux/unistd.c>
reading file: <aarch64/linux/unistd.c>
reading file: <riscv32/linux/unistd.c>
reading file: <signal.h>
reading file: <riscv64/linux/unistd.c>
reading file: <knight/linux/unistd.c>
reading file: <knight/native/unistd.c>
reading file: <stdlib.h>
reading file: <stdlib.c>
reading file: <ctype.h>
reading file: <ctype.c>
M2-Planet --file ../AMD64/artifact/M2-Mesoplanet-000000 --output ../AMD64/artifact/M2-Planet-000000 --architecture amd64 --debug 
blood-elf --file ../AMD64/artifact/M2-Planet-000000 --little-endian --output ../AMD64/artifact/blood-elf-000000 --64 
M1 --file ../M2libc/amd64/amd64_defs.M1 --file ../M2libc/amd64/libc-full.M1 --file ../AMD64/artifact/M2-Planet-000000 --little-endian --architecture amd64 --file ../AMD64/artifact/blood-elf-000000 --output ../AMD64/artifact/M1-macro-000000 
hex2 --file ../M2libc/amd64/ELF-amd64-debug.hex2 --file ../AMD64/artifact/M1-macro-000000 --output ../AMD64/bin/catm --architecture amd64 --base-address 0x00600000 --little-endian 
reading file: <stdio.h>
reading file: <stdio.c>
reading file: <stdarg.h>
reading file: <stddef.h>
reading file: <sys/types.h>
reading file: <sys/stat.h>
reading file: <x86/linux/sys/stat.c>
reading file: <amd64/linux/sys/stat.c>
reading file: <armv7l/linux/sys/stat.c>
reading file: <aarch64/linux/sys/stat.c>
reading file: <riscv32/linux/sys/stat.c>
reading file: <riscv64/linux/sys/stat.c>
reading file: <knight/linux/sys/stat.c>
reading file: <knight/native/sys/stat.c>
reading file: <fcntl.h>
reading file: <fcntl.c>
reading file: <x86/linux/fcntl.c>
reading file: <amd64/linux/fcntl.c>
reading file: <armv7l/linux/fcntl.c>
reading file: <aarch64/linux/fcntl.c>
reading file: <riscv32/linux/fcntl.c>
reading file: <riscv64/linux/fcntl.c>
reading file: <knight/linux/fcntl.c>
reading file: <knight/native/fcntl.c>
reading file: <unistd.h>
reading file: <sys/utsname.h>
reading file: <x86/linux/unistd.c>
reading file: <amd64/linux/unistd.c>
reading file: <armv7l/linux/unistd.c>
reading file: <aarch64/linux/unistd.c>
reading file: <riscv32/linux/unistd.c>
reading file: <signal.h>
reading file: <riscv64/linux/unistd.c>
reading file: <knight/linux/unistd.c>
reading file: <knight/native/unistd.c>
reading file: <stdlib.h>
reading file: <stdlib.c>
reading file: <ctype.h>
reading file: <ctype.c>
reading file: <string.h>
reading file: <string.c>
reading file: "M2libc/bootstrappable.h"
reading file: <bootstrappable.c>
M2-Planet --file ../AMD64/artifact/M2-Mesoplanet-000000 --output ../AMD64/artifact/M2-Planet-000000 --architecture amd64 --debug 
blood-elf --file ../AMD64/artifact/M2-Planet-000000 --little-endian --output ../AMD64/artifact/blood-elf-000000 --64 
M1 --file ../M2libc/amd64/amd64_defs.M1 --file ../M2libc/amd64/libc-full.M1 --file ../AMD64/artifact/M2-Planet-000000 --little-endian --architecture amd64 --file ../AMD64/artifact/blood-elf-000000 --output ../AMD64/artifact/M1-macro-000000 
hex2 --file ../M2libc/amd64/ELF-amd64-debug.hex2 --file ../AMD64/artifact/M1-macro-000000 --output ../AMD64/bin/cp --architecture amd64 --base-address 0x00600000 --little-endian 
reading file: <stdio.h>
reading file: <stdio.c>
reading file: <stdarg.h>
reading file: <stddef.h>
reading file: <sys/types.h>
reading file: <sys/stat.h>
reading file: <x86/linux/sys/stat.c>
reading file: <amd64/linux/sys/stat.c>
reading file: <armv7l/linux/sys/stat.c>
reading file: <aarch64/linux/sys/stat.c>
reading file: <riscv32/linux/sys/stat.c>
reading file: <riscv64/linux/sys/stat.c>
reading file: <knight/linux/sys/stat.c>
reading file: <knight/native/sys/stat.c>
reading file: <fcntl.h>
reading file: <fcntl.c>
reading file: <x86/linux/fcntl.c>
reading file: <amd64/linux/fcntl.c>
reading file: <armv7l/linux/fcntl.c>
reading file: <aarch64/linux/fcntl.c>
reading file: <riscv32/linux/fcntl.c>
reading file: <riscv64/linux/fcntl.c>
reading file: <knight/linux/fcntl.c>
reading file: <knight/native/fcntl.c>
reading file: <unistd.h>
reading file: <sys/utsname.h>
reading file: <x86/linux/unistd.c>
reading file: <amd64/linux/unistd.c>
reading file: <armv7l/linux/unistd.c>
reading file: <aarch64/linux/unistd.c>
reading file: <riscv32/linux/unistd.c>
reading file: <signal.h>
reading file: <riscv64/linux/unistd.c>
reading file: <knight/linux/unistd.c>
reading file: <knight/native/unistd.c>
reading file: <stdlib.h>
reading file: <stdlib.c>
reading file: <ctype.h>
reading file: <ctype.c>
reading file: <string.h>
reading file: <string.c>
reading file: "M2libc/bootstrappable.h"
reading file: <bootstrappable.c>
M2-Planet --file ../AMD64/artifact/M2-Mesoplanet-000000 --output ../AMD64/artifact/M2-Planet-000000 --architecture amd64 --debug 
blood-elf --file ../AMD64/artifact/M2-Planet-000000 --little-endian --output ../AMD64/artifact/blood-elf-000000 --64 
M1 --file ../M2libc/amd64/amd64_defs.M1 --file ../M2libc/amd64/libc-full.M1 --file ../AMD64/artifact/M2-Planet-000000 --little-endian --architecture amd64 --file ../AMD64/artifact/blood-elf-000000 --output ../AMD64/artifact/M1-macro-000000 
hex2 --file ../M2libc/amd64/ELF-amd64-debug.hex2 --file ../AMD64/artifact/M1-macro-000000 --output ../AMD64/bin/chmod --architecture amd64 --base-address 0x00600000 --little-endian 
reading file: <stdio.h>
reading file: <stdio.c>
reading file: <stdarg.h>
reading file: <stddef.h>
reading file: <sys/types.h>
reading file: <sys/stat.h>
reading file: <x86/linux/sys/stat.c>
reading file: <amd64/linux/sys/stat.c>
reading file: <armv7l/linux/sys/stat.c>
reading file: <aarch64/linux/sys/stat.c>
reading file: <riscv32/linux/sys/stat.c>
reading file: <riscv64/linux/sys/stat.c>
reading file: <knight/linux/sys/stat.c>
reading file: <knight/native/sys/stat.c>
reading file: <fcntl.h>
reading file: <fcntl.c>
reading file: <x86/linux/fcntl.c>
reading file: <amd64/linux/fcntl.c>
reading file: <armv7l/linux/fcntl.c>
reading file: <aarch64/linux/fcntl.c>
reading file: <riscv32/linux/fcntl.c>
reading file: <riscv64/linux/fcntl.c>
reading file: <knight/linux/fcntl.c>
reading file: <knight/native/fcntl.c>
reading file: <unistd.h>
reading file: <sys/utsname.h>
reading file: <x86/linux/unistd.c>
reading file: <amd64/linux/unistd.c>
reading file: <armv7l/linux/unistd.c>
reading file: <aarch64/linux/unistd.c>
reading file: <riscv32/linux/unistd.c>
reading file: <signal.h>
reading file: <riscv64/linux/unistd.c>
reading file: <knight/linux/unistd.c>
reading file: <knight/native/unistd.c>
reading file: <stdlib.h>
reading file: <stdlib.c>
reading file: <ctype.h>
reading file: <ctype.c>
reading file: <string.h>
reading file: <string.c>
reading file: "M2libc/bootstrappable.h"
reading file: <bootstrappable.c>
M2-Planet --file ../AMD64/artifact/M2-Mesoplanet-000000 --output ../AMD64/artifact/M2-Planet-000000 --architecture amd64 --debug 
blood-elf --file ../AMD64/artifact/M2-Planet-000000 --little-endian --output ../AMD64/artifact/blood-elf-000000 --64 
M1 --file ../M2libc/amd64/amd64_defs.M1 --file ../M2libc/amd64/libc-full.M1 --file ../AMD64/artifact/M2-Planet-000000 --little-endian --architecture amd64 --file ../AMD64/artifact/blood-elf-000000 --output ../AMD64/artifact/M1-macro-000000 
hex2 --file ../M2libc/amd64/ELF-amd64-debug.hex2 --file ../AMD64/artifact/M1-macro-000000 --output ../AMD64/bin/rm --architecture amd64 --base-address 0x00600000 --little-endian 
reading file: <stdio.h>
reading file: <stdio.c>
reading file: <stdarg.h>
reading file: <stddef.h>
reading file: <sys/types.h>
reading file: <sys/stat.h>
reading file: <x86/linux/sys/stat.c>
reading file: <amd64/linux/sys/stat.c>
reading file: <armv7l/linux/sys/stat.c>
reading file: <aarch64/linux/sys/stat.c>
reading file: <riscv32/linux/sys/stat.c>
reading file: <riscv64/linux/sys/stat.c>
reading file: <knight/linux/sys/stat.c>
reading file: <knight/native/sys/stat.c>
reading file: <fcntl.h>
reading file: <fcntl.c>
reading file: <x86/linux/fcntl.c>
reading file: <amd64/linux/fcntl.c>
reading file: <armv7l/linux/fcntl.c>
reading file: <aarch64/linux/fcntl.c>
reading file: <riscv32/linux/fcntl.c>
reading file: <riscv64/linux/fcntl.c>
reading file: <knight/linux/fcntl.c>
reading file: <knight/native/fcntl.c>
reading file: <unistd.h>
reading file: <sys/utsname.h>
reading file: <x86/linux/unistd.c>
reading file: <amd64/linux/unistd.c>
reading file: <armv7l/linux/unistd.c>
reading file: <aarch64/linux/unistd.c>
reading file: <riscv32/linux/unistd.c>
reading file: <signal.h>
reading file: <riscv64/linux/unistd.c>
reading file: <knight/linux/unistd.c>
reading file: <knight/native/unistd.c>
reading file: <stdlib.h>
reading file: <stdlib.c>
reading file: <ctype.h>
reading file: <ctype.c>
reading file: <string.h>
reading file: <string.c>
reading file: "M2libc/bootstrappable.h"
reading file: <bootstrappable.c>
M2-Planet --file ../AMD64/artifact/M2-Mesoplanet-000000 --output ../AMD64/artifact/M2-Planet-000000 --architecture amd64 --debug 
blood-elf --file ../AMD64/artifact/M2-Planet-000000 --little-endian --output ../AMD64/artifact/blood-elf-000000 --64 
M1 --file ../M2libc/amd64/amd64_defs.M1 --file ../M2libc/amd64/libc-full.M1 --file ../AMD64/artifact/M2-Planet-000000 --little-endian --architecture amd64 --file ../AMD64/artifact/blood-elf-000000 --output ../AMD64/artifact/M1-macro-000000 
hex2 --file ../M2libc/amd64/ELF-amd64-debug.hex2 --file ../AMD64/artifact/M1-macro-000000 --output ../AMD64/bin/replace --architecture amd64 --base-address 0x00600000 --little-endian 
reading file: <fcntl.h>
reading file: <sys/types.h>
reading file: <stddef.h>
reading file: <fcntl.c>
reading file: <x86/linux/fcntl.c>
reading file: <amd64/linux/fcntl.c>
reading file: <armv7l/linux/fcntl.c>
reading file: <aarch64/linux/fcntl.c>
reading file: <riscv32/linux/fcntl.c>
reading file: <riscv64/linux/fcntl.c>
reading file: <knight/linux/fcntl.c>
reading file: <knight/native/fcntl.c>
reading file: <stdio.h>
reading file: <stdio.c>
reading file: <stdarg.h>
reading file: <sys/stat.h>
reading file: <x86/linux/sys/stat.c>
reading file: <amd64/linux/sys/stat.c>
reading file: <armv7l/linux/sys/stat.c>
reading file: <aarch64/linux/sys/stat.c>
reading file: <riscv32/linux/sys/stat.c>
reading file: <riscv64/linux/sys/stat.c>
reading file: <knight/linux/sys/stat.c>
reading file: <knight/native/sys/stat.c>
reading file: <unistd.h>
reading file: <sys/utsname.h>
reading file: <x86/linux/unistd.c>
reading file: <amd64/linux/unistd.c>
reading file: <armv7l/linux/unistd.c>
reading file: <aarch64/linux/unistd.c>
reading file: <riscv32/linux/unistd.c>
reading file: <signal.h>
reading file: <riscv64/linux/unistd.c>
reading file: <knight/linux/unistd.c>
reading file: <knight/native/unistd.c>
reading file: <stdlib.h>
reading file: <stdlib.c>
reading file: <ctype.h>
reading file: <ctype.c>
reading file: <string.h>
reading file: <string.c>
reading file: "M2libc/bootstrappable.h"
reading file: <bootstrappable.c>
M2-Planet --file ../AMD64/artifact/M2-Mesoplanet-000000 --output ../AMD64/artifact/M2-Planet-000000 --architecture amd64 --debug 
blood-elf --file ../AMD64/artifact/M2-Planet-000000 --little-endian --output ../AMD64/artifact/blood-elf-000000 --64 
M1 --file ../M2libc/amd64/amd64_defs.M1 --file ../M2libc/amd64/libc-full.M1 --file ../AMD64/artifact/M2-Planet-000000 --little-endian --architecture amd64 --file ../AMD64/artifact/blood-elf-000000 --output ../AMD64/artifact/M1-macro-000000 
hex2 --file ../M2libc/amd64/ELF-amd64-debug.hex2 --file ../AMD64/artifact/M1-macro-000000 --output ../AMD64/bin/wrap --architecture amd64 --base-address 0x00600000 --little-endian 

--- end log ---
hermeticity: practical (no degraded facts)
/home/brittonr/git/crunch/crunch/.pi/worktrees/session-1777419117392-yvw4/target/live-part-stage0-posix/store/bkq165k4gddjp3m6mk1qvr6h0mfrhvli-stage0-posix
