   Compiling proc-macro2 v1.0.107
   Compiling unicode-ident v1.0.24
   Compiling quote v1.0.47
   Compiling version_check v0.9.5
   Compiling typenum v1.20.1
   Compiling semver v1.0.28
   Compiling autocfg v1.5.1
   Compiling shlex v2.0.1
   Compiling find-msvc-tools v0.1.11
   Compiling serde_core v1.0.229
   Compiling memchr v2.8.3
   Compiling cfg-if v1.0.4
   Compiling verus_prettyplease v0.0.0-2026-01-25-0057
   Compiling cpufeatures v0.2.17
   Compiling libc v0.2.189
   Compiling zmij v1.0.23
   Compiling hashbrown v0.12.3
   Compiling zeroize v1.9.0
   Compiling anyhow v1.0.104
   Compiling subtle v2.6.1
   Compiling serde_json v1.0.151
   Compiling signature v2.2.0
   Compiling vstd v0.0.0-2026-01-25-0057
   Compiling regex-syntax v0.8.11
   Compiling serde v1.0.229
   Compiling redb v2.6.3
   Compiling rustc_version v0.4.1
   Compiling generic-array v0.14.7
   Compiling cc v1.4.4
   Compiling ed25519 v2.2.3
   Compiling arrayvec v0.7.8
   Compiling indexmap v1.9.3
   Compiling arrayref v0.3.9
   Compiling verus_builtin v0.0.0-2026-01-25-0057
   Compiling curve25519-dalek v4.1.3
   Compiling itoa v1.0.18
   Compiling constant_time_eq v0.3.1
   Compiling rand_core v0.6.4
   Compiling aho-corasick v1.1.5
   Compiling bs58 v0.5.1
   Compiling blake3 v1.8.2
   Compiling block-buffer v0.10.4
   Compiling crypto-common v0.1.7
   Compiling syn v2.0.119
   Compiling verus_syn v0.0.0-2026-01-25-0057
   Compiling syn v3.0.4
   Compiling digest v0.10.7
   Compiling regex-automata v0.4.18
   Compiling sha2 v0.10.9
   Compiling serde_derive v1.0.229
   Compiling regex v1.13.1
   Compiling synstructure v0.13.2
   Compiling curve25519-dalek-derive v0.1.1
   Compiling verus_state_machines_macros v0.0.0-2026-01-25-0057
   Compiling verus_builtin_macros v0.0.0-2026-01-25-0057
   Compiling ed25519-dalek v2.2.0
   Compiling verified-logic v0.2.0 (/tmp/trellis-fenced-attempt-oracle-source)
   Compiling mantle-trellis-oracle-generator v0.1.0 (/tmp/mantle-trellis-oracle-generator)
    Finished `dev` profile [unoptimized + debuginfo] target(s) in 17.43s
     Running `/tmp/mantle-trellis-oracle-target/debug/mantle-trellis-oracle-generator /tmp/mantle-trellis-oracle-check.bin /tmp/mantle-trellis-oracle-check.json`
trellis oracle generated: cases=6720 bytes=47040 blake3=bd1e98e26dbd43f44189941c1eac22bd63139d031c2ea328f0c2d5ce8582aa32
bd1e98e26dbd43f44189941c1eac22bd63139d031c2ea328f0c2d5ce8582aa32  /tmp/mantle-trellis-oracle-check.bin
