{
  "actions": [
    {
      "description": "move active change to archive: separate-rust-plan-hexagon",
      "kind": "archive_change",
      "path": "./.cairn/changes/separate-rust-plan-hexagon"
    }
  ],
  "blocked": false,
  "change": "separate-rust-plan-hexagon",
  "cross_repo_dependencies": {
    "blocked_count": 0,
    "dependency_count": 0,
    "input_hash": "4c32804db9c0d3309e48dd7148eb9f3d3e23f5cd4b0110d83a6fddd7d3046f09",
    "non_claims": [
      "dependency satisfaction proves presented receipt linkage only",
      "dependency satisfaction does not prove upstream correctness or remote trust",
      "dependency satisfaction does not prove downstream integration correctness or release eligibility"
    ],
    "policy_hash": "69891b1b46c1b38dad36043d5603ad45768bbeb4bc61ad10b72bc0cbabadb0d7",
    "receipt_hash": "6767ed8b14dd8f3564cacd001ffaea47a8049f223b6d42df429717fe3476d2f6",
    "rows": [],
    "satisfied_count": 0,
    "schema": "cairn.cross-repo-dependency-receipt.v1",
    "valid": true,
    "verdict": "PASS"
  },
  "cross_repo_evidence_issues": [],
  "dry_run": true,
  "input_hash": "95a2d91499e900298a6764ea5662f86641c7ae066b3befdca5eabfcfc87d05c1",
  "layout": "cairn",
  "mutated": false,
  "mutation_manifest": null,
  "plan_hash": "658c820f6c9ccef79fcffc3d79773143588524b2eacc4fc510821fe730e8ac68",
  "policy": "mantle-default",
  "policy_hash": "69891b1b46c1b38dad36043d5603ad45768bbeb4bc61ad10b72bc0cbabadb0d7",
  "reasons": [],
  "receipt_hash": "43d175c7df4a91cce06c50c949e487a8cb66c0b3a0585f0e33bf385921b3cadb"
}
