{
  "actions": [
    {
      "description": "merge delta spec into main specs: ./.cairn/changes/separate-rust-plan-hexagon/specs/rust-package-planning/spec.md",
      "kind": "sync_delta_spec",
      "path": "./.cairn/changes/separate-rust-plan-hexagon/specs/rust-package-planning/spec.md"
    }
  ],
  "blocked": false,
  "change": "separate-rust-plan-hexagon",
  "cross_repo_dependencies": {
    "blocked_count": 0,
    "dependency_count": 0,
    "input_hash": "4c32804db9c0d3309e48dd7148eb9f3d3e23f5cd4b0110d83a6fddd7d3046f09",
    "non_claims": [
      "dependency satisfaction proves presented receipt linkage only",
      "dependency satisfaction does not prove upstream correctness or remote trust",
      "dependency satisfaction does not prove downstream integration correctness or release eligibility"
    ],
    "policy_hash": "69891b1b46c1b38dad36043d5603ad45768bbeb4bc61ad10b72bc0cbabadb0d7",
    "receipt_hash": "6767ed8b14dd8f3564cacd001ffaea47a8049f223b6d42df429717fe3476d2f6",
    "rows": [],
    "satisfied_count": 0,
    "schema": "cairn.cross-repo-dependency-receipt.v1",
    "valid": true,
    "verdict": "PASS"
  },
  "cross_repo_evidence_issues": [],
  "delta_specs": [
    "./.cairn/changes/separate-rust-plan-hexagon/specs/rust-package-planning/spec.md"
  ],
  "dry_run": false,
  "input_hash": "1f3d211fcb6d2ccdadedf67d8cf903887e7ca68118c2283508203dc83cb862da",
  "layout": "cairn",
  "merge_preflight": {
    "documents": [
      {
        "accepted_before_exists": true,
        "accepted_before_hash": "8b04c840ce9d70d5209d77634466fc0d90ee0f8edc04278419a247b5050ba52c",
        "blocked": false,
        "changed": true,
        "delta_hash": "05f49e18c9c34383f7652cda9b686d00be944ef9570bf23498514b2967c66ee2",
        "destination": ".cairn/specs/rust-package-planning/spec.md",
        "diagnostics": [],
        "expected_after_hash": "6cef3707548ab39e2c680e2ce595034d8175a949274947ad2da5629db69e0c0c",
        "operations": [
          {
            "block_hash": "8b4a36c25034490c8663f62e2b3b3b7ccf4f2e9d650d4cd4622e3a7cd207698f",
            "heading": "### Requirement: Rust package planning has a strict functional core",
            "kind": "added",
            "requirement_id": "rust_package_planning.hexagonal_core"
          },
          {
            "block_hash": "2ae55b6cc325672e9c5e96022ceb9b65a28d3e916b07121f81d99d2ec6eaf73b",
            "heading": "### Requirement: Rust-plan ports are application-owned",
            "kind": "added",
            "requirement_id": "rust_package_planning.application_owned_ports"
          },
          {
            "block_hash": "20f89b5eb2037099e9391725f8e8fa501252f2c45dd4dbda2e2d606d96ef6210",
            "heading": "### Requirement: Rust unit effects are explicit",
            "kind": "added",
            "requirement_id": "rust_package_planning.explicit_unit_effects"
          },
          {
            "block_hash": "dcde3529951265443bace303e386a9a223c5f4b3b1fb0fc63331b68939df0eef",
            "heading": "### Requirement: Rust-plan extraction preserves accepted compatibility",
            "kind": "added",
            "requirement_id": "rust_package_planning.hexagonal_compatibility"
          }
        ],
        "outcomes": [
          {
            "kind": "added",
            "requirement_id": "rust_package_planning.hexagonal_core",
            "state": "applied"
          },
          {
            "kind": "added",
            "requirement_id": "rust_package_planning.application_owned_ports",
            "state": "applied"
          },
          {
            "kind": "added",
            "requirement_id": "rust_package_planning.explicit_unit_effects",
            "state": "applied"
          },
          {
            "kind": "added",
            "requirement_id": "rust_package_planning.hexagonal_compatibility",
            "state": "applied"
          }
        ],
        "source": ".cairn/changes/separate-rust-plan-hexagon/specs/rust-package-planning/spec.md"
      }
    ]
  },
  "mutated": true,
  "mutation_manifest": {
    "after": {
      "entries": [
        {
          "content_hash": "6cef3707548ab39e2c680e2ce595034d8175a949274947ad2da5629db69e0c0c",
          "exists": true,
          "path": "./.cairn/specs/rust-package-planning/spec.md"
        }
      ],
      "manifest_hash": "7797af0c31c59a96be33979521488f5a105ca4a6ef67c7ee08b4067db6c76c90"
    },
    "before": {
      "entries": [
        {
          "content_hash": "8b04c840ce9d70d5209d77634466fc0d90ee0f8edc04278419a247b5050ba52c",
          "exists": true,
          "path": "./.cairn/specs/rust-package-planning/spec.md"
        }
      ],
      "manifest_hash": "43aead137fb7c12279cf133337bcee9afaa19f83bd6593f11cef902ab2c33dfe"
    },
    "kind": "sync",
    "manifest_hash": "baa7ebe8f8dc68773fedc809b51773d33ced77e69a5fc42f35973c3be14a4397"
  },
  "plan_hash": "5bdcd844725b36618bb4bfe77d9d0f6b1262bda5f309faf39a1ecd3d39954317",
  "policy": "mantle-default",
  "policy_hash": "69891b1b46c1b38dad36043d5603ad45768bbeb4bc61ad10b72bc0cbabadb0d7",
  "reasons": [],
  "receipt_hash": "35ef1900582b1ece477d77a619acea74fd978db90f9690eff940e3921cd24c0b"
}
