$ git rev-parse HEAD
bb5aabb2a734196123545770b4a1f1c6e61fba62
$ cargo test -p crunch-build remote_resources --offline
warning: Cargo.toml: file `/home/brittonr/git/OnixResearch/mantle/.pi/worktrees/drain-evidence-driven-resource-policy/src/main.rs` found to be present in multiple build targets:
  * `bin` target `crunch`
  * `bin` target `mantle`
warning: `mantle` (manifest) generated 1 warning
   Compiling proc-macro2 v1.0.106
   Compiling quote v1.0.45
   Compiling unicode-ident v1.0.24
   Compiling libc v0.2.186
   Compiling cfg-if v1.0.4
   Compiling serde_core v1.0.228
   Compiling serde v1.0.228
   Compiling memchr v2.8.0
   Compiling smallvec v1.15.1
   Compiling parking_lot_core v0.9.12
   Compiling scopeguard v1.2.0
   Compiling regex-syntax v0.8.10
   Compiling once_cell v1.21.4
   Compiling subtle v2.6.1
   Compiling find-msvc-tools v0.1.9
   Compiling shlex v1.3.0
   Compiling thiserror v2.0.18
   Compiling crossbeam-utils v0.8.21
   Compiling itoa v1.0.18
   Compiling bitflags v2.11.0
   Compiling lock_api v0.4.14
   Compiling version_check v0.9.5
   Compiling typenum v1.20.1
   Compiling equivalent v1.0.2
   Compiling stable_deref_trait v1.2.1
   Compiling fastrand v2.4.1
   Compiling allocator-api2 v0.2.21
   Compiling crc32fast v1.5.0
   Compiling tinyvec_macros v0.1.1
   Compiling gix-trace v0.1.18
   Compiling foldhash v0.2.0
   Compiling same-file v1.0.6
   Compiling tinyvec v1.11.0
   Compiling cpufeatures v0.2.17
   Compiling pin-project-lite v0.2.17
   Compiling human_format v1.2.1
   Compiling walkdir v2.5.0
   Compiling bytesize v2.3.1
   Compiling futures-core v0.3.32
   Compiling zlib-rs v0.6.3
   Compiling rustix v1.1.4
   Compiling byteorder v1.5.0
   Compiling generic-array v0.14.7
   Compiling linux-raw-sys v0.12.1
   Compiling hashbrown v0.16.1
   Compiling heapless v0.8.0
   Compiling fnv v1.0.7
   Compiling rand_core v0.10.0
   Compiling aho-corasick v1.1.4
   Compiling hash32 v0.3.1
   Compiling getrandom v0.4.2
   Compiling unicode-normalization v0.1.25
   Compiling jiff v0.2.23
   Compiling crossbeam-channel v0.5.15
   Compiling zeroize v1.8.2
   Compiling futures-sink v0.3.32
   Compiling futures-io v0.3.32
   Compiling futures-task v0.3.32
   Compiling arrayvec v0.7.6
   Compiling futures-channel v0.3.32
   Compiling slab v0.4.12
   Compiling winnow v0.7.15
   Compiling syn v2.0.117
   Compiling tracing-core v0.1.36
   Compiling dunce v1.0.5
   Compiling fs_extra v1.3.0
   Compiling log v0.4.29
   Compiling zmij v1.0.21
   Compiling strsim v0.11.1
   Compiling percent-encoding v2.3.2
   Compiling serde_json v1.0.149
   Compiling crossbeam-epoch v0.9.20
   Compiling aws-lc-rs v1.16.2
   Compiling rayon-core v1.13.0
   Compiling jobserver v0.1.34
   Compiling faster-hex v0.10.0
   Compiling rustls-pki-types v1.14.0
   Compiling signal-hook v0.4.4
   Compiling encoding_rs v0.8.35
   Compiling pkg-config v0.3.32
   Compiling nonempty v0.12.0
   Compiling litemap v0.8.2
   Compiling writeable v0.6.3
   Compiling cc v1.2.59
   Compiling untrusted v0.9.0
   Compiling hashbrown v0.14.5
   Compiling httparse v1.10.1
   Compiling block-buffer v0.10.4
   Compiling crypto-common v0.1.7
   Compiling crossbeam-deque v0.8.6
   Compiling ident_case v1.0.1
   Compiling arrayref v0.3.9
   Compiling rustls v0.23.37
   Compiling constant_time_eq v0.3.1
   Compiling digest v0.10.7
   Compiling icu_normalizer_data v2.2.0
   Compiling utf8_iter v1.0.4
   Compiling icu_properties_data v2.2.0
   Compiling regex-automata v0.4.14
   Compiling indexmap v2.13.1
   Compiling tower-service v0.3.3
   Compiling errno v0.3.14
   Compiling socket2 v0.6.3
   Compiling mio v1.2.0
   Compiling sha1 v0.10.6
   Compiling signal-hook-registry v1.4.8
   Compiling memmap2 v0.9.10
   Compiling parking_lot v0.12.5
   Compiling sha1-checked v0.10.0
   Compiling getrandom v0.2.17
   Compiling cmake v0.1.58
   Compiling dashmap v6.1.0
   Compiling prodash v31.0.0
   Compiling try-lock v0.2.5
   Compiling rustversion v1.0.22
   Compiling atomic-waker v1.1.2
   Compiling base64 v0.22.1
   Compiling cfg_aliases v0.2.1
   Compiling autocfg v1.5.0
   Compiling tempfile v3.27.0
   Compiling want v0.3.1
   Compiling unicode-bom v2.0.3
   Compiling form_urlencoded v1.2.2
   Compiling sync_wrapper v1.0.2
   Compiling openssl-probe v0.2.1
   Compiling aws-lc-sys v0.39.1
   Compiling ring v0.17.14
   Compiling blake3 v1.8.2
   Compiling tower-layer v0.3.3
   Compiling ipnet v2.12.0
   Compiling foldhash v0.1.5
   Compiling static_assertions v1.1.0
   Compiling rustls-native-certs v0.8.3
   Compiling shell-words v1.1.1
   Compiling iri-string v0.7.12
   Compiling kstring v2.0.2
   Compiling mime v0.3.17
   Compiling hashbrown v0.15.5
   Compiling semver v1.0.28
   Compiling zstd-sys v2.0.16+zstd.1.5.7
   Compiling filetime v0.2.27
   Compiling utf8parse v0.2.2
   Compiling portable-atomic v1.13.1
   Compiling winnow v1.0.1
   Compiling rustc_version v0.4.1
   Compiling heck v0.5.0
   Compiling num-traits v0.2.19
   Compiling anstyle-parse v1.0.0
   Compiling libmimalloc-sys v0.1.44
   Compiling gix-sec v0.13.2
   Compiling colorchoice v1.0.5
   Compiling toml_datetime v1.1.1+spec-1.1.0
   Compiling anstyle v1.0.14
   Compiling anyhow v1.0.102
   Compiling curve25519-dalek v4.1.3
   Compiling anstyle-query v1.1.5
   Compiling unicode-segmentation v1.13.2
   Compiling is_terminal_polyfill v1.70.2
   Compiling unicode-width v0.2.2
   Compiling lazy_static v1.5.0
   Compiling data-encoding v2.10.0
   Compiling anstream v1.0.0
   Compiling memoffset v0.6.5
   Compiling bzip2-sys v0.1.13+1.0.8
   Compiling lzma-sys v0.1.20
   Compiling sha2 v0.10.9
   Compiling vte v0.15.0
   Compiling convert_case v0.10.0
   Compiling clap_lex v1.1.0
   Compiling rustix v0.38.44
   Compiling unicode-xid v0.2.6
   Compiling signature v2.2.0
   Compiling typeid v1.0.3
   Compiling zstd-safe v7.2.4
   Compiling clap_builder v4.6.0
   Compiling synstructure v0.13.2
   Compiling darling_core v0.23.0
   Compiling darling_core v0.20.11
   Compiling ed25519 v2.2.3
   Compiling vt100 v0.16.2
   Compiling sharded-slab v0.1.7
   Compiling toml_parser v1.1.2+spec-1.1.0
   Compiling console v0.16.3
   Compiling arc-swap v1.9.1
   Compiling n0-future v0.3.2
   Compiling matchers v0.2.0
   Compiling toml_edit v0.25.10+spec-1.1.0
   Compiling nix v0.31.3
   Compiling tracing-log v0.2.0
   Compiling thread_local v1.1.9
   Compiling bitflags v1.3.2
   Compiling parking v2.2.1
   Compiling thiserror v1.0.69
   Compiling spin v0.10.0
   Compiling cordyceps v0.3.4
   Compiling simd-adler32 v0.3.9
   Compiling unit-prefix v0.5.2
   Compiling erased-serde v0.4.10
   Compiling adler2 v2.0.1
   Compiling cpufeatures v0.3.0
   Compiling zerocopy v0.8.48
   Compiling linux-raw-sys v0.4.15
   Compiling diatomic-waker v0.2.3
   Compiling either v1.15.0
   Compiling nu-ansi-term v0.50.3
   Compiling indicatif v0.18.4
   Compiling serde_derive v1.0.228
   Compiling thiserror-impl v2.0.18
   Compiling tokio-macros v2.7.0
   Compiling futures-macro v0.3.32
   Compiling zerofrom-derive v0.1.7
   Compiling yoke-derive v0.8.2
   Compiling zerovec-derive v0.11.3
   Compiling displaydoc v0.2.5
   Compiling tracing-attributes v0.1.31
   Compiling curve25519-dalek-derive v0.1.1
   Compiling async-trait v0.1.89
   Compiling proc-macro-crate v3.5.0
   Compiling futures-util v0.3.32
   Compiling clap_derive v4.6.0
   Compiling zerofrom v0.1.7
   Compiling pin-project-internal v1.1.11
   Compiling derive_more-impl v2.1.1
   Compiling darling_macro v0.20.11
   Compiling yoke v0.8.2
   Compiling num_enum_derive v0.7.6
   Compiling darling_macro v0.23.0
   Compiling darling v0.20.11
   Compiling zerovec v0.11.6
   Compiling zerotrie v0.2.4
   Compiling futures-buffered v0.2.13
   Compiling async-stream-impl v0.3.6
   Compiling tracing v0.1.44
   Compiling darling v0.23.0
   Compiling serde_with_macros v3.18.0
   Compiling tracing-subscriber v0.3.23
   Compiling spez v0.1.2
   Compiling thiserror-impl v1.0.69
   Compiling n0-error-macros v0.1.3
   Compiling tinystr v0.8.3
   Compiling potential_utf v0.1.5
   Compiling pin-project v1.1.11
   Compiling miniz_oxide v0.8.9
   Compiling icu_locale_core v2.2.0
   Compiling icu_collections v2.2.0
   Compiling chacha20 v0.10.0
   Compiling ed25519-dalek v2.2.0
   Compiling futures-lite v2.6.1
   Compiling serde_with v3.18.0
   Compiling mimalloc v0.1.48
   Compiling xattr v1.6.1
   Compiling derive_more v2.1.1
   Compiling nibble_vec v0.1.0
   Compiling clap v4.6.0
   Compiling getrandom v0.3.4
   Compiling fuse-backend-rs v0.12.0 (/home/brittonr/git/OnixResearch/mantle/.pi/worktrees/drain-evidence-driven-resource-policy/vendor/fuse-backend-rs)
   Compiling nix-compat v0.1.0 (/home/brittonr/git/OnixResearch/mantle/.pi/worktrees/drain-evidence-driven-resource-policy/vendor/nix-compat)
   Compiling ryu v1.0.23
   Compiling redb v3.1.3
   Compiling endian-type v0.1.2
   Compiling iana-time-zone v0.1.65
   Compiling matchit v0.8.4
   Compiling clap-verbosity-flag v3.0.4
   Compiling radix_trie v0.2.1
   Compiling nix v0.24.3
   Compiling n0-error v0.1.3
   Compiling flate2 v1.1.9
   Compiling rand v0.10.1
   Compiling bzip2 v0.5.2
   Compiling icu_provider v2.2.0
   Compiling num_enum v0.7.6
   Compiling async-stream v0.3.6
   Compiling tracing-indicatif v0.3.14
   Compiling derive_builder_core v0.20.2
   Compiling cobs v0.3.0
   Compiling itertools v0.15.0
   Compiling irpc-derive v0.10.0
   Compiling nix-compat-derive v0.1.0 (/home/brittonr/git/OnixResearch/mantle/.pi/worktrees/drain-evidence-driven-resource-policy/vendor/nix-compat-derive)
   Compiling vmm-sys-util v0.11.2
   Compiling icu_properties v2.2.0
   Compiling icu_normalizer v2.2.0
   Compiling caps v0.5.6
   Compiling vm-memory v0.10.0
   Compiling num_cpus v1.17.0
   Compiling bytes v1.11.1
   Compiling bstr v1.12.1
   Compiling futures-executor v0.3.32
   Compiling quick-xml v0.40.1
   Compiling serde_urlencoded v0.7.1
   Compiling futures v0.3.32
   Compiling chrono v0.4.44
   Compiling mio v0.8.11
   Compiling proc-macro-error-attr2 v2.0.0
   Compiling nom v8.0.0
   Compiling fixedbitset v0.4.2
   Compiling snix-castore v0.1.0 (/home/brittonr/git/OnixResearch/mantle/.pi/worktrees/drain-evidence-driven-resource-policy/vendor/snix-castore)
   Compiling humantime v2.3.0
   Compiling rustc-hash v2.1.2
   Compiling petgraph v0.6.5
   Compiling derive_builder_macro v0.20.2
   Compiling threadpool v1.8.1
   Compiling gix-validate v0.11.0
   Compiling gix-utils v0.3.1
   Compiling gix-error v0.2.1
   Compiling tokio v1.51.0
   Compiling http v1.4.0
   Compiling gix-packetline v0.21.2
   Compiling gix-path v0.11.2
   Compiling gix-date v0.15.1
   Compiling gix-chunk v0.7.0
   Compiling gix-quote v0.7.0
   Compiling idna_adapter v1.2.1
   Compiling gix-bitmap v0.3.0
   Compiling proc-macro-error2 v2.0.1
   Compiling idna v1.1.0
   Compiling serde_tagged v0.3.0
   Compiling gix-features v0.46.2
   Compiling gix-actor v0.40.0
   Compiling gix-command v0.8.0
   Compiling gix-config-value v0.17.1
   Compiling gix-url v0.35.2
   Compiling postcard v1.1.3
   Compiling serde_qs v0.12.0
   Compiling gix-hash v0.23.0
   Compiling gix-fs v0.19.2
   Compiling gix-glob v0.24.0
   Compiling http-body v1.0.1
   Compiling url v2.5.8
   Compiling gix-prompt v0.14.1
   Compiling gix-hashtable v0.13.0
   Compiling gix-tempfile v21.0.2
   Compiling gix-commitgraph v0.35.0
   Compiling gix-object v0.58.0
   Compiling auto_impl v1.3.0
   Compiling http-body-util v0.1.3
   Compiling regex v1.12.3
   Compiling gix-attributes v0.31.0
   Compiling gix-lock v21.0.2
   Compiling gix-ignore v0.19.1
   Compiling imara-diff v0.2.0
   Compiling imara-diff v0.1.8
   Compiling nix v0.29.0
   Compiling serde_bytes v0.11.19
   Compiling wu-manber v0.1.0 (https://github.com/tvlfyi/wu-manber.git#0d5b22be)
   Compiling rand_core v0.9.5
   Compiling gix-pathspec v0.16.1
   Compiling gix-credentials v0.37.1
   Compiling getset v0.1.6
   Compiling xz2 v0.1.7
   Compiling derive_builder v0.20.2
   Compiling crunch-attestation-core v0.1.0 (/home/brittonr/git/OnixResearch/mantle/.pi/worktrees/drain-evidence-driven-resource-policy/crates/crunch-attestation-core)
   Compiling artifact-auth-core v0.1.0 (ssh://git@github.com/OnixResearch/onix-artifact.git?rev=c932138d880ddf4c2967f4c024b489b5c0022bf1#c932138d)
   Compiling strum_macros v0.26.4
   Compiling typed-builder-macro v0.22.0
   Compiling md-5 v0.10.6
   Compiling clru v0.6.3
   Compiling uluru v3.1.0
   Compiling strum v0.26.3
   Compiling snix-store v0.1.0 (/home/brittonr/git/OnixResearch/mantle/.pi/worktrees/drain-evidence-driven-resource-policy/vendor/snix-store)
   Compiling snix-build v0.1.0 (/home/brittonr/git/OnixResearch/mantle/.pi/worktrees/drain-evidence-driven-resource-policy/vendor/snix-build)
   Compiling gix-shallow v0.10.0
   Compiling nix-archive v0.1.0
   Compiling itertools v0.12.1
   Compiling gix-revwalk v0.29.0
   Compiling gix-ref v0.61.0
   Compiling gix-filter v0.28.0
   Compiling gix-pack v0.68.0
   Compiling maybe-async v0.2.10
   Compiling rand_core v0.6.4
   Compiling gix-traverse v0.55.0
   Compiling gix-revision v0.43.0
   Compiling ppv-lite86 v0.2.21
   Compiling gix-negotiate v0.29.0
   Compiling uuid v1.23.0
   Compiling io-close v0.3.7
   Compiling lru v0.16.4
   Compiling count-write v0.1.0
   Compiling crc-catalog v2.4.0
   Compiling gix-index v0.49.0
   Compiling typed-builder v0.22.0
   Compiling gix-worktree-stream v0.30.0
   Compiling rand_chacha v0.3.1
   Compiling crc v3.4.0
   Compiling crunch-action-result-core v0.1.0 (/home/brittonr/git/OnixResearch/mantle/.pi/worktrees/drain-evidence-driven-resource-policy/crates/crunch-action-result-core)
   Compiling crunch-attestation v0.1.0 (/home/brittonr/git/OnixResearch/mantle/.pi/worktrees/drain-evidence-driven-resource-policy/crates/crunch-attestation)
   Compiling ureq-proto v0.6.0
   Compiling gix-refspec v0.39.0
   Compiling gix-discover v0.49.0
   Compiling oci-spec v0.7.1
   Compiling gix-config v0.54.0
   Compiling gix-archive v0.30.0
   Compiling gix-mailmap v0.32.0
   Compiling crunch-composition-core v0.1.0 (/home/brittonr/git/OnixResearch/mantle/.pi/worktrees/drain-evidence-driven-resource-policy/crates/crunch-composition-core)
   Compiling tar v0.4.45
   Compiling crunch-repair-core v0.1.0 (/home/brittonr/git/OnixResearch/mantle/.pi/worktrees/drain-evidence-driven-resource-policy/crates/crunch-repair-core)
   Compiling zstd v0.13.3
   Compiling gix-odb v0.78.0
   Compiling crunch-gc-core v0.1.0 (/home/brittonr/git/OnixResearch/mantle/.pi/worktrees/drain-evidence-driven-resource-policy/crates/crunch-gc-core)
   Compiling crunch-overlay-core v0.1.0 (/home/brittonr/git/OnixResearch/mantle/.pi/worktrees/drain-evidence-driven-resource-policy/crates/crunch-overlay-core)
   Compiling fs2 v0.4.3
   Compiling wait-timeout v0.2.1
   Compiling gix-worktree v0.50.0
   Compiling webpki-roots v1.0.6
   Compiling utf8-zero v0.8.1
   Compiling twox-hash v2.1.2
   Compiling quick-error v1.2.3
   Compiling bit-vec v0.8.0
   Compiling rand v0.8.6
   Compiling gix-diff v0.61.0
   Compiling gix-dir v0.23.0
   Compiling gix-worktree-state v0.28.0
   Compiling rusty-fork v0.3.1
   Compiling ruzstd v0.8.2
   Compiling bit-set v0.8.0
   Compiling lzma-rs v0.3.0
   Compiling tokio-util v0.7.18
   Compiling tower v0.5.3
   Compiling tokio-stream v0.1.18
   Compiling async-compression v0.4.19
   Compiling gix-submodule v0.28.0
   Compiling rand_chacha v0.9.0
   Compiling artifact-auth-ed25519 v0.1.0 (ssh://git@github.com/OnixResearch/onix-artifact.git?rev=c932138d880ddf4c2967f4c024b489b5c0022bf1#c932138d)
   Compiling gix-blame v0.11.0
   Compiling astral-tokio-tar v0.6.3
   Compiling tower-http v0.6.8
   Compiling fastcdc v3.2.1
   Compiling gix-status v0.28.0
   Compiling h2 v0.4.13
   Compiling rand_xorshift v0.4.0
   Compiling rand v0.9.3
   Compiling crunch-remote-core v0.1.0 (/home/brittonr/git/OnixResearch/mantle/.pi/worktrees/drain-evidence-driven-resource-policy/crates/crunch-remote-core)
   Compiling gethostname v0.5.0
   Compiling bzip2-rs v0.1.2
   Compiling yansi v1.0.1
   Compiling diff v0.1.13
   Compiling unarray v0.1.4
   Compiling pretty_assertions v1.4.1
   Compiling proptest v1.11.0
   Compiling irpc v0.13.0
   Compiling crunch-nar v0.1.0 (/home/brittonr/git/OnixResearch/mantle/.pi/worktrees/drain-evidence-driven-resource-policy/crates/crunch-nar)
   Compiling crunch-glue v0.1.0 (/home/brittonr/git/OnixResearch/mantle/.pi/worktrees/drain-evidence-driven-resource-policy/crates/crunch-glue)
   Compiling hyper v1.9.0
   Compiling hyper-util v0.1.20
   Compiling rustls-webpki v0.103.13
   Compiling tokio-rustls v0.26.4
   Compiling rustls-platform-verifier v0.6.2
   Compiling ureq v3.3.0
   Compiling hyper-rustls v0.27.7
   Compiling reqwest v0.13.2
   Compiling reqwest-middleware v0.5.1
   Compiling object_store v0.14.0
   Compiling gix-transport v0.55.1
   Compiling gix-protocol v0.59.0
   Compiling reqwest-tracing v0.6.0
   Compiling snix-tracing v0.1.0 (/home/brittonr/git/OnixResearch/mantle/.pi/worktrees/drain-evidence-driven-resource-policy/vendor/snix-tracing)
   Compiling gix v0.81.0
   Compiling crunch-store v0.1.0 (/home/brittonr/git/OnixResearch/mantle/.pi/worktrees/drain-evidence-driven-resource-policy/crates/crunch-store)
   Compiling crunch-build v0.1.0 (/home/brittonr/git/OnixResearch/mantle/.pi/worktrees/drain-evidence-driven-resource-policy/crates/crunch-build)
    Finished `test` profile [unoptimized + debuginfo] target(s) in 1m 05s
warning: the following packages contain code that will be rejected by a future version of Rust: n0-future v0.3.2, nix v0.29.0, nix v0.31.3, proc-macro-error2 v2.0.1
note: to see what the problems were, use the option `--future-incompat-report`, or run `cargo report future-incompatibilities --id 1`
     Running unittests src/lib.rs (/tmp/mantle-resource-policy-target/debug/deps/crunch_build-bf1f350d7c914594)

running 11 tests
test distributed::remote_resources::tests::invalid_resource_shapes_fail_closed ... ok
test distributed::remote_resources::tests::placement_uses_classes_and_stable_identity_not_input_order ... ok
test distributed::remote_resources::tests::locality_cannot_create_eligibility_and_starvation_remains_authoritative ... ok
test distributed::remote_resources::tests::stale_wrong_scope_and_unverified_locality_never_claim_zero_transfer ... ok
test distributed::remote_resources::tests::verified_full_partial_and_missing_locality_are_derived_from_receiver_facts ... ok
test distributed::remote_resources::tests::restart_recovery_preserves_only_current_live_lease ... ok
test distributed::remote_resources::tests::compatible_vectors_reserve_release_and_replay_deterministically ... ok
test distributed::remote_resources::tests::aggregate_reservations_prevent_every_overcommit_class ... ok
test distributed::remote_resources::tests::stale_attempt_cannot_renew_release_or_resize_current_lease ... ok
test distributed::remote_resources::tests::lease_snapshot_rejects_corruption_and_overcommit ... ok
test distributed::remote_resources::tests::checked_cpu_reservations_preserve_capacity_invariant ... ok

test result: ok. 11 passed; 0 failed; 0 ignored; 0 measured; 692 filtered out; finished in 0.03s

     Running tests/export_api.rs (/tmp/mantle-resource-policy-target/debug/deps/export_api-1ea8e3496b25db32)

running 0 tests

test result: ok. 0 passed; 0 failed; 0 ignored; 0 measured; 1 filtered out; finished in 0.00s

$ cargo test -p crunch-build scheduling --offline
warning: Cargo.toml: file `/home/brittonr/git/OnixResearch/mantle/.pi/worktrees/drain-evidence-driven-resource-policy/src/main.rs` found to be present in multiple build targets:
  * `bin` target `crunch`
  * `bin` target `mantle`
warning: `mantle` (manifest) generated 1 warning
    Finished `test` profile [unoptimized + debuginfo] target(s) in 0.22s
warning: the following packages contain code that will be rejected by a future version of Rust: n0-future v0.3.2, nix v0.29.0, nix v0.31.3, proc-macro-error2 v2.0.1
note: to see what the problems were, use the option `--future-incompat-report`, or run `cargo report future-incompatibilities --id 1`
     Running unittests src/lib.rs (/tmp/mantle-resource-policy-target/debug/deps/crunch_build-bf1f350d7c914594)

running 30 tests
test scheduling::tests::comparator_totality_and_antisymmetry_hold_for_bounded_fact_matrix ... ok
test scheduling::tests::comparator_transitivity_holds_for_bounded_fact_matrix ... ok
test scheduling::tests::edge_budget_rejects_oversize_and_overflow_without_allocation ... ok
test scheduling::tests::epoch_advance_is_checked_and_bounded ... ok
test scheduling::tests::every_hard_blocker_remains_ineligible_regardless_of_preference ... ok
test scheduling::tests::configured_preference_order_changes_named_field_precedence ... ok
test scheduling::tests::continuously_ready_goal_becomes_protected_and_outranks_ordinary_pressure ... ok
test scheduling::tests::age_classes_are_bounded_and_future_ready_epoch_is_rejected ... ok
test scheduling::tests::eligible_resource_and_locality_facts_improve_preference ... ok
test scheduling::tests::equivalent_asynchronous_arrival_orders_replay_identically ... ok
test scheduling::tests::default_policy_is_valid_and_digest_stable ... ok
test scheduling::tests::evidence_rejects_internally_inconsistent_ranked_snapshots ... ok
test scheduling::tests::chain_pressure_increases_toward_the_ready_leaf ... ok
test scheduling::tests::ineligible_goal_does_not_age_into_dispatch ... ok
test scheduling::tests::affected_recompute_leaves_disjoint_component_unchanged ... ok
test scheduling::tests::dynamic_graph_extension_recomputes_only_connected_known_component ... ok
test scheduling::tests::evidence_is_replay_stable_and_redacts_raw_goal_and_sensitive_route_text ... ok
test scheduling::tests::graph_validation_rejects_unknown_duplicate_and_cyclic_facts ... ok
test scheduling::tests::pressure_arithmetic_overflow_rejects_without_partial_mutation ... ok
test scheduling::tests::malformed_previous_pressure_cache_is_not_reused ... ok
test scheduling::tests::history_fresh_changes_work_basis_while_missing_stale_and_incompatible_fall_back ... ok
test scheduling::tests::invalid_policy_rejects_duplicate_fields_and_bad_thresholds ... ok
test scheduling::tests::ranking_is_permutation_invariant_and_uses_stable_ties ... ok
test scheduling::tests::ranking_rejects_malformed_pressure_facts ... ok
test scheduling::tests::recurring_higher_pressure_arrivals_lose_at_the_aged_epoch ... ok
test scheduling::tests::shared_dependency_counts_unique_blocked_roots_and_diamond_paths ... ok
test scheduling::tests::priority_fixture_improves_first_dispatch_pressure_relative_to_fifo ... ok
test worker::tests::unknown_scheduling_preference_rejects_without_raw_identity_or_mutation ... ok
test scheduling::tests::oversized_graph_rejects_before_pressure_output ... ok
test scheduling::tests::oversized_and_unknown_history_snapshots_fall_back_without_partial_admission ... ok

test result: ok. 30 passed; 0 failed; 0 ignored; 0 measured; 673 filtered out; finished in 0.00s

     Running tests/export_api.rs (/tmp/mantle-resource-policy-target/debug/deps/export_api-1ea8e3496b25db32)

running 0 tests

test result: ok. 0 passed; 0 failed; 0 ignored; 0 measured; 1 filtered out; finished in 0.00s

$ cargo test -p crunch-action-result-core --offline
warning: Cargo.toml: file `/home/brittonr/git/OnixResearch/mantle/.pi/worktrees/drain-evidence-driven-resource-policy/src/main.rs` found to be present in multiple build targets:
  * `bin` target `crunch`
  * `bin` target `mantle`
warning: `mantle` (manifest) generated 1 warning
   Compiling proc-macro2 v1.0.106
   Compiling quote v1.0.45
   Compiling serde_json v1.0.149
   Compiling memchr v2.8.0
   Compiling cc v1.2.59
   Compiling blake3 v1.8.2
   Compiling syn v2.0.117
   Compiling serde_derive v1.0.228
   Compiling serde v1.0.228
   Compiling artifact-auth-core v0.1.0 (ssh://git@github.com/OnixResearch/onix-artifact.git?rev=c932138d880ddf4c2967f4c024b489b5c0022bf1#c932138d)
   Compiling crunch-action-result-core v0.1.0 (/home/brittonr/git/OnixResearch/mantle/.pi/worktrees/drain-evidence-driven-resource-policy/crates/crunch-action-result-core)
    Finished `test` profile [unoptimized + debuginfo] target(s) in 6.08s
     Running unittests src/lib.rs (/tmp/mantle-resource-policy-target/debug/deps/crunch_action_result_core-ea758b28e0f69133)

running 12 tests
test artifact_auth::tests::standalone_statement_mapping_binds_action_result_key_and_policy_identities ... ok
test tests::admitted_output_digest_is_present_or_fails_closed_without_panicking ... ok
test artifact_auth::tests::standalone_statement_mapping_rejects_malformed_key_and_incomplete_oci_pair ... ok
test tests::ca_mapping_and_index_presence_never_replace_verified_admission_facts ... ok
test tests::identical_candidates_deduplicate_and_one_matching_signed_result_is_admitted ... ok
test tests::stale_drift_unsigned_policy_and_missing_admission_facts_fail_closed ... ok
test artifact_auth::tests::passing_dual_run_preserves_oci_identity_and_product_authority ... ok
test tests::permutation_equivalent_records_and_indexes_have_identical_refs ... ok
test tests::malformed_refs_partial_records_and_oversized_indexes_are_rejected ... ok
test tests::conflicting_admitted_output_sets_fail_strong_reuse_without_source_order_selection ... ok
test artifact_auth::tests::signature_tamper_is_mapped_but_unrelated_failure_and_false_parity_block ... ok
test artifact_auth::tests::duplicate_full_keys_missing_labels_revocation_and_incomplete_oci_pair_fail_closed ... ok

test result: ok. 12 passed; 0 failed; 0 ignored; 0 measured; 0 filtered out; finished in 0.00s

     Running tests/architecture.rs (/tmp/mantle-resource-policy-target/debug/deps/architecture-64a6409bb76bff1d)

running 1 test
test adr_0024_core_has_no_cas_executor_or_transport_dependencies ... ok

test result: ok. 1 passed; 0 failed; 0 ignored; 0 measured; 0 filtered out; finished in 0.00s

   Doc-tests crunch_action_result_core

running 0 tests

test result: ok. 0 passed; 0 failed; 0 ignored; 0 measured; 0 filtered out; finished in 0.00s

$ cargo test -p crunch-store action_result --offline
warning: Cargo.toml: file `/home/brittonr/git/OnixResearch/mantle/.pi/worktrees/drain-evidence-driven-resource-policy/src/main.rs` found to be present in multiple build targets:
  * `bin` target `crunch`
  * `bin` target `mantle`
warning: `mantle` (manifest) generated 1 warning
   Compiling smallvec v1.15.1
   Compiling blake3 v1.8.2
   Compiling rustix v1.1.4
   Compiling rustls v0.23.37
   Compiling rustls-webpki v0.103.13
   Compiling rustix v0.38.44
   Compiling linux-raw-sys v0.4.15
   Compiling sha1 v0.10.6
   Compiling ppv-lite86 v0.2.21
   Compiling crunch-delta-core v0.1.0 (/home/brittonr/git/OnixResearch/mantle/.pi/worktrees/drain-evidence-driven-resource-policy/crates/crunch-delta-core)
   Compiling libbz2-rs-sys v0.2.3
   Compiling parking_lot_core v0.9.12
   Compiling icu_normalizer v2.2.0
   Compiling tracing-subscriber v0.3.23
   Compiling nibble_vec v0.1.0
   Compiling rand_chacha v0.9.0
   Compiling parking_lot v0.12.5
   Compiling radix_trie v0.2.1
   Compiling bzip2 v0.6.1
   Compiling idna_adapter v1.2.1
   Compiling idna v1.1.0
   Compiling tokio v1.51.0
   Compiling fuse-backend-rs v0.12.0 (/home/brittonr/git/OnixResearch/mantle/.pi/worktrees/drain-evidence-driven-resource-policy/vendor/fuse-backend-rs)
   Compiling url v2.5.8
   Compiling tracing-indicatif v0.3.14
   Compiling artifact-auth-core v0.1.0 (ssh://git@github.com/OnixResearch/onix-artifact.git?rev=c932138d880ddf4c2967f4c024b489b5c0022bf1#c932138d)
   Compiling crunch-attestation-core v0.1.0 (/home/brittonr/git/OnixResearch/mantle/.pi/worktrees/drain-evidence-driven-resource-policy/crates/crunch-attestation-core)
   Compiling crunch-gc-core v0.1.0 (/home/brittonr/git/OnixResearch/mantle/.pi/worktrees/drain-evidence-driven-resource-policy/crates/crunch-gc-core)
   Compiling crunch-overlay-core v0.1.0 (/home/brittonr/git/OnixResearch/mantle/.pi/worktrees/drain-evidence-driven-resource-policy/crates/crunch-overlay-core)
   Compiling crunch-composition-core v0.1.0 (/home/brittonr/git/OnixResearch/mantle/.pi/worktrees/drain-evidence-driven-resource-policy/crates/crunch-composition-core)
   Compiling crunch-repair-core v0.1.0 (/home/brittonr/git/OnixResearch/mantle/.pi/worktrees/drain-evidence-driven-resource-policy/crates/crunch-repair-core)
   Compiling xattr v1.6.1
   Compiling tempfile v3.27.0
   Compiling nix-archive v0.1.0
   Compiling tar v0.4.45
   Compiling crunch-action-result-core v0.1.0 (/home/brittonr/git/OnixResearch/mantle/.pi/worktrees/drain-evidence-driven-resource-policy/crates/crunch-action-result-core)
   Compiling rusty-fork v0.3.1
   Compiling proptest v1.11.0
   Compiling crunch-attestation v0.1.0 (/home/brittonr/git/OnixResearch/mantle/.pi/worktrees/drain-evidence-driven-resource-policy/crates/crunch-attestation)
   Compiling rustls-platform-verifier v0.6.2
   Compiling tokio-util v0.7.18
   Compiling tower v0.5.3
   Compiling tokio-rustls v0.26.4
   Compiling tokio-stream v0.1.18
   Compiling async-compression v0.4.19
   Compiling nix-compat v0.1.0 (/home/brittonr/git/OnixResearch/mantle/.pi/worktrees/drain-evidence-driven-resource-policy/vendor/nix-compat)
   Compiling fastcdc v3.2.1
   Compiling astral-tokio-tar v0.6.3
   Compiling tower-http v0.6.8
   Compiling h2 v0.4.13
   Compiling n0-future v0.3.2
   Compiling irpc v0.13.0
   Compiling crunch-nar v0.1.0 (/home/brittonr/git/OnixResearch/mantle/.pi/worktrees/drain-evidence-driven-resource-policy/crates/crunch-nar)
   Compiling hyper v1.9.0
   Compiling hyper-util v0.1.20
   Compiling hyper-rustls v0.27.7
   Compiling reqwest v0.13.2
   Compiling reqwest-middleware v0.5.1
   Compiling object_store v0.14.0
   Compiling reqwest-tracing v0.6.0
   Compiling snix-tracing v0.1.0 (/home/brittonr/git/OnixResearch/mantle/.pi/worktrees/drain-evidence-driven-resource-policy/vendor/snix-tracing)
   Compiling snix-castore v0.1.0 (/home/brittonr/git/OnixResearch/mantle/.pi/worktrees/drain-evidence-driven-resource-policy/vendor/snix-castore)
   Compiling snix-store v0.1.0 (/home/brittonr/git/OnixResearch/mantle/.pi/worktrees/drain-evidence-driven-resource-policy/vendor/snix-store)
   Compiling snix-build v0.1.0 (/home/brittonr/git/OnixResearch/mantle/.pi/worktrees/drain-evidence-driven-resource-policy/vendor/snix-build)
   Compiling crunch-store v0.1.0 (/home/brittonr/git/OnixResearch/mantle/.pi/worktrees/drain-evidence-driven-resource-policy/crates/crunch-store)
   Compiling crunch-delta v0.1.0 (/home/brittonr/git/OnixResearch/mantle/.pi/worktrees/drain-evidence-driven-resource-policy/crates/crunch-delta)
    Finished `test` profile [unoptimized + debuginfo] target(s) in 30.60s
warning: the following packages contain code that will be rejected by a future version of Rust: n0-future v0.3.2, nix v0.29.0, nix v0.31.3, proc-macro-error2 v2.0.1
note: to see what the problems were, use the option `--future-incompat-report`, or run `cargo report future-incompatibilities --id 1`
     Running unittests src/lib.rs (/tmp/mantle-resource-policy-target/debug/deps/crunch_store-b9a931b75bec445c)

running 17 tests
test handle::tests::action_result_nar_byte_accounting_distinguishes_transfer_reuse_and_overflow ... ok
test action_result::tests::offline_discovery_never_opens_remote_sources ... ok
test action_result::tests::aggregate_candidate_limit_rejects_the_offending_source_response ... ok
test action_result::tests::duplicate_detached_signatures_are_rejected_before_publication ... ok
test action_result::tests::local_dangling_or_poisoned_index_fails_closed ... ok
test action_result::tests::discovery_only_base_is_readable_but_never_receives_publication ... ok
test action_result::tests::local_interrupted_publication_is_not_discoverable ... ok
test action_result::tests::source_limit_bounds_empty_or_failing_remote_sources ... ok
test action_result::tests::local_conflicting_existing_record_is_not_overwritten ... ok
test action_result::tests::gc_retains_metadata_only_while_outputs_are_independently_live ... ok
test action_result::tests::local_publish_is_atomic_no_clobber_and_duplicate_safe ... ok
test action_result::tests::http_urls_strip_query_fragment_and_preserve_cache_subpath ... ok
test handle::tests::action_result_admission_preserves_current_detailed_artifact_attestation ... ok
test action_result::tests::http_interrupted_index_publication_leaves_record_undiscoverable ... ok
test action_result::tests::http_corrupt_record_and_poisoned_index_fail_closed ... ok
test action_result::tests::http_publication_is_record_first_discoverable_and_duplicate_safe ... ok
test action_result::tests::http_timeout_rejects_source_without_fabricating_lookup ... ok

test result: ok. 17 passed; 0 failed; 0 ignored; 0 measured; 343 filtered out; finished in 0.13s

     Running tests/authority_source_policy.rs (/tmp/mantle-resource-policy-target/debug/deps/authority_source_policy-53720ca5f279fb1f)

running 0 tests

test result: ok. 0 passed; 0 failed; 0 ignored; 0 measured; 2 filtered out; finished in 0.00s

$ cargo test -p mantle --bin mantle remote_gateway --offline
warning: Cargo.toml: file `/home/brittonr/git/OnixResearch/mantle/.pi/worktrees/drain-evidence-driven-resource-policy/src/main.rs` found to be present in multiple build targets:
  * `bin` target `crunch`
  * `bin` target `mantle`
warning: `mantle` (manifest) generated 1 warning
   Compiling subtle v2.6.1
   Compiling const-oid v0.9.6
   Compiling regex-automata v0.4.14
   Compiling serde_json v1.0.149
   Compiling rustix v1.1.4
   Compiling linux-raw-sys v0.12.1
   Compiling mio v1.2.0
   Compiling indexmap v2.13.1
   Compiling libm v0.2.16
   Compiling num-traits v0.2.19
   Compiling unicode-segmentation v1.13.2
   Compiling spin v0.9.9
   Compiling memchr v2.8.0
   Compiling itertools v0.14.0
   Compiling toml_parser v1.1.2+spec-1.1.0
   Compiling smallvec v1.15.1
   Compiling crypto-common v0.1.7
   Compiling siphasher v1.0.2
   Compiling bit-vec v0.8.0
   Compiling lazy_static v1.5.0
   Compiling digest v0.10.7
   Compiling rustls v0.23.37
   Compiling phf_shared v0.11.3
   Compiling sharded-slab v0.1.7
   Compiling parking_lot_core v0.9.12
   Compiling fixedbitset v0.5.7
   Compiling keccak v0.1.6
   Compiling blake3 v1.8.2
   Compiling sha1 v0.10.6
   Compiling tokio v1.51.0
   Compiling sha2 v0.10.9
   Compiling aho-corasick v1.1.4
   Compiling convert_case v0.10.0
   Compiling signature v2.2.0
   Compiling curve25519-dalek v4.1.3
   Compiling parking_lot v0.12.5
   Compiling sha1-checked v0.10.0
   Compiling toml_edit v0.25.10+spec-1.1.0
   Compiling md-5 v0.10.6
   Compiling precomputed-hash v0.1.1
   Compiling ed25519 v2.2.3
   Compiling derive_more-impl v2.1.1
   Compiling new_debug_unreachable v1.0.6
   Compiling term v1.2.1
   Compiling log v0.4.29
   Compiling bytemuck v1.25.0
   Compiling petgraph v0.7.1
   Compiling sha3 v0.10.8
   Compiling string_cache v0.8.9
   Compiling bit-set v0.8.0
   Compiling ena v0.14.4
   Compiling safe_arch v1.2.0
   Compiling malachite-nz v0.9.2
   Compiling pico-args v0.5.0
   Compiling petgraph v0.6.5
   Compiling ascii-canvas v4.0.0
   Compiling proc-macro-crate v3.5.0
   Compiling fuse-backend-rs v0.12.0 (/home/brittonr/git/OnixResearch/mantle/.pi/worktrees/drain-evidence-driven-resource-policy/vendor/fuse-backend-rs)
   Compiling artifact-auth-core v0.1.0 (ssh://git@github.com/OnixResearch/onix-artifact.git?rev=c932138d880ddf4c2967f4c024b489b5c0022bf1#c932138d)
   Compiling proc-macro2-diagnostics v0.10.1
   Compiling winnow v1.0.1
   Compiling wide v1.7.0
   Compiling unicode-width v0.1.14
   Compiling ed25519-dalek v2.2.0
   Compiling num_enum_derive v0.7.6
   Compiling crunch-attestation-core v0.1.0 (/home/brittonr/git/OnixResearch/mantle/.pi/worktrees/drain-evidence-driven-resource-policy/crates/crunch-attestation-core)
   Compiling malachite-base v0.9.2
   Compiling uuid v1.23.0
   Compiling toml_datetime v0.7.5+spec-1.1.0
   Compiling toml_writer v1.1.1+spec-1.1.0
   Compiling io-lifetimes v3.0.1
   Compiling heck v0.4.1
   Compiling chrono v0.4.44
   Compiling bitmaps v3.2.1
   Compiling termcolor v1.4.1
   Compiling io-lifetimes v2.0.4
   Compiling base64ct v1.8.3
   Compiling ouroboros_macro v0.18.5
   Compiling bstr v1.12.1
   Compiling regex v1.12.3
   Compiling matchers v0.2.0
   Compiling imbl-sized-chunks v0.1.3
   Compiling pem-rfc7468 v0.7.0
   Compiling codespan-reporting v0.13.1
   Compiling crunch-action-result-core v0.1.0 (/home/brittonr/git/OnixResearch/mantle/.pi/worktrees/drain-evidence-driven-resource-policy/crates/crunch-action-result-core)
   Compiling tracing-subscriber v0.3.23
   Compiling crunch-composition-core v0.1.0 (/home/brittonr/git/OnixResearch/mantle/.pi/worktrees/drain-evidence-driven-resource-policy/crates/crunch-composition-core)
   Compiling oci-spec v0.7.1
   Compiling derive_more v2.1.1
   Compiling num_enum v0.7.6
   Compiling gix-validate v0.11.0
   Compiling gix-utils v0.3.1
   Compiling gix-error v0.2.1
   Compiling gix-path v0.11.2
   Compiling tempfile v3.27.0
   Compiling gix-date v0.15.1
   Compiling gix-chunk v0.7.0
   Compiling gix-quote v0.7.0
   Compiling gix-features v0.46.2
   Compiling gix-actor v0.40.0
   Compiling rustls-platform-verifier v0.6.2
   Compiling gix-command v0.8.0
   Compiling gix-config-value v0.17.1
   Compiling xattr v1.6.1
   Compiling gix-packetline v0.21.2
   Compiling lalrpop-util v0.22.2
   Compiling gix-bitmap v0.3.0
   Compiling crunch-attestation v0.1.0 (/home/brittonr/git/OnixResearch/mantle/.pi/worktrees/drain-evidence-driven-resource-policy/crates/crunch-attestation)
   Compiling logos-codegen v0.16.1
   Compiling gix-hash v0.23.0
   Compiling gix-fs v0.19.2
   Compiling gix-glob v0.24.0
   Compiling tracing-indicatif v0.3.14
   Compiling tar v0.4.45
   Compiling gix-url v0.35.2
   Compiling nix-archive v0.1.0
   Compiling lalrpop v0.22.2
   Compiling gix-hashtable v0.13.0
   Compiling gix-commitgraph v0.35.0
   Compiling gix-tempfile v21.0.2
   Compiling tokio-util v0.7.18
   Compiling tokio-rustls v0.26.4
   Compiling tower v0.5.3
   Compiling gix-object v0.58.0
   Compiling gix-attributes v0.31.0
   Compiling gix-lock v21.0.2
   Compiling tokio-stream v0.1.18
   Compiling nix-compat v0.1.0 (/home/brittonr/git/OnixResearch/mantle/.pi/worktrees/drain-evidence-driven-resource-policy/vendor/nix-compat)
   Compiling async-compression v0.4.19
   Compiling gix-ignore v0.19.1
   Compiling gix-prompt v0.14.1
   Compiling crunch-overlay-core v0.1.0 (/home/brittonr/git/OnixResearch/mantle/.pi/worktrees/drain-evidence-driven-resource-policy/crates/crunch-overlay-core)
   Compiling gix-pathspec v0.16.1
   Compiling crunch-gc-core v0.1.0 (/home/brittonr/git/OnixResearch/mantle/.pi/worktrees/drain-evidence-driven-resource-policy/crates/crunch-gc-core)
   Compiling tower-http v0.6.8
   Compiling crunch-repair-core v0.1.0 (/home/brittonr/git/OnixResearch/mantle/.pi/worktrees/drain-evidence-driven-resource-policy/crates/crunch-repair-core)
   Compiling hashlink v0.10.0
   Compiling h2 v0.4.13
   Compiling n0-future v0.3.2
   Compiling astral-tokio-tar v0.6.3
   Compiling fastcdc v3.2.1
   Compiling logos-derive v0.16.1
   Compiling serde_spanned v1.1.1
   Compiling paste v1.0.15
   Compiling aliasable v0.1.3
   Compiling typed-arena v2.0.2
   Compiling object v0.37.3
   Compiling gix-revwalk v0.29.0
   Compiling gix-filter v0.28.0
   Compiling gix-ref v0.61.0
   Compiling arrayvec v0.5.2
   Compiling arraydeque v0.5.1
   Compiling signal-hook v0.3.18
   Compiling io-extras v0.19.0
   Compiling gix-traverse v0.55.0
   Compiling gix-revision v0.43.0
   Compiling pretty v0.12.5
   Compiling saphyr-parser v0.0.6
   Compiling ouroboros v0.18.5
   Compiling toml v0.9.12+spec-1.1.0
   Compiling gix-credentials v0.37.1
   Compiling codespan v0.13.1
   Compiling nickel-lang-vector v0.2.0
   Compiling gix-index v0.49.0
   Compiling logos v0.16.1
   Compiling gix-refspec v0.39.0
   Compiling gix-discover v0.49.0
   Compiling der v0.7.10
   Compiling toml_edit v0.24.1+spec-1.1.0
   Compiling vte v0.14.1
   Compiling bumpalo v3.20.2
   Compiling unsafe-libyaml v0.2.11
   Compiling cap-primitives v4.0.2
   Compiling simple-counter v0.1.0
   Compiling irpc v0.13.0
   Compiling gimli v0.32.3
   Compiling fs-set-times v0.20.3
   Compiling strip-ansi-escapes v0.2.1
   Compiling gix-pack v0.68.0
   Compiling gix-config v0.54.0
   Compiling gix-worktree-stream v0.30.0
   Compiling gix-worktree v0.50.0
   Compiling crunch-nar v0.1.0 (/home/brittonr/git/OnixResearch/mantle/.pi/worktrees/drain-evidence-driven-resource-policy/crates/crunch-nar)
   Compiling hyper v1.9.0
   Compiling spki v0.7.3
   Compiling serde_yaml v0.9.34+deprecated
   Compiling gix-diff v0.61.0
   Compiling gix-dir v0.23.0
   Compiling gix-negotiate v0.29.0
   Compiling gix-shallow v0.10.0
   Compiling rustix-linux-procfs v0.1.1
   Compiling num-integer v0.1.46
   Compiling sha-1 v0.10.1
   Compiling json_scanner v0.1.0
   Compiling indoc v2.0.7
   Compiling rustc-demangle v0.1.28
   Compiling ambient-authority v0.0.2
   Compiling cap-std v4.0.2
   Compiling owo-colors v4.3.0
   Compiling litrs v1.0.0
   Compiling num-bigint-dig v0.8.6
   Compiling linkme-impl v0.3.37
   Compiling maybe-owned v0.3.4
   Compiling gix-blame v0.11.0
   Compiling gix-status v0.28.0
   Compiling num-iter v0.1.46
   Compiling hyper-util v0.1.20
   Compiling addr2line v0.25.1
   Compiling document-features v0.2.12
   Compiling gix-odb v0.78.0
   Compiling gix-worktree-state v0.28.0
   Compiling gix-submodule v0.28.0
   Compiling pkcs8 v0.10.2
   Compiling gix-archive v0.30.0
   Compiling signal-hook-mio v0.2.5
   Compiling gix-mailmap v0.32.0
   Compiling crunch-remote-core v0.1.0 (/home/brittonr/git/OnixResearch/mantle/.pi/worktrees/drain-evidence-driven-resource-policy/crates/crunch-remote-core)
   Compiling toml_datetime v0.6.11
   Compiling serde_spanned v0.6.9
   Compiling syn v3.0.3
   Compiling unicode-linebreak v0.1.5
   Compiling is_ci v1.2.0
   Compiling toml_write v0.1.2
   Compiling cap-fs-ext v4.0.2
   Compiling linkme v0.3.37
   Compiling supports-color v3.0.2
   Compiling ureq v3.3.0
   Compiling rand_chacha v0.9.0
   Compiling textwrap v0.16.2
   Compiling toml_edit v0.22.27
   Compiling pkcs1 v0.7.5
   Compiling terminal_size v0.4.4
   Compiling crunch-rust-cache-core v0.1.0 (/home/brittonr/git/OnixResearch/mantle/.pi/worktrees/drain-evidence-driven-resource-policy/crates/crunch-rust-cache-core)
   Compiling artifact-auth-ed25519 v0.1.0 (ssh://git@github.com/OnixResearch/onix-artifact.git?rev=c932138d880ddf4c2967f4c024b489b5c0022bf1#c932138d)
   Compiling crunch-source-core v0.1.0 (/home/brittonr/git/OnixResearch/mantle/.pi/worktrees/drain-evidence-driven-resource-policy/crates/crunch-source-core)
   Compiling fuzzy-matcher v0.3.7
   Compiling miette-derive v7.6.0
   Compiling hyper-rustls v0.27.7
   Compiling crossterm v0.29.0
   Compiling bounded-tree-core v0.1.0 (https://seed.radicle.garden/zqhtZvsteJhxCJE96dMAZSZ9y1PX.git?rev=b0fd0103bc9eed2c1b6d852045959462d105d8f1#b0fd0103)
   Compiling supports-unicode v3.0.0
   Compiling predicates-core v1.0.10
   Compiling supports-hyperlinks v3.2.0
   Compiling reqwest v0.13.2
   Compiling backtrace v0.3.76
   Compiling dyn-clone v1.0.20
   Compiling rand v0.9.3
   Compiling crunch-glue v0.1.0 (/home/brittonr/git/OnixResearch/mantle/.pi/worktrees/drain-evidence-driven-resource-policy/crates/crunch-glue)
   Compiling crunch-project-core v0.1.0 (/home/brittonr/git/OnixResearch/mantle/.pi/worktrees/drain-evidence-driven-resource-policy/crates/crunch-project-core)
   Compiling float-cmp v0.10.0
   Compiling crunch-shell-core v0.1.0 (/home/brittonr/git/OnixResearch/mantle/.pi/worktrees/drain-evidence-driven-resource-policy/crates/crunch-shell-core)
   Compiling mantle-application-core v0.1.0 (/home/brittonr/git/OnixResearch/mantle/.pi/worktrees/drain-evidence-driven-resource-policy/crates/mantle-application-core)
   Compiling crunch-build-planning-core v0.1.0 (/home/brittonr/git/OnixResearch/mantle/.pi/worktrees/drain-evidence-driven-resource-policy/crates/crunch-build-planning-core)
   Compiling rsa v0.9.10
   Compiling backtrace-ext v0.2.1
   Compiling inquire v0.9.4
   Compiling mantle-rust-plan-core v0.1.0 (/home/brittonr/git/OnixResearch/mantle/.pi/worktrees/drain-evidence-driven-resource-policy/crates/mantle-rust-plan-core)
   Compiling toml v0.8.23
   Compiling crunch-wasm-component-core v0.1.0 (/home/brittonr/git/OnixResearch/mantle/.pi/worktrees/drain-evidence-driven-resource-policy/crates/crunch-wasm-component-core)
   Compiling crunch-evaluation-stream-core v0.1.0 (/home/brittonr/git/OnixResearch/mantle/.pi/worktrees/drain-evidence-driven-resource-policy/crates/crunch-evaluation-stream-core)
   Compiling secrecy v0.10.3
   Compiling etcetera v0.11.0
   Compiling dotenvy v0.15.7
   Compiling assert_cmd v2.2.0
   Compiling termtree v0.5.1
   Compiling detect-coding-agent v0.1.0
   Compiling difflib v0.4.0
   Compiling normalize-line-endings v0.3.0
   Compiling colored v3.1.1
   Compiling predicates-tree v1.0.13
   Compiling mantle-application v0.1.0 (/home/brittonr/git/OnixResearch/mantle/.pi/worktrees/drain-evidence-driven-resource-policy/crates/mantle-application)
   Compiling reqwest-middleware v0.5.1
   Compiling object_store v0.14.0
   Compiling gix-transport v0.55.1
   Compiling predicates v3.1.4
   Compiling crunch-radiance-reference-core v0.1.0 (/home/brittonr/git/OnixResearch/mantle/.pi/worktrees/drain-evidence-driven-resource-policy/crates/crunch-radiance-reference-core)
   Compiling crunch-release-core v0.1.0 (/home/brittonr/git/OnixResearch/mantle/.pi/worktrees/drain-evidence-driven-resource-policy/crates/crunch-release-core)
   Compiling crunch-remote v0.1.0 (/home/brittonr/git/OnixResearch/mantle/.pi/worktrees/drain-evidence-driven-resource-policy/crates/crunch-remote)
   Compiling reqwest-tracing v0.6.0
   Compiling miette v7.6.0
   Compiling crunch-shell v0.1.0 (/home/brittonr/git/OnixResearch/mantle/.pi/worktrees/drain-evidence-driven-resource-policy/crates/crunch-shell)
   Compiling mantle-rust-plan v0.1.0 (/home/brittonr/git/OnixResearch/mantle/.pi/worktrees/drain-evidence-driven-resource-policy/crates/mantle-rust-plan)
   Compiling bounded-tree-cap v0.1.0 (https://seed.radicle.garden/zqhtZvsteJhxCJE96dMAZSZ9y1PX.git?rev=b0fd0103bc9eed2c1b6d852045959462d105d8f1#b0fd0103)
   Compiling chapter-tgz v0.1.0
   Compiling nickel-lang-parser v0.3.0
   Compiling nickel-lang-core v0.18.0
   Compiling gix-protocol v0.59.0
   Compiling snix-tracing v0.1.0 (/home/brittonr/git/OnixResearch/mantle/.pi/worktrees/drain-evidence-driven-resource-policy/vendor/snix-tracing)
   Compiling durable-file-publication v0.1.0 (https://git.onix.computer/z3tAR4For7qw8ZirkJzoDw1VNDDLM.git?rev=951c27f59003cea9bfdb40ed4d89653d50fada1f#951c27f5)
   Compiling nix-derivation v0.1.0
   Compiling crunch-hardware-simulation-core v0.1.0 (/home/brittonr/git/OnixResearch/mantle/.pi/worktrees/drain-evidence-driven-resource-policy/crates/crunch-hardware-simulation-core)
   Compiling mantlepkgs-core v0.1.0 (/home/brittonr/git/OnixResearch/mantle/.pi/worktrees/drain-evidence-driven-resource-policy/crates/mantlepkgs-core)
   Compiling secretspec v0.17.0
   Compiling nickel-export-core v0.1.0 (https://github.com/OnixResearch/nickel-export?rev=257fafc1c746f1faf156207043a4c826bfb16d49#257fafc1)
   Compiling crunch-bootstrap-core v0.1.0 (/home/brittonr/git/OnixResearch/mantle/.pi/worktrees/drain-evidence-driven-resource-policy/crates/crunch-bootstrap-core)
   Compiling crunch-eval-budget-core v0.1.0 (/home/brittonr/git/OnixResearch/mantle/.pi/worktrees/drain-evidence-driven-resource-policy/crates/crunch-eval-budget-core)
   Compiling mantle-portable-client-core v0.1.0 (/home/brittonr/git/OnixResearch/mantle/.pi/worktrees/drain-evidence-driven-resource-policy/crates/mantle-portable-client-core)
   Compiling gix v0.81.0
   Compiling crunch-kernelscript-core v0.1.0 (/home/brittonr/git/OnixResearch/mantle/.pi/worktrees/drain-evidence-driven-resource-policy/crates/crunch-kernelscript-core)
   Compiling transactional-reconciliation-core v0.1.0 (https://seed.radicle.garden/z4Tky6zvC8w4Y6c4YBzNxVbq5n752.git?rev=606489b5f40298181214bb76bc3457b607f225d9#606489b5)
   Compiling crunch-project v0.1.0 (/home/brittonr/git/OnixResearch/mantle/.pi/worktrees/drain-evidence-driven-resource-policy/crates/crunch-project)
   Compiling crunch-wasm-component v0.1.0 (/home/brittonr/git/OnixResearch/mantle/.pi/worktrees/drain-evidence-driven-resource-policy/crates/crunch-wasm-component)
   Compiling crunch-hardware-simulation v0.1.0 (/home/brittonr/git/OnixResearch/mantle/.pi/worktrees/drain-evidence-driven-resource-policy/crates/crunch-hardware-simulation)
   Compiling snix-castore v0.1.0 (/home/brittonr/git/OnixResearch/mantle/.pi/worktrees/drain-evidence-driven-resource-policy/vendor/snix-castore)
   Compiling malachite-q v0.9.2
   Compiling malachite-float v0.9.2
   Compiling snix-store v0.1.0 (/home/brittonr/git/OnixResearch/mantle/.pi/worktrees/drain-evidence-driven-resource-policy/vendor/snix-store)
   Compiling snix-build v0.1.0 (/home/brittonr/git/OnixResearch/mantle/.pi/worktrees/drain-evidence-driven-resource-policy/vendor/snix-build)
   Compiling malachite v0.9.2
   Compiling crunch-store v0.1.0 (/home/brittonr/git/OnixResearch/mantle/.pi/worktrees/drain-evidence-driven-resource-policy/crates/crunch-store)
   Compiling crunch-build v0.1.0 (/home/brittonr/git/OnixResearch/mantle/.pi/worktrees/drain-evidence-driven-resource-policy/crates/crunch-build)
   Compiling crunch-rust-cache v0.1.0 (/home/brittonr/git/OnixResearch/mantle/.pi/worktrees/drain-evidence-driven-resource-policy/crates/crunch-rust-cache)
   Compiling crunch-delta v0.1.0 (/home/brittonr/git/OnixResearch/mantle/.pi/worktrees/drain-evidence-driven-resource-policy/crates/crunch-delta)
   Compiling crunch-rustc-wrapper v0.1.0 (/home/brittonr/git/OnixResearch/mantle/.pi/worktrees/drain-evidence-driven-resource-policy/crates/crunch-rustc-wrapper)
   Compiling nickel-lang v2.2.0
   Compiling crunch-eval v0.1.0 (/home/brittonr/git/OnixResearch/mantle/.pi/worktrees/drain-evidence-driven-resource-policy/crates/crunch-eval)
   Compiling crunch-pipeline v0.1.0 (/home/brittonr/git/OnixResearch/mantle/.pi/worktrees/drain-evidence-driven-resource-policy/crates/crunch-pipeline)
   Compiling mantle v0.1.0 (/home/brittonr/git/OnixResearch/mantle/.pi/worktrees/drain-evidence-driven-resource-policy)
    Finished `test` profile [unoptimized + debuginfo] target(s) in 2m 22s
    Blocking waiting for file lock on package cache
warning: the following packages contain code that will be rejected by a future version of Rust: n0-future v0.3.2, nix v0.29.0, nix v0.31.3, proc-macro-error2 v2.0.1
note: to see what the problems were, use the option `--future-incompat-report`, or run `cargo report future-incompatibilities --id 1`
     Running unittests src/main.rs (/tmp/mantle-resource-policy-target/debug/deps/mantle-2ef67efb1f324bc8)

running 20 tests
test remote_gateway::tests::metadata_names_only_implemented_store_operations_and_non_claims ... ok
test remote_gateway::tests::transport_trust_override_flags_fail_closed ... ok
test remote_gateway::tests::onixos_private_remote_farm_fixture_is_admitted ... ok
test remote_gateway::tests::private_operator_status_is_redacted_and_ready ... ok
test remote_gateway_api::tests::cursor_key_length_is_exact_constant ... ok
test remote_gateway::tests::selected_policy_rejects_api_message_above_its_lower_bound ... ok
test remote_gateway::tests::versioned_api_denies_missing_capability_before_shell_effects ... ok
test remote_gateway_api::tests::non_claim_excludes_build_correctness_promotion ... ok
test remote_gateway_api::tests::unknown_public_attempt_fails_before_coordinator_access ... ok
test remote_gateway_api::tests::idempotency_lookup_uses_subject_scope_and_key_not_derived_attempt_id ... ok
test remote_gateway_api::tests::adapter_state_rejects_duplicate_idempotency_scope ... ok
test remote_gateway_api::tests::verifier_context_mismatch_fails_closed ... ok
test remote_gateway::tests::gateway_json_authority_input_rejects_symlink ... ok
test remote_gateway::tests::planning_wire_rejects_unknown_fields_without_echoing_secret_material ... ok
test remote_gateway::tests::versioned_api_plan_is_pure_and_redacted ... ok
test remote_gateway_api::tests::dispatch_wire_rejects_unknown_fields_without_echoing_secret_material ... ok
test remote_gateway_api::tests::selected_dispatch_and_cursor_bounds_fail_before_effects ... ok
test remote_gateway::tests::nix_gateway_query_missing_path_uses_real_store_service ... ok
test cli_application::tests::remote_gateway_cli_routes_client_and_server_actions_through_new_owners ... ok
test remote_gateway_api::tests::durable_dispatch_recovers_duplicate_and_deduplicates_cancellation_completion ... ok

test result: ok. 20 passed; 0 failed; 0 ignored; 0 measured; 2606 filtered out; finished in 0.01s

$ cargo test -p mantle --bin mantle remote_build --offline
warning: Cargo.toml: file `/home/brittonr/git/OnixResearch/mantle/.pi/worktrees/drain-evidence-driven-resource-policy/src/main.rs` found to be present in multiple build targets:
  * `bin` target `crunch`
  * `bin` target `mantle`
warning: `mantle` (manifest) generated 1 warning
    Blocking waiting for file lock on package cache
    Blocking waiting for file lock on package cache
    Blocking waiting for file lock on package cache
    Finished `test` profile [unoptimized + debuginfo] target(s) in 0.75s
warning: the following packages contain code that will be rejected by a future version of Rust: n0-future v0.3.2, nix v0.29.0, nix v0.31.3, proc-macro-error2 v2.0.1
note: to see what the problems were, use the option `--future-incompat-report`, or run `cargo report future-incompatibilities --id 1`
     Running unittests src/main.rs (/tmp/mantle-resource-policy-target/debug/deps/mantle-2ef67efb1f324bc8)

running 153 tests
test realization_routing::tests::remote_builder_plan_facts_reject_missing_input_capability_and_source_readiness ... ok
test realization_routing::tests::cli_remote_builder_plan_rejects_missing_output_trust_before_local_build ... ok
test realization_routing::tests::remote_builder_ticket_without_output_trust_is_rejected ... ok
test realization_routing::tests::selects_remote_builder_with_privacy_safe_upload_summary ... ok
test realization_routing::tests::cli_remote_builder_plan_facts_select_remote_route_without_secrets ... ok
test realization_routing::tests::strong_claim_policy_rejects_practical_only_remote_build ... ok
test remote_build::tests::already_present_transfer_emits_accepted_cutoff_before_completion ... ok
test remote_build::tests::action_payload_rejects_untyped_json_before_queue_admission ... ok
test remote_build::tests::ci_boundary_rejects_frontend_eval_before_coordinator_admission ... ok
test remote_build::tests::compatible_hello_reaches_authorization ... ok
test remote_build::tests::concrete_request_requires_executable_payload_and_expected_outputs ... ok
test remote_build::tests::action_payload_plans_typed_executor_boundary ... ok
test remote_build::tests::ci_boundary_concrete_request_passes_validation_without_frontend_eval ... ok
test remote_build::tests::ca_derivation_payload_rejects_predeclared_final_output_path ... ok
test remote_build::tests::coordinator_lost_restart_state_reports_phase_and_session_guards_backoff ... ok
test remote_build::tests::ca_derivation_payload_plans_without_predeclared_output_path ... ok
test remote_build::tests::builder_rejects_executor_pathinfo_without_signature ... ok
test remote_build::tests::build_outcome_rejects_unexpected_output_path ... ok
test remote_build::tests::builder_rejects_executor_pathinfo_store_path_mismatch ... ok
test remote_build::tests::coordinator_rejects_untrusted_worker_key_without_using_coordinator_as_trust_root ... ok
test remote_build::tests::build_outcome_maps_pathinfo_to_remote_execution_output ... ok
test remote_build::tests::ca_build_outcome_binds_final_path_after_execution ... ok
test remote_build::tests::coordinator_dispatch_registers_worker_and_dedupes_identical_requests ... ok
test remote_build::tests::coordinator_rejects_conflicting_live_output_claim_instead_of_deduping ... ok
test remote_build::tests::delta_failure_falls_back_to_full_without_claiming_delta_hit ... ok
test remote_build::tests::endpoint_nominal_admission_rejects_malformed_and_mismatched_roles ... ok
test remote_build::tests::coordinator_resume_claim_cannot_overwrite_reassigned_durable_owner ... ok
test remote_build::tests::coordinator_unconfigured_persistence_exposes_no_assignment_or_claim ... ok
test remote_build::tests::coordinator_resume_summary_redelivers_finished_result ... ok
test remote_build::tests::durable_remote_output_import_rejects_missing_pathinfo_bundle ... ok
test remote_build::tests::coordinator_status_bounds_failure_text_and_log_cursors ... ok
test remote_build::tests::coordinator_status_redacts_ticket_secrets_and_splits_phases ... ok
test remote_build::tests::coordinator_rejects_capability_store_prefix_resource_and_upload_mismatches ... ok
test remote_build::tests::executor_output_identity_mismatch_fails_after_queue_admission ... ok
test remote_build::tests::derivation_payload_rejects_stale_declared_output_path ... ok
test remote_build::tests::coordinator_state_reset_cannot_reissue_job_or_attempt_identity ... ok
test remote_build::tests::durable_remote_output_import_rejects_attestation_digest_mismatch ... ok
test remote_build::tests::durable_remote_output_import_rejects_pathinfo_signature_key_mismatch ... ok
test remote_build::tests::failure_classification_and_session_lease_are_bounded ... ok
test remote_build::tests::derivation_payload_plans_executor_command_and_declared_output ... ok
test remote_build::tests::lifecycle_fact_mapping_distinguishes_success_failure_fence_and_admission ... ok
test remote_build::tests::coordinator_stale_output_result_is_rejected_before_cryptographic_admission ... ok
test remote_build::tests::forged_client_time_and_endpoint_cannot_expand_ticket_authority ... ok
test remote_build::tests::immutable_observability_payload_contains_bounded_lifecycle_events ... ok
test remote_build::tests::external_batch_hardware_tests::tracked_hardware_fixture_rejects_non_claim_and_executor_drift ... ok
test remote_build::tests::length_prefixed_frame_roundtrip_and_stdio_pollution_rejected ... ok
test remote_build::tests::local_derivation_registry_rejects_action_payload ... ok
test remote_build::tests::local_executor_accepts_declared_input_refs_after_upload_boundary ... ok
test remote_build::tests::coordinator_persistence_failure_exposes_no_assignment_or_claim ... ok
test remote_build::tests::local_executor_rejects_input_refs_missing_from_upload_manifest ... ok
test remote_build::tests::external_batch_hardware_tests::hardware_named_token_absence_is_ineligible_before_provider_submission ... ok
test remote_build::tests::coordinator_load_migrates_legacy_unfenced_result_fail_closed ... ok
test remote_build::tests::coordinator_mutation_guard_is_exclusive_and_rejects_symlinks ... ok
test remote_build::tests::local_derivation_registry_accepts_declared_derivation_payload ... ok
test remote_build::tests::loopback_session_uploads_missing_input_and_imports_trusted_output ... ok
test remote_build::tests::missing_inputs_are_derived_from_declared_refs ... ok
test remote_build::tests::coordinator_load_rejects_corrupt_fenced_projection_fail_closed ... ok
test remote_build::tests::coordinator_load_rejects_attempt_id_not_derived_from_durable_nonce ... ok
test remote_build::tests::external_batch_stale_response_and_scheduler_id_conflict_leave_state_unchanged ... ok
test remote_build::tests::coordinator_load_rejects_legacy_attempt_without_assignment_nonce ... ok
test remote_build::tests::external_batch_worker_must_register_before_normal_assignment_and_transfer ... ok
test remote_build::tests::oversized_frame_length_is_rejected_before_payload_read ... ok
test remote_build::tests::output_trust_requires_trusted_key_and_prefix ... ok
test remote_build::tests::output_trust_uses_key_material_digest_when_available ... ok
test remote_build::tests::malformed_request_does_not_consume_ticket ... ok
test remote_build::tests::output_trust_rejects_same_name_different_key_material ... ok
test remote_build::tests::production_redemption_requires_durable_commit_before_continuation ... ok
test remote_build::tests::protocol_mismatch_fails_closed ... ok
test remote_build::tests::mutable_workspace_jobs_never_attach_or_publish_live_output_claims ... ok
test remote_build::tests::protocol_state_machine_accepts_loopback_order ... ok
test remote_build::tests::concurrent_resource_dispatches_commit_once_and_never_overcommit ... FAILED
test remote_build::tests::remote_frame_read_write_helpers_roundtrip_one_frame ... ok
test remote_build::tests::coordinator_fenced_output_admission_redelivers_after_restart_and_revalidates ... ok
test remote_build::tests::protocol_state_machine_rejects_out_of_order_build_request ... ok
test remote_build::tests::remote_build_observability_rejects_mismatched_import_claims ... ok
test remote_build::tests::operator_remote_build_e2e_rail_rejects_cross_seam_failures ... ok
test remote_build::tests::remote_output_admission_rejects_malformed_digest ... ok
test remote_build::tests::production_persistence_failure_emits_no_success_frame ... ok
test remote_build::tests::remote_build_observability_report_names_route_transfer_trust_and_attestation ... ok
test remote_build::tests::remote_ticket_credential_parses_bearer_token ... ok
test remote_build::tests::external_batch_submit_is_durable_idempotent_and_restart_reconciles ... ok
test remote_build::tests::remote_output_admission_rejects_transfer_key_mismatch ... ok
test remote_build::tests::remote_root_priority_plan_orders_once_with_zero_pressure_evidence ... ok
test remote_build::tests::remote_output_import_requires_transfer_artifact_for_framed_pathinfo ... ok
test remote_build::tests::remote_output_digest_changes_when_payload_identity_changes ... ok
test remote_build::tests::production_admission_reloads_state_and_preserves_intervening_mutation ... ok
test remote_build::tests::remote_stdio_client_dispatch_rejects_missing_trusted_keys ... ok
test remote_build::tests::remote_stdio_client_dispatch_plans_derivation_payload_frames ... ok
test remote_build::tests::remote_output_admission_rejects_untrusted_builder_key ... ok
test remote_build::tests::remote_output_import_rejects_tampered_transfer_artifact_payload ... ok
test remote_build::tests::request_nominal_admission_rejects_control_bearing_wire_value ... ok
test remote_build::tests::remote_ticket_credential_rejects_missing_secret ... ok
test remote_build::tests::remote_stdio_client_dispatch_frames_non_empty_input_refs_for_upload ... ok
test remote_build::tests::secret_owners_and_internal_auth_frame_buffers_zeroize ... ok
test remote_build::tests::replay_execution_identity_forces_a_new_normalized_job_key ... ok
test remote_build::tests::source_upload_privacy_summary_counts_classes_before_transfer ... ok
test remote_build::tests::source_upload_readiness_rejects_stale_or_unsupported_records ... ok
test remote_build::tests::source_upload_privacy_policy_rejects_secret_class_and_quota ... ok
test remote_build::tests::ssh_stdio_command_planner_uses_explicit_argv ... ok
test remote_build::tests::remote_workspace_binding_uses_current_job_attempt_and_fence ... ok
test remote_build::tests::receiver_verified_locality_prefers_only_hard_eligible_current_generation ... ok
test remote_build::tests::scheduling_quantities_do_not_change_action_key_but_semantic_classes_do ... ok
test remote_build::tests::remote_workspace_registration_and_fenced_lease_survive_restart ... ok
test remote_build::tests::status_view_omits_ticket_secret_and_verifier ... ok
test remote_build::tests::ssh_stdio_client_dispatch_reuses_stdio_frame_state_machine ... ok
test remote_build::tests::stdio_child_exit_failure_is_terminal_transport_setup ... ok
test remote_build::tests::stdio_child_human_stdout_is_terminal_protocol_corruption ... ok
test remote_build::tests::coordinator_conflicting_event_digest_changes_no_mutable_surface ... ok
test remote_build::tests::coordinator_duplicate_current_report_is_durable_idempotent_no_op ... ok
test remote_build::tests::stdio_child_output_decodes_frame_stream_and_keeps_stderr_diagnostic ... ok
test remote_build::tests::stdio_child_exchange_output_classifies_untrusted_builder_key_as_output_import ... ok
test remote_build::tests::stdio_child_exchange_output_validates_import_admission ... ok
test remote_build::tests::remote_root_priority_plan_rejects_empty_duplicate_and_oversized_snapshots ... ok
test remote_build::tests::stdio_server_rejects_incomplete_client_sequence_without_redeeming_ticket ... ok
test remote_build::tests::stdio_server_state_lookup_redeems_matching_ticket ... ok
test remote_build::tests::stdio_server_once_exchanges_framed_request_and_response ... ok
test remote_build::tests::ticket_delivery_target_requires_one_explicit_operator_action ... ok
test remote_build::tests::stdio_stderr_summary_is_bounded ... ok
test remote_build::tests::ticket_authorization_rejects_revoked_and_expired_tickets ... ok
test remote_build::tests::upload_set_mismatch_fails_before_queue_admission ... ok
test remote_build::tests::stdio_server_state_lookup_rejects_unknown_ticket ... ok
test remote_build::tests::valid_request_redeems_ticket_once ... ok
test remote_build::tests::stdio_server_uses_executor_outcome_for_build_finished_metadata ... ok
test remote_build::tests::worker_reregistration_without_workspace_policy_revokes_stale_authority ... ok
test remote_build::tests::untrusted_loopback_output_key_fails_before_ticket_redemption ... ok
test remote_build::tests::trace_context_changes_only_diagnostic_health_not_authoritative_decisions ... ok
test remote_build::tests::resource_leases_release_on_completion_cancellation_timeout_and_worker_loss ... ok
test cli_application::tests::build_cli_accepts_remote_builder_ticket_fd_dispatch_flags ... ok
test remote_build::tests::resource_lease_restart_preserves_current_fence_and_stale_loss_cannot_release_it ... ok
test remote_build::tests::production_concurrent_one_use_contenders_commit_exactly_once ... ok
test remote_build::tests::stale_input_attempt_stops_before_source_read_or_data_disclosure ... ok
test remote_build::tests::production_sender_rejects_excess_credit_before_source_disclosure ... ok
test remote_build::tests::coordinator_restart_reassignment_fences_every_stale_mutation_and_completion_race ... ok
test remote_build::tests::full_nar_transfer_artifact_materializes_remote_output_bytes ... ok
test remote_build::tests::coordinator_restart_recovers_each_live_attempt_phase_and_retained_result_disposition ... ok
test remote_build::tests::external_batch_status_and_composition_keep_scheduler_identity_non_authoritative ... ok
test remote_build::tests::durable_remote_output_import_persists_signed_pathinfo_attestation_and_report ... ok
test remote_build::tests::source_input_upload_without_store_or_source_state_fails_without_network_fetch ... ok
test remote_build::tests::stale_final_chunk_invalidates_checkpoint_before_acknowledgement_or_completion ... ok
test remote_build::tests::stdio_executor_pathinfo_frames_import_durably ... ok
test remote_build::tests::source_input_upload_rejects_tampered_artifact_payload ... ok
test remote_build::tests::stale_fence_log_append_never_touches_superseded_attempt_manifest ... ok
test remote_build::tests::external_batch_multiprocess_allocation_uses_ordinary_cas_and_output_admission ... ok
test remote_build::tests::operator_remote_build_e2e_rail_composes_route_stdio_input_admission_and_reports ... ok
test remote_build::tests::coordinator_replay_rejects_tampered_anchor_and_after_head_cursor_without_state_mutation ... ok
test remote_build::tests::source_input_upload_artifact_materializes_remote_input_bytes ... ok
test remote_build::tests::source_input_upload_reuses_imported_source_state_when_store_path_is_absent ... ok
test remote_build::tests::ticket_credential_fd_reader_accepts_once_and_rejects_invalid_oversized_and_terminal_inputs ... ok
test remote_build::tests::coordinator_replay_rejects_sequence_cursor_previous_digest_event_and_payload_tamper ... ok
test remote_build::tests::coordinator_immutable_log_restarts_replays_and_retains_bounded_segments ... ok
test remote_build::tests::stale_input_final_chunk_is_rejected_before_transfer_completion ... ok
test remote_build::tests::external_batch_hardware_tests::external_batch_dispatches_tracked_hardware_graph_through_ordinary_cas_and_admission ... ok
test remote_build::tests::stdio_child_timeout_is_phase_classified ... ok

failures:

---- remote_build::tests::concurrent_resource_dispatches_commit_once_and_never_overcommit stdout ----

thread 'remote_build::tests::concurrent_resource_dispatches_commit_once_and_never_overcommit' (1842520) panicked at src/remote_build.rs:15814:77:
retry mutation locks: "remote-coordinator-mutation-lock-busy: Resource temporarily unavailable (os error 11)"
note: run with `RUST_BACKTRACE=1` environment variable to display a backtrace


failures:
    remote_build::tests::concurrent_resource_dispatches_commit_once_and_never_overcommit

test result: FAILED. 152 passed; 1 failed; 0 ignored; 0 measured; 2473 filtered out; finished in 1.03s

error: test failed, to rerun pass `-p mantle --bin mantle`
