error (ignored): SQLite database '/home/brittonr/.cache/nix/eval-cache-v6/43de5e9dbdbb86e8920259175e20be02d5f067b050acfe7e881439ca6b652361.sqlite' is busy
copying path '/nix/store/hhccdmpa2bhqbagn2zgmgrwjbcdinn55-source' from 'http://100.100.103.95:5000'...
warning: file 'nar/1pzq6dhayzd6kgyhjwqr1bwq468z36vp0al101havv6d0pw1fa40.nar?hash=hhccdmpa2bhqbagn2zgmgrwjbcdinn55' does not exist in binary cache 'http://100.100.103.95:5000'
warning: /home/brittonr/git/OnixResearch/mantle/.pi/worktrees/drain-adopt-nickel-1-17-cohort/Cargo.toml: file `/home/brittonr/git/OnixResearch/mantle/.pi/worktrees/drain-adopt-nickel-1-17-cohort/src/main.rs` found to be present in multiple build targets:
  * `bin` target `crunch`
  * `bin` target `mantle`
   Compiling fuse-backend-rs v0.12.0 (/home/brittonr/git/OnixResearch/mantle/.pi/worktrees/drain-adopt-nickel-1-17-cohort/vendor/fuse-backend-rs)
   Compiling crunch-attestation-core v0.1.0 (/home/brittonr/git/OnixResearch/mantle/.pi/worktrees/drain-adopt-nickel-1-17-cohort/crates/crunch-attestation-core)
   Compiling nix-compat-derive v0.1.0 (/home/brittonr/git/OnixResearch/mantle/.pi/worktrees/drain-adopt-nickel-1-17-cohort/vendor/nix-compat-derive)
   Compiling snix-castore v0.1.0 (/home/brittonr/git/OnixResearch/mantle/.pi/worktrees/drain-adopt-nickel-1-17-cohort/vendor/snix-castore)
   Compiling lalrpop v0.22.2
   Compiling snix-tracing v0.1.0 (/home/brittonr/git/OnixResearch/mantle/.pi/worktrees/drain-adopt-nickel-1-17-cohort/vendor/snix-tracing)
   Compiling malachite-base v0.9.2
   Compiling snix-build v0.1.0 (/home/brittonr/git/OnixResearch/mantle/.pi/worktrees/drain-adopt-nickel-1-17-cohort/vendor/snix-build)
   Compiling snix-store v0.1.0 (/home/brittonr/git/OnixResearch/mantle/.pi/worktrees/drain-adopt-nickel-1-17-cohort/vendor/snix-store)
   Compiling logos-codegen v0.16.1
   Compiling crunch-action-result-core v0.1.0 (/home/brittonr/git/OnixResearch/mantle/.pi/worktrees/drain-adopt-nickel-1-17-cohort/crates/crunch-action-result-core)
   Compiling codespan-reporting v0.13.1
   Compiling crunch-overlay-core v0.1.0 (/home/brittonr/git/OnixResearch/mantle/.pi/worktrees/drain-adopt-nickel-1-17-cohort/crates/crunch-overlay-core)
   Compiling crunch-gc-core v0.1.0 (/home/brittonr/git/OnixResearch/mantle/.pi/worktrees/drain-adopt-nickel-1-17-cohort/crates/crunch-gc-core)
   Compiling crunch-repair-core v0.1.0 (/home/brittonr/git/OnixResearch/mantle/.pi/worktrees/drain-adopt-nickel-1-17-cohort/crates/crunch-repair-core)
   Compiling crunch-composition-core v0.1.0 (/home/brittonr/git/OnixResearch/mantle/.pi/worktrees/drain-adopt-nickel-1-17-cohort/crates/crunch-composition-core)
   Compiling nickel-lang-vector v0.2.0
   Compiling toml_edit v0.24.1+spec-1.1.0
   Compiling crunch-rust-cache-core v0.1.0 (/home/brittonr/git/OnixResearch/mantle/.pi/worktrees/drain-adopt-nickel-1-17-cohort/crates/crunch-rust-cache-core)
   Compiling crunch-wasm-component-core v0.1.0 (/home/brittonr/git/OnixResearch/mantle/.pi/worktrees/drain-adopt-nickel-1-17-cohort/crates/crunch-wasm-component-core)
   Compiling crunch-evaluation-stream-core v0.1.0 (/home/brittonr/git/OnixResearch/mantle/.pi/worktrees/drain-adopt-nickel-1-17-cohort/crates/crunch-evaluation-stream-core)
   Compiling crunch-shell-core v0.1.0 (/home/brittonr/git/OnixResearch/mantle/.pi/worktrees/drain-adopt-nickel-1-17-cohort/crates/crunch-shell-core)
   Compiling crunch-delta-core v0.1.0 (/home/brittonr/git/OnixResearch/mantle/.pi/worktrees/drain-adopt-nickel-1-17-cohort/crates/crunch-delta-core)
   Compiling crunch-release-core v0.1.0 (/home/brittonr/git/OnixResearch/mantle/.pi/worktrees/drain-adopt-nickel-1-17-cohort/crates/crunch-release-core)
   Compiling codespan v0.13.1
   Compiling crunch-shell v0.1.0 (/home/brittonr/git/OnixResearch/mantle/.pi/worktrees/drain-adopt-nickel-1-17-cohort/crates/crunch-shell)
   Compiling mantlepkgs-core v0.1.0 (/home/brittonr/git/OnixResearch/mantle/.pi/worktrees/drain-adopt-nickel-1-17-cohort/crates/mantlepkgs-core)
   Compiling nix-compat v0.1.0 (/home/brittonr/git/OnixResearch/mantle/.pi/worktrees/drain-adopt-nickel-1-17-cohort/vendor/nix-compat)
   Compiling crunch-bootstrap-core v0.1.0 (/home/brittonr/git/OnixResearch/mantle/.pi/worktrees/drain-adopt-nickel-1-17-cohort/crates/crunch-bootstrap-core)
   Compiling crunch-eval-budget-core v0.1.0 (/home/brittonr/git/OnixResearch/mantle/.pi/worktrees/drain-adopt-nickel-1-17-cohort/crates/crunch-eval-budget-core)
   Compiling mantle-portable-client-core v0.1.0 (/home/brittonr/git/OnixResearch/mantle/.pi/worktrees/drain-adopt-nickel-1-17-cohort/crates/mantle-portable-client-core)
   Compiling crunch-hardware-simulation-core v0.1.0 (/home/brittonr/git/OnixResearch/mantle/.pi/worktrees/drain-adopt-nickel-1-17-cohort/crates/crunch-hardware-simulation-core)
   Compiling crunch-kernelscript-core v0.1.0 (/home/brittonr/git/OnixResearch/mantle/.pi/worktrees/drain-adopt-nickel-1-17-cohort/crates/crunch-kernelscript-core)
   Compiling crunch-attestation v0.1.0 (/home/brittonr/git/OnixResearch/mantle/.pi/worktrees/drain-adopt-nickel-1-17-cohort/crates/crunch-attestation)
   Compiling crunch-project-core v0.1.0 (/home/brittonr/git/OnixResearch/mantle/.pi/worktrees/drain-adopt-nickel-1-17-cohort/crates/crunch-project-core)
   Compiling logos-derive v0.16.1
   Compiling logos v0.16.1
   Compiling crunch-wasm-component v0.1.0 (/home/brittonr/git/OnixResearch/mantle/.pi/worktrees/drain-adopt-nickel-1-17-cohort/crates/crunch-wasm-component)
   Compiling crunch-hardware-simulation v0.1.0 (/home/brittonr/git/OnixResearch/mantle/.pi/worktrees/drain-adopt-nickel-1-17-cohort/crates/crunch-hardware-simulation)
   Compiling crunch-nar v0.1.0 (/home/brittonr/git/OnixResearch/mantle/.pi/worktrees/drain-adopt-nickel-1-17-cohort/crates/crunch-nar)
   Compiling crunch-glue v0.1.0 (/home/brittonr/git/OnixResearch/mantle/.pi/worktrees/drain-adopt-nickel-1-17-cohort/crates/crunch-glue)
   Compiling malachite-nz v0.9.2
   Compiling crunch-project v0.1.0 (/home/brittonr/git/OnixResearch/mantle/.pi/worktrees/drain-adopt-nickel-1-17-cohort/crates/crunch-project)
   Compiling nickel-lang-parser v0.3.0
   Compiling nickel-lang-core v0.18.0
   Compiling crunch-store v0.1.0 (/home/brittonr/git/OnixResearch/mantle/.pi/worktrees/drain-adopt-nickel-1-17-cohort/crates/crunch-store)
   Compiling malachite-q v0.9.2
   Compiling malachite-float v0.9.2
   Compiling malachite v0.9.2
   Compiling crunch-rust-cache v0.1.0 (/home/brittonr/git/OnixResearch/mantle/.pi/worktrees/drain-adopt-nickel-1-17-cohort/crates/crunch-rust-cache)
   Compiling crunch-build v0.1.0 (/home/brittonr/git/OnixResearch/mantle/.pi/worktrees/drain-adopt-nickel-1-17-cohort/crates/crunch-build)
   Compiling crunch-delta v0.1.0 (/home/brittonr/git/OnixResearch/mantle/.pi/worktrees/drain-adopt-nickel-1-17-cohort/crates/crunch-delta)
   Compiling crunch-rustc-wrapper v0.1.0 (/home/brittonr/git/OnixResearch/mantle/.pi/worktrees/drain-adopt-nickel-1-17-cohort/crates/crunch-rustc-wrapper)
   Compiling nickel-lang v2.2.0
   Compiling crunch-eval v0.1.0 (/home/brittonr/git/OnixResearch/mantle/.pi/worktrees/drain-adopt-nickel-1-17-cohort/crates/crunch-eval)
   Compiling crunch-pipeline v0.1.0 (/home/brittonr/git/OnixResearch/mantle/.pi/worktrees/drain-adopt-nickel-1-17-cohort/crates/crunch-pipeline)
   Compiling mantle v0.1.0 (/home/brittonr/git/OnixResearch/mantle/.pi/worktrees/drain-adopt-nickel-1-17-cohort)
    Finished `test` profile [unoptimized + debuginfo] target(s) in 1m 52s
     Running tests/evaluator_budget_cli.rs (/home/brittonr/.cargo-target/debug/deps/evaluator_budget_cli-7a7f62e8e99dc526)

running 14 tests
test hidden_worker_is_not_listed_in_public_help ... ok
test deadline_is_terminal_and_worker_is_reaped ... ok
test cancellation_is_terminal_and_reaps_a_late_worker ... ok
test discovered_root_limit_fails_with_its_stable_class ... ok
test observe_only_keeps_in_process_path_and_marks_operation_scoped_metrics_unavailable ... ok
test invalid_policy_fixtures_fail_before_report_publication ... ok
test simulated_reap_failure_blocks_a_clean_terminal_claim ... ok
test strict_worker_matches_existing_eval_and_reports_supported_resources ... ok
test strict_worker_confines_imports_to_admitted_roots ... ok
test process_fixtures_classify_crash_signal_protocol_overflow_and_memory ... ok
test worker_preserves_declared_imports_and_bounded_evaluator_errors ... ok
test selected_and_all_root_requests_report_honest_force_counts ... ok
test process_fixtures_bound_stderr_and_make_late_results_terminal ... ok
test cpu_exhaustion_reaches_the_enforced_cpu_terminal_class ... ok

test result: ok. 14 passed; 0 failed; 0 ignored; 0 measured; 0 filtered out; finished in 1.96s

     Running tests/examples_eval.rs (/home/brittonr/.cargo-target/debug/deps/examples_eval-3b046c78bae7fc44)

running 7 tests
test bootstrap_no_nix_example_uses_store_env_glob ... ok
test malformed_example_fails_before_export ... ok
test seed_dependent_example_without_seed_fails_loudly ... ok
test eval_fetch_crate_crc64_example ... ok
test eval_bootstrap_no_nix_example_uses_shared_seed ... ok
test eval_build_crate_crc64_example ... ok
test cataloged_eval_examples_export_json ... ok

test result: ok. 7 passed; 0 failed; 0 ignored; 0 measured; 0 filtered out; finished in 3.76s
