these 8 derivations will be built:
  /nix/store/07h79p69q2bhv79sz1rfazbmlbdmphr9-cargo-src-nix-derivation-0.1.0.drv
  /nix/store/5y3p35q5311ljsjakp3lnb8iwf0yd92n-cargo-package-nix-derivation-0.1.0.drv
  /nix/store/a1r8x16x9akvaps0x2px9fyn4a0zymwq-vendor-registry.drv
  /nix/store/nbwsavivlra90imm4x3gnciqmg51sycf-Cargo.toml.drv
  /nix/store/rd04i3jbx321nbqs3hfmmb1wglwsbykp-source.drv
  /nix/store/sir6kwkdfwazfc3hzjggm4p9l3a5dzj1-vendor-cargo-deps.drv
  /nix/store/jjq2gq2v647r7rch13ddw0i6fvzd4sx3-mantle-deps-0.1.0.drv
  /nix/store/dsyiqbv995qjybrnc0ggpqw7gwabllr4-mantle-0.1.0.drv
building '/nix/store/wbbi2mhsi41860lnv850rcpdcqb3j7qm-cargo-src-nix-derivation-0.1.0.drv'...
cannot build on 'ssh-ng://root@10.10.10.1': error: failed to start SSH connection to '10.10.10.1'
building '/nix/store/nbwsavivlra90imm4x3gnciqmg51sycf-Cargo.toml.drv'...
cargo-src-nix-derivation> structuredAttrs is enabled
cargo-src-nix-derivation>
cargo-src-nix-derivation> trying https://static.crates.io/crates/nix-derivation/0.1.0/download
cargo-src-nix-derivation>   % Total    % Received % Xferd  Average Speed  Time    Time    Time   Current
cargo-src-nix-derivation>                                  Dload  Upload  Total   Spent   Left   Speed
cargo-src-nix-derivation> 100  51474 100  51474   0      0 912.7k      0                              0
building '/nix/store/5y3p35q5311ljsjakp3lnb8iwf0yd92n-cargo-package-nix-derivation-0.1.0.drv'...
cargo-package-nix-derivation> Running phase: unpackPhase
cargo-package-nix-derivation> setting SOURCE_DATE_EPOCH to timestamp 1153704088 of file "./crate/tests/corpus.rs"
cargo-package-nix-derivation> Running phase: patchPhase
cargo-package-nix-derivation> Running phase: updateAutotoolsGnuConfigScriptsPhase
cargo-package-nix-derivation> Running phase: installPhase
building '/nix/store/a1r8x16x9akvaps0x2px9fyn4a0zymwq-vendor-registry.drv'...
Cargo.toml>
building '/nix/store/rd04i3jbx321nbqs3hfmmb1wglwsbykp-source.drv'...
building '/nix/store/sir6kwkdfwazfc3hzjggm4p9l3a5dzj1-vendor-cargo-deps.drv'...
building '/nix/store/jjq2gq2v647r7rch13ddw0i6fvzd4sx3-mantle-deps-0.1.0.drv'...
mantle-deps> cargoArtifacts not set, will not reuse any cargo artifacts
mantle-deps> Running phase: unpackPhase
mantle-deps> unpacking source archive /nix/store/lx2icvmdy6avi3a77yrnzmjg7ya8x8bb-source
mantle-deps> source root is source
mantle-deps> Running phase: patchPhase
mantle-deps> Executing configureCargoCommonVars
mantle-deps> Running phase: updateAutotoolsGnuConfigScriptsPhase
mantle-deps> Running phase: configurePhase
mantle-deps> will append /build/source/.cargo-home/config.toml with contents of /nix/store/abys2sj92cp7hc7hhsqz6nb5xs0v54m2-vendor-cargo-deps/config.toml
mantle-deps> default configurePhase, nothing to do
mantle-deps> Running phase: buildPhase
mantle-deps> +++ command cargo --version
mantle-deps> cargo 1.96.0-nightly (a357df4c2 2026-04-03)
mantle-deps> +++ command cargo check --release --locked --all-targets
mantle-deps> warning: /build/source/Cargo.toml: file `/build/source/src/main.rs` found to be present in multiple build targets:
mantle-deps>   * `bin` target `crunch`
mantle-deps>   * `bin` target `mantle`
mantle-deps>    Compiling proc-macro2 v1.0.106
mantle-deps>    Compiling quote v1.0.45
mantle-deps>    Compiling unicode-ident v1.0.24
mantle-deps>    Compiling serde_core v1.0.228
mantle-deps>     Checking cfg-if v1.0.4
mantle-deps>    Compiling libc v0.2.186
mantle-deps>    Compiling serde v1.0.228
mantle-deps>     Checking memchr v2.8.0
mantle-deps>    Compiling syn v2.0.117
mantle-deps>    Compiling version_check v0.9.5
mantle-deps>    Compiling generic-array v0.14.7
mantle-deps>     Checking smallvec v1.15.1
mantle-deps>    Compiling parking_lot_core v0.9.12
mantle-deps>     Checking subtle v2.6.1
mantle-deps>     Checking itoa v1.0.18
mantle-deps>     Checking const-oid v0.9.6
mantle-deps>     Checking typenum v1.20.1
mantle-deps>    Compiling shlex v1.3.0
mantle-deps>    Compiling find-msvc-tools v0.1.9
mantle-deps>    Compiling crossbeam-utils v0.8.21
mantle-deps>    Compiling jobserver v0.1.34
mantle-deps>    Compiling cc v1.2.59
mantle-deps>     Checking aho-corasick v1.1.4
mantle-deps>     Checking block-buffer v0.10.4
mantle-deps>     Checking crypto-common v0.1.7
mantle-deps>     Checking digest v0.10.7
mantle-deps>     Checking regex-syntax v0.8.10
mantle-deps>     Checking once_cell v1.21.4
mantle-deps>     Checking scopeguard v1.2.0
mantle-deps>     Checking lock_api v0.4.14
mantle-deps>     Checking bitflags v2.11.0
mantle-deps>     Checking parking_lot v0.12.5
mantle-deps>     Checking equivalent v1.0.2
mantle-deps>     Checking allocator-api2 v0.2.21
mantle-deps>    Compiling thiserror v2.0.18
mantle-deps>     Checking stable_deref_trait v1.2.1
mantle-deps>     Checking errno v0.3.14
mantle-deps>     Checking foldhash v0.2.0
mantle-deps>     Checking signal-hook-registry v1.4.8
mantle-deps>     Checking hashbrown v0.16.1
mantle-deps>     Checking fastrand v2.4.1
mantle-deps>     Checking regex-automata v0.4.14
mantle-deps>    Compiling crc32fast v1.5.0
mantle-deps>     Checking cpufeatures v0.2.17
mantle-deps>    Compiling rustix v1.1.4
mantle-deps>    Compiling serde_derive v1.0.228
mantle-deps>    Compiling thiserror-impl v2.0.18
mantle-deps>     Checking log v0.4.29
mantle-deps>     Checking linux-raw-sys v0.12.1
mantle-deps>     Checking same-file v1.0.6
mantle-deps>     Checking walkdir v2.5.0
mantle-deps>    Compiling zmij v1.0.21
mantle-deps>     Checking tinyvec_macros v0.1.1
mantle-deps>     Checking tinyvec v1.11.0
mantle-deps>     Checking arrayvec v0.7.6
mantle-deps>     Checking pin-project-lite v0.2.17
mantle-deps>    Compiling serde_json v1.0.149
mantle-deps>     Checking gix-trace v0.1.18
mantle-deps>     Checking unicode-normalization v0.1.25
mantle-deps>     Checking futures-core v0.3.32
mantle-deps>     Checking zeroize v1.8.2
mantle-deps>    Compiling crossbeam-epoch v0.9.20
mantle-deps>     Checking bytesize v2.3.1
mantle-deps>     Checking human_format v1.2.1
mantle-deps>    Compiling rayon-core v1.13.0
mantle-deps>     Checking prodash v31.0.0
mantle-deps>     Checking bytes v1.11.1
mantle-deps>     Checking bstr v1.12.1
mantle-deps>     Checking mio v1.2.0
mantle-deps>     Checking crossbeam-channel v0.5.15
mantle-deps>     Checking gix-validate v0.11.0
mantle-deps>     Checking gix-utils v0.3.1
mantle-deps>     Checking gix-error v0.2.1
mantle-deps>     Checking gix-path v0.11.2
mantle-deps>     Checking zlib-rs v0.6.3
mantle-deps>     Checking crossbeam-deque v0.8.6
mantle-deps>    Compiling blake3 v1.8.2
mantle-deps>     Checking getrandom v0.2.17
mantle-deps>     Checking winnow v0.7.15
mantle-deps>     Checking sha1 v0.10.6
mantle-deps>     Checking constant_time_eq v0.3.1
mantle-deps>     Checking arrayref v0.3.9
mantle-deps>    Compiling tokio-macros v2.7.0
mantle-deps>     Checking gix-features v0.46.2
mantle-deps>     Checking socket2 v0.6.3
mantle-deps>     Checking byteorder v1.5.0
mantle-deps>    Compiling heapless v0.8.0
mantle-deps>    Compiling getrandom v0.4.2
mantle-deps>     Checking rand_core v0.10.0
mantle-deps>     Checking tokio v1.51.0
mantle-deps>     Checking hash32 v0.3.1
mantle-deps>    Compiling synstructure v0.13.2
mantle-deps>     Checking futures-sink v0.3.32
mantle-deps>    Compiling rustversion v1.0.22
mantle-deps>     Checking futures-io v0.3.32
mantle-deps>    Compiling zerofrom-derive v0.1.7
mantle-deps>     Checking faster-hex v0.10.0
mantle-deps>     Checking futures-channel v0.3.32
mantle-deps>    Compiling futures-macro v0.3.32
mantle-deps>     Checking futures-task v0.3.32
mantle-deps>     Checking jiff v0.2.23
mantle-deps>     Checking slab v0.4.12
mantle-deps>     Checking futures-util v0.3.32
mantle-deps>     Checking zerofrom v0.1.7
mantle-deps>    Compiling yoke-derive v0.8.2
mantle-deps>     Checking indexmap v2.13.1
mantle-deps>    Compiling libm v0.2.16
mantle-deps>     Checking yoke v0.8.2
mantle-deps>     Checking sha1-checked v0.10.0
mantle-deps>     Checking gix-date v0.15.1
mantle-deps>     Checking foldhash v0.1.5
mantle-deps>     Checking hashbrown v0.15.5
mantle-deps>     Checking gix-hash v0.23.0
mantle-deps>    Compiling zerovec-derive v0.11.3
mantle-deps>     Checking tracing-core v0.1.36
mantle-deps>    Compiling cmake v0.1.58
mantle-deps>    Compiling fs_extra v1.3.0
mantle-deps>    Compiling dunce v1.0.5
mantle-deps>    Compiling displaydoc v0.2.5
mantle-deps>    Compiling aws-lc-sys v0.39.1
mantle-deps>     Checking fnv v1.0.7
mantle-deps>     Checking percent-encoding v2.3.2
mantle-deps>     Checking gix-actor v0.40.0
mantle-deps>     Checking zerovec v0.11.6
mantle-deps>     Checking tempfile v3.27.0
mantle-deps>    Compiling tracing-attributes v0.1.31
mantle-deps>    Compiling autocfg v1.5.0
mantle-deps>     Checking gix-hashtable v0.13.0
mantle-deps>     Checking http v1.4.0
mantle-deps>    Compiling ring v0.17.14
mantle-deps>    Compiling semver v1.0.28
mantle-deps>     Checking tracing v0.1.44
mantle-deps>    Compiling aws-lc-rs v1.16.2
mantle-deps>    Compiling unicode-xid v0.2.6
mantle-deps>    Compiling rustc_version v0.4.1
mantle-deps>     Checking gix-object v0.58.0
mantle-deps>     Checking tinystr v0.8.3
mantle-deps>     Checking rustls-pki-types v1.14.0
mantle-deps>     Checking memmap2 v0.9.10
mantle-deps>     Checking base64 v0.22.1
mantle-deps>     Checking litemap v0.8.2
mantle-deps>     Checking writeable v0.6.3
mantle-deps>     Checking unicode-width v0.2.2
mantle-deps>     Checking icu_locale_core v2.2.0
mantle-deps>     Checking potential_utf v0.1.5
mantle-deps>     Checking zerotrie v0.2.4
mantle-deps>     Checking encoding_rs v0.8.35
mantle-deps>    Compiling icu_normalizer_data v2.2.0
mantle-deps>     Checking untrusted v0.9.0
mantle-deps>    Compiling httparse v1.10.1
mantle-deps>    Compiling pkg-config v0.3.32
mantle-deps>    Compiling icu_properties_data v2.2.0
mantle-deps>    Compiling ident_case v1.0.1
mantle-deps>     Checking utf8_iter v1.0.4
mantle-deps>    Compiling strsim v0.11.1
mantle-deps>     Checking icu_collections v2.2.0
mantle-deps>     Checking icu_provider v2.2.0
mantle-deps>     Checking tokio-util v0.7.18
mantle-deps>    Compiling rustls v0.23.37
mantle-deps>     Checking http-body v1.0.1
mantle-deps>     Checking gix-fs v0.19.2
mantle-deps>     Checking gix-chunk v0.7.0
mantle-deps>     Checking either v1.15.0
mantle-deps>    Compiling signal-hook v0.4.4
mantle-deps>     Checking ipnet v2.12.0
mantle-deps>     Checking icu_properties v2.2.0
mantle-deps>     Checking icu_normalizer v2.2.0
mantle-deps>    Compiling num-traits v0.2.19
mantle-deps>     Checking gix-quote v0.7.0
mantle-deps>     Checking atomic-waker v1.1.2
mantle-deps>     Checking tower-service v0.3.3
mantle-deps>     Checking hashbrown v0.14.5
mantle-deps>     Checking nonempty v0.12.0
mantle-deps>     Checking try-lock v0.2.5
mantle-deps>     Checking ryu v1.0.23
mantle-deps>     Checking static_assertions v1.1.0
mantle-deps>     Checking want v0.3.1
mantle-deps>     Checking idna_adapter v1.2.1
mantle-deps>     Checking dashmap v6.1.0
mantle-deps>     Checking h2 v0.4.13
mantle-deps>     Checking form_urlencoded v1.2.2
mantle-deps>     Checking rand_core v0.6.4
mantle-deps>    Compiling cfg_aliases v0.2.1
mantle-deps>     Checking gix-tempfile v21.0.2
mantle-deps>     Checking idna v1.1.0
mantle-deps>     Checking gix-commitgraph v0.35.0
mantle-deps>     Checking gix-glob v0.24.0
mantle-deps>     Checking sync_wrapper v1.0.2
mantle-deps>     Checking hyper v1.9.0
mantle-deps>     Checking sha2 v0.10.9
mantle-deps>     Checking tower-layer v0.3.3
mantle-deps>     Checking openssl-probe v0.2.1
mantle-deps>     Checking rustls-native-certs v0.8.3
mantle-deps>     Checking tower v0.5.3
mantle-deps>     Checking hyper-util v0.1.20
mantle-deps>     Checking gix-revwalk v0.29.0
mantle-deps>     Checking url v2.5.8
mantle-deps>     Checking data-encoding v2.10.0
mantle-deps>     Checking iri-string v0.7.12
mantle-deps>     Checking spin v0.9.9
mantle-deps>     Checking colorchoice v1.0.5
mantle-deps>     Checking lazy_static v1.5.0
mantle-deps>     Checking http-body-util v0.1.3
mantle-deps>     Checking simd-adler32 v0.3.9
mantle-deps>     Checking unicode-bom v2.0.3
mantle-deps>     Checking tower-http v0.6.8
mantle-deps>     Checking adler2 v2.0.1
mantle-deps>    Compiling unicode-segmentation v1.13.2
mantle-deps>     Checking mime v0.3.17
mantle-deps>     Checking anstyle v1.0.14
mantle-deps>    Compiling convert_case v0.10.0
mantle-deps>     Checking miniz_oxide v0.8.9
mantle-deps>     Checking gix-lock v21.0.2
mantle-deps>     Checking signature v2.2.0
mantle-deps>    Compiling darling_core v0.23.0
mantle-deps>     Checking filetime v0.2.27
mantle-deps>     Checking utf8parse v0.2.2
mantle-deps>    Compiling heck v0.5.0
mantle-deps>     Checking anstyle-parse v1.0.0
mantle-deps>    Compiling derive_more-impl v2.1.1
mantle-deps>    Compiling darling_macro v0.23.0
mantle-deps>     Checking kstring v2.0.2
mantle-deps>    Compiling zstd-sys v2.0.16+zstd.1.5.7
mantle-deps>    Compiling curve25519-dalek v4.1.3
mantle-deps>     Checking regex v1.12.3
mantle-deps>     Checking thread_local v1.1.9
mantle-deps>    Compiling portable-atomic v1.13.1
mantle-deps>     Checking is_terminal_polyfill v1.70.2
mantle-deps>     Checking shell-words v1.1.1
mantle-deps>     Checking anstyle-query v1.1.5
mantle-deps>    Compiling winnow v1.0.1
mantle-deps>     Checking anstream v1.0.0
mantle-deps>    Compiling toml_parser v1.1.2+spec-1.1.0
mantle-deps>     Checking gix-command v0.8.0
mantle-deps>     Checking derive_more v2.1.1
mantle-deps>     Checking gix-attributes v0.31.0
mantle-deps>    Compiling darling v0.23.0
mantle-deps>     Checking gix-config-value v0.17.1
mantle-deps>    Compiling curve25519-dalek-derive v0.1.1
mantle-deps>    Compiling libmimalloc-sys v0.1.44
mantle-deps>    Compiling anyhow v1.0.102
mantle-deps>    Compiling toml_datetime v1.1.1+spec-1.1.0
mantle-deps>     Checking clap_lex v1.1.0
mantle-deps>    Compiling toml_edit v0.25.10+spec-1.1.0
mantle-deps>     Checking clap_builder v4.6.0
mantle-deps>    Compiling serde_with_macros v3.18.0
mantle-deps>    Compiling clap_derive v4.6.0
mantle-deps>     Checking ed25519 v2.2.3
mantle-deps>    Compiling darling_core v0.20.11
mantle-deps>    Compiling bzip2-sys v0.1.13+1.0.8
mantle-deps>    Compiling lzma-sys v0.1.20
mantle-deps>    Compiling memoffset v0.6.5
mantle-deps>     Checking futures-executor v0.3.32
mantle-deps>     Checking vte v0.15.0
mantle-deps>    Compiling async-trait v0.1.89
mantle-deps>    Compiling rustix v0.38.44
mantle-deps>    Compiling zstd-safe v7.2.4
mantle-deps>    Compiling siphasher v1.0.2
mantle-deps>    Compiling typeid v1.0.3
mantle-deps>    Compiling phf_shared v0.11.3
mantle-deps>     Checking vt100 v0.16.2
mantle-deps>    Compiling darling_macro v0.20.11
mantle-deps>     Checking futures v0.3.32
mantle-deps>     Checking clap v4.6.0
mantle-deps>     Checking ed25519-dalek v2.2.0
mantle-deps>     Checking serde_with v3.18.0
mantle-deps>    Compiling proc-macro-crate v3.5.0
mantle-deps>     Checking sharded-slab v0.1.7
mantle-deps>     Checking gix-traverse v0.55.0
mantle-deps>    Compiling n0-future v0.3.2
mantle-deps>    Compiling nix v0.31.3
mantle-deps>     Checking console v0.16.3
mantle-deps>     Checking tracing-log v0.2.0
mantle-deps>     Checking arc-swap v1.9.1
mantle-deps>     Checking gix-packetline v0.21.2
mantle-deps>     Checking xattr v1.6.1
mantle-deps>     Checking matchers v0.2.0
mantle-deps>    Compiling pin-project-internal v1.1.11
mantle-deps>    Compiling fixedbitset v0.5.7
mantle-deps>    Compiling new_debug_unreachable v1.0.6
mantle-deps>     Checking parking v2.2.1
mantle-deps>    Compiling term v1.2.1
mantle-deps>     Checking linux-raw-sys v0.4.15
mantle-deps>     Checking cpufeatures v0.3.0
mantle-deps>    Compiling erased-serde v0.4.10
mantle-deps>     Checking spin v0.10.0
mantle-deps>     Checking bitflags v1.3.2
mantle-deps>    Compiling precomputed-hash v0.1.1
mantle-deps>    Compiling keccak v0.1.6
mantle-deps>     Checking diatomic-waker v0.2.3
mantle-deps>    Compiling crunch-attestation-core v0.1.0 (/build/source/crates/crunch-attestation-core)
mantle-deps>     Checking unit-prefix v0.5.2
mantle-deps>     Checking cordyceps v0.3.4
mantle-deps>     Checking nu-ansi-term v0.50.3
mantle-deps>    Compiling thiserror v1.0.69
mantle-deps>    Compiling nix-compat-derive v0.1.0 (/build/source/vendor/nix-compat-derive)
mantle-deps>    Compiling zerocopy v0.8.48
mantle-deps>    Compiling bit-vec v0.8.0
mantle-deps>    Compiling bit-set v0.8.0
mantle-deps>     Checking tracing-subscriber v0.3.23
mantle-deps>     Checking futures-buffered v0.2.13
mantle-deps>     Checking indicatif v0.18.4
mantle-deps>    Compiling sha3 v0.10.8
mantle-deps>    Compiling string_cache v0.8.9
mantle-deps>    Compiling itertools v0.14.0
mantle-deps>     Checking chacha20 v0.10.0
mantle-deps>    Compiling ascii-canvas v4.0.0
mantle-deps>     Checking futures-lite v2.6.1
mantle-deps>    Compiling petgraph v0.7.1
mantle-deps>    Compiling ena v0.14.4
mantle-deps>     Checking pin-project v1.1.11
mantle-deps>    Compiling num_enum_derive v0.7.6
mantle-deps>     Checking mimalloc v0.1.48
mantle-deps>    Compiling darling v0.20.11
mantle-deps>    Compiling lalrpop-util v0.22.2
mantle-deps>     Checking flate2 v1.1.9
mantle-deps>     Checking tokio-stream v0.1.18
mantle-deps>    Compiling spez v0.1.2
mantle-deps>    Compiling async-stream-impl v0.3.6
mantle-deps>    Compiling n0-error-macros v0.1.3
mantle-deps>    Compiling thiserror-impl v1.0.69
mantle-deps>     Checking gix-sec v0.13.2
mantle-deps>     Checking md-5 v0.10.6
mantle-deps>     Checking nibble_vec v0.1.0
mantle-deps>    Compiling nix-compat v0.1.0 (/build/source/vendor/nix-compat)
mantle-deps>    Compiling fuse-backend-rs v0.12.0 (/build/source/vendor/fuse-backend-rs)
mantle-deps>    Compiling snix-tracing v0.1.0 (/build/source/vendor/snix-tracing)
mantle-deps>    Compiling redb v3.1.3
mantle-deps>    Compiling pico-args v0.5.0
mantle-deps>     Checking endian-type v0.1.2
mantle-deps>     Checking bytemuck v1.25.0
mantle-deps>     Checking iana-time-zone v0.1.65
mantle-deps>     Checking matchit v0.8.4
mantle-deps>     Checking safe_arch v0.7.4
mantle-deps>     Checking chrono v0.4.44
mantle-deps>     Checking radix_trie v0.2.1
mantle-deps>    Compiling lalrpop v0.22.2
mantle-deps>     Checking n0-error v0.1.3
mantle-deps>     Checking async-stream v0.3.6
mantle-deps>     Checking xz2 v0.1.7
mantle-deps>     Checking nix v0.24.3
mantle-deps>    Compiling derive_builder_core v0.20.2
mantle-deps>     Checking bzip2 v0.5.2
mantle-deps>     Checking num_enum v0.7.6
mantle-deps>     Checking rand v0.10.1
mantle-deps>     Checking tracing-indicatif v0.3.14
mantle-deps>     Checking vmm-sys-util v0.11.2
mantle-deps>     Checking clap-verbosity-flag v3.0.4
mantle-deps>     Checking serde_urlencoded v0.7.1
mantle-deps>     Checking itertools v0.15.0
mantle-deps>     Checking gix-bitmap v0.3.0
mantle-deps>     Checking quick-xml v0.40.1
mantle-deps>     Checking cobs v0.3.0
mantle-deps>     Checking mio v0.8.11
mantle-deps>    Compiling irpc-derive v0.10.0
mantle-deps>     Checking num_cpus v1.17.0
mantle-deps>     Checking vm-memory v0.10.0
mantle-deps>     Checking caps v0.5.6
mantle-deps>    Compiling proc-macro-error-attr2 v2.0.0
mantle-deps>     Checking nom v8.0.0
mantle-deps>    Compiling crunch-attestation v0.1.0 (/build/source/crates/crunch-attestation)
mantle-deps>     Checking humantime v2.3.0
mantle-deps>     Checking fixedbitset v0.4.2
mantle-deps>     Checking rustc-hash v2.1.2
mantle-deps>    Compiling snix-castore v0.1.0 (/build/source/vendor/snix-castore)
mantle-deps>    Compiling malachite-nz v0.6.1
mantle-deps>     Checking astral-tokio-tar v0.6.3
mantle-deps>     Checking petgraph v0.6.5
mantle-deps>    Compiling proc-macro-error2 v2.0.1
mantle-deps>     Checking threadpool v1.8.1
mantle-deps>     Checking irpc v0.13.0
mantle-deps>     Checking postcard v1.1.3
mantle-deps>     Checking gix-index v0.49.0
mantle-deps>     Checking malachite-base v0.6.1
mantle-deps>     Checking ppv-lite86 v0.2.21
mantle-deps>    Compiling derive_builder_macro v0.20.2
mantle-deps>     Checking serde_tagged v0.3.0
mantle-deps>     Checking fastcdc v3.2.1
mantle-deps>     Checking serde_qs v0.12.0
mantle-deps>     Checking wide v0.7.33
mantle-deps>     Checking gix-filter v0.28.0
mantle-deps>     Checking gix-ref v0.61.0
mantle-deps>     Checking gix-ignore v0.19.1
mantle-deps>    Compiling nix v0.29.0
mantle-deps>    Compiling logos-codegen v0.15.1
mantle-deps>    Compiling auto_impl v1.3.0
mantle-deps>     Checking serde_bytes v0.11.19
mantle-deps>    Compiling proc-macro2-diagnostics v0.10.1
mantle-deps>     Checking wu-manber v0.1.0 (https://github.com/tvlfyi/wu-manber.git#0d5b22be)
mantle-deps>     Checking gix-worktree v0.50.0
mantle-deps>     Checking derive_builder v0.20.2
mantle-deps>    Compiling getset v0.1.6
mantle-deps>     Checking gix-pathspec v0.16.1
mantle-deps>    Compiling strum_macros v0.26.4
mantle-deps>     Checking uuid v1.23.0
mantle-deps>     Checking artifact-auth-core v0.1.0 (ssh://git@github.com/OnixResearch/onix-artifact.git?rev=c932138d880ddf4c2967f4c024b489b5c0022bf1#c932138d)
mantle-deps>    Compiling typed-builder-macro v0.22.0
mantle-deps>     Checking toml_datetime v0.7.5+spec-1.1.0
mantle-deps>    Compiling crunch-gc-core v0.1.0 (/build/source/crates/crunch-gc-core)
mantle-deps>    Compiling snix-store v0.1.0 (/build/source/vendor/snix-store)
mantle-deps>     Checking toml_writer v1.1.1+spec-1.1.0
mantle-deps>    Compiling crunch-composition-core v0.1.0 (/build/source/crates/crunch-composition-core)
mantle-deps>    Compiling crunch-repair-core v0.1.0 (/build/source/crates/crunch-repair-core)
mantle-deps>    Compiling crunch-nar v0.1.0 (/build/source/crates/crunch-nar)
mantle-deps>    Compiling crunch-action-result-core v0.1.0 (/build/source/crates/crunch-action-result-core)
mantle-deps>    Compiling yansi v1.0.1
mantle-deps>     Checking strum v0.26.3
mantle-deps>    Compiling snix-build v0.1.0 (/build/source/vendor/snix-build)
mantle-deps>    Compiling crunch-overlay-core v0.1.0 (/build/source/crates/crunch-overlay-core)
mantle-deps>    Compiling beef v0.5.2
mantle-deps>     Checking oci-spec v0.7.1
mantle-deps>     Checking malachite-q v0.6.1
mantle-deps>     Checking typed-builder v0.22.0
mantle-deps>     Checking tar v0.4.45
mantle-deps>     Checking nix-archive v0.1.0
mantle-deps>     Checking itertools v0.12.1
mantle-deps>     Checking gix-url v0.35.2
mantle-deps>     Checking lru v0.16.4
mantle-deps>    Compiling heck v0.4.1
mantle-deps>     Checking base64ct v1.8.3
mantle-deps>     Checking termcolor v1.4.1
mantle-deps>    Compiling crunch-store v0.1.0 (/build/source/crates/crunch-store)
mantle-deps>     Checking count-write v0.1.0
mantle-deps>     Checking bitmaps v3.2.1
mantle-deps>     Checking codespan-reporting v0.13.1
mantle-deps>     Checking imbl-sized-chunks v0.1.3
mantle-deps>     Checking pem-rfc7468 v0.7.0
mantle-deps>    Compiling ouroboros_macro v0.18.5
mantle-deps>     Checking malachite-float v0.6.1
mantle-deps>     Checking zstd v0.13.3
mantle-deps>     Checking async-compression v0.4.19
mantle-deps>    Compiling logos-derive v0.15.1
mantle-deps>     Checking rand_chacha v0.3.1
mantle-deps>    Compiling nickel-lang-core v0.16.1
mantle-deps>    Compiling nickel-lang-parser v0.1.1
mantle-deps>     Checking gix-prompt v0.14.1
mantle-deps>     Checking gix-revision v0.43.0
mantle-deps>     Checking imara-diff v0.1.8
mantle-deps>     Checking hashlink v0.10.0
mantle-deps>     Checking imara-diff v0.2.0
mantle-deps>     Checking serde_spanned v1.1.1
mantle-deps>     Checking fs2 v0.4.3
mantle-deps>    Compiling getrandom v0.3.4
mantle-deps>    Compiling signal-hook v0.3.18
mantle-deps>     Checking arraydeque v0.5.1
mantle-deps>    Compiling io-lifetimes v3.0.1
mantle-deps>     Checking typed-arena v2.0.2
mantle-deps>    Compiling object v0.37.3
mantle-deps>    Compiling io-lifetimes v2.0.4
mantle-deps>     Checking aliasable v0.1.3
mantle-deps>    Compiling paste v1.0.15
mantle-deps>     Checking arrayvec v0.5.2
mantle-deps>     Checking pretty v0.12.5
mantle-deps>     Checking ouroboros v0.18.5
mantle-deps>     Checking saphyr-parser v0.0.6
mantle-deps>     Checking gix-diff v0.61.0
mantle-deps>     Checking toml v0.9.12+spec-1.1.0
mantle-deps>     Checking gix-refspec v0.39.0
mantle-deps>     Checking gix-credentials v0.37.1
mantle-deps>     Checking logos v0.15.1
mantle-deps>     Checking rand v0.8.6
mantle-deps>     Checking malachite v0.6.1
mantle-deps>     Checking der v0.7.10
mantle-deps>     Checking nickel-lang-vector v0.1.0
mantle-deps>     Checking codespan v0.13.1
mantle-deps>     Checking toml_edit v0.23.10+spec-1.0.0
mantle-deps>     Checking gix-discover v0.49.0
mantle-deps>     Checking uluru v3.1.0
mantle-deps>     Checking clru v0.6.3
mantle-deps>     Checking vte v0.14.1
mantle-deps>     Checking bumpalo v3.20.2
mantle-deps>     Checking gimli v0.32.3
mantle-deps>    Compiling io-extras v0.19.0
mantle-deps>     Checking simple-counter v0.1.0
mantle-deps>     Checking unsafe-libyaml v0.2.11
mantle-deps>     Checking serde_yaml v0.9.34+deprecated
mantle-deps>     Checking gix-pack v0.68.0
mantle-deps>     Checking addr2line v0.25.1
mantle-deps>     Checking strip-ansi-escapes v0.2.1
mantle-deps>     Checking spki v0.7.3
mantle-deps>     Checking gix-dir v0.23.0
mantle-deps>     Checking gix-config v0.54.0
mantle-deps>     Checking gix-worktree-stream v0.30.0
mantle-deps>     Checking gix-shallow v0.10.0
mantle-deps>     Checking gix-negotiate v0.29.0
mantle-deps>     Checking num-integer v0.1.46
mantle-deps>    Compiling maybe-async v0.2.10
mantle-deps>     Checking sha-1 v0.10.1
mantle-deps>     Checking io-close v0.3.7
mantle-deps>     Checking json_scanner v0.1.0
mantle-deps>    Compiling cap-primitives v4.0.2
mantle-deps>    Compiling indoc v2.0.7
mantle-deps>    Compiling litrs v1.0.0
mantle-deps>     Checking rustc-demangle v0.1.28
mantle-deps>     Checking crc-catalog v2.4.0
mantle-deps>    Compiling crunch-rust-cache-core v0.1.0 (/build/source/crates/crunch-rust-cache-core)
mantle-deps>    Compiling num-bigint-dig v0.8.6
mantle-deps>    Compiling linkme-impl v0.3.37
mantle-deps>    Compiling owo-colors v4.3.0
mantle-deps>     Checking backtrace v0.3.76
mantle-deps>     Checking crc v3.4.0
mantle-deps>    Compiling document-features v0.2.12
mantle-deps>     Checking gix-worktree-state v0.28.0
mantle-deps>     Checking num-iter v0.1.46
mantle-deps>     Checking gix-archive v0.30.0
mantle-deps>     Checking gix-submodule v0.28.0
mantle-deps>     Checking fs-set-times v0.20.3
mantle-deps>     Checking rand_core v0.9.5
mantle-deps>     Checking signal-hook-mio v0.2.5
mantle-deps>     Checking gix-odb v0.78.0
mantle-deps>     Checking gix-status v0.28.0
mantle-deps>     Checking pkcs8 v0.10.2
mantle-deps>     Checking gix-blame v0.11.0
mantle-deps>     Checking ureq-proto v0.6.0
mantle-deps>     Checking webpki-roots v1.0.6
mantle-deps>     Checking gix-mailmap v0.32.0
mantle-deps>     Checking toml_datetime v0.6.11
mantle-deps>     Checking serde_spanned v0.6.9
mantle-deps>     Checking rustix-linux-procfs v0.1.1
mantle-deps>    Compiling syn v3.0.3
mantle-deps>    Compiling crunch-wasm-component-core v0.1.0 (/build/source/crates/crunch-wasm-component-core)
mantle-deps>    Compiling crunch-evaluation-stream-core v0.1.0 (/build/source/crates/crunch-evaluation-stream-core)
mantle-deps>    Compiling linkme v0.3.37
mantle-deps>     Checking is_ci v1.2.0
mantle-deps>    Compiling crunch-delta-core v0.1.0 (/build/source/crates/crunch-delta-core)
mantle-deps>     Checking utf8-zero v0.8.1
mantle-deps>    Compiling crunch-eval v0.1.0 (/build/source/crates/crunch-eval)
mantle-deps>     Checking unicode-linebreak v0.1.5
mantle-deps>    Compiling cap-std v4.0.2
mantle-deps>     Checking toml_write v0.1.2
mantle-deps>    Compiling crunch-shell-core v0.1.0 (/build/source/crates/crunch-shell-core)
mantle-deps>     Checking maybe-owned v0.3.4
mantle-deps>     Checking twox-hash v2.1.2
mantle-deps>    Compiling crunch-project-core v0.1.0 (/build/source/crates/crunch-project-core)
mantle-deps>    Compiling crunch-rust-cache v0.1.0 (/build/source/crates/crunch-rust-cache)
mantle-deps>    Compiling crunch-build v0.1.0 (/build/source/crates/crunch-build)
mantle-deps>     Checking ambient-authority v0.0.2
mantle-deps>    Compiling crunch-glue v0.1.0 (/build/source/crates/crunch-glue)
mantle-deps>     Checking ruzstd v0.8.2
mantle-deps>     Checking toml_edit v0.22.27
mantle-deps>     Checking textwrap v0.16.2
mantle-deps>     Checking supports-color v3.0.2
mantle-deps>     Checking pkcs1 v0.7.5
mantle-deps>     Checking rand_chacha v0.9.0
mantle-deps>     Checking crossterm v0.29.0
mantle-deps>     Checking backtrace-ext v0.2.1
mantle-deps>     Checking lzma-rs v0.3.0
mantle-deps>     Checking artifact-auth-ed25519 v0.1.0 (ssh://git@github.com/OnixResearch/onix-artifact.git?rev=c932138d880ddf4c2967f4c024b489b5c0022bf1#c932138d)
mantle-deps>     Checking gethostname v0.5.0
mantle-deps>     Checking fuzzy-matcher v0.3.7
mantle-deps>     Checking terminal_size v0.4.4
mantle-deps>     Checking bzip2-rs v0.1.2
mantle-deps>    Compiling miette-derive v7.6.0
mantle-deps>    Compiling mantlepkgs-core v0.1.0 (/build/source/crates/mantlepkgs-core)
mantle-deps>    Compiling crunch-release-core v0.1.0 (/build/source/crates/crunch-release-core)
mantle-deps>    Compiling crunch-project v0.1.0 (/build/source/crates/crunch-project)
mantle-deps>    Compiling cap-fs-ext v4.0.2
mantle-deps>    Compiling mantle-portable-client-core v0.1.0 (/build/source/crates/mantle-portable-client-core)
mantle-deps>     Checking unicode-width v0.1.14
mantle-deps>    Compiling crunch-pipeline v0.1.0 (/build/source/crates/crunch-pipeline)
mantle-deps>    Compiling crunch-eval-budget-core v0.1.0 (/build/source/crates/crunch-eval-budget-core)
mantle-deps>    Compiling crunch-delta v0.1.0 (/build/source/crates/crunch-delta)
mantle-deps>    Compiling crunch-wasm-component v0.1.0 (/build/source/crates/crunch-wasm-component)
mantle-deps>    Compiling crunch-rustc-wrapper v0.1.0 (/build/source/crates/crunch-rustc-wrapper)
mantle-deps>    Compiling crunch-bootstrap-core v0.1.0 (/build/source/crates/crunch-bootstrap-core)
mantle-deps>     Checking dyn-clone v1.0.20
mantle-deps>     Checking supports-hyperlinks v3.2.0
mantle-deps>     Checking supports-unicode v3.0.0
mantle-deps>    Compiling crunch-shell v0.1.0 (/build/source/crates/crunch-shell)
mantle-deps>     Checking miette v7.6.0
mantle-deps>     Checking inquire v0.9.4
mantle-deps>     Checking rsa v0.9.10
mantle-deps>     Checking toml v0.8.23
mantle-deps>     Checking rand v0.9.3
mantle-deps>     Checking secrecy v0.10.3
mantle-deps>     Checking etcetera v0.11.0
mantle-deps>     Checking detect-coding-agent v0.1.0
mantle-deps>     Checking dotenvy v0.15.7
mantle-deps>    Compiling mantle v0.1.0 (/build/source)
mantle-deps>     Checking colored v3.1.1
mantle-deps>     Checking secretspec v0.17.0
mantle-deps>     Checking chapter-tgz v0.1.0
mantle-deps>     Checking nix-derivation v0.1.0
mantle-deps>     Checking nickel-export-core v0.1.0 (https://github.com/OnixResearch/nickel-export?rev=257fafc1c746f1faf156207043a4c826bfb16d49#257fafc1)
mantle-deps>     Checking durable-file-publication v0.1.0 (https://git.onix.computer/z3tAR4For7qw8ZirkJzoDw1VNDDLM.git?rev=951c27f59003cea9bfdb40ed4d89653d50fada1f#951c27f5)
mantle-deps>    Compiling crunch-hardware-simulation-core v0.1.0 (/build/source/crates/crunch-hardware-simulation-core)
mantle-deps>     Checking predicates-core v1.0.10
mantle-deps>     Checking float-cmp v0.10.0
mantle-deps>     Checking termtree v0.5.1
mantle-deps>     Checking difflib v0.4.0
mantle-deps>    Compiling crunch-hardware-simulation v0.1.0 (/build/source/crates/crunch-hardware-simulation)
mantle-deps>    Compiling assert_cmd v2.2.0
mantle-deps>     Checking normalize-line-endings v0.3.0
mantle-deps>    Compiling crunch-kernelscript-core v0.1.0 (/build/source/crates/crunch-kernelscript-core)
mantle-deps>     Checking predicates v3.1.4
mantle-deps>     Checking predicates-tree v1.0.13
mantle-deps>     Checking wait-timeout v0.2.1
mantle-deps>     Checking diff v0.1.13
mantle-deps>     Checking pretty_assertions v1.4.1
mantle-deps>     Checking rustls-webpki v0.103.13
mantle-deps>     Checking nickel-lang v2.0.0
mantle-deps>     Checking tokio-rustls v0.26.4
mantle-deps>     Checking rustls-platform-verifier v0.6.2
mantle-deps>     Checking ureq v3.3.0
mantle-deps>     Checking hyper-rustls v0.27.7
mantle-deps>     Checking reqwest v0.13.2
mantle-deps>     Checking reqwest-middleware v0.5.1
mantle-deps>     Checking object_store v0.14.0
mantle-deps>     Checking gix-transport v0.55.1
mantle-deps>     Checking reqwest-tracing v0.6.0
mantle-deps>     Checking gix-protocol v0.59.0
mantle-deps>     Checking gix v0.81.0
mantle-deps>     Finished `release` profile [optimized] target(s) in 1m 03s
mantle-deps> +++ command cargo build --release --locked
mantle-deps> warning: /build/source/Cargo.toml: file `/build/source/src/main.rs` found to be present in multiple build targets:
mantle-deps>   * `bin` target `crunch`
mantle-deps>   * `bin` target `mantle`
mantle-deps>    Compiling cfg-if v1.0.4
mantle-deps>    Compiling serde_core v1.0.228
mantle-deps>    Compiling libc v0.2.186
mantle-deps>    Compiling memchr v2.8.0
mantle-deps>    Compiling smallvec v1.15.1
mantle-deps>    Compiling subtle v2.6.1
mantle-deps>    Compiling itoa v1.0.18
mantle-deps>    Compiling const-oid v0.9.6
mantle-deps>    Compiling typenum v1.20.1
mantle-deps>    Compiling once_cell v1.21.4
mantle-deps>    Compiling aho-corasick v1.1.4
mantle-deps>    Compiling generic-array v0.14.7
mantle-deps>    Compiling regex-syntax v0.8.10
mantle-deps>    Compiling crypto-common v0.1.7
mantle-deps>    Compiling block-buffer v0.10.4
mantle-deps>    Compiling scopeguard v1.2.0
mantle-deps>    Compiling serde v1.0.228
mantle-deps>    Compiling lock_api v0.4.14
mantle-deps>    Compiling digest v0.10.7
mantle-deps>    Compiling parking_lot_core v0.9.12
mantle-deps>    Compiling crossbeam-utils v0.8.21
mantle-deps>    Compiling parking_lot v0.12.5
mantle-deps>    Compiling regex-automata v0.4.14
mantle-deps>    Compiling bytes v1.11.1
mantle-deps>    Compiling bitflags v2.11.0
mantle-deps>    Compiling allocator-api2 v0.2.21
mantle-deps>    Compiling equivalent v1.0.2
mantle-deps>    Compiling thiserror v2.0.18
mantle-deps>    Compiling stable_deref_trait v1.2.1
mantle-deps>    Compiling errno v0.3.14
mantle-deps>    Compiling foldhash v0.2.0
mantle-deps>    Compiling hashbrown v0.16.1
mantle-deps>    Compiling signal-hook-registry v1.4.8
mantle-deps>    Compiling bstr v1.12.1
mantle-deps>    Compiling fastrand v2.4.1
mantle-deps>    Compiling cpufeatures v0.2.17
mantle-deps>    Compiling crc32fast v1.5.0
mantle-deps>    Compiling linux-raw-sys v0.12.1
mantle-deps>    Compiling log v0.4.29
mantle-deps>    Compiling rustix v1.1.4
mantle-deps>    Compiling same-file v1.0.6
mantle-deps>    Compiling walkdir v2.5.0
mantle-deps>    Compiling tinyvec_macros v0.1.1
mantle-deps>    Compiling tinyvec v1.11.0
mantle-deps>    Compiling pin-project-lite v0.2.17
mantle-deps>    Compiling gix-trace v0.1.18
mantle-deps>    Compiling gix-validate v0.11.0
mantle-deps>    Compiling unicode-normalization v0.1.25
mantle-deps>    Compiling gix-path v0.11.2
mantle-deps>    Compiling gix-utils v0.3.1
mantle-deps>    Compiling arrayvec v0.7.6
mantle-deps>    Compiling zmij v1.0.21
mantle-deps>    Compiling futures-core v0.3.32
mantle-deps>    Compiling zeroize v1.8.2
mantle-deps>    Compiling serde_json v1.0.149
mantle-deps>    Compiling human_format v1.2.1
mantle-deps>    Compiling bytesize v2.3.1
mantle-deps>    Compiling prodash v31.0.0
mantle-deps>    Compiling mio v1.2.0
mantle-deps>    Compiling gix-error v0.2.1
mantle-deps>    Compiling crossbeam-channel v0.5.15
mantle-deps>    Compiling zlib-rs v0.6.3
mantle-deps>    Compiling getrandom v0.2.17
mantle-deps>    Compiling winnow v0.7.15
mantle-deps>    Compiling sha1 v0.10.6
mantle-deps>    Compiling crossbeam-epoch v0.9.20
mantle-deps>    Compiling socket2 v0.6.3
mantle-deps>    Compiling byteorder v1.5.0
mantle-deps>    Compiling tokio v1.51.0
mantle-deps>    Compiling gix-features v0.46.2
mantle-deps>    Compiling crossbeam-deque v0.8.6
mantle-deps>    Compiling rand_core v0.10.0
mantle-deps>    Compiling rayon-core v1.13.0
mantle-deps>    Compiling hash32 v0.3.1
mantle-deps>    Compiling arrayref v0.3.9
mantle-deps>    Compiling constant_time_eq v0.3.1
mantle-deps>    Compiling blake3 v1.8.2
mantle-deps>    Compiling heapless v0.8.0
mantle-deps>    Compiling getrandom v0.4.2
mantle-deps>    Compiling futures-io v0.3.32
mantle-deps>    Compiling futures-sink v0.3.32
mantle-deps>    Compiling futures-channel v0.3.32
mantle-deps>    Compiling faster-hex v0.10.0
mantle-deps>    Compiling jiff v0.2.23
mantle-deps>    Compiling futures-task v0.3.32
mantle-deps>    Compiling slab v0.4.12
mantle-deps>    Compiling futures-util v0.3.32
mantle-deps>    Compiling zerofrom v0.1.7
mantle-deps>    Compiling indexmap v2.13.1
mantle-deps>    Compiling yoke v0.8.2
mantle-deps>    Compiling sha1-checked v0.10.0
mantle-deps>    Compiling foldhash v0.1.5
mantle-deps>    Compiling hashbrown v0.15.5
mantle-deps>    Compiling gix-hash v0.23.0
mantle-deps>    Compiling gix-date v0.15.1
mantle-deps>    Compiling tracing-core v0.1.36
mantle-deps>    Compiling zerovec v0.11.6
mantle-deps>    Compiling fnv v1.0.7
mantle-deps>    Compiling percent-encoding v2.3.2
mantle-deps>    Compiling gix-actor v0.40.0
mantle-deps>    Compiling tempfile v3.27.0
mantle-deps>    Compiling tracing v0.1.44
mantle-deps>    Compiling libm v0.2.16
mantle-deps>    Compiling gix-hashtable v0.13.0
mantle-deps>    Compiling http v1.4.0
mantle-deps>    Compiling gix-object v0.58.0
mantle-deps>    Compiling tinystr v0.8.3
mantle-deps>    Compiling rustls-pki-types v1.14.0
mantle-deps>    Compiling memmap2 v0.9.10
mantle-deps>    Compiling unicode-width v0.2.2
mantle-deps>    Compiling writeable v0.6.3
mantle-deps>    Compiling base64 v0.22.1
mantle-deps>    Compiling litemap v0.8.2
mantle-deps>    Compiling icu_locale_core v2.2.0
mantle-deps>    Compiling aws-lc-sys v0.39.1
mantle-deps>    Compiling zerotrie v0.2.4
mantle-deps>    Compiling potential_utf v0.1.5
mantle-deps>    Compiling encoding_rs v0.8.35
mantle-deps>    Compiling untrusted v0.9.0
mantle-deps>    Compiling utf8_iter v1.0.4
mantle-deps>    Compiling icu_collections v2.2.0
mantle-deps>    Compiling ring v0.17.14
mantle-deps>    Compiling icu_provider v2.2.0
mantle-deps>    Compiling aws-lc-rs v1.16.2
mantle-deps>    Compiling tokio-util v0.7.18
mantle-deps>    Compiling rustls-webpki v0.103.13
mantle-deps>    Compiling httparse v1.10.1
mantle-deps>    Compiling icu_normalizer_data v2.2.0
mantle-deps>    Compiling icu_properties_data v2.2.0
mantle-deps>    Compiling http-body v1.0.1
mantle-deps>    Compiling gix-fs v0.19.2
mantle-deps>    Compiling gix-chunk v0.7.0
mantle-deps>    Compiling ipnet v2.12.0
mantle-deps>    Compiling either v1.15.0
mantle-deps>    Compiling icu_properties v2.2.0
mantle-deps>    Compiling rustls v0.23.37
mantle-deps>    Compiling icu_normalizer v2.2.0
mantle-deps>    Compiling gix-quote v0.7.0
mantle-deps>    Compiling try-lock v0.2.5
mantle-deps>    Compiling static_assertions v1.1.0
mantle-deps>    Compiling tower-service v0.3.3
mantle-deps>    Compiling ryu v1.0.23
mantle-deps>    Compiling atomic-waker v1.1.2
mantle-deps>    Compiling nonempty v0.12.0
mantle-deps>    Compiling hashbrown v0.14.5
mantle-deps>    Compiling h2 v0.4.13
mantle-deps>    Compiling want v0.3.1
mantle-deps>    Compiling idna_adapter v1.2.1
mantle-deps>    Compiling signal-hook v0.4.4
mantle-deps>    Compiling dashmap v6.1.0
mantle-deps>    Compiling form_urlencoded v1.2.2
mantle-deps>    Compiling rand_core v0.6.4
mantle-deps>    Compiling gix-tempfile v21.0.2
mantle-deps>    Compiling idna v1.1.0
mantle-deps>    Compiling gix-commitgraph v0.35.0
mantle-deps>    Compiling hyper v1.9.0
mantle-deps>    Compiling gix-glob v0.24.0
mantle-deps>    Compiling sync_wrapper v1.0.2
mantle-deps>    Compiling sha2 v0.10.9
mantle-deps>    Compiling tower-layer v0.3.3
mantle-deps>    Compiling openssl-probe v0.2.1
mantle-deps>    Compiling rustls-native-certs v0.8.3
mantle-deps>    Compiling tower v0.5.3
mantle-deps>    Compiling hyper-util v0.1.20
mantle-deps>    Compiling gix-revwalk v0.29.0
mantle-deps>    Compiling tokio-rustls v0.26.4
mantle-deps>    Compiling url v2.5.8
mantle-deps>    Compiling colorchoice v1.0.5
mantle-deps>    Compiling iri-string v0.7.12
mantle-deps>    Compiling spin v0.9.9
mantle-deps>    Compiling data-encoding v2.10.0
mantle-deps>    Compiling lazy_static v1.5.0
mantle-deps>    Compiling tower-http v0.6.8
mantle-deps>    Compiling hyper-rustls v0.27.7
mantle-deps>    Compiling rustls-platform-verifier v0.6.2
mantle-deps>    Compiling http-body-util v0.1.3
mantle-deps>    Compiling strsim v0.11.1
mantle-deps>    Compiling mime v0.3.17
mantle-deps>    Compiling unicode-bom v2.0.3
mantle-deps>    Compiling adler2 v2.0.1
mantle-deps>    Compiling simd-adler32 v0.3.9
mantle-deps>    Compiling reqwest v0.13.2
mantle-deps>    Compiling miniz_oxide v0.8.9
mantle-deps>    Compiling num-traits v0.2.19
mantle-deps>    Compiling gix-lock v21.0.2
mantle-deps>    Compiling signature v2.2.0
mantle-deps>    Compiling filetime v0.2.27
mantle-deps>    Compiling utf8parse v0.2.2
mantle-deps>    Compiling anstyle-parse v1.0.0
mantle-deps>    Compiling kstring v2.0.2
mantle-deps>    Compiling thread_local v1.1.9
mantle-deps>    Compiling shell-words v1.1.1
mantle-deps>    Compiling is_terminal_polyfill v1.70.2
mantle-deps>    Compiling anstyle-query v1.1.5
mantle-deps>    Compiling anstyle v1.0.14
mantle-deps>    Compiling gix-command v0.8.0
mantle-deps>    Compiling anstream v1.0.0
mantle-deps>    Compiling gix-attributes v0.31.0
mantle-deps>    Compiling derive_more v2.1.1
mantle-deps>    Compiling gix-config-value v0.17.1
mantle-deps>    Compiling clap_lex v1.1.0
mantle-deps>    Compiling clap_builder v4.6.0
mantle-deps>    Compiling curve25519-dalek v4.1.3
mantle-deps>    Compiling portable-atomic v1.13.1
mantle-deps>    Compiling ed25519 v2.2.3
mantle-deps>    Compiling futures-executor v0.3.32
mantle-deps>    Compiling vte v0.15.0
mantle-deps>    Compiling regex v1.12.3
mantle-deps>    Compiling vt100 v0.16.2
mantle-deps>    Compiling futures v0.3.32
mantle-deps>    Compiling ed25519-dalek v2.2.0
mantle-deps>    Compiling clap v4.6.0
mantle-deps>    Compiling serde_with v3.18.0
mantle-deps>    Compiling libmimalloc-sys v0.1.44
mantle-deps>    Compiling anyhow v1.0.102
mantle-deps>    Compiling zstd-sys v2.0.16+zstd.1.5.7
mantle-deps>    Compiling sharded-slab v0.1.7
mantle-deps>    Compiling gix-traverse v0.55.0
mantle-deps>    Compiling console v0.16.3
mantle-deps>    Compiling tracing-log v0.2.0
mantle-deps>    Compiling arc-swap v1.9.1
mantle-deps>    Compiling gix-packetline v0.21.2
mantle-deps>    Compiling xattr v1.6.1
mantle-deps>    Compiling matchers v0.2.0
mantle-deps>    Compiling unit-prefix v0.5.2
mantle-deps>    Compiling linux-raw-sys v0.4.15
mantle-deps>    Compiling parking v2.2.1
mantle-deps>    Compiling cpufeatures v0.3.0
mantle-deps>    Compiling spin v0.10.0
mantle-deps>    Compiling diatomic-waker v0.2.3
mantle-deps>    Compiling cordyceps v0.3.4
mantle-deps>    Compiling bitflags v1.3.2
mantle-deps>    Compiling nu-ansi-term v0.50.3
mantle-deps>    Compiling futures-buffered v0.2.13
mantle-deps>    Compiling tracing-subscriber v0.3.23
mantle-deps>    Compiling chacha20 v0.10.0
mantle-deps>    Compiling futures-lite v2.6.1
mantle-deps>    Compiling rustix v0.38.44
mantle-deps>    Compiling indicatif v0.18.4
mantle-deps>    Compiling pin-project v1.1.11
mantle-deps>    Compiling zstd-safe v7.2.4
mantle-deps>    Compiling reqwest-middleware v0.5.1
mantle-deps>    Compiling mimalloc v0.1.48
mantle-deps>    Compiling bzip2-sys v0.1.13+1.0.8
mantle-deps>    Compiling lzma-sys v0.1.20
mantle-deps>    Compiling memoffset v0.6.5
mantle-deps>    Compiling typeid v1.0.3
mantle-deps>    Compiling flate2 v1.1.9
mantle-deps>    Compiling tokio-stream v0.1.18
mantle-deps>    Compiling gix-sec v0.13.2
mantle-deps>    Compiling md-5 v0.10.6
mantle-deps>    Compiling nibble_vec v0.1.0
mantle-deps>    Compiling matchit v0.8.4
mantle-deps>    Compiling iana-time-zone v0.1.65
mantle-deps>    Compiling bytemuck v1.25.0
mantle-deps>    Compiling endian-type v0.1.2
mantle-deps>    Compiling radix_trie v0.2.1
mantle-deps>    Compiling reqwest-tracing v0.6.0
mantle-deps>    Compiling safe_arch v0.7.4
mantle-deps>    Compiling chrono v0.4.44
mantle-deps>    Compiling n0-error v0.1.3
mantle-deps>    Compiling async-stream v0.3.6
mantle-deps>    Compiling thiserror v1.0.69
mantle-deps>    Compiling erased-serde v0.4.10
mantle-deps>    Compiling nix v0.24.3
mantle-deps>    Compiling xz2 v0.1.7
mantle-deps>    Compiling bzip2 v0.5.2
mantle-deps>    Compiling num_enum v0.7.6
mantle-deps>    Compiling zstd v0.13.3
mantle-deps>    Compiling nix v0.31.3
mantle-deps>    Compiling n0-future v0.3.2
mantle-deps>    Compiling tracing-indicatif v0.3.14
mantle-deps>    Compiling crunch-attestation-core v0.1.0 (/build/source/crates/crunch-attestation-core)
mantle-deps>    Compiling rand v0.10.1
mantle-deps>    Compiling zerocopy v0.8.48
mantle-deps>    Compiling vmm-sys-util v0.11.2
mantle-deps>    Compiling clap-verbosity-flag v3.0.4
mantle-deps>    Compiling serde_urlencoded v0.7.1
mantle-deps>    Compiling itertools v0.15.0
mantle-deps>    Compiling itertools v0.14.0
mantle-deps>    Compiling gix-bitmap v0.3.0
mantle-deps>    Compiling mio v0.8.11
mantle-deps>    Compiling cobs v0.3.0
mantle-deps>    Compiling quick-xml v0.40.1
mantle-deps>    Compiling vm-memory v0.10.0
mantle-deps>    Compiling num_cpus v1.17.0
mantle-deps>    Compiling caps v0.5.6
mantle-deps>    Compiling nom v8.0.0
mantle-deps>    Compiling fixedbitset v0.4.2
mantle-deps>    Compiling rustc-hash v2.1.2
mantle-deps>    Compiling humantime v2.3.0
mantle-deps>    Compiling petgraph v0.6.5
mantle-deps>    Compiling object_store v0.14.0
mantle-deps>    Compiling astral-tokio-tar v0.6.3
mantle-deps>    Compiling irpc v0.13.0
mantle-deps>    Compiling nix-compat v0.1.0 (/build/source/vendor/nix-compat)
mantle-deps>    Compiling fuse-backend-rs v0.12.0 (/build/source/vendor/fuse-backend-rs)
mantle-deps>    Compiling threadpool v1.8.1
mantle-deps>    Compiling ppv-lite86 v0.2.21
mantle-deps>    Compiling postcard v1.1.3
mantle-deps>    Compiling malachite-base v0.6.1
mantle-deps>    Compiling gix-index v0.49.0
mantle-deps>    Compiling snix-tracing v0.1.0 (/build/source/vendor/snix-tracing)
mantle-deps>    Compiling async-compression v0.4.19
mantle-deps>    Compiling serde_tagged v0.3.0
mantle-deps>    Compiling serde_qs v0.12.0
mantle-deps>    Compiling fastcdc v3.2.1
mantle-deps>    Compiling wide v0.7.33
mantle-deps>    Compiling redb v3.1.3
mantle-deps>    Compiling gix-filter v0.28.0
mantle-deps>    Compiling gix-ref v0.61.0
mantle-deps>    Compiling gix-ignore v0.19.1
mantle-deps>    Compiling serde_bytes v0.11.19
mantle-deps>    Compiling winnow v1.0.1
mantle-deps>    Compiling wu-manber v0.1.0 (https://github.com/tvlfyi/wu-manber.git#0d5b22be)
mantle-deps>    Compiling snix-castore v0.1.0 (/build/source/vendor/snix-castore)
mantle-deps>    Compiling toml_parser v1.1.2+spec-1.1.0
mantle-deps>    Compiling gix-worktree v0.50.0
mantle-deps>    Compiling malachite-nz v0.6.1
mantle-deps>    Compiling derive_builder v0.20.2
mantle-deps>    Compiling crunch-attestation v0.1.0 (/build/source/crates/crunch-attestation)
mantle-deps>    Compiling gix-pathspec v0.16.1
mantle-deps>    Compiling uuid v1.23.0
mantle-deps>    Compiling artifact-auth-core v0.1.0 (ssh://git@github.com/OnixResearch/onix-artifact.git?rev=c932138d880ddf4c2967f4c024b489b5c0022bf1#c932138d)
mantle-deps>    Compiling toml_datetime v0.7.5+spec-1.1.0
mantle-deps>    Compiling strum v0.26.3
mantle-deps>    Compiling toml_writer v1.1.1+spec-1.1.0
mantle-deps>    Compiling malachite-q v0.6.1
mantle-deps>    Compiling oci-spec v0.7.1
mantle-deps>    Compiling typed-builder v0.22.0
mantle-deps>    Compiling nix v0.29.0
mantle-deps>    Compiling tar v0.4.45
mantle-deps>    Compiling nix-archive v0.1.0
mantle-deps>    Compiling itertools v0.12.1
mantle-deps>    Compiling gix-url v0.35.2
mantle-deps>    Compiling lru v0.16.4
mantle-deps>    Compiling termcolor v1.4.1
mantle-deps>    Compiling count-write v0.1.0
mantle-deps>    Compiling bitmaps v3.2.1
mantle-deps>    Compiling base64ct v1.8.3
mantle-deps>    Compiling pem-rfc7468 v0.7.0
mantle-deps>    Compiling imbl-sized-chunks v0.1.3
mantle-deps>    Compiling snix-store v0.1.0 (/build/source/vendor/snix-store)
mantle-deps>    Compiling codespan-reporting v0.13.1
mantle-deps>    Compiling snix-build v0.1.0 (/build/source/vendor/snix-build)
mantle-deps>    Compiling crunch-nar v0.1.0 (/build/source/crates/crunch-nar)
mantle-deps>    Compiling crunch-composition-core v0.1.0 (/build/source/crates/crunch-composition-core)
mantle-deps>    Compiling crunch-overlay-core v0.1.0 (/build/source/crates/crunch-overlay-core)
mantle-deps>    Compiling crunch-action-result-core v0.1.0 (/build/source/crates/crunch-action-result-core)
mantle-deps>    Compiling malachite-float v0.6.1
mantle-deps>    Compiling crunch-gc-core v0.1.0 (/build/source/crates/crunch-gc-core)
mantle-deps>    Compiling crunch-repair-core v0.1.0 (/build/source/crates/crunch-repair-core)
mantle-deps>    Compiling rand_chacha v0.3.1
mantle-deps>    Compiling gix-prompt v0.14.1
mantle-deps>    Compiling gix-revision v0.43.0
mantle-deps>    Compiling imara-diff v0.1.8
mantle-deps>    Compiling imara-diff v0.2.0
mantle-deps>    Compiling hashlink v0.10.0
mantle-deps>    Compiling serde_spanned v1.1.1
mantle-deps>    Compiling fs2 v0.4.3
mantle-deps>    Compiling aliasable v0.1.3
mantle-deps>    Compiling unicode-segmentation v1.13.2
mantle-deps>    Compiling arraydeque v0.5.1
mantle-deps>    Compiling typed-arena v2.0.2
mantle-deps>    Compiling arrayvec v0.5.2
mantle-deps>    Compiling saphyr-parser v0.0.6
mantle-deps>    Compiling pretty v0.12.5
mantle-deps>    Compiling ouroboros v0.18.5
mantle-deps>    Compiling crunch-store v0.1.0 (/build/source/crates/crunch-store)
mantle-deps>    Compiling toml v0.9.12+spec-1.1.0
mantle-deps>    Compiling gix-diff v0.61.0
mantle-deps>    Compiling gix-refspec v0.39.0
mantle-deps>    Compiling malachite v0.6.1
mantle-deps>    Compiling gix-credentials v0.37.1
mantle-deps>    Compiling rand v0.8.6
mantle-deps>    Compiling logos v0.15.1
mantle-deps>    Compiling codespan v0.13.1
mantle-deps>    Compiling nickel-lang-vector v0.1.0
mantle-deps>    Compiling der v0.7.10
mantle-deps>    Compiling toml_edit v0.23.10+spec-1.0.0
mantle-deps>    Compiling gix-discover v0.49.0
mantle-deps>    Compiling lalrpop-util v0.22.2
mantle-deps>    Compiling uluru v3.1.0
mantle-deps>    Compiling clru v0.6.3
mantle-deps>    Compiling vte v0.14.1
mantle-deps>    Compiling unsafe-libyaml v0.2.11
mantle-deps>    Compiling simple-counter v0.1.0
mantle-deps>    Compiling gimli v0.32.3
mantle-deps>    Compiling bumpalo v3.20.2
mantle-deps>    Compiling nickel-lang-parser v0.1.1
mantle-deps>    Compiling addr2line v0.25.1
mantle-deps>    Compiling serde_yaml v0.9.34+deprecated
mantle-deps>    Compiling strip-ansi-escapes v0.2.1
mantle-deps>    Compiling gix-pack v0.68.0
mantle-deps>    Compiling spki v0.7.3
mantle-deps>    Compiling gix-dir v0.23.0
mantle-deps>    Compiling gix-transport v0.55.1
mantle-deps>    Compiling getrandom v0.3.4
mantle-deps>    Compiling io-lifetimes v3.0.1
mantle-deps>    Compiling object v0.37.3
mantle-deps>    Compiling io-lifetimes v2.0.4
mantle-deps>    Compiling signal-hook v0.3.18
mantle-deps>    Compiling gix-config v0.54.0
mantle-deps>    Compiling gix-worktree-stream v0.30.0
mantle-deps>    Compiling gix-shallow v0.10.0
mantle-deps>    Compiling num-integer v0.1.46
mantle-deps>    Compiling gix-negotiate v0.29.0
mantle-deps>    Compiling sha-1 v0.10.1
mantle-deps>    Compiling io-close v0.3.7
mantle-deps>    Compiling json_scanner v0.1.0
mantle-deps>    Compiling rustc-demangle v0.1.28
mantle-deps>    Compiling crc-catalog v2.4.0
mantle-deps>    Compiling crc v3.4.0
mantle-deps>    Compiling backtrace v0.3.76
mantle-deps>    Compiling gix-protocol v0.59.0
mantle-deps>    Compiling gix-worktree-state v0.28.0
mantle-deps>    Compiling num-iter v0.1.46
mantle-deps>    Compiling gix-submodule v0.28.0
mantle-deps>    Compiling gix-archive v0.30.0
mantle-deps>    Compiling signal-hook-mio v0.2.5
mantle-deps>    Compiling fs-set-times v0.20.3
mantle-deps>    Compiling io-extras v0.19.0
mantle-deps>    Compiling rand_core v0.9.5
mantle-deps>    Compiling gix-status v0.28.0
mantle-deps>    Compiling pkcs8 v0.10.2
mantle-deps>    Compiling gix-odb v0.78.0
mantle-deps>    Compiling gix-blame v0.11.0
mantle-deps>    Compiling ureq-proto v0.6.0
mantle-deps>    Compiling webpki-roots v1.0.6
mantle-deps>    Compiling gix-mailmap v0.32.0
mantle-deps>    Compiling rustix-linux-procfs v0.1.1
mantle-deps>    Compiling toml_datetime v0.6.11
mantle-deps>    Compiling serde_spanned v0.6.9
mantle-deps>    Compiling unicode-linebreak v0.1.5
mantle-deps>    Compiling twox-hash v2.1.2
mantle-deps>    Compiling toml_write v0.1.2
mantle-deps>    Compiling is_ci v1.2.0
mantle-deps>    Compiling utf8-zero v0.8.1
mantle-deps>    Compiling maybe-owned v0.3.4
mantle-deps>    Compiling ambient-authority v0.0.2
mantle-deps>    Compiling ureq v3.3.0
mantle-deps>    Compiling cap-primitives v4.0.2
mantle-deps>    Compiling toml_edit v0.22.27
mantle-deps>    Compiling supports-color v3.0.2
mantle-deps>    Compiling textwrap v0.16.2
mantle-deps>    Compiling ruzstd v0.8.2
mantle-deps>    Compiling gix v0.81.0
mantle-deps>    Compiling pkcs1 v0.7.5
mantle-deps>    Compiling nickel-lang-core v0.16.1
mantle-deps>    Compiling rand_chacha v0.9.0
mantle-deps>    Compiling crossterm v0.29.0
mantle-deps>    Compiling num-bigint-dig v0.8.6
mantle-deps>    Compiling owo-colors v4.3.0
mantle-deps>    Compiling backtrace-ext v0.2.1
mantle-deps>    Compiling lzma-rs v0.3.0
mantle-deps>    Compiling crunch-rust-cache-core v0.1.0 (/build/source/crates/crunch-rust-cache-core)
mantle-deps>    Compiling artifact-auth-ed25519 v0.1.0 (ssh://git@github.com/OnixResearch/onix-artifact.git?rev=c932138d880ddf4c2967f4c024b489b5c0022bf1#c932138d)
mantle-deps>    Compiling gethostname v0.5.0
mantle-deps>    Compiling fuzzy-matcher v0.3.7
mantle-deps>    Compiling terminal_size v0.4.4
mantle-deps>    Compiling bzip2-rs v0.1.2
mantle-deps>    Compiling unicode-width v0.1.14
mantle-deps>    Compiling supports-hyperlinks v3.2.0
mantle-deps>    Compiling dyn-clone v1.0.20
mantle-deps>    Compiling supports-unicode v3.0.0
mantle-deps>    Compiling miette v7.6.0
mantle-deps>    Compiling inquire v0.9.4
mantle-deps>    Compiling crunch-build v0.1.0 (/build/source/crates/crunch-build)
mantle-deps>    Compiling crunch-rust-cache v0.1.0 (/build/source/crates/crunch-rust-cache)
mantle-deps>    Compiling rsa v0.9.10
mantle-deps>    Compiling rand v0.9.3
mantle-deps>    Compiling linkme v0.3.37
mantle-deps>    Compiling toml v0.8.23
mantle-deps>    Compiling crunch-shell-core v0.1.0 (/build/source/crates/crunch-shell-core)
mantle-deps>    Compiling crunch-evaluation-stream-core v0.1.0 (/build/source/crates/crunch-evaluation-stream-core)
mantle-deps>    Compiling crunch-glue v0.1.0 (/build/source/crates/crunch-glue)
mantle-deps>    Compiling cap-std v4.0.2
mantle-deps>    Compiling crunch-delta-core v0.1.0 (/build/source/crates/crunch-delta-core)
mantle-deps>    Compiling crunch-project-core v0.1.0 (/build/source/crates/crunch-project-core)
mantle-deps>    Compiling crunch-wasm-component-core v0.1.0 (/build/source/crates/crunch-wasm-component-core)
mantle-deps>    Compiling secrecy v0.10.3
mantle-deps>    Compiling etcetera v0.11.0
mantle-deps>    Compiling colored v3.1.1
mantle-deps>    Compiling detect-coding-agent v0.1.0
mantle-deps>    Compiling dotenvy v0.15.7
mantle-deps>    Compiling secretspec v0.17.0
mantle-deps>    Compiling crunch-wasm-component v0.1.0 (/build/source/crates/crunch-wasm-component)
mantle-deps>    Compiling crunch-project v0.1.0 (/build/source/crates/crunch-project)
mantle-deps>    Compiling crunch-delta v0.1.0 (/build/source/crates/crunch-delta)
mantle-deps>    Compiling cap-fs-ext v4.0.2
mantle-deps>    Compiling crunch-shell v0.1.0 (/build/source/crates/crunch-shell)
mantle-deps>    Compiling crunch-rustc-wrapper v0.1.0 (/build/source/crates/crunch-rustc-wrapper)
mantle-deps>    Compiling mantlepkgs-core v0.1.0 (/build/source/crates/mantlepkgs-core)
mantle-deps>    Compiling mantle-portable-client-core v0.1.0 (/build/source/crates/mantle-portable-client-core)
mantle-deps>    Compiling crunch-eval-budget-core v0.1.0 (/build/source/crates/crunch-eval-budget-core)
mantle-deps>    Compiling crunch-bootstrap-core v0.1.0 (/build/source/crates/crunch-bootstrap-core)
mantle-deps>    Compiling crunch-release-core v0.1.0 (/build/source/crates/crunch-release-core)
mantle-deps>    Compiling chapter-tgz v0.1.0
mantle-deps>    Compiling nix-derivation v0.1.0
mantle-deps>    Compiling nickel-export-core v0.1.0 (https://github.com/OnixResearch/nickel-export?rev=257fafc1c746f1faf156207043a4c826bfb16d49#257fafc1)
mantle-deps>    Compiling durable-file-publication v0.1.0 (https://git.onix.computer/z3tAR4For7qw8ZirkJzoDw1VNDDLM.git?rev=951c27f59003cea9bfdb40ed4d89653d50fada1f#951c27f5)
mantle-deps>    Compiling nickel-lang v2.0.0
mantle-deps>    Compiling crunch-eval v0.1.0 (/build/source/crates/crunch-eval)
mantle-deps>    Compiling crunch-pipeline v0.1.0 (/build/source/crates/crunch-pipeline)
mantle-deps>    Compiling mantle v0.1.0 (/build/source)
mantle-deps>     Finished `release` profile [optimized] target(s) in 1m 58s
mantle-deps> buildPhase completed in 3 minutes 3 seconds
mantle-deps> Running phase: checkPhase
mantle-deps> +++ command cargo test --release --locked --no-run
mantle-deps> warning: /build/source/Cargo.toml: file `/build/source/src/main.rs` found to be present in multiple build targets:
mantle-deps>   * `bin` target `crunch`
mantle-deps>   * `bin` target `mantle`
mantle-deps>    Compiling predicates-core v1.0.10
mantle-deps>    Compiling float-cmp v0.10.0
mantle-deps>    Compiling difflib v0.4.0
mantle-deps>    Compiling normalize-line-endings v0.3.0
mantle-deps>    Compiling termtree v0.5.1
mantle-deps>    Compiling crunch-hardware-simulation-core v0.1.0 (/build/source/crates/crunch-hardware-simulation-core)
mantle-deps>    Compiling wait-timeout v0.2.1
mantle-deps>    Compiling predicates-tree v1.0.13
mantle-deps>    Compiling diff v0.1.13
mantle-deps>    Compiling predicates v3.1.4
mantle-deps>    Compiling yansi v1.0.1
mantle-deps>    Compiling crunch-hardware-simulation v0.1.0 (/build/source/crates/crunch-hardware-simulation)
mantle-deps>    Compiling crunch-kernelscript-core v0.1.0 (/build/source/crates/crunch-kernelscript-core)
mantle-deps>    Compiling pretty_assertions v1.4.1
mantle-deps>    Compiling assert_cmd v2.2.0
mantle-deps>    Compiling mantle v0.1.0 (/build/source)
mantle-deps>     Finished `release` profile [optimized] target(s) in 1.81s
mantle-deps>   Executable unittests src/lib.rs (target/release/deps/mantle-17f97b8c16ff1268)
mantle-deps>   Executable unittests src/main.rs (target/release/deps/crunch-259fbd05602dbc08)
mantle-deps>   Executable unittests tools/generate_operator_command_contract.rs (target/release/deps/generate_operator_command_contract-d91c055c88c06cf6)
mantle-deps>   Executable unittests tools/generate_portable_platform_profiles.rs (target/release/deps/generate_portable_platform_profiles-970a30f236ae6c77)
mantle-deps>   Executable unittests src/main.rs (target/release/deps/mantle-999650e10f8d7074)
mantle-deps> Running phase: installPhase
mantle-deps> no previous artifacts found, compressing and installing full archive of target to /nix/store/iilnlzljd0nx6gjf5q2lgknlblna7j16-mantle-deps-0.1.0/target.tar.zst
mantle-deps> /*stdin*\            : 21.43%   (  2.00 GiB =>    439 MiB, /nix/store/iilnlzljd0nx6gjf5q2lgknlblna7j16-mantle-deps-0.1.0/target.tar.zst)
mantle-deps> Running phase: fixupPhase
mantle-deps> shrinking RPATHs of ELF executables and libraries in /nix/store/iilnlzljd0nx6gjf5q2lgknlblna7j16-mantle-deps-0.1.0
mantle-deps> checking for references to /build/ in /nix/store/iilnlzljd0nx6gjf5q2lgknlblna7j16-mantle-deps-0.1.0...
mantle-deps> patching script interpreter paths in /nix/store/iilnlzljd0nx6gjf5q2lgknlblna7j16-mantle-deps-0.1.0
building '/nix/store/dsyiqbv995qjybrnc0ggpqw7gwabllr4-mantle-0.1.0.drv'...
mantle> Running phase: unpackPhase
mantle> unpacking source archive /nix/store/d77an77i2vgvnk964iq331f9mhrbh21h-source
mantle> source root is source
mantle> Running phase: patchPhase
mantle> Executing configureCargoCommonVars
mantle> decompressing cargo artifacts from /nix/store/iilnlzljd0nx6gjf5q2lgknlblna7j16-mantle-deps-0.1.0/target.tar.zst to target
mantle> Running phase: updateAutotoolsGnuConfigScriptsPhase
mantle> Running phase: configurePhase
mantle> will append /build/source/.cargo-home/config.toml with contents of /nix/store/abys2sj92cp7hc7hhsqz6nb5xs0v54m2-vendor-cargo-deps/config.toml
mantle> default configurePhase, nothing to do
mantle> Running phase: buildPhase
mantle> +++ command cargo --version
mantle> cargo 1.96.0-nightly (a357df4c2 2026-04-03)
mantle> +++ command cargo build --release --message-format json-render-diagnostics --locked
mantle> warning: /build/source/Cargo.toml: file `/build/source/src/main.rs` found to be present in multiple build targets:
mantle>   * `bin` target `crunch`
mantle>   * `bin` target `mantle`
mantle>    Compiling nix-compat v0.1.0 (/build/source/vendor/nix-compat)
mantle>    Compiling fuse-backend-rs v0.12.0 (/build/source/vendor/fuse-backend-rs)
mantle>    Compiling crunch-attestation-core v0.1.0 (/build/source/crates/crunch-attestation-core)
mantle>    Compiling nix-compat-derive v0.1.0 (/build/source/vendor/nix-compat-derive)
mantle>    Compiling snix-castore v0.1.0 (/build/source/vendor/snix-castore)
mantle>    Compiling snix-tracing v0.1.0 (/build/source/vendor/snix-tracing)
mantle>    Compiling crunch-attestation v0.1.0 (/build/source/crates/crunch-attestation)
mantle>    Compiling snix-store v0.1.0 (/build/source/vendor/snix-store)
mantle>    Compiling snix-build v0.1.0 (/build/source/vendor/snix-build)
mantle>    Compiling crunch-nar v0.1.0 (/build/source/crates/crunch-nar)
mantle>    Compiling crunch-action-result-core v0.1.0 (/build/source/crates/crunch-action-result-core)
mantle>    Compiling crunch-gc-core v0.1.0 (/build/source/crates/crunch-gc-core)
mantle>    Compiling crunch-composition-core v0.1.0 (/build/source/crates/crunch-composition-core)
mantle>    Compiling crunch-repair-core v0.1.0 (/build/source/crates/crunch-repair-core)
mantle>    Compiling crunch-overlay-core v0.1.0 (/build/source/crates/crunch-overlay-core)
mantle>    Compiling crunch-store v0.1.0 (/build/source/crates/crunch-store)
mantle>    Compiling crunch-rust-cache-core v0.1.0 (/build/source/crates/crunch-rust-cache-core)
mantle>    Compiling crunch-build v0.1.0 (/build/source/crates/crunch-build)
mantle>    Compiling crunch-rust-cache v0.1.0 (/build/source/crates/crunch-rust-cache)
mantle>    Compiling crunch-eval v0.1.0 (/build/source/crates/crunch-eval)
mantle>    Compiling crunch-glue v0.1.0 (/build/source/crates/crunch-glue)
mantle>    Compiling crunch-project-core v0.1.0 (/build/source/crates/crunch-project-core)
mantle>    Compiling crunch-wasm-component-core v0.1.0 (/build/source/crates/crunch-wasm-component-core)
mantle>    Compiling crunch-evaluation-stream-core v0.1.0 (/build/source/crates/crunch-evaluation-stream-core)
mantle>    Compiling crunch-shell-core v0.1.0 (/build/source/crates/crunch-shell-core)
mantle>    Compiling crunch-delta-core v0.1.0 (/build/source/crates/crunch-delta-core)
mantle>    Compiling crunch-delta v0.1.0 (/build/source/crates/crunch-delta)
mantle>    Compiling crunch-wasm-component v0.1.0 (/build/source/crates/crunch-wasm-component)
mantle>    Compiling crunch-shell v0.1.0 (/build/source/crates/crunch-shell)
mantle>    Compiling crunch-pipeline v0.1.0 (/build/source/crates/crunch-pipeline)
mantle>    Compiling crunch-project v0.1.0 (/build/source/crates/crunch-project)
mantle>    Compiling crunch-rustc-wrapper v0.1.0 (/build/source/crates/crunch-rustc-wrapper)
mantle>    Compiling crunch-eval-budget-core v0.1.0 (/build/source/crates/crunch-eval-budget-core)
mantle>    Compiling crunch-bootstrap-core v0.1.0 (/build/source/crates/crunch-bootstrap-core)
mantle>    Compiling crunch-release-core v0.1.0 (/build/source/crates/crunch-release-core)
mantle>    Compiling mantlepkgs-core v0.1.0 (/build/source/crates/mantlepkgs-core)
mantle>    Compiling mantle-portable-client-core v0.1.0 (/build/source/crates/mantle-portable-client-core)
mantle>    Compiling mantle v0.1.0 (/build/source)
mantle>     Finished `release` profile [optimized] target(s) in 4m 23s
mantle> searching for bins/libs to install from cargo build log at cargoBuildLogzSms.json
mantle> installing /build/source/target/release/generate-portable-platform-profiles in postBuildInstallFromCargoBuildLogOutTemptjS/bin
mantle> installing /build/source/target/release/generate-operator-command-contract in postBuildInstallFromCargoBuildLogOutTemptjS/bin
mantle> installing /build/source/target/release/mantle in postBuildInstallFromCargoBuildLogOutTemptjS/bin
mantle> installing /build/source/target/release/crunch in postBuildInstallFromCargoBuildLogOutTemptjS/bin
mantle> searching for bins/libs complete
mantle> buildPhase completed in 4 minutes 23 seconds
mantle> Running phase: checkPhase
mantle> +++ command cargo test --release --locked
mantle> warning: /build/source/Cargo.toml: file `/build/source/src/main.rs` found to be present in multiple build targets:
mantle>   * `bin` target `crunch`
mantle>   * `bin` target `mantle`
mantle>    Compiling crunch-hardware-simulation-core v0.1.0 (/build/source/crates/crunch-hardware-simulation-core)
mantle>    Compiling crunch-kernelscript-core v0.1.0 (/build/source/crates/crunch-kernelscript-core)
mantle>    Compiling crunch-hardware-simulation v0.1.0 (/build/source/crates/crunch-hardware-simulation)
mantle>    Compiling mantle v0.1.0 (/build/source)
mantle>     Finished `release` profile [optimized] target(s) in 6m 26s
mantle>      Running unittests src/lib.rs (target/release/deps/mantle-2eba08b725324295)
mantle>
mantle> running 174 tests
mantle> test bootstrap::tests::fetch_seed_metadata_logical_path_appends_provider_json ... ok
mantle> test bootstrap::tests::fetch_seed_provider_loads_explicit_legacy_compatibility_module ... ok
mantle> test bootstrap::tests::fetch_seed_provider_records_reduction_surface ... ok
mantle> test bootstrap::tests::generate_seed_empty_packages ... ok
mantle> test bootstrap::tests::fetch_seed_provider_loads_with_embedded_stdlib ... ok
mantle> test bootstrap::tests::generate_seed_sanitizes_hyphens ... ok
mantle> test bootstrap::tests::generate_seed_valid_structure ... ok
mantle> test bootstrap::tests::generate_source_root_seed_ncl_structure ... ok
mantle> test bootstrap::tests::resolve_empty_path_rejected ... ok
mantle> test bootstrap::tests::resolve_failure_reports_package ... ok
mantle> test bootstrap::tests::reduction_directory_preparation_makes_nested_read_only_tree_mutable ... ok
mantle> test bootstrap::tests::resolve_success ... ok
mantle> test bootstrap::tests::source_tree_file_candidates_empty_without_current_dir ... ok
mantle> test bootstrap::tests::source_tree_file_candidates_walk_up_from_current_dir ... ok
mantle> test bootstrap::tests::copy_path_recursively_materializes_read_only_source_directory ... ok
mantle> test build_correctness::tests::build_correctness_action_receipt_is_deterministic_and_bounded ... ok
mantle> test build_correctness::tests::build_correctness_action_spec_binds_determinism_policy_digest ... ok
mantle> test build_correctness::tests::build_correctness_action_spec_ref_changes_when_declared_input_changes ... ok
mantle> test build_correctness::tests::build_correctness_action_spec_ref_is_deterministic_for_equivalent_inputs ... ok
mantle> test build_correctness::tests::build_correctness_cas_admits_file_directory_symlink_generated_and_secret_objects ... ok
mantle> test build_correctness::tests::build_correctness_cas_rejects_digest_mismatch_shape_path_only_identity_and_path_traversal ... ok
mantle> test build_correctness::tests::build_correctness_frontend_refs_remain_opaque_boundary_data ... ok
mantle> test build_correctness::tests::build_correctness_hermetic_policy_reports_enforced_or_blocks_unsupported_modes ... ok
mantle> test build_correctness::tests::build_correctness_nickel_eval_receipt_binds_source_closure_and_blocks_undeclared_imports ... ok
mantle> test build_correctness::tests::build_correctness_nickel_import_validation_rejects_inputs_above_local_bounds ... ok
mantle> test build_correctness::tests::build_correctness_path_views_do_not_change_object_identity ... ok
mantle> test build_correctness::tests::build_correctness_prefixed_digest_preserves_compact_json_identity ... ok
mantle> test build_correctness::tests::build_correctness_reference_scan_accepts_declared_refs_and_rejects_forbidden_cases ... ok
mantle> test build_correctness::tests::build_correctness_reuse_admission_accepts_matching_receipts_and_rejects_stale_or_unsigned ... ok
mantle> test errors::tests::build_bwrap_namespace_suggests_sysctl ... ok
mantle> test errors::tests::build_fod_mismatch_suggests_update ... ok
mantle> test errors::tests::build_nonzero_exit_suggests_logs ... ok
mantle> test errors::tests::build_not_linux_suggests_doctor ... ok
mantle> test errors::tests::build_output_missing_suggests_out ... ok
mantle> test errors::tests::build_source_not_found_suggests_source_plan ... ok
mantle> test errors::tests::display_matches_human_format ... ok
mantle> test errors::tests::exit_codes ... ok
mantle> test errors::tests::human_format_build ... ok
mantle> test errors::tests::human_format_eval ... ok
mantle> test errors::tests::human_format_internal ... ok
mantle> test errors::tests::internal_nix_missing_suggests_canonical_fetch ... ok
mantle> test errors::tests::internal_store_missing_suggests_flag ... ok
mantle> test errors::tests::json_escapes_special_chars ... ok
mantle> test errors::tests::json_format_build ... ok
mantle> test errors::tests::json_format_eval ... ok
mantle> test errors::tests::json_format_internal ... ok
mantle> test errors::tests::kind_labels ... ok
mantle> test errors::tests::message_accessor ... ok
mantle> test errors::tests::no_suggestions_for_generic_build_error ... ok
mantle> test errors::tests::reported_format_is_empty ... ok
mantle> test fresh_clone_fixed_point::tests::report_admits_matching_offline_stages_and_binary_digests ... ok
mantle> test fresh_clone_fixed_point::tests::report_records_mismatched_binary_digests_without_admitting_fixed_point ... ok
mantle> test fresh_clone_fixed_point::tests::report_rejects_live_fetch_event ... ok
mantle> test fresh_clone_fixed_point::tests::report_rejects_staged_source_path_leak ... ok
mantle> test oci_projection::tests::canonical_layer_bytes_ignore_traversal_and_ambient_metadata_identity ... ok
mantle> test oci_projection::tests::deterministic_gzip_profile_round_trips_exactly ... ok
mantle> test oci_projection::tests::deterministic_projection_round_trips_as_admitted ... ok
mantle> test oci_projection::tests::external_layout_remains_compatibility_only ... ok
mantle> test oci_projection::tests::golden_reports_cover_full_minimal_and_both_import_states ... ok
mantle> test oci_projection::tests::imported_refs_are_attached_only_after_all_blobs_are_available ... ok
mantle> test oci_projection::tests::rejects_archive_path_collisions ... ok
mantle> test oci_projection::tests::rejects_descriptor_tampering_before_import ... ok
mantle> test oci_projection::tests::rejects_duplicate_descriptors_and_wrong_import_media_types ... ok
mantle> test oci_projection::tests::rejects_escaping_symlink_before_archive_construction ... ok
mantle> test oci_projection::tests::rejects_noncanonical_mantle_archive_but_allows_safe_external_archive ... ok
mantle> test oci_projection::tests::rejects_spec_projection_and_hidden_fallback_disagreement ... ok
mantle> test oci_projection::tests::rejects_stale_missing_and_reordered_source_admissions_without_leaking_build_roots ... ok
mantle> test oci_projection::tests::rejects_traversal_wrong_media_and_invalid_bounds ... ok
mantle> test oci_projection::tests::rejects_truncated_archives_and_uncompressed_archive_bombs ... ok
mantle> test oci_projection::tests::rejects_unknown_behavior_fields_during_deserialization ... ok
mantle> test oci_projection::tests::rejects_wrong_digest_roles_and_noncanonical_order ... ok
mantle> test oci_projection::tests::reviewed_onix_snapshots_preserve_the_explicit_adapter_boundary ... ok
mantle> test oci_projection::tests::source_admission_bundle_rejects_unknown_material ... ok
mantle> test oci_registry::tests::metadata_manifest_accepts_exact_shape_and_rejects_subject_role_media_or_annotation_drift ... ok
mantle> test oci_registry::tests::pull_report_requires_immutable_digest_and_admitted_import ... ok
mantle> test oci_registry::tests::push_report_binds_accounting_and_rejects_receipt_tamper ... ok
mantle> test oci_registry::tests::registry_report_golden_fixtures_match_rust_serialization ... ok
mantle> test oci_registry::tests::registry_urls_confine_uploads_to_the_configured_authority ... ok
mantle> test oci_registry::tests::same_name_key_rotation_counts_distinct_keys_without_inflating_required_signers ... ok
mantle> test oci_registry::tests::signature_manifest_rejects_subject_metadata_and_domain_drift ... ok
mantle> test oci_registry::tests::signature_plan_satisfies_two_key_policy_and_binds_both_manifest_digests ... ok
mantle> test oci_registry::tests::signature_verification_rejects_unknown_revoked_domain_and_duplicate_evidence ... ok
mantle> test oci_registry::tests::target_validation_accepts_https_and_explicit_local_http ... ok
mantle> test oci_registry::tests::target_validation_rejects_unsafe_authority_and_names ... ok
mantle> test operator_contract::tests::catalog_accepts_matching_sorted_commands ... ok
mantle> test operator_contract::tests::catalog_rejects_alias_drift ... ok
mantle> test operator_contract::tests::catalog_rejects_flag_drift ... ok
mantle> test operator_contract::tests::catalog_rejects_json_contract_drift ... ok
mantle> test operator_contract::tests::catalog_rejects_stale_inventory_command ... ok
mantle> test operator_contract::tests::catalog_rejects_undocumented_command ... ok
mantle> test operator_contract::tests::generic_failure_has_no_invented_action ... ok
mantle> test operator_contract::tests::inventory_decode_rejects_malformed_generated_data ... ok
mantle> test operator_contract::tests::inventory_decode_rejects_unknown_support_state ... ok
mantle> test operator_contract::tests::inventory_rejects_compatibility_without_removal_gate ... ok
mantle> test operator_contract::tests::inventory_rejects_conflicting_surface_roles ... ok
mantle> test operator_contract::tests::inventory_rejects_duplicate_compatibility_spelling ... ok
mantle> test operator_contract::tests::inventory_rejects_missing_supported_operation ... ok
mantle> test operator_contract::tests::inventory_rejects_oversized_surface_collection ... ok
mantle> test operator_contract::tests::inventory_rejects_unknown_exit_class ... ok
mantle> test operator_contract::tests::inventory_rejects_unowned_surface ... ok
mantle> test operator_contract::tests::remediation_classifier_covers_reviewed_failure_classes ... ok
mantle> test operator_contract::tests::remediation_human_and_json_share_the_same_action ... ok
mantle> test operator_contract::tests::remediation_redacts_secret_bearing_subjects ... ok
mantle> test operator_contract::tests::workflow_rejects_a_documented_flag_missing_from_clap ... ok
mantle> test protected_exec::tests::generated_inventory_expands_explicit_seed_tools_and_ignores_path ... ok
mantle> test bootstrap::tests::generate_fetch_seed_ncl_structure ... ok
mantle> test protected_exec::tests::generated_inventory_file_is_nickel_and_policy_valid ... ok
mantle> test protected_exec::tests::generated_inventory_missing_required_seed_path_fails_closed ... ok
mantle> test protected_exec::tests::generated_inventory_rejects_empty_or_non_executable_tool_roots ... ok
mantle> test protected_exec::tests::inventory_digest_binds_version_evidence_and_order_is_stable ... ok
mantle> test protected_exec::tests::inventory_rejects_bad_provenance_and_relative_paths ... ok
mantle> test protected_exec::tests::inventory_rejects_digest_variants_at_one_path ... ok
mantle> test protected_exec::tests::generated_inventory_ignores_fake_path_host_helper_families ... ok
mantle> test protected_exec::tests::inventory_rejects_forbidden_nix_even_with_digest ... ok
mantle> test protected_exec::tests::inventory_rejects_malformed_or_ambiguous_extraction_rules ... ok
mantle> test protected_exec::tests::inventory_rejects_malformed_source_entries_before_fetch ... ok
mantle> test protected_exec::tests::inventory_requires_bounded_version_evidence ... ok
mantle> test protected_exec::tests::inventory_requires_interoperability_reason_for_non_blake3_digest ... ok
mantle> test protected_exec::tests::inventory_requires_sandbox_entry_and_shell ... ok
mantle> test protected_exec::tests::normalized_path_id_is_deterministic ... ok
mantle> test protected_exec::tests::policy_allows_declared_seed_with_matching_digest ... ok
mantle> test protected_exec::tests::policy_allows_only_declared_source_urls ... ok
mantle> test protected_exec::tests::policy_rejects_undeclared_and_mismatched_executables ... ok
mantle> test bootstrap::tests::write_provider_metadata_records_shared_schema ... ok
mantle> test protected_exec::tests::promote_verified_output_extends_policy_and_records_audit ... ok
mantle> test protected_exec::tests::promote_verified_output_rejects_duplicate_path ... ok
mantle> test protected_exec::tests::promote_verified_output_rejects_empty_set ... ok
mantle> test protected_exec::tests::inventory_rejects_source_entry_count_above_bound ... ok
mantle> test bootstrap::tests::stage_reduced_seed_provider_materializes_kernel_headers_in_target_include ... ok
mantle> test protected_exec::tests::seed_closure_risk_report_names_inventory_entries ... ok
mantle> test protected_exec::tests::seed_closure_risk_reports_static_dynamic_and_script_shapes ... ok
mantle> test protected_exec::tests::seed_config_requires_explicit_environment_inputs ... ok
mantle> test protected_exec::tests::stagex_plan_allows_bounded_digest_variants_at_one_path ... ok
mantle> test protected_exec::tests::stagex_plan_preauthorizes_exact_future_output_digest ... ok
mantle> test protected_exec::tests::stagex_plan_rejects_duplicate_and_excessive_path_variants ... ok
mantle> test protected_exec::tests::protected_launcher_rejects_before_command_is_returned ... ok
mantle> test protected_exec::tests::stagex_plan_rejects_future_output_from_undeclared_stage ... ok
mantle> test protected_exec::tests::stagex_seed_policy_authorizes_only_the_bound_seed ... ok
mantle> test protected_exec::tests::stagex_seed_policy_rejects_relative_path_and_bad_digest ... ok
mantle> test protected_exec::tests::stagex_seed_policy_rejects_undeclared_output_promotion ... ok
mantle> test protected_exec::tests::unpromoted_executable_is_denied_after_promotion ... ok
mantle> test protected_exec_seccomp::linux::tests::diagnostic_exec_path_validation_is_bounded_and_absolute ... ok
mantle> test protected_exec::tests::protected_launcher_records_allowed_non_shell_command ... ok
mantle> test protected_exec::tests::protected_launcher_take_audit_events_drains_events ... ok
mantle> test protected_exec_seccomp::linux::tests::adopted_descendant_reaper_rejects_failed_exit ... ok
mantle> test protected_exec_seccomp::linux::tests::seccomp_listeners_require_distinct_fresh_worker_threads ... FAILED
mantle> test protected_exec_seccomp::linux::tests::diagnostic_observer_records_exact_paths_without_granting_authority ... ok
mantle> test protected_exec_seccomp::linux::tests::seccomp_supervisor_allows_declared_execveat_descendant ... ok
mantle> test protected_exec_seccomp::linux::tests::seccomp_supervisor_allows_declared_execve ... ok
mantle> test protected_exec_seccomp::linux::tests::seccomp_supervisor_denies_digest_mismatch_before_execve ... ok
mantle> test protected_exec_seccomp::linux::tests::seccomp_supervisor_denies_execveat_non_fdcwd_dirfd ... ok
mantle> test protected_exec_seccomp::linux::tests::seccomp_supervisor_denies_undeclared_host_bwrap_before_execve ... ok
mantle> test protected_exec_seccomp::linux::tests::seccomp_supervisor_denies_relative_exec_path ... ok
mantle> test protected_exec_seccomp::linux::tests::seccomp_supervisor_denies_unreadable_exec_path ... ok
mantle> test protected_exec_seccomp::linux::tests::seccomp_supervisor_unsupported_arch_fails_closed_before_filter_install ... ok
mantle> test protected_exec_seccomp::linux::tests::tracee_root_join_maps_sandbox_bin_sh_inside_root ... ok
mantle> test protected_exec_seccomp::linux::tests::tracee_root_join_rejects_ambiguous_relative_and_parent_paths ... ok
mantle> test remote_credentials::tests::invalid_entropy_and_repeated_entropy_fail_closed ... ok
mantle> test remote_credentials::tests::legacy_public_seed_prediction_does_not_match_new_token ... ok
mantle> test remote_credentials::tests::malformed_structural_state_cannot_reach_authentication_policy ... ok
mantle> test remote_credentials::tests::malformed_tokens_and_wrong_keys_fail_authentication ... ok
mantle> test remote_credentials::tests::nominal_roles_accept_valid_boundaries ... ok
mantle> test remote_credentials::tests::nominal_roles_reject_invalid_boundaries_and_overflow ... ok
mantle> test remote_credentials::tests::persisted_state_rejects_policy_limit_and_identity_violations ... ok
mantle> test remote_credentials::tests::policy_checks_follow_successful_verifier_comparison ... ok
mantle> test remote_credentials::tests::reviewed_ttl_and_use_boundaries_are_enforced ... ok
mantle> test remote_credentials::tests::secret_nominal_types_format_only_as_redacted ... ok
mantle> test remote_credentials::tests::state_serialization_contains_verifier_but_not_bearer_material ... ok
mantle> test remote_credentials::tests::valid_entropy_issues_and_verifies_ticket ... ok
mantle> test remote_credentials::tests::verifier_key_parser_rejects_malformed_and_zero_keys ... ok
mantle> test remote_credentials::tests::verifier_serialization_is_strict_and_debug_is_redacted ... ok
mantle> test protected_exec_seccomp::linux::tests::seccomp_supervisor_resolves_symlink_before_digesting ... ok
mantle> test protected_exec_seccomp::linux::tests::seccomp_supervisor_denies_orphan_exec_without_subreaper_adoption ... ok
mantle> test protected_exec_seccomp::linux::tests::seccomp_supervisor_reads_deep_descendant_exec_path ... ok
mantle>
mantle> failures:
mantle>
mantle> ---- protected_exec_seccomp::linux::tests::seccomp_listeners_require_distinct_fresh_worker_threads stdout ----
mantle>
mantle> thread 'protected_exec_seccomp::linux::tests::seccomp_listeners_require_distinct_fresh_worker_threads' (11759) panicked at src/protected_exec_seccomp.rs:1081:13:
mantle> stdout=
mantle> running 1 test
mantle> test protected_exec_seccomp::linux::tests::seccomp_listeners_require_distinct_fresh_worker_threads ... FAILED
mantle>
mantle> failures:
mantle>
mantle> failures:
mantle>     protected_exec_seccomp::linux::tests::seccomp_listeners_require_distinct_fresh_worker_threads
mantle>
mantle> test result: FAILED. 0 passed; 1 failed; 0 ignored; 0 measured; 173 filtered out; finished in 0.01s
mantle>
mantle>
mantle> stderr=
mantle> thread 'protected_exec_seccomp::linux::tests::seccomp_listeners_require_distinct_fresh_worker_threads' (11761) panicked at src/protected_exec_seccomp.rs:1369:76:
mantle> called `Result::unwrap()` on an `Err` value: Os { code: 2, kind: NotFound, message: "No such file or directory" }
mantle> note: run with `RUST_BACKTRACE=1` environment variable to display a backtrace
mantle>
mantle> note: run with `RUST_BACKTRACE=1` environment variable to display a backtrace
mantle>
mantle>
mantle> failures:
mantle>     protected_exec_seccomp::linux::tests::seccomp_listeners_require_distinct_fresh_worker_threads
mantle>
mantle> test result: FAILED. 173 passed; 1 failed; 0 ignored; 0 measured; 0 filtered out; finished in 0.41s
mantle>
mantle> error: test failed, to rerun pass `--lib`
error: Cannot build '/nix/store/dsyiqbv995qjybrnc0ggpqw7gwabllr4-mantle-0.1.0.drv'.
       Reason: builder failed with exit code 101.
       Output paths:
         /nix/store/w35ra9652bc42m9y83yhq3z3kfwnxdrf-mantle-0.1.0
       Last 25 log lines:
       > running 1 test
       > test protected_exec_seccomp::linux::tests::seccomp_listeners_require_distinct_fresh_worker_threads ... FAILED
       >
       > failures:
       >
       > failures:
       >     protected_exec_seccomp::linux::tests::seccomp_listeners_require_distinct_fresh_worker_threads
       >
       > test result: FAILED. 0 passed; 1 failed; 0 ignored; 0 measured; 173 filtered out; finished in 0.01s
       >
       >
       > stderr=
       > thread 'protected_exec_seccomp::linux::tests::seccomp_listeners_require_distinct_fresh_worker_threads' (11761) panicked at src/protected_exec_seccomp.rs:1369:76:
       > called `Result::unwrap()` on an `Err` value: Os { code: 2, kind: NotFound, message: "No such file or directory" }
       > note: run with `RUST_BACKTRACE=1` environment variable to display a backtrace
       >
       > note: run with `RUST_BACKTRACE=1` environment variable to display a backtrace
       >
       >
       > failures:
       >     protected_exec_seccomp::linux::tests::seccomp_listeners_require_distinct_fresh_worker_threads
       >
       > test result: FAILED. 173 passed; 1 failed; 0 ignored; 0 measured; 0 filtered out; finished in 0.41s
       >
       > error: test failed, to rerun pass `--lib`
       For full logs, run:
         nix log /nix/store/dsyiqbv995qjybrnc0ggpqw7gwabllr4-mantle-0.1.0.drv
nix_build_crunch_exit=1
