warning: /home/brittonr/git/OnixResearch/.worktrees/mantle-adopt-nix-derivation-at-nix-compatibility-boundary/Cargo.toml: file `/home/brittonr/git/OnixResearch/.worktrees/mantle-adopt-nix-derivation-at-nix-compatibility-boundary/src/main.rs` found to be present in multiple build targets:
  * `bin` target `crunch`
  * `bin` target `mantle`
   Compiling rustix v1.1.4
    Checking linux-raw-sys v0.12.1
   Compiling num-traits v0.2.19
   Compiling nix-compat-derive v0.1.0 (/home/brittonr/git/OnixResearch/.worktrees/mantle-adopt-nix-derivation-at-nix-compatibility-boundary/vendor/nix-compat-derive)
   Compiling fuse-backend-rs v0.12.0 (/home/brittonr/git/OnixResearch/.worktrees/mantle-adopt-nix-derivation-at-nix-compatibility-boundary/vendor/fuse-backend-rs)
   Compiling nix-compat v0.1.0 (/home/brittonr/git/OnixResearch/.worktrees/mantle-adopt-nix-derivation-at-nix-compatibility-boundary/vendor/nix-compat)
    Checking vm-memory v0.10.0
    Checking crunch-attestation-core v0.1.0 (/home/brittonr/git/OnixResearch/.worktrees/mantle-adopt-nix-derivation-at-nix-compatibility-boundary/crates/crunch-attestation-core)
   Compiling snix-castore v0.1.0 (/home/brittonr/git/OnixResearch/.worktrees/mantle-adopt-nix-derivation-at-nix-compatibility-boundary/vendor/snix-castore)
    Checking snix-tracing v0.1.0 (/home/brittonr/git/OnixResearch/.worktrees/mantle-adopt-nix-derivation-at-nix-compatibility-boundary/vendor/snix-tracing)
   Compiling zerocopy v0.8.48
   Compiling zerocopy-derive v0.8.48
   Compiling snix-store v0.1.0 (/home/brittonr/git/OnixResearch/.worktrees/mantle-adopt-nix-derivation-at-nix-compatibility-boundary/vendor/snix-store)
   Compiling snix-build v0.1.0 (/home/brittonr/git/OnixResearch/.worktrees/mantle-adopt-nix-derivation-at-nix-compatibility-boundary/vendor/snix-build)
    Checking crunch-action-result-core v0.1.0 (/home/brittonr/git/OnixResearch/.worktrees/mantle-adopt-nix-derivation-at-nix-compatibility-boundary/crates/crunch-action-result-core)
    Checking crunch-composition-core v0.1.0 (/home/brittonr/git/OnixResearch/.worktrees/mantle-adopt-nix-derivation-at-nix-compatibility-boundary/crates/crunch-composition-core)
   Compiling memchr v2.8.0
    Checking crunch-repair-core v0.1.0 (/home/brittonr/git/OnixResearch/.worktrees/mantle-adopt-nix-derivation-at-nix-compatibility-boundary/crates/crunch-repair-core)
    Checking crunch-overlay-core v0.1.0 (/home/brittonr/git/OnixResearch/.worktrees/mantle-adopt-nix-derivation-at-nix-compatibility-boundary/crates/crunch-overlay-core)
    Checking crunch-gc-core v0.1.0 (/home/brittonr/git/OnixResearch/.worktrees/mantle-adopt-nix-derivation-at-nix-compatibility-boundary/crates/crunch-gc-core)
   Compiling crypto-common v0.1.7
    Checking pretty_assertions v1.4.1
   Compiling aho-corasick v1.1.4
   Compiling digest v0.10.7
   Compiling bit-vec v0.8.0
    Checking crunch-rust-cache-core v0.1.0 (/home/brittonr/git/OnixResearch/.worktrees/mantle-adopt-nix-derivation-at-nix-compatibility-boundary/crates/crunch-rust-cache-core)
    Checking crunch-delta-core v0.1.0 (/home/brittonr/git/OnixResearch/.worktrees/mantle-adopt-nix-derivation-at-nix-compatibility-boundary/crates/crunch-delta-core)
    Checking crunch-evaluation-stream-core v0.1.0 (/home/brittonr/git/OnixResearch/.worktrees/mantle-adopt-nix-derivation-at-nix-compatibility-boundary/crates/crunch-evaluation-stream-core)
    Checking crunch-wasm-component-core v0.1.0 (/home/brittonr/git/OnixResearch/.worktrees/mantle-adopt-nix-derivation-at-nix-compatibility-boundary/crates/crunch-wasm-component-core)
    Checking crunch-shell-core v0.1.0 (/home/brittonr/git/OnixResearch/.worktrees/mantle-adopt-nix-derivation-at-nix-compatibility-boundary/crates/crunch-shell-core)
    Checking mantlepkgs-core v0.1.0 (/home/brittonr/git/OnixResearch/.worktrees/mantle-adopt-nix-derivation-at-nix-compatibility-boundary/crates/mantlepkgs-core)
    Checking crunch-release-core v0.1.0 (/home/brittonr/git/OnixResearch/.worktrees/mantle-adopt-nix-derivation-at-nix-compatibility-boundary/crates/crunch-release-core)
   Compiling sha3 v0.10.8
    Checking crunch-eval-budget-core v0.1.0 (/home/brittonr/git/OnixResearch/.worktrees/mantle-adopt-nix-derivation-at-nix-compatibility-boundary/crates/crunch-eval-budget-core)
   Compiling bit-set v0.8.0
   Compiling regex-automata v0.4.14
    Checking crunch-bootstrap-core v0.1.0 (/home/brittonr/git/OnixResearch/.worktrees/mantle-adopt-nix-derivation-at-nix-compatibility-boundary/crates/crunch-bootstrap-core)
    Checking mantle-portable-client-core v0.1.0 (/home/brittonr/git/OnixResearch/.worktrees/mantle-adopt-nix-derivation-at-nix-compatibility-boundary/crates/mantle-portable-client-core)
    Checking crunch-kernelscript-core v0.1.0 (/home/brittonr/git/OnixResearch/.worktrees/mantle-adopt-nix-derivation-at-nix-compatibility-boundary/crates/crunch-kernelscript-core)
    Checking chrono v0.4.44
    Checking num-integer v0.1.46
    Checking float-cmp v0.10.0
    Checking crunch-shell v0.1.0 (/home/brittonr/git/OnixResearch/.worktrees/mantle-adopt-nix-derivation-at-nix-compatibility-boundary/crates/crunch-shell)
    Checking predicates v3.1.4
    Checking crunch-hardware-simulation-core v0.1.0 (/home/brittonr/git/OnixResearch/.worktrees/mantle-adopt-nix-derivation-at-nix-compatibility-boundary/crates/crunch-hardware-simulation-core)
    Checking num-iter v0.1.46
    Checking assert_cmd v2.2.0
    Checking quick-error v1.2.3
    Checking rand_xorshift v0.4.0
   Compiling rstest_macros v0.26.1
    Checking concurrent-queue v2.5.0
    Checking unarray v0.1.4
   Compiling relative-path v1.9.3
   Compiling glob v0.3.3
    Checking tokio-test v0.4.5
    Checking event-listener v5.4.1
   Compiling getrandom v0.2.17
   Compiling async-io v2.6.0
   Compiling mockall_derive v0.13.1
    Checking tempfile v3.27.0
    Checking xattr v1.6.1
    Checking nix-archive v0.1.0
    Checking gix-prompt v0.14.1
    Checking gix-tempfile v21.0.2
    Checking astral-tokio-tar v0.6.3
    Checking tar v0.4.45
    Checking rustix-linux-procfs v0.1.1
    Checking gix-credentials v0.37.1
    Checking fs-set-times v0.20.3
    Checking crossterm v0.29.0
    Checking terminal_size v0.4.4
    Checking gix-lock v21.0.2
    Checking gix-pack v0.68.0
    Checking cap-primitives v4.0.2
    Checking cap-std v4.0.2
    Checking crunch-attestation v0.1.0 (/home/brittonr/git/OnixResearch/.worktrees/mantle-adopt-nix-derivation-at-nix-compatibility-boundary/crates/crunch-attestation)
    Checking gix-transport v0.55.1
    Checking gix-index v0.49.0
    Checking gix-ref v0.61.0
    Checking gix-shallow v0.10.0
    Checking object_store v0.14.0
    Checking crunch-project-core v0.1.0 (/home/brittonr/git/OnixResearch/.worktrees/mantle-adopt-nix-derivation-at-nix-compatibility-boundary/crates/crunch-project-core)
    Checking miette v7.6.0
    Checking cap-fs-ext v4.0.2
    Checking chapter-tgz v0.1.0
error: useless conversion to the same type: `u64`
   --> vendor/fuse-backend-rs/src/api/vfs/sync_io.rs:262:48
    |
262 |                 .map(|(h, opt, passthrough)| (h.map(Into::into), opt, passthrough)),
    |                                                ^^^^^^^^^^^^^^^^ help: consider removing
    |
    = help: for further information visit https://rust-lang.github.io/rust-clippy/master/index.html#useless_conversion
    = note: `-D clippy::useless-conversion` implied by `-D warnings`
    = help: to override `-D warnings` add `#[allow(clippy::useless_conversion)]`

error: useless conversion to the same type: `u64`
   --> vendor/fuse-backend-rs/src/api/vfs/sync_io.rs:417:88
    |
417 |             (Right(fs), idata) => fs.opendir(ctx, idata.ino(), flags).map(|(h, opt)| (h.map(Into::into), opt)),
    |                                                                                        ^^^^^^^^^^^^^^^^ help: consider removing
    |
    = help: for further information visit https://rust-lang.github.io/rust-clippy/master/index.html#useless_conversion

    Checking inquire v0.9.4
error: this can be `std::io::Error::other(_)`
   --> vendor/fuse-backend-rs/src/api/vfs/mod.rs:530:24
    |
530 |               return Err(Error::new(
    |  ________________________^
531 | |                 ErrorKind::Other,
532 | |                 format!("Inode number {inode} too large, max supported {VFS_MAX_INO}"),
533 | |             ));
    | |_____________^
    |
    = help: for further information visit https://rust-lang.github.io/rust-clippy/master/index.html#io_other_error
    = note: `-D clippy::io-other-error` implied by `-D warnings`
    = help: to override `-D warnings` add `#[allow(clippy::io_other_error)]`
help: use `std::io::Error::other`
    |
530 ~             return Err(Error::other(
531 ~                 format!("Inode number {inode} too large, max supported {VFS_MAX_INO}"),
    |

error: this can be `std::io::Error::other(_)`
   --> vendor/fuse-backend-rs/src/api/vfs/mod.rs:608:13
    |
608 |         Err(Error::new(ErrorKind::Other, "vfs maximum mountpoints reached"))
    |             ^^^^^^^^^^^^^^^^^^^^^^^^^^^^^^^^^^^^^^^^^^^^^^^^^^^^^^^^^^^^^^^
    |
    = help: for further information visit https://rust-lang.github.io/rust-clippy/master/index.html#io_other_error
help: use `std::io::Error::other`
    |
608 -         Err(Error::new(ErrorKind::Other, "vfs maximum mountpoints reached"))
608 +         Err(Error::other("vfs maximum mountpoints reached"))
    |

    Checking durable-file-publication v0.1.0 (https://git.onix.computer/z3tAR4For7qw8ZirkJzoDw1VNDDLM.git?rev=951c27f59003cea9bfdb40ed4d89653d50fada1f#951c27f5)
error: manual case-insensitive ASCII comparison
   --> vendor/fuse-backend-rs/src/api/filesystem/overlay.rs:143:46
    |
143 |                         if buf.len() == 1 && buf[0].to_ascii_lowercase() == b'y' {
    |                                              ^^^^^^^^^^^^^^^^^^^^^^^^^^^^^^^^^^^
    |
    = help: for further information visit https://rust-lang.github.io/rust-clippy/master/index.html#manual_ignore_case_cmp
    = note: `-D clippy::manual-ignore-case-cmp` implied by `-D warnings`
    = help: to override `-D warnings` add `#[allow(clippy::manual_ignore_case_cmp)]`
help: consider using `.eq_ignore_ascii_case()` instead
    |
143 -                         if buf.len() == 1 && buf[0].to_ascii_lowercase() == b'y' {
143 +                         if buf.len() == 1 && buf[0].eq_ignore_ascii_case(&b'y') {
    |

error: usage of a legacy numeric constant
   --> vendor/fuse-backend-rs/src/api/filesystem/mod.rs:252:35
    |
252 |             match self.read_to(f, ::std::usize::MAX, off) {
    |                                   ^^^^^^^^^^^^^^^^^
    |
    = help: for further information visit https://rust-lang.github.io/rust-clippy/master/index.html#legacy_numeric_constants
    = note: `-D clippy::legacy-numeric-constants` implied by `-D warnings`
    = help: to override `-D warnings` add `#[allow(clippy::legacy_numeric_constants)]`
help: use the associated constant instead
    |
252 -             match self.read_to(f, ::std::usize::MAX, off) {
252 +             match self.read_to(f, usize::MAX, off) {
    |

error: usage of a legacy numeric constant
   --> vendor/fuse-backend-rs/src/api/filesystem/mod.rs:323:38
    |
323 |             match self.write_from(f, ::std::usize::MAX, off) {
    |                                      ^^^^^^^^^^^^^^^^^
    |
    = help: for further information visit https://rust-lang.github.io/rust-clippy/master/index.html#legacy_numeric_constants
help: use the associated constant instead
    |
323 -             match self.write_from(f, ::std::usize::MAX, off) {
323 +             match self.write_from(f, usize::MAX, off) {
    |

error: usage of a legacy numeric constant
   --> vendor/fuse-backend-rs/src/api/server/sync_io.rs:664:37
    |
664 |                     max_background: ::std::u16::MAX,
    |                                     ^^^^^^^^^^^^^^^
    |
    = help: for further information visit https://rust-lang.github.io/rust-clippy/master/index.html#legacy_numeric_constants
help: use the associated constant instead
    |
664 -                     max_background: ::std::u16::MAX,
664 +                     max_background: u16::MAX,
    |

error: usage of a legacy numeric constant
   --> vendor/fuse-backend-rs/src/api/server/sync_io.rs:665:44
    |
665 |                     congestion_threshold: (::std::u16::MAX / 4) * 3,
    |                                            ^^^^^^^^^^^^^^^
    |
    = help: for further information visit https://rust-lang.github.io/rust-clippy/master/index.html#legacy_numeric_constants
help: use the associated constant instead
    |
665 -                     congestion_threshold: (::std::u16::MAX / 4) * 3,
665 +                     congestion_threshold: (u16::MAX / 4) * 3,
    |

    Checking rusty-fork v0.3.1
error: usage of a legacy numeric constant
    --> vendor/fuse-backend-rs/src/api/server/sync_io.rs:1160:23
     |
1160 |     if d.name.len() > ::std::u32::MAX as usize {
     |                       ^^^^^^^^^^^^^^^
     |
     = help: for further information visit https://rust-lang.github.io/rust-clippy/master/index.html#legacy_numeric_constants
help: use the associated constant instead
     |
1160 -     if d.name.len() > ::std::u32::MAX as usize {
1160 +     if d.name.len() > u32::MAX as usize {
     |

error: this can be `std::io::Error::other(_)`
  --> vendor/fuse-backend-rs/src/overlayfs/inode_store.rs:51:13
   |
51 |         Err(Error::new(ErrorKind::Other, format!("maximum inode number {} reached", VFS_MAX_INO)))
   |             ^^^^^^^^^^^^^^^^^^^^^^^^^^^^^^^^^^^^^^^^^^^^^^^^^^^^^^^^^^^^^^^^^^^^^^^^^^^^^^^^^^^^^
   |
   = help: for further information visit https://rust-lang.github.io/rust-clippy/master/index.html#io_other_error
help: use `std::io::Error::other`
   |
51 -         Err(Error::new(ErrorKind::Other, format!("maximum inode number {} reached", VFS_MAX_INO)))
51 +         Err(Error::other(format!("maximum inode number {} reached", VFS_MAX_INO)))
   |

error: called `unwrap` on `result` after checking its variant with `is_ok`
  --> vendor/fuse-backend-rs/src/overlayfs/sync_io.rs:85:43
   |
84 |         if result.is_ok() {
   |         ----------------- help: try: `if let Ok(<item>) = &result`
85 |             trace!("LOOKUP result: {:?}", result.as_ref().unwrap());
   |                                           ^^^^^^^^^^^^^^^^^^^^^^^^
   |
   = help: for further information visit https://rust-lang.github.io/rust-clippy/master/index.html#unnecessary_unwrap
   = note: `-D clippy::unnecessary-unwrap` implied by `-D warnings`
   = help: to override `-D warnings` add `#[allow(clippy::unnecessary_unwrap)]`

    Checking ciborium-io v0.2.2
error: this can be `std::io::Error::other(_)`
   --> vendor/fuse-backend-rs/src/overlayfs/sync_io.rs:327:28
    |
327 |                 return Err(Error::new(ErrorKind::Other, "no handle"));
    |                            ^^^^^^^^^^^^^^^^^^^^^^^^^^^^^^^^^^^^^^^^^
    |
    = help: for further information visit https://rust-lang.github.io/rust-clippy/master/index.html#io_other_error
help: use `std::io::Error::other`
    |
327 -                 return Err(Error::new(ErrorKind::Other, "no handle"));
327 +                 return Err(Error::other("no handle"));
    |

    Checking futures-sink v0.3.32
error: match can be simplified with `.unwrap_or_default()`
   --> vendor/fuse-backend-rs/src/overlayfs/mod.rs:259:32
    |
259 |               Ok((handle, _)) => match handle {
    |  ________________________________^
260 | |                 Some(h) => h,
261 | |                 _ => 0,
262 | |             },
    | |_____________^ help: ascribe the type u64 and replace your expression with: `handle.unwrap_or_default()`
    |
    = help: for further information visit https://rust-lang.github.io/rust-clippy/master/index.html#manual_unwrap_or_default
    = note: `-D clippy::manual-unwrap-or-default` implied by `-D warnings`
    = help: to override `-D warnings` add `#[allow(clippy::manual_unwrap_or_default)]`

error: this `if` can be collapsed into the outer `match`
   --> vendor/fuse-backend-rs/src/overlayfs/mod.rs:267:25
    |
267 | /                         if raw_error == libc::ENOSYS {
268 | |                             // We can still call readdir with inode if opendir is not supported in this layer.
269 | |                             0
270 | |                         } else {
271 | |                             return Err(e);
272 | |                         }
    | |_________________________^
    |
    = help: for further information visit https://rust-lang.github.io/rust-clippy/master/index.html#collapsible_match
    = note: `-D clippy::collapsible-match` implied by `-D warnings`
    = help: to override `-D warnings` add `#[allow(clippy::collapsible_match)]`
help: collapse nested if block
    |
266 ~                     Some(raw_error)
267 ~                         if raw_error == libc::ENOSYS => {
268 |                             // We can still call readdir with inode if opendir is not supported in this layer.
269 |                             0
270 ~                         }
    |

error: the variable `counter` is used as a loop counter
   --> vendor/fuse-backend-rs/src/overlayfs/mod.rs:596:9
    |
596 |         for ri in self.real_inodes.lock().unwrap().iter() {
    |         ^^^^^^^^^^^^^^^^^^^^^^^^^^^^^^^^^^^^^^^^^^^^^^^^^ help: consider using: `for (counter, ri) in (1..).zip(self.real_inodes.lock().unwrap().iter())`
    |
    = help: for further information visit https://rust-lang.github.io/rust-clippy/master/index.html#explicit_counter_loop
    = note: `-D clippy::explicit-counter-loop` implied by `-D warnings`
    = help: to override `-D warnings` add `#[allow(clippy::explicit_counter_loop)]`

error: this can be `std::io::Error::other(_)`
   --> vendor/fuse-backend-rs/src/overlayfs/mod.rs:673:24
    |
673 |             return Err(Error::new(ErrorKind::Other, "no parent?"));
    |                        ^^^^^^^^^^^^^^^^^^^^^^^^^^^^^^^^^^^^^^^^^^
    |
    = help: for further information visit https://rust-lang.github.io/rust-clippy/master/index.html#io_other_error
help: use `std::io::Error::other`
    |
673 -             return Err(Error::new(ErrorKind::Other, "no parent?"));
673 +             return Err(Error::other("no parent?"));
    |

error: this can be `std::io::Error::other(_)`
   --> vendor/fuse-backend-rs/src/overlayfs/mod.rs:779:25
    |
779 |               None => Err(Error::new(
    |  _________________________^
780 | |                 ErrorKind::Other,
781 | |                 format!("BUG: dangling OverlayInode {} without any backend inode", self.inode),
782 | |             )),
    | |_____________^
    |
    = help: for further information visit https://rust-lang.github.io/rust-clippy/master/index.html#io_other_error
help: use `std::io::Error::other`
    |
779 ~             None => Err(Error::other(
780 ~                 format!("BUG: dangling OverlayInode {} without any backend inode", self.inode),
    |

    Checking plotters-backend v0.3.7
error: this can be `std::io::Error::other(_)`
    --> vendor/fuse-backend-rs/src/overlayfs/mod.rs:1058:59
     |
1058 |                 let real_inode = all_inodes.first().ok_or(Error::new(ErrorKind::Other, "backend inode not found"))?;
     |                                                           ^^^^^^^^^^^^^^^^^^^^^^^^^^^^^^^^^^^^^^^^^^^^^^^^^^^^^^^
     |
     = help: for further information visit https://rust-lang.github.io/rust-clippy/master/index.html#io_other_error
help: use `std::io::Error::other`
     |
1058 -                 let real_inode = all_inodes.first().ok_or(Error::new(ErrorKind::Other, "backend inode not found"))?;
1058 +                 let real_inode = all_inodes.first().ok_or(Error::other("backend inode not found"))?;
     |

error: explicit call to `.into_iter()` in function argument accepting `IntoIterator`
    --> vendor/fuse-backend-rs/src/overlayfs/mod.rs:1121:53
     |
1121 |         for (index, (name, child)) in (0_u64..).zip(childrens.into_iter()) {
     |                                                     ^^^^^^^^^^^^^^^^^^^^^
     |
note: this parameter accepts any `IntoIterator`, so you don't need to call `.into_iter()`
    --> /nix/store/1hz41jg6cc3py3szsn6cxw3m5p42r4fj-rust-default-1.96.0-nightly-2026-04-08/lib/rustlib/src/rust/library/core/src/iter/traits/iterator.rs:634:12
     |
 634 |         U: IntoIterator,
     |            ^^^^^^^^^^^^
     = help: for further information visit https://rust-lang.github.io/rust-clippy/master/index.html#useless_conversion
help: consider removing the `.into_iter()`
     |
1121 -         for (index, (name, child)) in (0_u64..).zip(childrens.into_iter()) {
1121 +         for (index, (name, child)) in (0_u64..).zip(childrens) {
     |

    Checking futures-channel v0.3.32
error: this can be `std::io::Error::other(_)`
    --> vendor/fuse-backend-rs/src/overlayfs/mod.rs:1614:24
     |
1614 |             return Err(Error::new(ErrorKind::Other, "no parent?"));
     |                        ^^^^^^^^^^^^^^^^^^^^^^^^^^^^^^^^^^^^^^^^^^
     |
     = help: for further information visit https://rust-lang.github.io/rust-clippy/master/index.html#io_other_error
help: use `std::io::Error::other`
     |
1614 -             return Err(Error::new(ErrorKind::Other, "no parent?"));
1614 +             return Err(Error::other("no parent?"));
     |

error: this can be `std::io::Error::other(_)`
    --> vendor/fuse-backend-rs/src/overlayfs/mod.rs:1654:24
     |
1654 |             return Err(Error::new(ErrorKind::Other, "no parent?"));
     |                        ^^^^^^^^^^^^^^^^^^^^^^^^^^^^^^^^^^^^^^^^^^
     |
     = help: for further information visit https://rust-lang.github.io/rust-clippy/master/index.html#io_other_error
help: use `std::io::Error::other`
     |
1654 -             return Err(Error::new(ErrorKind::Other, "no parent?"));
1654 +             return Err(Error::other("no parent?"));
     |

error: iterating on a map's values
    --> vendor/fuse-backend-rs/src/overlayfs/mod.rs:1893:20
     |
1893 |         let iter = node.childrens.lock().unwrap().iter().map(|(_, v)| v.clone()).collect::<Vec<_>>();
     |                    ^^^^^^^^^^^^^^^^^^^^^^^^^^^^^^^^^^^^^^^^^^^^^^^^^^^^^^^^^^^^^ help: try: `node.childrens.lock().unwrap().values().map(|v| v.clone())`
     |
     = help: for further information visit https://rust-lang.github.io/rust-clippy/master/index.html#iter_kv_map
     = note: `-D clippy::iter-kv-map` implied by `-D warnings`
     = help: to override `-D warnings` add `#[allow(clippy::iter_kv_map)]`

error: doc list item without indentation
   --> vendor/fuse-backend-rs/src/passthrough/config.rs:165:9
    |
165 |     /// to N Bytes.
    |         ^
    |
    = help: if this is supposed to be its own paragraph, add a blank line
    = help: for further information visit https://rust-lang.github.io/rust-clippy/master/index.html#doc_lazy_continuation
    = note: `-D clippy::doc-lazy-continuation` implied by `-D warnings`
    = help: to override `-D warnings` add `#[allow(clippy::doc_lazy_continuation)]`
help: indent this line
    |
165 |     ///   to N Bytes.
    |         ++

    Checking plotters-svg v0.3.7
    Checking polling v3.11.0
   Compiling rand_core v0.6.4
error: called `unwrap` on `handle` after checking its variant with `is_some`
   --> vendor/fuse-backend-rs/src/passthrough/sync_io.rs:236:42
    |
234 |         if !self.no_open.load(Ordering::Relaxed) && handle.is_some() {
    |                                                     ---------------- the check is happening here
235 |             // Safe as we just checked handle
236 |             let hd = self.handle_map.get(handle.unwrap(), inode)?;
    |                                          ^^^^^^^^^^^^^^^
    |
    = help: try using `match`
    = help: for further information visit https://rust-lang.github.io/rust-clippy/master/index.html#unnecessary_unwrap

error: unneeded late initialization
   --> vendor/fuse-backend-rs/src/passthrough/sync_io.rs:226:9
    |
226 |         let st;
    |         ^^^^^^^
    |
    = help: for further information visit https://rust-lang.github.io/rust-clippy/master/index.html#needless_late_init
    = note: `-D clippy::needless-late-init` implied by `-D warnings`
    = help: to override `-D warnings` add `#[allow(clippy::needless_late_init)]`
help: move the declaration `st` here and remove the assignments from the branches
    |
226 ~
227 |         let data = self.inode_map.get(inode).map_err(|e| {
...
233 |         // this case correctly.
234 ~         let st = if !self.no_open.load(Ordering::Relaxed) && handle.is_some() {
235 |             // Safe as we just checked handle
236 |             let hd = self.handle_map.get(handle.unwrap(), inode)?;
237 ~             stat_fd(hd.get_file(), None)
238 |         } else {
239 ~             data.handle.stat()
240 ~         };
    |

error: using `map` over `inspect`
   --> vendor/fuse-backend-rs/src/passthrough/sync_io.rs:466:41
    |
466 |             add_entry(dir_entry, entry).map(|r| {
    |                                         ^^^
    |
    = help: for further information visit https://rust-lang.github.io/rust-clippy/master/index.html#manual_inspect
    = note: `-D clippy::manual-inspect` implied by `-D warnings`
    = help: to override `-D warnings` add `#[allow(clippy::manual_inspect)]`
help: try
    |
466 ~             add_entry(dir_entry, entry).inspect(|&r| {
467 |                 // true when size is not large enough to hold entry.
...
471 |                     self.forget_one(&mut inodes, ino, 1);
472 ~                 }
    |

    Checking event-listener-strategy v0.5.4
    Checking itertools v0.10.5
error: this can be `std::io::Error::other(_)`
  --> vendor/fuse-backend-rs/src/passthrough/util.rs:61:36
   |
61 |                           return Err(io::Error::new(
   |  ____________________________________^
62 | |                             io::ErrorKind::Other,
63 | |                             "the number of combinations of dev and mntid exceeds 255",
64 | |                         ));
   | |_________________________^
   |
   = help: for further information visit https://rust-lang.github.io/rust-clippy/master/index.html#io_other_error
help: use `std::io::Error::other`
   |
61 ~                         return Err(io::Error::other(
62 ~                             "the number of combinations of dev and mntid exceeds 255",
   |

error: this can be `std::io::Error::other(_)`
  --> vendor/fuse-backend-rs/src/passthrough/util.rs:77:28
   |
77 |                 return Err(io::Error::new(io::ErrorKind::Other, format!("the virtual inode excess {}", MAX_HOST_INO)));
   |                            ^^^^^^^^^^^^^^^^^^^^^^^^^^^^^^^^^^^^^^^^^^^^^^^^^^^^^^^^^^^^^^^^^^^^^^^^^^^^^^^^^^^^^^^^^^
   |
   = help: for further information visit https://rust-lang.github.io/rust-clippy/master/index.html#io_other_error
help: use `std::io::Error::other`
   |
77 -                 return Err(io::Error::new(io::ErrorKind::Other, format!("the virtual inode excess {}", MAX_HOST_INO)));
77 +                 return Err(io::Error::other(format!("the virtual inode excess {}", MAX_HOST_INO)));
   |

error: this can be `std::io::Error::other(_)`
   --> vendor/fuse-backend-rs/src/passthrough/mod.rs:677:36
    |
677 |                           return Err(io::Error::new(
    |  ____________________________________^
678 | |                             io::ErrorKind::Other,
679 | |                             format!("max inode number reached: {VFS_MAX_INO}"),
680 | |                         ));
    | |_________________________^
    |
    = help: for further information visit https://rust-lang.github.io/rust-clippy/master/index.html#io_other_error
help: use `std::io::Error::other`
    |
677 ~                         return Err(io::Error::other(
678 ~                             format!("max inode number reached: {VFS_MAX_INO}"),
    |

    Checking gix-worktree v0.50.0
error: length comparison to zero
   --> vendor/fuse-backend-rs/src/transport/fusedev/mod.rs:256:34
    |
256 |         assert!(self.buffered || self.buf.len() == 0);
    |                                  ^^^^^^^^^^^^^^^^^^^ help: using `is_empty` is clearer and more explicit: `self.buf.is_empty()`
    |
    = help: for further information visit https://rust-lang.github.io/rust-clippy/master/index.html#len_zero
    = note: `-D clippy::len-zero` implied by `-D warnings`
    = help: to override `-D warnings` add `#[allow(clippy::len_zero)]`

error: this can be `std::io::Error::other(_)`
   --> vendor/fuse-backend-rs/src/transport/fusedev/mod.rs:270:13
    |
270 |             io::Error::new(io::ErrorKind::Other, format!("{e}"))
    |             ^^^^^^^^^^^^^^^^^^^^^^^^^^^^^^^^^^^^^^^^^^^^^^^^^^^^
    |
    = help: for further information visit https://rust-lang.github.io/rust-clippy/master/index.html#io_other_error
help: use `std::io::Error::other`
    |
270 -             io::Error::new(io::ErrorKind::Other, format!("{e}"))
270 +             io::Error::other(format!("{e}"))
    |

error: using `map` over `inspect`
   --> vendor/fuse-backend-rs/src/transport/fusedev/mod.rs:283:43
    |
283 |             Self::do_write(self.fd, data).map(|x| {
    |                                           ^^^
    |
    = help: for further information visit https://rust-lang.github.io/rust-clippy/master/index.html#manual_inspect
help: try
    |
283 ~             Self::do_write(self.fd, data).inspect(|&x| {
284 ~                 self.account_written(x);
    |

error: using `map` over `inspect`
   --> vendor/fuse-backend-rs/src/transport/fusedev/mod.rs:305:18
    |
305 |                 .map(|x| {
    |                  ^^^
    |
    = help: for further information visit https://rust-lang.github.io/rust-clippy/master/index.html#manual_inspect
help: try
    |
305 ~                 .inspect(|&x| {
306 ~                     self.account_written(x);
    |

error: this can be `std::io::Error::other(_)`
   --> vendor/fuse-backend-rs/src/transport/fusedev/mod.rs:311:21
    |
311 |                     io::Error::new(io::ErrorKind::Other, format!("{e}"))
    |                     ^^^^^^^^^^^^^^^^^^^^^^^^^^^^^^^^^^^^^^^^^^^^^^^^^^^^
    |
    = help: for further information visit https://rust-lang.github.io/rust-clippy/master/index.html#io_other_error
help: use `std::io::Error::other`
    |
311 -                     io::Error::new(io::ErrorKind::Other, format!("{e}"))
311 +                     io::Error::other(format!("{e}"))
    |

    Checking crunch-hardware-simulation v0.1.0 (/home/brittonr/git/OnixResearch/.worktrees/mantle-adopt-nix-derivation-at-nix-compatibility-boundary/crates/crunch-hardware-simulation)
error: this can be `std::io::Error::other(_)`
   --> vendor/fuse-backend-rs/src/transport/fusedev/mod.rs:319:13
    |
319 |         Err(io::Error::new(io::ErrorKind::Other, "Writer does not support flush buffer."))
    |             ^^^^^^^^^^^^^^^^^^^^^^^^^^^^^^^^^^^^^^^^^^^^^^^^^^^^^^^^^^^^^^^^^^^^^^^^^^^^^
    |
    = help: for further information visit https://rust-lang.github.io/rust-clippy/master/index.html#io_other_error
help: use `std::io::Error::other`
    |
319 -         Err(io::Error::new(io::ErrorKind::Other, "Writer does not support flush buffer."))
319 +         Err(io::Error::other("Writer does not support flush buffer."))
    |

    Checking unicode-ident v1.0.24
    Checking hex-literal v0.4.1
    Checking cast v0.3.0
    Checking gix-odb v0.78.0
    Checking slab v0.4.12
    Checking futures-io v0.3.32
    Checking proc-macro2 v1.0.106
    Checking gix-discover v0.49.0
    Checking gix-config v0.54.0
    Checking gix-protocol v0.59.0
    Checking futures-util v0.3.32
error: could not compile `fuse-backend-rs` (lib) due to 36 previous errors
warning: build failed, waiting for other jobs to finish...
error: this comparison involving the minimum or maximum element for this type contains a case that is always true or always false
   --> crates/mantlepkgs-core/src/versions.rs:995:19
    |
995 |     debug_assert!(diagnostics.len() <= usize::MAX);
    |                   ^^^^^^^^^^^^^^^^^^^^^^^^^^^^^^^
    |
    = help: because `usize::MAX` is the maximum value for this type, this comparison is always true
    = help: for further information visit https://rust-lang.github.io/rust-clippy/master/index.html#absurd_extreme_comparisons
    = note: `#[deny(clippy::absurd_extreme_comparisons)]` on by default

error: this comparison involving the minimum or maximum element for this type contains a case that is always true or always false
    --> crates/mantlepkgs-core/src/versions.rs:1970:19
     |
1970 |     debug_assert!(diagnostics.len() <= usize::MAX);
     |                   ^^^^^^^^^^^^^^^^^^^^^^^^^^^^^^^
     |
     = help: because `usize::MAX` is the maximum value for this type, this comparison is always true
     = help: for further information visit https://rust-lang.github.io/rust-clippy/master/index.html#absurd_extreme_comparisons

error: could not compile `mantlepkgs-core` (lib) due to 2 previous errors
cargo_clippy_workspace_exit=101
