
$ cargo test -p mantle --bin crunch bootstrap_parity::tests::binutils_tcc_real_derivation_reports_independently_receipted_completion -- --exact
warning: /home/brittonr/git/OnixResearch/mantle/Cargo.toml: file `/home/brittonr/git/OnixResearch/mantle/src/main.rs` found to be present in multiple build targets:
  * `bin` target `crunch`
  * `bin` target `mantle`
   Compiling proc-macro2 v1.0.106
   Compiling quote v1.0.45
   Compiling unicode-ident v1.0.24
   Compiling cfg-if v1.0.4
   Compiling serde_core v1.0.228
   Compiling libc v0.2.186
   Compiling serde v1.0.228
   Compiling memchr v2.8.0
   Compiling version_check v0.9.5
   Compiling smallvec v1.15.1
   Compiling typenum v1.20.1
   Compiling regex-syntax v0.8.10
   Compiling subtle v2.6.1
   Compiling parking_lot_core v0.9.12
   Compiling scopeguard v1.2.0
   Compiling itoa v1.0.18
   Compiling const-oid v0.9.6
   Compiling shlex v1.3.0
   Compiling find-msvc-tools v0.1.9
   Compiling equivalent v1.0.2
   Compiling crossbeam-utils v0.8.21
   Compiling generic-array v0.14.7
   Compiling lock_api v0.4.14
   Compiling once_cell v1.21.4
   Compiling bitflags v2.11.0
   Compiling allocator-api2 v0.2.21
   Compiling thiserror v2.0.18
   Compiling stable_deref_trait v1.2.1
   Compiling foldhash v0.2.0
   Compiling fastrand v2.4.1
   Compiling same-file v1.0.6
   Compiling aho-corasick v1.1.4
   Compiling crc32fast v1.5.0
   Compiling rustix v1.1.4
   Compiling cpufeatures v0.2.17
   Compiling linux-raw-sys v0.12.1
   Compiling log v0.4.29
   Compiling hashbrown v0.16.1
   Compiling walkdir v2.5.0
   Compiling tinyvec_macros v0.1.1
   Compiling zmij v1.0.21
   Compiling tinyvec v1.11.0
   Compiling arrayvec v0.7.6
   Compiling gix-trace v0.1.18
   Compiling pin-project-lite v0.2.17
   Compiling serde_json v1.0.149
   Compiling regex-automata v0.4.14
   Compiling unicode-normalization v0.1.25
   Compiling zeroize v1.8.2
   Compiling fnv v1.0.7
   Compiling futures-core v0.3.32
   Compiling crossbeam-epoch v0.9.20
   Compiling human_format v1.2.1
   Compiling rayon-core v1.13.0
   Compiling bytesize v2.3.1
   Compiling zlib-rs v0.6.3
   Compiling winnow v0.7.15
   Compiling arrayref v0.3.9
   Compiling constant_time_eq v0.3.1
   Compiling block-buffer v0.10.4
   Compiling crypto-common v0.1.7
   Compiling byteorder v1.5.0
   Compiling rand_core v0.10.0
   Compiling digest v0.10.7
   Compiling heapless v0.8.0
   Compiling getrandom v0.4.2
   Compiling hash32 v0.3.1
   Compiling futures-io v0.3.32
   Compiling crossbeam-channel v0.5.15
   Compiling sha1 v0.10.6
   Compiling futures-sink v0.3.32
   Compiling futures-task v0.3.32
   Compiling strsim v0.11.1
   Compiling slab v0.4.12
   Compiling rustversion v1.0.22
   Compiling jiff v0.2.23
   Compiling libm v0.2.16
   Compiling sha1-checked v0.10.0
   Compiling futures-channel v0.3.32
   Compiling foldhash v0.1.5
   Compiling tracing-core v0.1.36
   Compiling dunce v1.0.5
   Compiling fs_extra v1.3.0
   Compiling percent-encoding v2.3.2
   Compiling hashbrown v0.15.5
   Compiling syn v2.0.117
   Compiling either v1.15.0
   Compiling autocfg v1.5.0
   Compiling crossbeam-deque v0.8.6
   Compiling semver v1.0.28
   Compiling aws-lc-rs v1.16.2
   Compiling rustls-pki-types v1.14.0
   Compiling unicode-xid v0.2.6
   Compiling jobserver v0.1.34
   Compiling writeable v0.6.3
   Compiling litemap v0.8.2
   Compiling unicode-width v0.2.2
   Compiling rustc_version v0.4.1
   Compiling encoding_rs v0.8.35
   Compiling base64 v0.22.1
   Compiling cc v1.2.59
   Compiling untrusted v0.9.0
   Compiling errno v0.3.14
   Compiling mio v1.2.0
   Compiling getrandom v0.2.17
   Compiling socket2 v0.6.3
   Compiling memmap2 v0.9.10
   Compiling ident_case v1.0.1
   Compiling signal-hook-registry v1.4.8
   Compiling parking_lot v0.12.5
   Compiling pkg-config v0.3.32
   Compiling blake3 v1.8.2
   Compiling cmake v0.1.58
   Compiling ring v0.17.14
   Compiling indexmap v2.13.1
   Compiling httparse v1.10.1
   Compiling icu_properties_data v2.2.0
   Compiling utf8_iter v1.0.4
   Compiling aws-lc-sys v0.39.1
   Compiling prodash v31.0.0
   Compiling icu_normalizer_data v2.2.0
   Compiling rustls v0.23.37
   Compiling ipnet v2.12.0
   Compiling faster-hex v0.10.0
   Compiling signal-hook v0.4.4
   Compiling num-traits v0.2.19
   Compiling atomic-waker v1.1.2
   Compiling static_assertions v1.1.0
   Compiling nonempty v0.12.0
   Compiling try-lock v0.2.5
   Compiling hashbrown v0.14.5
   Compiling tower-service v0.3.3
   Compiling ryu v1.0.23
   Compiling want v0.3.1
   Compiling rand_core v0.6.4
   Compiling form_urlencoded v1.2.2
   Compiling unicode-segmentation v1.13.2
   Compiling cfg_aliases v0.2.1
   Compiling sync_wrapper v1.0.2
   Compiling tower-layer v0.3.3
   Compiling tempfile v3.27.0
   Compiling dashmap v6.1.0
   Compiling openssl-probe v0.2.1
   Compiling sha2 v0.10.9
   Compiling colorchoice v1.0.5
   Compiling iri-string v0.7.12
   Compiling spin v0.9.9
   Compiling data-encoding v2.10.0
   Compiling simd-adler32 v0.3.9
   Compiling rustls-native-certs v0.8.3
   Compiling mime v0.3.17
   Compiling synstructure v0.13.2
   Compiling serde_derive v1.0.228
   Compiling thiserror-impl v2.0.18
   Compiling tokio-macros v2.7.0
   Compiling futures-macro v0.3.32
   Compiling zerovec-derive v0.11.3
   Compiling displaydoc v0.2.5
   Compiling tracing-attributes v0.1.31
   Compiling lazy_static v1.5.0
   Compiling adler2 v2.0.1
   Compiling unicode-bom v2.0.3
   Compiling anstyle v1.0.14
   Compiling zerofrom-derive v0.1.7
   Compiling yoke-derive v0.8.2
   Compiling miniz_oxide v0.8.9
   Compiling darling_core v0.23.0
   Compiling convert_case v0.10.0
   Compiling signature v2.2.0
   Compiling filetime v0.2.27
   Compiling heck v0.5.0
   Compiling tracing v0.1.44
   Compiling utf8parse v0.2.2
   Compiling derive_more-impl v2.1.1
   Compiling kstring v2.0.2
   Compiling zstd-sys v2.0.16+zstd.1.5.7
   Compiling futures-util v0.3.32
   Compiling zerofrom v0.1.7
   Compiling curve25519-dalek v4.1.3
   Compiling anstyle-parse v1.0.0
   Compiling regex v1.12.3
   Compiling thread_local v1.1.9
   Compiling yoke v0.8.2
   Compiling anstyle-query v1.1.5
   Compiling shell-words v1.1.1
   Compiling winnow v1.0.1
   Compiling is_terminal_polyfill v1.70.2
   Compiling portable-atomic v1.13.1
   Compiling curve25519-dalek-derive v0.1.1
   Compiling libmimalloc-sys v0.1.44
   Compiling clap_lex v1.1.0
   Compiling zerovec v0.11.6
   Compiling zerotrie v0.2.4
   Compiling toml_datetime v1.1.1+spec-1.1.0
   Compiling anstream v1.0.0
   Compiling derive_more v2.1.1
   Compiling anyhow v1.0.102
   Compiling clap_derive v4.6.0
   Compiling ed25519 v2.2.3
   Compiling async-trait v0.1.89
   Compiling clap_builder v4.6.0
   Compiling darling_macro v0.23.0
   Compiling darling_core v0.20.11
   Compiling lzma-sys v0.1.20
   Compiling bzip2-sys v0.1.13+1.0.8
   Compiling tinystr v0.8.3
   Compiling potential_utf v0.1.5
   Compiling darling v0.23.0
   Compiling icu_locale_core v2.2.0
   Compiling toml_parser v1.1.2+spec-1.1.0
   Compiling icu_collections v2.2.0
   Compiling serde_with_macros v3.18.0
   Compiling memoffset v0.6.5
   Compiling vte v0.15.0
   Compiling typeid v1.0.3
   Compiling rustix v0.38.44
   Compiling futures-executor v0.3.32
   Compiling toml_edit v0.25.10+spec-1.1.0
   Compiling zstd-safe v7.2.4
   Compiling icu_provider v2.2.0
   Compiling vt100 v0.16.2
   Compiling futures v0.3.32
   Compiling clap v4.6.0
   Compiling darling_macro v0.20.11
   Compiling icu_properties v2.2.0
   Compiling icu_normalizer v2.2.0
   Compiling proc-macro-crate v3.5.0
   Compiling arc-swap v1.9.1
   Compiling sharded-slab v0.1.7
   Compiling pin-project-internal v1.1.11
   Compiling xattr v1.6.1
   Compiling ed25519-dalek v2.2.0
   Compiling n0-future v0.3.2
   Compiling idna_adapter v1.2.1
   Compiling nix v0.31.3
   Compiling console v0.16.3
   Compiling matchers v0.2.0
   Compiling tracing-log v0.2.0
   Compiling diatomic-waker v0.2.3
   Compiling idna v1.1.0
   Compiling erased-serde v0.4.10
   Compiling parking v2.2.1
   Compiling cpufeatures v0.3.0
   Compiling nu-ansi-term v0.50.3
   Compiling linux-raw-sys v0.4.15
   Compiling spin v0.10.0
   Compiling cordyceps v0.3.4
   Compiling siphasher v1.0.2
   Compiling thiserror v1.0.69
   Compiling unit-prefix v0.5.2
   Compiling zerocopy v0.8.48
   Compiling bitflags v1.3.2
   Compiling tracing-subscriber v0.3.23
   Compiling chacha20 v0.10.0
   Compiling phf_shared v0.11.3
   Compiling futures-lite v2.6.1
   Compiling futures-buffered v0.2.13
   Compiling pin-project v1.1.11
   Compiling indicatif v0.18.4
   Compiling darling v0.20.11
   Compiling num_enum_derive v0.7.6
   Compiling flate2 v1.1.9
   Compiling thiserror-impl v1.0.69
   Compiling async-stream-impl v0.3.6
   Compiling spez v0.1.2
   Compiling n0-error-macros v0.1.3
   Compiling gix-sec v0.13.2
   Compiling md-5 v0.10.6
   Compiling nibble_vec v0.1.0
   Compiling fixedbitset v0.5.7
   Compiling new_debug_unreachable v1.0.6
   Compiling bytemuck v1.25.0
   Compiling keccak v0.1.6
   Compiling nix-compat v0.1.0 (/home/brittonr/git/OnixResearch/mantle/vendor/nix-compat)
   Compiling serde_with v3.18.0
   Compiling endian-type v0.1.2
   Compiling bit-vec v0.8.0
   Compiling precomputed-hash v0.1.1
   Compiling redb v3.1.3
   Compiling matchit v0.8.4
   Compiling fuse-backend-rs v0.12.0 (/home/brittonr/git/OnixResearch/mantle/vendor/fuse-backend-rs)
   Compiling iana-time-zone v0.1.65
   Compiling term v1.2.1
   Compiling radix_trie v0.2.1
   Compiling string_cache v0.8.9
   Compiling bit-set v0.8.0
   Compiling n0-error v0.1.3
   Compiling ascii-canvas v4.0.0
   Compiling safe_arch v0.7.4
   Compiling ena v0.14.4
   Compiling sha3 v0.10.8
   Compiling petgraph v0.7.1
   Compiling num_enum v0.7.6
   Compiling async-stream v0.3.6
   Compiling mimalloc v0.1.48
   Compiling tracing-indicatif v0.3.14
   Compiling derive_builder_core v0.20.2
   Compiling nix v0.24.3
   Compiling rand v0.10.1
   Compiling vmm-sys-util v0.11.2
   Compiling lalrpop-util v0.22.2
   Compiling clap-verbosity-flag v3.0.4
   Compiling cobs v0.3.0
   Compiling nix-compat-derive v0.1.0 (/home/brittonr/git/OnixResearch/mantle/vendor/nix-compat-derive)
   Compiling irpc-derive v0.10.0
   Compiling num_cpus v1.17.0
   Compiling caps v0.5.6
   Compiling mio v0.8.11
   Compiling vm-memory v0.10.0
   Compiling itertools v0.15.0
   Compiling itertools v0.14.0
   Compiling proc-macro-error-attr2 v2.0.0
   Compiling nom v8.0.0
   Compiling pico-args v0.5.0
   Compiling rustc-hash v2.1.2
   Compiling snix-castore v0.1.0 (/home/brittonr/git/OnixResearch/mantle/vendor/snix-castore)
   Compiling fixedbitset v0.4.2
   Compiling malachite-nz v0.6.1
   Compiling humantime v2.3.0
   Compiling proc-macro-error2 v2.0.1
   Compiling bzip2 v0.5.2
   Compiling lalrpop v0.22.2
   Compiling malachite-base v0.6.1
   Compiling threadpool v1.8.1
   Compiling derive_builder_macro v0.20.2
   Compiling wide v0.7.33
   Compiling bytes v1.11.1
   Compiling bstr v1.12.1
   Compiling url v2.5.8
   Compiling quick-xml v0.40.1
   Compiling serde_urlencoded v0.7.1
   Compiling chrono v0.4.44
   Compiling ppv-lite86 v0.2.21
   Compiling petgraph v0.6.5
   Compiling serde_tagged v0.3.0
   Compiling postcard v1.1.3
   Compiling serde_qs v0.12.0
   Compiling serde_bytes v0.11.19
   Compiling auto_impl v1.3.0
   Compiling nix v0.29.0
   Compiling logos-codegen v0.15.1
   Compiling proc-macro2-diagnostics v0.10.1
   Compiling wu-manber v0.1.0 (https://github.com/tvlfyi/wu-manber.git#0d5b22be)
   Compiling yansi v1.0.1
   Compiling derive_builder v0.20.2
   Compiling artifact-auth-core v0.1.0 (ssh://git@github.com/OnixResearch/onix-artifact.git?rev=c932138d880ddf4c2967f4c024b489b5c0022bf1#c932138d)
   Compiling tokio v1.51.0
   Compiling http v1.4.0
   Compiling getset v0.1.6
   Compiling crunch-attestation-core v0.1.0 (/home/brittonr/git/OnixResearch/mantle/crates/crunch-attestation-core)
   Compiling uuid v1.23.0
   Compiling toml_datetime v0.7.5+spec-1.1.0
   Compiling gix-validate v0.11.0
   Compiling gix-utils v0.3.1
   Compiling gix-error v0.2.1
   Compiling gix-packetline v0.21.2
   Compiling strum_macros v0.26.4
   Compiling gix-path v0.11.2
   Compiling gix-date v0.15.1
   Compiling gix-chunk v0.7.0
   Compiling gix-quote v0.7.0
   Compiling gix-bitmap v0.3.0
   Compiling typed-builder-macro v0.22.0
   Compiling strum v0.26.3
   Compiling toml_writer v1.1.1+spec-1.1.0
   Compiling snix-build v0.1.0 (/home/brittonr/git/OnixResearch/mantle/vendor/snix-build)
   Compiling beef v0.5.2
   Compiling snix-store v0.1.0 (/home/brittonr/git/OnixResearch/mantle/vendor/snix-store)
   Compiling typed-builder v0.22.0
   Compiling gix-features v0.46.2
   Compiling gix-config-value v0.17.1
   Compiling gix-command v0.8.0
   Compiling gix-url v0.35.2
   Compiling tar v0.4.45
   Compiling nix-archive v0.1.0
   Compiling itertools v0.12.1
   Compiling gix-actor v0.40.0
   Compiling http-body v1.0.1
   Compiling lru v0.16.4
   Compiling bitmaps v3.2.1
   Compiling base64ct v1.8.3
   Compiling count-write v0.1.0
   Compiling heck v0.4.1
   Compiling termcolor v1.4.1
   Compiling pem-rfc7468 v0.7.0
   Compiling ouroboros_macro v0.18.5
   Compiling http-body-util v0.1.3
   Compiling imbl-sized-chunks v0.1.3
   Compiling logos-derive v0.15.1
   Compiling crunch-action-result-core v0.1.0 (/home/brittonr/git/OnixResearch/mantle/crates/crunch-action-result-core)
   Compiling codespan-reporting v0.13.1
   Compiling gix-prompt v0.14.1
   Compiling nickel-lang-parser v0.1.1
   Compiling rand_chacha v0.3.1
   Compiling crunch-composition-core v0.1.0 (/home/brittonr/git/OnixResearch/mantle/crates/crunch-composition-core)
   Compiling serde_spanned v1.1.1
   Compiling gix-hash v0.23.0
   Compiling gix-fs v0.19.2
   Compiling gix-glob v0.24.0
   Compiling crunch-gc-core v0.1.0 (/home/brittonr/git/OnixResearch/mantle/crates/crunch-gc-core)
   Compiling crunch-overlay-core v0.1.0 (/home/brittonr/git/OnixResearch/mantle/crates/crunch-overlay-core)
   Compiling crunch-repair-core v0.1.0 (/home/brittonr/git/OnixResearch/mantle/crates/crunch-repair-core)
   Compiling imara-diff v0.2.0
   Compiling hashlink v0.10.0
   Compiling imara-diff v0.1.8
   Compiling fs2 v0.4.3
   Compiling gix-hashtable v0.13.0
   Compiling gix-tempfile v21.0.2
   Compiling gix-commitgraph v0.35.0
   Compiling arraydeque v0.5.1
   Compiling gix-attributes v0.31.0
   Compiling gix-ignore v0.19.1
   Compiling gix-object v0.58.0
   Compiling arrayvec v0.5.2
   Compiling crunch-attestation v0.1.0 (/home/brittonr/git/OnixResearch/mantle/crates/crunch-attestation)
   Compiling paste v1.0.15
   Compiling io-lifetimes v3.0.1
   Compiling io-lifetimes v2.0.4
   Compiling oci-spec v0.7.1
   Compiling object v0.37.3
   Compiling gix-lock v21.0.2
   Compiling getrandom v0.3.4
   Compiling aliasable v0.1.3
   Compiling typed-arena v2.0.2
   Compiling signal-hook v0.3.18
   Compiling ouroboros v0.18.5
   Compiling pretty v0.12.5
   Compiling codespan v0.13.1
   Compiling saphyr-parser v0.0.6
   Compiling gix-credentials v0.37.1
   Compiling toml v0.9.12+spec-1.1.0
   Compiling rand v0.8.6
   Compiling logos v0.15.1
   Compiling nickel-lang-vector v0.1.0
   Compiling der v0.7.10
   Compiling toml_edit v0.23.10+spec-1.0.0
   Compiling nickel-lang-core v0.16.1
   Compiling uluru v3.1.0
   Compiling clru v0.6.3
   Compiling gix-pathspec v0.16.1
   Compiling vte v0.14.1
   Compiling gimli v0.32.3
   Compiling io-extras v0.19.0
   Compiling bumpalo v3.20.2
   Compiling simple-counter v0.1.0
   Compiling unsafe-libyaml v0.2.11
   Compiling strip-ansi-escapes v0.2.1
   Compiling spki v0.7.3
   Compiling gix-shallow v0.10.0
   Compiling num-integer v0.1.46
   Compiling maybe-async v0.2.10
   Compiling io-close v0.3.7
   Compiling serde_yaml v0.9.34+deprecated
   Compiling sha-1 v0.10.1
   Compiling json_scanner v0.1.0
   Compiling crc-catalog v2.4.0
   Compiling addr2line v0.25.1
   Compiling num-bigint-dig v0.8.6
   Compiling rustc-demangle v0.1.28
   Compiling litrs v1.0.0
   Compiling cap-primitives v4.0.2
   Compiling indoc v2.0.7
   Compiling owo-colors v4.3.0
   Compiling linkme-impl v0.3.37
   Compiling document-features v0.2.12
   Compiling backtrace v0.3.76
   Compiling crc v3.4.0
   Compiling num-iter v0.1.46
   Compiling fs-set-times v0.20.3
   Compiling rand_core v0.9.5
   Compiling signal-hook-mio v0.2.5
   Compiling pkcs8 v0.10.2
   Compiling gix-mailmap v0.32.0
   Compiling ureq-proto v0.6.0
   Compiling serde_spanned v0.6.9
   Compiling toml_datetime v0.6.11
   Compiling rustix-linux-procfs v0.1.1
   Compiling webpki-roots v1.0.6
   Compiling syn v3.0.3
   Compiling linkme v0.3.37
   Compiling unicode-linebreak v0.1.5
   Compiling ambient-authority v0.0.2
   Compiling maybe-owned v0.3.4
   Compiling toml_write v0.1.2
   Compiling twox-hash v2.1.2
   Compiling cap-std v4.0.2
   Compiling gix-revwalk v0.29.0
   Compiling gix-filter v0.28.0
   Compiling gix-ref v0.61.0
   Compiling gix-pack v0.68.0
   Compiling utf8-zero v0.8.1
   Compiling is_ci v1.2.0
   Compiling toml_edit v0.22.27
   Compiling ruzstd v0.8.2
   Compiling supports-color v3.0.2
   Compiling textwrap v0.16.2
   Compiling pkcs1 v0.7.5
   Compiling rand_chacha v0.9.0
   Compiling gix-traverse v0.55.0
   Compiling gix-revision v0.43.0
   Compiling gix-negotiate v0.29.0
   Compiling crossterm v0.29.0
   Compiling backtrace-ext v0.2.1
   Compiling lzma-rs v0.3.0
   Compiling artifact-auth-ed25519 v0.1.0 (ssh://git@github.com/OnixResearch/onix-artifact.git?rev=c932138d880ddf4c2967f4c024b489b5c0022bf1#c932138d)
   Compiling crunch-rust-cache-core v0.1.0 (/home/brittonr/git/OnixResearch/mantle/crates/crunch-rust-cache-core)
   Compiling gethostname v0.5.0
   Compiling fuzzy-matcher v0.3.7
   Compiling miette-derive v7.6.0
   Compiling terminal_size v0.4.4
   Compiling bzip2-rs v0.1.2
   Compiling supports-hyperlinks v3.2.0
   Compiling cap-fs-ext v4.0.2
   Compiling predicates-core v1.0.10
   Compiling dyn-clone v1.0.20
   Compiling supports-unicode v3.0.0
   Compiling unicode-width v0.1.14
   Compiling rsa v0.9.10
   Compiling inquire v0.9.4
   Compiling rand v0.9.3
   Compiling gix-index v0.49.0
   Compiling miette v7.6.0
   Compiling crunch-project-core v0.1.0 (/home/brittonr/git/OnixResearch/mantle/crates/crunch-project-core)
   Compiling crunch-shell-core v0.1.0 (/home/brittonr/git/OnixResearch/mantle/crates/crunch-shell-core)
   Compiling crunch-wasm-component-core v0.1.0 (/home/brittonr/git/OnixResearch/mantle/crates/crunch-wasm-component-core)
   Compiling secrecy v0.10.3
   Compiling float-cmp v0.10.0
   Compiling crunch-evaluation-stream-core v0.1.0 (/home/brittonr/git/OnixResearch/mantle/crates/crunch-evaluation-stream-core)
   Compiling etcetera v0.11.0
   Compiling crunch-delta-core v0.1.0 (/home/brittonr/git/OnixResearch/mantle/crates/crunch-delta-core)
   Compiling dotenvy v0.15.7
   Compiling normalize-line-endings v0.3.0
   Compiling difflib v0.4.0
   Compiling gix-worktree-stream v0.30.0
   Compiling gix-refspec v0.39.0
   Compiling assert_cmd v2.2.0
   Compiling termtree v0.5.1
   Compiling colored v3.1.1
   Compiling detect-coding-agent v0.1.0
   Compiling predicates-tree v1.0.13
   Compiling crunch-shell v0.1.0 (/home/brittonr/git/OnixResearch/mantle/crates/crunch-shell)
   Compiling predicates v3.1.4
   Compiling chapter-tgz v0.1.0
   Compiling crunch-release-core v0.1.0 (/home/brittonr/git/OnixResearch/mantle/crates/crunch-release-core)
   Compiling nickel-export-core v0.1.0 (https://github.com/OnixResearch/nickel-export?rev=257fafc1c746f1faf156207043a4c826bfb16d49#257fafc1)
   Compiling mantlepkgs-core v0.1.0 (/home/brittonr/git/OnixResearch/mantle/crates/mantlepkgs-core)
   Compiling xz2 v0.1.7
   Compiling gix-archive v0.30.0
   Compiling crunch-bootstrap-core v0.1.0 (/home/brittonr/git/OnixResearch/mantle/crates/crunch-bootstrap-core)
   Compiling crunch-hardware-simulation-core v0.1.0 (/home/brittonr/git/OnixResearch/mantle/crates/crunch-hardware-simulation-core)
   Compiling crunch-eval-budget-core v0.1.0 (/home/brittonr/git/OnixResearch/mantle/crates/crunch-eval-budget-core)
   Compiling mantle-portable-client-core v0.1.0 (/home/brittonr/git/OnixResearch/mantle/crates/mantle-portable-client-core)
   Compiling durable-file-publication v0.1.0 (https://git.onix.computer/z3tAR4For7qw8ZirkJzoDw1VNDDLM.git?rev=951c27f59003cea9bfdb40ed4d89653d50fada1f#951c27f5)
   Compiling wait-timeout v0.2.1
   Compiling diff v0.1.13
   Compiling gix-discover v0.49.0
   Compiling gix-config v0.54.0
   Compiling pretty_assertions v1.4.1
   Compiling gix-worktree v0.50.0
   Compiling crunch-kernelscript-core v0.1.0 (/home/brittonr/git/OnixResearch/mantle/crates/crunch-kernelscript-core)
   Compiling gix-diff v0.61.0
   Compiling gix-dir v0.23.0
   Compiling gix-worktree-state v0.28.0
   Compiling tokio-util v0.7.18
   Compiling tower v0.5.3
   Compiling tokio-stream v0.1.18
   Compiling gix-odb v0.78.0
   Compiling toml v0.8.23
   Compiling secretspec v0.17.0
   Compiling tower-http v0.6.8
   Compiling malachite-q v0.6.1
   Compiling fastcdc v3.2.1
   Compiling astral-tokio-tar v0.6.3
   Compiling gix-blame v0.11.0
   Compiling gix-status v0.28.0
   Compiling gix-submodule v0.28.0
   Compiling h2 v0.4.13
   Compiling irpc v0.13.0
   Compiling crunch-hardware-simulation v0.1.0 (/home/brittonr/git/OnixResearch/mantle/crates/crunch-hardware-simulation)
   Compiling malachite-float v0.6.1
   Compiling crunch-wasm-component v0.1.0 (/home/brittonr/git/OnixResearch/mantle/crates/crunch-wasm-component)
   Compiling crunch-project v0.1.0 (/home/brittonr/git/OnixResearch/mantle/crates/crunch-project)
   Compiling malachite v0.6.1
   Compiling crunch-nar v0.1.0 (/home/brittonr/git/OnixResearch/mantle/crates/crunch-nar)
   Compiling crunch-glue v0.1.0 (/home/brittonr/git/OnixResearch/mantle/crates/crunch-glue)
   Compiling hyper v1.9.0
   Compiling zstd v0.13.3
   Compiling async-compression v0.4.19
   Compiling hyper-util v0.1.20
   Compiling rustls-webpki v0.103.13
   Compiling tokio-rustls v0.26.4
   Compiling rustls-platform-verifier v0.6.2
   Compiling ureq v3.3.0
   Compiling hyper-rustls v0.27.7
   Compiling reqwest v0.13.2
   Compiling reqwest-middleware v0.5.1
   Compiling object_store v0.14.0
   Compiling gix-transport v0.55.1
   Compiling reqwest-tracing v0.6.0
   Compiling gix-protocol v0.59.0
   Compiling snix-tracing v0.1.0 (/home/brittonr/git/OnixResearch/mantle/vendor/snix-tracing)
   Compiling gix v0.81.0
   Compiling crunch-store v0.1.0 (/home/brittonr/git/OnixResearch/mantle/crates/crunch-store)
   Compiling crunch-rust-cache v0.1.0 (/home/brittonr/git/OnixResearch/mantle/crates/crunch-rust-cache)
   Compiling crunch-build v0.1.0 (/home/brittonr/git/OnixResearch/mantle/crates/crunch-build)
   Compiling crunch-delta v0.1.0 (/home/brittonr/git/OnixResearch/mantle/crates/crunch-delta)
   Compiling crunch-rustc-wrapper v0.1.0 (/home/brittonr/git/OnixResearch/mantle/crates/crunch-rustc-wrapper)
   Compiling nickel-lang v2.0.0
   Compiling crunch-eval v0.1.0 (/home/brittonr/git/OnixResearch/mantle/crates/crunch-eval)
   Compiling crunch-pipeline v0.1.0 (/home/brittonr/git/OnixResearch/mantle/crates/crunch-pipeline)
   Compiling mantle v0.1.0 (/home/brittonr/git/OnixResearch/mantle)
    Finished `test` profile [unoptimized + debuginfo] target(s) in 2m 09s
     Running unittests src/main.rs (/tmp/mantle-main-validation-target/debug/deps/crunch-d58e3f7c1ab472c1)

running 1 test
test bootstrap_parity::tests::binutils_tcc_real_derivation_reports_independently_receipted_completion ... FAILED

failures:

---- bootstrap_parity::tests::binutils_tcc_real_derivation_reports_independently_receipted_completion stdout ----

thread 'bootstrap_parity::tests::binutils_tcc_real_derivation_reports_independently_receipted_completion' (3633382) panicked at src/bootstrap_parity.rs:5680:9:
assertion `left == right` failed: completion is bounded to bootstrap/evidence/early-native-binutils-row-v2.json and does not claim general assembler/linker correctness; evidence check failed: source record BLAKE3 is `513db983943a9c1d2037694310a133b073abd2820ce26b50c68bc2516d81f959`, expected `f90eef8c64b3331d2d8f5b11a3dbd06ed518e68fc7efb3b0e109d49171fcf414`
  left: Partial
 right: Complete
note: run with `RUST_BACKTRACE=1` environment variable to display a backtrace


failures:
    bootstrap_parity::tests::binutils_tcc_real_derivation_reports_independently_receipted_completion

test result: FAILED. 0 passed; 1 failed; 0 ignored; 0 measured; 2355 filtered out; finished in 0.06s

error: test failed, to rerun pass `-p mantle --bin crunch`
test_exit=101

$ cargo test -p mantle --bin crunch bootstrap_parity::tests::gcc40_real_derivation_reports_independently_receipted_completion -- --exact
warning: /home/brittonr/git/OnixResearch/mantle/Cargo.toml: file `/home/brittonr/git/OnixResearch/mantle/src/main.rs` found to be present in multiple build targets:
  * `bin` target `crunch`
  * `bin` target `mantle`
    Finished `test` profile [unoptimized + debuginfo] target(s) in 0.29s
     Running unittests src/main.rs (/tmp/mantle-main-validation-target/debug/deps/crunch-d58e3f7c1ab472c1)

running 1 test
test bootstrap_parity::tests::gcc40_real_derivation_reports_independently_receipted_completion ... FAILED

failures:

---- bootstrap_parity::tests::gcc40_real_derivation_reports_independently_receipted_completion stdout ----

thread 'bootstrap_parity::tests::gcc40_real_derivation_reports_independently_receipted_completion' (3633741) panicked at src/bootstrap_parity.rs:6030:9:
assertion `left == right` failed: completion is bounded to bootstrap/evidence/early-native-gcc40-row-v2.json and does not claim general compiler correctness; evidence check failed: source record BLAKE3 is `1a90a3cf344af92ffb21500bbfd952ef0c8df1f6137f753699369e03cd2c133d`, expected `5336b1cb396306a56477b614f2623256dec5268cf80e1cffe7a79ae509ce7ee7`
  left: Partial
 right: Complete
note: run with `RUST_BACKTRACE=1` environment variable to display a backtrace


failures:
    bootstrap_parity::tests::gcc40_real_derivation_reports_independently_receipted_completion

test result: FAILED. 0 passed; 1 failed; 0 ignored; 0 measured; 2355 filtered out; finished in 0.05s

error: test failed, to rerun pass `-p mantle --bin crunch`
test_exit=101

$ cargo test -p mantle --bin crunch bootstrap_parity::tests::gcc47_real_derivation_reports_cxx_contract_backed_partial -- --exact
warning: /home/brittonr/git/OnixResearch/mantle/Cargo.toml: file `/home/brittonr/git/OnixResearch/mantle/src/main.rs` found to be present in multiple build targets:
  * `bin` target `crunch`
  * `bin` target `mantle`
    Finished `test` profile [unoptimized + debuginfo] target(s) in 0.22s
     Running unittests src/main.rs (/tmp/mantle-main-validation-target/debug/deps/crunch-d58e3f7c1ab472c1)

running 1 test
test bootstrap_parity::tests::gcc47_real_derivation_reports_cxx_contract_backed_partial ... FAILED

failures:

---- bootstrap_parity::tests::gcc47_real_derivation_reports_cxx_contract_backed_partial stdout ----

thread 'bootstrap_parity::tests::gcc47_real_derivation_reports_cxx_contract_backed_partial' (3633920) panicked at src/bootstrap_parity.rs:5582:9:
assertion failed: !row.notes.contains("evidence check failed")
note: run with `RUST_BACKTRACE=1` environment variable to display a backtrace


failures:
    bootstrap_parity::tests::gcc47_real_derivation_reports_cxx_contract_backed_partial

test result: FAILED. 0 passed; 1 failed; 0 ignored; 0 measured; 2355 filtered out; finished in 0.01s

error: test failed, to rerun pass `-p mantle --bin crunch`
test_exit=101
