[1/4] bounded GCC 4.0 configure bridge
[2/4] rustfmt
running: cargo fmt --check -p mantle -p crunch-attestation -p crunch-build -p crunch-delta -p crunch-eval -p crunch-glue -p crunch-pipeline -p crunch-project -p crunch-shell -p crunch-store
[3/4] clippy
[clippy] first-party strict gate
running: cargo clippy --workspace --all-targets --no-deps --exclude fuse-backend-rs --exclude nix-compat --exclude nix-compat-derive --exclude snix-build --exclude snix-castore --exclude snix-store --exclude snix-tracing -- -D warnings
warning: /home/brittonr/.cargo-target/mantle-v2-cairn-dev46/source/Cargo.toml: file `/home/brittonr/.cargo-target/mantle-v2-cairn-dev46/source/src/main.rs` found to be present in multiple build targets:
  * `bin` target `crunch`
  * `bin` target `mantle`
    Checking mantle v0.1.0 (/home/brittonr/.cargo-target/mantle-v2-cairn-dev46/source)
    Finished `dev` profile [unoptimized] target(s) in 0.62s
[4/4] first-party workspace tests (serialized; vendored members excluded)
running: cargo test --workspace --lib --tests --exclude fuse-backend-rs --exclude nix-compat --exclude nix-compat-derive --exclude snix-build --exclude snix-castore --exclude snix-store --exclude snix-tracing -- --test-threads 1
warning: /home/brittonr/.cargo-target/mantle-v2-cairn-dev46/source/Cargo.toml: file `/home/brittonr/.cargo-target/mantle-v2-cairn-dev46/source/src/main.rs` found to be present in multiple build targets:
  * `bin` target `crunch`
  * `bin` target `mantle`
    Finished `test` profile [unoptimized] target(s) in 0.52s
     Running unittests src/lib.rs (/home/brittonr/.cargo-target/mantle-v2-cairn-dev46/first-party-quality-target/debug/deps/crunch_action_result_core-c6bf86358d37b286)
     Running tests/architecture.rs (/home/brittonr/.cargo-target/mantle-v2-cairn-dev46/first-party-quality-target/debug/deps/architecture-51626282ebf2d235)
     Running unittests src/lib.rs (/home/brittonr/.cargo-target/mantle-v2-cairn-dev46/first-party-quality-target/debug/deps/crunch_attestation-c6ca9ba5335ef347)
     Running unittests src/lib.rs (/home/brittonr/.cargo-target/mantle-v2-cairn-dev46/first-party-quality-target/debug/deps/crunch_attestation_core-6f99caeb0dad70a1)
     Running unittests src/lib.rs (/home/brittonr/.cargo-target/mantle-v2-cairn-dev46/first-party-quality-target/debug/deps/crunch_bootstrap_core-7fffa3e70b221779)
     Running unittests src/lib.rs (/home/brittonr/.cargo-target/mantle-v2-cairn-dev46/first-party-quality-target/debug/deps/crunch_build-e096f402a2c203b7)
     Running tests/export_api.rs (/home/brittonr/.cargo-target/mantle-v2-cairn-dev46/first-party-quality-target/debug/deps/export_api-9f8938b8cbb943af)
     Running unittests src/lib.rs (/home/brittonr/.cargo-target/mantle-v2-cairn-dev46/first-party-quality-target/debug/deps/crunch_composition_core-a39137c72675b6b7)
     Running tests/boundary.rs (/home/brittonr/.cargo-target/mantle-v2-cairn-dev46/first-party-quality-target/debug/deps/boundary-330f0b9d4798faad)
     Running unittests src/lib.rs (/home/brittonr/.cargo-target/mantle-v2-cairn-dev46/first-party-quality-target/debug/deps/crunch_delta-fff2d6fcc69b3d5f)
     Running unittests src/lib.rs (/home/brittonr/.cargo-target/mantle-v2-cairn-dev46/first-party-quality-target/debug/deps/crunch_delta_core-86513748e7fe7c21)
     Running unittests src/lib.rs (/home/brittonr/.cargo-target/mantle-v2-cairn-dev46/first-party-quality-target/debug/deps/crunch_eval-042440bebe865c5f)
     Running tests/nickel_cohort_guard.rs (/home/brittonr/.cargo-target/mantle-v2-cairn-dev46/first-party-quality-target/debug/deps/nickel_cohort_guard-ac6b8e1a757ba483)
     Running unittests src/lib.rs (/home/brittonr/.cargo-target/mantle-v2-cairn-dev46/first-party-quality-target/debug/deps/crunch_eval_budget_core-e0a4cbe69803f08e)
     Running unittests src/lib.rs (/home/brittonr/.cargo-target/mantle-v2-cairn-dev46/first-party-quality-target/debug/deps/crunch_evaluation_stream_core-65ea5a1a0c9c7da5)
     Running unittests src/lib.rs (/home/brittonr/.cargo-target/mantle-v2-cairn-dev46/first-party-quality-target/debug/deps/crunch_gc_core-77e5c462d78c2a64)
     Running unittests src/lib.rs (/home/brittonr/.cargo-target/mantle-v2-cairn-dev46/first-party-quality-target/debug/deps/crunch_glue-7271ff81a8cc7e8d)
     Running unittests src/lib.rs (/home/brittonr/.cargo-target/mantle-v2-cairn-dev46/first-party-quality-target/debug/deps/crunch_hardware_simulation-c7ef5726190ed6a1)
     Running unittests src/lib.rs (/home/brittonr/.cargo-target/mantle-v2-cairn-dev46/first-party-quality-target/debug/deps/crunch_hardware_simulation_core-fd3b04c913f14b5e)
     Running unittests src/lib.rs (/home/brittonr/.cargo-target/mantle-v2-cairn-dev46/first-party-quality-target/debug/deps/crunch_kernelscript_adapter-9eca59ae32542e28)
     Running unittests src/main.rs (/home/brittonr/.cargo-target/mantle-v2-cairn-dev46/first-party-quality-target/debug/deps/mantle_kernelscript_core_adapter-7b3359e98043450b)
     Running unittests src/lib.rs (/home/brittonr/.cargo-target/mantle-v2-cairn-dev46/first-party-quality-target/debug/deps/crunch_kernelscript_core-8b33596119cc9443)
     Running unittests src/lib.rs (/home/brittonr/.cargo-target/mantle-v2-cairn-dev46/first-party-quality-target/debug/deps/crunch_nar-ec1e37b9d8246f0b)
     Running tests/parity.rs (/home/brittonr/.cargo-target/mantle-v2-cairn-dev46/first-party-quality-target/debug/deps/parity-19753a1a29d4c0cf)
     Running unittests src/lib.rs (/home/brittonr/.cargo-target/mantle-v2-cairn-dev46/first-party-quality-target/debug/deps/crunch_overlay_core-184ae00f944e7300)
     Running unittests src/lib.rs (/home/brittonr/.cargo-target/mantle-v2-cairn-dev46/first-party-quality-target/debug/deps/crunch_pipeline-8fbec5a31dca8772)
     Running tests/integration_build.rs (/home/brittonr/.cargo-target/mantle-v2-cairn-dev46/first-party-quality-target/debug/deps/integration_build-807c1e4f615fef65)
     Running unittests src/lib.rs (/home/brittonr/.cargo-target/mantle-v2-cairn-dev46/first-party-quality-target/debug/deps/crunch_project-9d423917803bb5ee)
     Running tests/integration_nickel.rs (/home/brittonr/.cargo-target/mantle-v2-cairn-dev46/first-party-quality-target/debug/deps/integration_nickel-9d8202e8e815b633)
     Running unittests src/lib.rs (/home/brittonr/.cargo-target/mantle-v2-cairn-dev46/first-party-quality-target/debug/deps/crunch_project_core-4a4afd5f0226ea1f)
     Running unittests src/lib.rs (/home/brittonr/.cargo-target/mantle-v2-cairn-dev46/first-party-quality-target/debug/deps/crunch_release_core-fe24b3bf5bf42874)
     Running unittests src/lib.rs (/home/brittonr/.cargo-target/mantle-v2-cairn-dev46/first-party-quality-target/debug/deps/crunch_repair_core-8f2ef2f200fdd382)
     Running unittests src/lib.rs (/home/brittonr/.cargo-target/mantle-v2-cairn-dev46/first-party-quality-target/debug/deps/crunch_rust_cache-303f27b826df000b)
     Running unittests src/lib.rs (/home/brittonr/.cargo-target/mantle-v2-cairn-dev46/first-party-quality-target/debug/deps/crunch_rust_cache_core-3018606676664285)
     Running tests/architecture.rs (/home/brittonr/.cargo-target/mantle-v2-cairn-dev46/first-party-quality-target/debug/deps/architecture-eca3c12f09ce1329)
     Running unittests src/lib.rs (/home/brittonr/.cargo-target/mantle-v2-cairn-dev46/first-party-quality-target/debug/deps/crunch_rustc_wrapper-d4ec664cd8842a92)
     Running unittests src/bin/mantle-rust-cache-daemon.rs (/home/brittonr/.cargo-target/mantle-v2-cairn-dev46/first-party-quality-target/debug/deps/mantle_rust_cache_daemon-ad1addda124b2ae6)
     Running unittests src/bin/mantle-rustc-manifest.rs (/home/brittonr/.cargo-target/mantle-v2-cairn-dev46/first-party-quality-target/debug/deps/mantle_rustc_manifest-8508e8900bce5b81)
     Running unittests src/bin/mantle-rustc-wrapper.rs (/home/brittonr/.cargo-target/mantle-v2-cairn-dev46/first-party-quality-target/debug/deps/mantle_rustc_wrapper-20b4a9bccca3b64b)
     Running unittests src/lib.rs (/home/brittonr/.cargo-target/mantle-v2-cairn-dev46/first-party-quality-target/debug/deps/crunch_shell-38cca7c68e1d7e85)
     Running unittests src/lib.rs (/home/brittonr/.cargo-target/mantle-v2-cairn-dev46/first-party-quality-target/debug/deps/crunch_shell_core-438ffc8a02696061)
     Running unittests src/lib.rs (/home/brittonr/.cargo-target/mantle-v2-cairn-dev46/first-party-quality-target/debug/deps/crunch_source_core-8e46d68d5dce3005)
     Running tests/ingest_fixtures.rs (/home/brittonr/.cargo-target/mantle-v2-cairn-dev46/first-party-quality-target/debug/deps/ingest_fixtures-228536eec92764e1)
     Running tests/source_observation_fixtures.rs (/home/brittonr/.cargo-target/mantle-v2-cairn-dev46/first-party-quality-target/debug/deps/source_observation_fixtures-e7d072f5ba7a7e8a)
     Running unittests src/lib.rs (/home/brittonr/.cargo-target/mantle-v2-cairn-dev46/first-party-quality-target/debug/deps/crunch_spacewasm-023dd7c745a6841e)
     Running unittests src/main.rs (/home/brittonr/.cargo-target/mantle-v2-cairn-dev46/first-party-quality-target/debug/deps/mantle_spacewasm_reference-6b4b52c75215f5e0)
     Running unittests src/lib.rs (/home/brittonr/.cargo-target/mantle-v2-cairn-dev46/first-party-quality-target/debug/deps/crunch_spacewasm_core-0b0b395a88a0b2fe)
     Running tests/run_record_fixtures.rs (/home/brittonr/.cargo-target/mantle-v2-cairn-dev46/first-party-quality-target/debug/deps/run_record_fixtures-1ee53dc77f455038)
     Running tests/stable_report_contract_parity.rs (/home/brittonr/.cargo-target/mantle-v2-cairn-dev46/first-party-quality-target/debug/deps/stable_report_contract_parity-9c0e6d62844fa9d2)
     Running tests/stable_report_fixtures.rs (/home/brittonr/.cargo-target/mantle-v2-cairn-dev46/first-party-quality-target/debug/deps/stable_report_fixtures-9a8cb71b44f5871a)
     Running unittests src/lib.rs (/home/brittonr/.cargo-target/mantle-v2-cairn-dev46/first-party-quality-target/debug/deps/crunch_store-876151ae8c696cd0)
     Running tests/authority_source_policy.rs (/home/brittonr/.cargo-target/mantle-v2-cairn-dev46/first-party-quality-target/debug/deps/authority_source_policy-fb6983ec3bdf359b)
     Running unittests src/lib.rs (/home/brittonr/.cargo-target/mantle-v2-cairn-dev46/first-party-quality-target/debug/deps/crunch_wasm_component-6c4765b6324e8471)
     Running unittests src/lib.rs (/home/brittonr/.cargo-target/mantle-v2-cairn-dev46/first-party-quality-target/debug/deps/crunch_wasm_component_core-6452cad7510843e0)
     Running unittests src/lib.rs (/home/brittonr/.cargo-target/mantle-v2-cairn-dev46/first-party-quality-target/debug/deps/mantle-813b78271f589b4a)
     Running unittests src/main.rs (/home/brittonr/.cargo-target/mantle-v2-cairn-dev46/first-party-quality-target/debug/deps/crunch-988ff2a290da594a)
missing verified source 'mrustc-0.12.0' from file:///tmp/nix-shell.1nprjV/.tmpYEEIr3/test-source-archives/mrustc-0.12.0.tar.gz with sha256 9ffdd0a8ffaf1cabd10ccbfcd7fc9341268bb443a572587b7b1133361da1ad5c
     Running unittests tools/generate_operator_command_contract.rs (/home/brittonr/.cargo-target/mantle-v2-cairn-dev46/first-party-quality-target/debug/deps/generate_operator_command_contract-ccb9129d9820f99c)
     Running unittests tools/generate_portable_platform_profiles.rs (/home/brittonr/.cargo-target/mantle-v2-cairn-dev46/first-party-quality-target/debug/deps/generate_portable_platform_profiles-a0b4d0d17c601f6a)
     Running unittests src/main.rs (/home/brittonr/.cargo-target/mantle-v2-cairn-dev46/first-party-quality-target/debug/deps/mantle-e00572720a0dc00b)
missing verified source 'mrustc-0.12.0' from file:///tmp/nix-shell.1nprjV/.tmpEHbPRp/test-source-archives/mrustc-0.12.0.tar.gz with sha256 9ffdd0a8ffaf1cabd10ccbfcd7fc9341268bb443a572587b7b1133361da1ad5c
     Running tests/attest_cli.rs (/home/brittonr/.cargo-target/mantle-v2-cairn-dev46/first-party-quality-target/debug/deps/attest_cli-8551959ace6f133d)
     Running tests/audit_support.rs (/home/brittonr/.cargo-target/mantle-v2-cairn-dev46/first-party-quality-target/debug/deps/audit_support-a44ad6e299d9de09)
     Running tests/benchmark_harness.rs (/home/brittonr/.cargo-target/mantle-v2-cairn-dev46/first-party-quality-target/debug/deps/benchmark_harness-81763fa6437cd7a9)
     Running tests/bootstrap_eval.rs (/home/brittonr/.cargo-target/mantle-v2-cairn-dev46/first-party-quality-target/debug/deps/bootstrap_eval-1858f1828a20fab0)
     Running tests/bootstrap_parity_cli.rs (/home/brittonr/.cargo-target/mantle-v2-cairn-dev46/first-party-quality-target/debug/deps/bootstrap_parity_cli-eb749df4d4ed017e)
     Running tests/bootstrap_validate_cli.rs (/home/brittonr/.cargo-target/mantle-v2-cairn-dev46/first-party-quality-target/debug/deps/bootstrap_validate_cli-3fde20918260ee06)
     Running tests/cargo_free_self_build_cli.rs (/home/brittonr/.cargo-target/mantle-v2-cairn-dev46/first-party-quality-target/debug/deps/cargo_free_self_build_cli-e622bba9569150c8)
     Running tests/cargo_import_cli.rs (/home/brittonr/.cargo-target/mantle-v2-cairn-dev46/first-party-quality-target/debug/deps/cargo_import_cli-c148dde58df1d86e)
     Running tests/composition_root_cli.rs (/home/brittonr/.cargo-target/mantle-v2-cairn-dev46/first-party-quality-target/debug/deps/composition_root_cli-0828baabbe84d9e6)
     Running tests/evaluator_budget_cli.rs (/home/brittonr/.cargo-target/mantle-v2-cairn-dev46/first-party-quality-target/debug/deps/evaluator_budget_cli-ff5140e7ee6cfc96)
     Running tests/example_projects.rs (/home/brittonr/.cargo-target/mantle-v2-cairn-dev46/first-party-quality-target/debug/deps/example_projects-3f6b1762ad1120e0)
     Running tests/examples_build.rs (/home/brittonr/.cargo-target/mantle-v2-cairn-dev46/first-party-quality-target/debug/deps/examples_build-8415b1632b2fd97a)
     Running tests/examples_eval.rs (/home/brittonr/.cargo-target/mantle-v2-cairn-dev46/first-party-quality-target/debug/deps/examples_eval-40e14ea3970e2153)
     Running tests/examples_inventory.rs (/home/brittonr/.cargo-target/mantle-v2-cairn-dev46/first-party-quality-target/debug/deps/examples_inventory-3d1f3e34e5a99367)
     Running tests/examples_workflow_gallery.rs (/home/brittonr/.cargo-target/mantle-v2-cairn-dev46/first-party-quality-target/debug/deps/examples_workflow_gallery-48809221f9494270)
     Running tests/foreign_import_cli.rs (/home/brittonr/.cargo-target/mantle-v2-cairn-dev46/first-party-quality-target/debug/deps/foreign_import_cli-a1469f32e5141f72)
     Running tests/freshness_offline_rail.rs (/home/brittonr/.cargo-target/mantle-v2-cairn-dev46/first-party-quality-target/debug/deps/freshness_offline_rail-b43381ad7205f501)
     Running tests/identity_cli.rs (/home/brittonr/.cargo-target/mantle-v2-cairn-dev46/first-party-quality-target/debug/deps/identity_cli-5730c1201c8ba9c3)
     Running tests/integration.rs (/home/brittonr/.cargo-target/mantle-v2-cairn-dev46/first-party-quality-target/debug/deps/integration-b62ce70dd24d2872)
     Running tests/integration_build.rs (/home/brittonr/.cargo-target/mantle-v2-cairn-dev46/first-party-quality-target/debug/deps/integration_build-158e8a73641eb978)
     Running tests/kernel_bundle_oci_cli.rs (/home/brittonr/.cargo-target/mantle-v2-cairn-dev46/first-party-quality-target/debug/deps/kernel_bundle_oci_cli-86c5fededcbc84f6)
     Running tests/kernel_bundle_oci_registry_cli.rs (/home/brittonr/.cargo-target/mantle-v2-cairn-dev46/first-party-quality-target/debug/deps/kernel_bundle_oci_registry_cli-c077df6a7076f7d3)
     Running tests/kernelscript_experiment.rs (/home/brittonr/.cargo-target/mantle-v2-cairn-dev46/first-party-quality-target/debug/deps/kernelscript_experiment-5d2be2c4e03fe2ad)
     Running tests/lock_importer_offline_rail.rs (/home/brittonr/.cargo-target/mantle-v2-cairn-dev46/first-party-quality-target/debug/deps/lock_importer_offline_rail-8a4c51a81bd1a2f2)
     Running tests/machine_schema_contracts.rs (/home/brittonr/.cargo-target/mantle-v2-cairn-dev46/first-party-quality-target/debug/deps/machine_schema_contracts-81ef11fb5428b879)
     Running tests/nix_free_demo_cli.rs (/home/brittonr/.cargo-target/mantle-v2-cairn-dev46/first-party-quality-target/debug/deps/nix_free_demo_cli-13bf8614f846e5b0)
     Running tests/offline_build_runbook_docs.rs (/home/brittonr/.cargo-target/mantle-v2-cairn-dev46/first-party-quality-target/debug/deps/offline_build_runbook_docs-49ba11f94a5300e3)
     Running tests/offline_cargo_project.rs (/home/brittonr/.cargo-target/mantle-v2-cairn-dev46/first-party-quality-target/debug/deps/offline_cargo_project-43c1db8adf486454)
     Running tests/operator_diagnostics.rs (/home/brittonr/.cargo-target/mantle-v2-cairn-dev46/first-party-quality-target/debug/deps/operator_diagnostics-0538cdb158555e29)
     Running tests/pin_import_cli.rs (/home/brittonr/.cargo-target/mantle-v2-cairn-dev46/first-party-quality-target/debug/deps/pin_import_cli-4cc7a2caee65bb6a)
     Running tests/project_build_smoke.rs (/home/brittonr/.cargo-target/mantle-v2-cairn-dev46/first-party-quality-target/debug/deps/project_build_smoke-8983e86fbfec5dca)
     Running tests/project_cli.rs (/home/brittonr/.cargo-target/mantle-v2-cairn-dev46/first-party-quality-target/debug/deps/project_cli-0bcc9008d2598fae)
     Running tests/project_refresh_cli.rs (/home/brittonr/.cargo-target/mantle-v2-cairn-dev46/first-party-quality-target/debug/deps/project_refresh_cli-82e0989de2d40a0e)
     Running tests/release_cli.rs (/home/brittonr/.cargo-target/mantle-v2-cairn-dev46/first-party-quality-target/debug/deps/release_cli-0456827d1ca588f0)
     Running tests/remote_credentials_cli.rs (/home/brittonr/.cargo-target/mantle-v2-cairn-dev46/first-party-quality-target/debug/deps/remote_credentials_cli-268133543322246d)
     Running tests/remote_rail_offline_rail.rs (/home/brittonr/.cargo-target/mantle-v2-cairn-dev46/first-party-quality-target/debug/deps/remote_rail_offline_rail-65bb39319f6bf51c)
     Running tests/remote_stdio_cli.rs (/home/brittonr/.cargo-target/mantle-v2-cairn-dev46/first-party-quality-target/debug/deps/remote_stdio_cli-a21070f06df0be2c)
     Running tests/remote_transfer_production.rs (/home/brittonr/.cargo-target/mantle-v2-cairn-dev46/first-party-quality-target/debug/deps/remote_transfer_production-f2f315bb2dddac32)
     Running tests/removed_system_cli.rs (/home/brittonr/.cargo-target/mantle-v2-cairn-dev46/first-party-quality-target/debug/deps/removed_system_cli-a9be283ac7dd1225)
     Running tests/retention_offline_rail.rs (/home/brittonr/.cargo-target/mantle-v2-cairn-dev46/first-party-quality-target/debug/deps/retention_offline_rail-6ec388e695946c6d)
     Running tests/rust_compatibility_rail.rs (/home/brittonr/.cargo-target/mantle-v2-cairn-dev46/first-party-quality-target/debug/deps/rust_compatibility_rail-774afe3271a70dfd)
     Running tests/rust_plan_cli.rs (/home/brittonr/.cargo-target/mantle-v2-cairn-dev46/first-party-quality-target/debug/deps/rust_plan_cli-0859d62178c929eb)
     Running tests/scheduling_policy.rs (/home/brittonr/.cargo-target/mantle-v2-cairn-dev46/first-party-quality-target/debug/deps/scheduling_policy-4bf7751ca0a4703e)
     Running tests/self_hosting.rs (/home/brittonr/.cargo-target/mantle-v2-cairn-dev46/first-party-quality-target/debug/deps/self_hosting-0749e6a8de470233)
stderr-1
stderr-2
     Running tests/smoke.rs (/home/brittonr/.cargo-target/mantle-v2-cairn-dev46/first-party-quality-target/debug/deps/smoke-a230763d33e737a3)
     Running tests/source_bundle_cli.rs (/home/brittonr/.cargo-target/mantle-v2-cairn-dev46/first-party-quality-target/debug/deps/source_bundle_cli-6e16d835eb108d04)
     Running tests/source_bundle_hydration_cli.rs (/home/brittonr/.cargo-target/mantle-v2-cairn-dev46/first-party-quality-target/debug/deps/source_bundle_hydration_cli-1410a3939433c9a5)
     Running tests/stdlib_tests.rs (/home/brittonr/.cargo-target/mantle-v2-cairn-dev46/first-party-quality-target/debug/deps/stdlib_tests-8858c3650eb1aeaa)
     Running tests/store_archive_cli.rs (/home/brittonr/.cargo-target/mantle-v2-cairn-dev46/first-party-quality-target/debug/deps/store_archive_cli-fd00addc358bae90)
     Running tests/store_gc_cli.rs (/home/brittonr/.cargo-target/mantle-v2-cairn-dev46/first-party-quality-target/debug/deps/store_gc_cli-ee8711905cb4e1fc)
     Running tests/transactional_reconciliation_pilot.rs (/home/brittonr/.cargo-target/mantle-v2-cairn-dev46/first-party-quality-target/debug/deps/transactional_reconciliation_pilot-b432429a77b6be56)
     Running tests/transcript_cli.rs (/home/brittonr/.cargo-target/mantle-v2-cairn-dev46/first-party-quality-target/debug/deps/transcript_cli-7f367e82b35c9575)
     Running tests/trust_policy_offline_rail.rs (/home/brittonr/.cargo-target/mantle-v2-cairn-dev46/first-party-quality-target/debug/deps/trust_policy_offline_rail-d9df76132ce114d9)
     Running tests/wasm_component_cli.rs (/home/brittonr/.cargo-target/mantle-v2-cairn-dev46/first-party-quality-target/debug/deps/wasm_component_cli-45edd0f497a7f984)
     Running unittests src/lib.rs (/home/brittonr/.cargo-target/mantle-v2-cairn-dev46/first-party-quality-target/debug/deps/mantle_application_contract-515c04f6aacd3879)
     Running tests/contract_fixtures.rs (/home/brittonr/.cargo-target/mantle-v2-cairn-dev46/first-party-quality-target/debug/deps/contract_fixtures-1cd81f141a228566)
     Running tests/port_fixtures.rs (/home/brittonr/.cargo-target/mantle-v2-cairn-dev46/first-party-quality-target/debug/deps/port_fixtures-1800bc79a582ea06)
     Running unittests src/lib.rs (/home/brittonr/.cargo-target/mantle-v2-cairn-dev46/first-party-quality-target/debug/deps/mantle_build_contract-e972a25ed82ac769)
     Running tests/producer_fixtures.rs (/home/brittonr/.cargo-target/mantle-v2-cairn-dev46/first-party-quality-target/debug/deps/producer_fixtures-d6cb1e23de75a8dd)
     Running unittests src/lib.rs (/home/brittonr/.cargo-target/mantle-v2-cairn-dev46/first-party-quality-target/debug/deps/mantle_portable_client_core-ffb87cfab18db79e)
     Running unittests src/lib.rs (/home/brittonr/.cargo-target/mantle-v2-cairn-dev46/first-party-quality-target/debug/deps/mantle_rust_plan_app-6bcf8ea87d791c4a)
     Running tests/application_fixtures.rs (/home/brittonr/.cargo-target/mantle-v2-cairn-dev46/first-party-quality-target/debug/deps/application_fixtures-051f44bb110e153b)
     Running unittests src/lib.rs (/home/brittonr/.cargo-target/mantle-v2-cairn-dev46/first-party-quality-target/debug/deps/mantle_rust_plan_core-8968f19266735735)
     Running tests/plan_fixtures.rs (/home/brittonr/.cargo-target/mantle-v2-cairn-dev46/first-party-quality-target/debug/deps/plan_fixtures-a17482343e7beb92)
     Running unittests src/lib.rs (/home/brittonr/.cargo-target/mantle-v2-cairn-dev46/first-party-quality-target/debug/deps/mantle_wasm_consumer_verifier-aa672c66f08ecfe7)
     Running tests/consumer_fixtures.rs (/home/brittonr/.cargo-target/mantle-v2-cairn-dev46/first-party-quality-target/debug/deps/consumer_fixtures-9cf5f88cfdef0ae4)
     Running unittests src/lib.rs (/home/brittonr/.cargo-target/mantle-v2-cairn-dev46/first-party-quality-target/debug/deps/mantlepkgs_core-274366f992c6c72c)
