[2m2026-05-01T00:27:55.162321Z[0m [33m WARN[0m [2msnix_build::buildservice::bwrap[0m[2m:[0m build failed [3mstdout[0m[2m=[0mtcc version 0.9.27 (x86_64 Linux)
 [3mstderr[0m[2m=[0m+ BB=/bin/busybox
+ find_input tinycc-0.9.27
+ '[' -d /crunch/store/44mb0vkwi7i3cs5r5dj8l92645a250g6-tinycc-0.9.27 ]
+ echo /crunch/store/44mb0vkwi7i3cs5r5dj8l92645a250g6-tinycc-0.9.27
+ return
+ TCC=/crunch/store/44mb0vkwi7i3cs5r5dj8l92645a250g6-tinycc-0.9.27
+ find_input stage0-posix
+ '[' -d /crunch/store/35ljc87nc2gcn7cxpj078qjmch8qpqzh-stage0-posix ]
+ echo /crunch/store/35ljc87nc2gcn7cxpj078qjmch8qpqzh-stage0-posix
+ return
+ STAGE0=/crunch/store/35ljc87nc2gcn7cxpj078qjmch8qpqzh-stage0-posix
+ find_input mes
+ '[' -d /crunch/store/5kfa2griyaqdm9jrkvj8v9s26hww0x1w-mes ]
+ echo /crunch/store/5kfa2griyaqdm9jrkvj8v9s26hww0x1w-mes
+ return
+ MES_OUT=/crunch/store/5kfa2griyaqdm9jrkvj8v9s26hww0x1w-mes
+ export 'PATH=/crunch/store/44mb0vkwi7i3cs5r5dj8l92645a250g6-tinycc-0.9.27/bin:/crunch/store/35ljc87nc2gcn7cxpj078qjmch8qpqzh-stage0-posix/bin:/crunch/store/5kfa2griyaqdm9jrkvj8v9s26hww0x1w-mes/bin:/path-not-set'
+ WORK=/tmp/diag
+ /bin/busybox mkdir -p /tmp/diag /crunch/store/1d7phsga7dkynp1kqhb0b4rwy66gaxg2-diag-tcc-link
+ cd /tmp/diag
+ /bin/busybox cat
+ tcc -v
+ tcc -c hello.c
+ /bin/busybox chmod 644 hello.o
+ tcc -static -o hello hello.o
Segmentation fault (core dumped)
 [3mexit_code[0m[2m=[0mexit status: 139
[2m2026-05-01T00:27:55.162616Z[0m [31mERROR[0m [2msnix_build::buildservice::bwrap[0m[2m:[0m [3merror[0m[2m=[0mnonzero exit code: exit status: 139
tcc version 0.9.27 (x86_64 Linux)

+ BB=/bin/busybox
+ find_input tinycc-0.9.27
+ '[' -d /crunch/store/44mb0vkwi7i3cs5r5dj8l92645a250g6-tinycc-0.9.27 ]
+ echo /crunch/store/44mb0vkwi7i3cs5r5dj8l92645a250g6-tinycc-0.9.27
+ return
+ TCC=/crunch/store/44mb0vkwi7i3cs5r5dj8l92645a250g6-tinycc-0.9.27
+ find_input stage0-posix
+ '[' -d /crunch/store/35ljc87nc2gcn7cxpj078qjmch8qpqzh-stage0-posix ]
+ echo /crunch/store/35ljc87nc2gcn7cxpj078qjmch8qpqzh-stage0-posix
+ return
+ STAGE0=/crunch/store/35ljc87nc2gcn7cxpj078qjmch8qpqzh-stage0-posix
+ find_input mes
+ '[' -d /crunch/store/5kfa2griyaqdm9jrkvj8v9s26hww0x1w-mes ]
+ echo /crunch/store/5kfa2griyaqdm9jrkvj8v9s26hww0x1w-mes
+ return
+ MES_OUT=/crunch/store/5kfa2griyaqdm9jrkvj8v9s26hww0x1w-mes
+ export 'PATH=/crunch/store/44mb0vkwi7i3cs5r5dj8l92645a250g6-tinycc-0.9.27/bin:/crunch/store/35ljc87nc2gcn7cxpj078qjmch8qpqzh-stage0-posix/bin:/crunch/store/5kfa2griyaqdm9jrkvj8v9s26hww0x1w-mes/bin:/path-not-set'
+ WORK=/tmp/diag
+ /bin/busybox mkdir -p /tmp/diag /crunch/store/1d7phsga7dkynp1kqhb0b4rwy66gaxg2-diag-tcc-link
+ cd /tmp/diag
+ /bin/busybox cat
+ tcc -v
+ tcc -c hello.c
+ /bin/busybox chmod 644 hello.o
+ tcc -static -o hello hello.o
Segmentation fault (core dumped)

[2m2026-05-01T00:27:55.162751Z[0m [33m WARN[0m [2mcrunch_build::worker[0m[2m:[0m sandbox build failed [3mdrv[0m[2m=[0m/nix/store/6vvfj9aqfh6lm80w4wp612ar7jfl0pj5-diag-tcc-link.drv [3merr[0m[2m=[0mstore error: build: nonzero exit code: exit status: 139
tcc version 0.9.27 (x86_64 Linux)

+ BB=/bin/busybox
+ find_input tinycc-0.9.27
+ '[' -d /crunch/store/44mb0vkwi7i3cs5r5dj8l92645a250g6-tinycc-0.9.27 ]
+ echo /crunch/store/44mb0vkwi7i3cs5r5dj8l92645a250g6-tinycc-0.9.27
+ return
+ TCC=/crunch/store/44mb0vkwi7i3cs5r5dj8l92645a250g6-tinycc-0.9.27
+ find_input stage0-posix
+ '[' -d /crunch/store/35ljc87nc2gcn7cxpj078qjmch8qpqzh-stage0-posix ]
+ echo /crunch/store/35ljc87nc2gcn7cxpj078qjmch8qpqzh-stage0-posix
+ return
+ STAGE0=/crunch/store/35ljc87nc2gcn7cxpj078qjmch8qpqzh-stage0-posix
+ find_input mes
+ '[' -d /crunch/store/5kfa2griyaqdm9jrkvj8v9s26hww0x1w-mes ]
+ echo /crunch/store/5kfa2griyaqdm9jrkvj8v9s26hww0x1w-mes
+ return
+ MES_OUT=/crunch/store/5kfa2griyaqdm9jrkvj8v9s26hww0x1w-mes
+ export 'PATH=/crunch/store/44mb0vkwi7i3cs5r5dj8l92645a250g6-tinycc-0.9.27/bin:/crunch/store/35ljc87nc2gcn7cxpj078qjmch8qpqzh-stage0-posix/bin:/crunch/store/5kfa2griyaqdm9jrkvj8v9s26hww0x1w-mes/bin:/path-not-set'
+ WORK=/tmp/diag
+ /bin/busybox mkdir -p /tmp/diag /crunch/store/1d7phsga7dkynp1kqhb0b4rwy66gaxg2-diag-tcc-link
+ cd /tmp/diag
+ /bin/busybox cat
+ tcc -v
+ tcc -c hello.c
+ /bin/busybox chmod 644 hello.o
+ tcc -static -o hello hello.o
Segmentation fault (core dumped)

hermeticity: practical (no degraded facts)
FAILED root: diag-tcc-link
  phase: build
  error_class: builder
  saved_log_path: /home/brittonr/git/crunch/crunch/.crunch-drain/make-runtime-state/logs/6vvfj9aqfh6lm80w4wp612ar7jfl0pj5-diag-tcc-link.drv.log
  message: store error: build: nonzero exit code: exit status: 139
tcc version 0.9.27 (x86_64 Linux)

+ BB=/bin/busybox
+ find_input tinycc-0.9.27
+ '[' -d /crunch/store/44mb0vkwi7i3cs5r5dj8l92645a250g6-tinycc-0.9.27 ]
+ echo /crunch/store/44mb0vkwi7i3cs5r5dj8l92645a250g6-tinycc-0.9.27
+ return
+ TCC=/crunch/store/44mb0vkwi7i3cs5r5dj8l92645a250g6-tinycc-0.9.27
+ find_input stage0-posix
+ '[' -d /crunch/store/35ljc87nc2gcn7cxpj078qjmch8qpqzh-stage0-posix ]
+ echo /crunch/store/35ljc87nc2gcn7cxpj078qjmch8qpqzh-stage0-posix
+ return
+ STAGE0=/crunch/store/35ljc87nc2gcn7cxpj078qjmch8qpqzh-stage0-posix
+ find_input mes
+ '[' -d /crunch/store/5kfa2griyaqdm9jrkvj8v9s26hww0x1w-mes ]
+ echo /crunch/store/5kfa2griyaqdm9jrkvj8v9s26hww0x1w-mes
+ return
+ MES_OUT=/crunch/store/5kfa2griyaqdm9jrkvj8v9s26hww0x1w-mes
+ export 'PATH=/crunch/store/44mb0vkwi7i3cs5r5dj8l92645a250g6-tinycc-0.9.27/bin:/crunch/store/35ljc87nc2gcn7cxpj078qjmch8qpqzh-stage0-posix/bin:/crunch/store/5kfa2griyaqdm9jrkvj8v9s26hww0x1w-mes/bin:/path-not-set'
+ WORK=/tmp/diag
+ /bin/busybox mkdir -p /tmp/diag /crunch/store/1d7phsga7dkynp1kqhb0b4rwy66gaxg2-diag-tcc-link
+ cd /tmp/diag
+ /bin/busybox cat
+ tcc -v
+ tcc -c hello.c
+ /bin/busybox chmod 644 hello.o
+ tcc -static -o hello hello.o
Segmentation fault (core dumped)

