.cairn/changes/repair-remaining-tigerstyle/evidence/root-repair-2026-09-01/all-targets.command.txt: OK
.cairn/changes/repair-remaining-tigerstyle/evidence/root-repair-2026-09-01/all-targets.log: OK
.cairn/changes/repair-remaining-tigerstyle/evidence/root-repair-2026-09-01/all-targets.status: OK
.cairn/changes/repair-remaining-tigerstyle/evidence/root-repair-2026-09-01/cairn-gate-design.log: OK
.cairn/changes/repair-remaining-tigerstyle/evidence/root-repair-2026-09-01/cairn-gate-design.status: OK
.cairn/changes/repair-remaining-tigerstyle/evidence/root-repair-2026-09-01/cairn-gate-proposal.log: OK
.cairn/changes/repair-remaining-tigerstyle/evidence/root-repair-2026-09-01/cairn-gate-proposal.status: OK
.cairn/changes/repair-remaining-tigerstyle/evidence/root-repair-2026-09-01/cairn-gate-tasks.log: OK
.cairn/changes/repair-remaining-tigerstyle/evidence/root-repair-2026-09-01/cairn-gate-tasks.status: OK
.cairn/changes/repair-remaining-tigerstyle/evidence/root-repair-2026-09-01/cairn-tracey.log: OK
.cairn/changes/repair-remaining-tigerstyle/evidence/root-repair-2026-09-01/cairn-tracey.status: OK
.cairn/changes/repair-remaining-tigerstyle/evidence/root-repair-2026-09-01/cairn-validate.log: OK
.cairn/changes/repair-remaining-tigerstyle/evidence/root-repair-2026-09-01/cairn-validate.status: OK
.cairn/changes/repair-remaining-tigerstyle/evidence/root-repair-2026-09-01/clippy.command.txt: OK
.cairn/changes/repair-remaining-tigerstyle/evidence/root-repair-2026-09-01/clippy.log: OK
.cairn/changes/repair-remaining-tigerstyle/evidence/root-repair-2026-09-01/clippy.status: OK
.cairn/changes/repair-remaining-tigerstyle/evidence/root-repair-2026-09-01/diff-check.log: OK
.cairn/changes/repair-remaining-tigerstyle/evidence/root-repair-2026-09-01/diff-check.status: OK
.cairn/changes/repair-remaining-tigerstyle/evidence/root-repair-2026-09-01/final-diff-check.log: OK
.cairn/changes/repair-remaining-tigerstyle/evidence/root-repair-2026-09-01/final-diff-check.status: OK
.cairn/changes/repair-remaining-tigerstyle/evidence/root-repair-2026-09-01/formatting.command.txt: OK
.cairn/changes/repair-remaining-tigerstyle/evidence/root-repair-2026-09-01/formatting.log: OK
.cairn/changes/repair-remaining-tigerstyle/evidence/root-repair-2026-09-01/formatting.status: OK
.cairn/changes/repair-remaining-tigerstyle/evidence/root-repair-2026-09-01/full-local.command.txt: OK
.cairn/changes/repair-remaining-tigerstyle/evidence/root-repair-2026-09-01/full-local.log: OK
.cairn/changes/repair-remaining-tigerstyle/evidence/root-repair-2026-09-01/full-local.status: OK
.cairn/changes/repair-remaining-tigerstyle/evidence/root-repair-2026-09-01/full-ordinary.command.txt: OK
.cairn/changes/repair-remaining-tigerstyle/evidence/root-repair-2026-09-01/full-ordinary.log: OK
.cairn/changes/repair-remaining-tigerstyle/evidence/root-repair-2026-09-01/full-ordinary.status: OK
.cairn/changes/repair-remaining-tigerstyle/evidence/root-repair-2026-09-01/full-tiger-findings.status: OK
.cairn/changes/repair-remaining-tigerstyle/evidence/root-repair-2026-09-01/full-tiger-findings.txt: OK
.cairn/changes/repair-remaining-tigerstyle/evidence/root-repair-2026-09-01/git-status-before-archive.log: OK
.cairn/changes/repair-remaining-tigerstyle/evidence/root-repair-2026-09-01/new-tiger-allowances.log: OK
.cairn/changes/repair-remaining-tigerstyle/evidence/root-repair-2026-09-01/new-tiger-allowances.status: OK
.cairn/changes/repair-remaining-tigerstyle/evidence/root-repair-2026-09-01/nix-no-build.command.txt: OK
.cairn/changes/repair-remaining-tigerstyle/evidence/root-repair-2026-09-01/nix-no-build.log: OK
.cairn/changes/repair-remaining-tigerstyle/evidence/root-repair-2026-09-01/nix-no-build.status: OK
.cairn/changes/repair-remaining-tigerstyle/evidence/root-repair-2026-09-01/post-change-tests.command.txt: OK
.cairn/changes/repair-remaining-tigerstyle/evidence/root-repair-2026-09-01/post-change-tests.log: OK
.cairn/changes/repair-remaining-tigerstyle/evidence/root-repair-2026-09-01/post-change-tests.status: OK
.cairn/changes/repair-remaining-tigerstyle/evidence/root-repair-2026-09-01/protected-tests.command.txt: OK
.cairn/changes/repair-remaining-tigerstyle/evidence/root-repair-2026-09-01/protected-tests.log: OK
.cairn/changes/repair-remaining-tigerstyle/evidence/root-repair-2026-09-01/protected-tests.status: OK
.cairn/changes/repair-remaining-tigerstyle/evidence/root-repair-2026-09-01/repository-tiger.command.txt: OK
.cairn/changes/repair-remaining-tigerstyle/evidence/root-repair-2026-09-01/repository-tiger.log: OK
.cairn/changes/repair-remaining-tigerstyle/evidence/root-repair-2026-09-01/repository-tiger.status: OK
.cairn/changes/repair-remaining-tigerstyle/evidence/root-repair-2026-09-01/summary.md: OK
.cairn/changes/repair-remaining-tigerstyle/evidence/root-repair-2026-09-01/tiger-round1.log: OK
.cairn/changes/repair-remaining-tigerstyle/evidence/root-repair-2026-09-01/tiger-round1.status: OK
.cairn/changes/repair-remaining-tigerstyle/evidence/root-repair-2026-09-01/tiger-round2.log: OK
.cairn/changes/repair-remaining-tigerstyle/evidence/root-repair-2026-09-01/tiger-round2.status: OK
.cairn/changes/repair-remaining-tigerstyle/evidence/root-repair-2026-09-01/tiger-round3.log: OK
.cairn/changes/repair-remaining-tigerstyle/evidence/root-repair-2026-09-01/tiger-round3.status: OK
