{
  "actions": [
    {
      "description": "move active change to archive: complete-store-capability-migration",
      "kind": "archive_change",
      "path": "./.cairn/archive/2026-09-02-complete-store-capability-migration"
    }
  ],
  "blocked": false,
  "change": "complete-store-capability-migration",
  "cross_repo_dependencies": {
    "blocked_count": 0,
    "dependency_count": 0,
    "input_hash": "4c32804db9c0d3309e48dd7148eb9f3d3e23f5cd4b0110d83a6fddd7d3046f09",
    "non_claims": [
      "dependency satisfaction proves presented receipt linkage only",
      "dependency satisfaction does not prove upstream correctness or remote trust",
      "dependency satisfaction does not prove downstream integration correctness or release eligibility"
    ],
    "policy_hash": "69891b1b46c1b38dad36043d5603ad45768bbeb4bc61ad10b72bc0cbabadb0d7",
    "receipt_hash": "6767ed8b14dd8f3564cacd001ffaea47a8049f223b6d42df429717fe3476d2f6",
    "rows": [],
    "satisfied_count": 0,
    "schema": "cairn.cross-repo-dependency-receipt.v1",
    "valid": true,
    "verdict": "PASS"
  },
  "cross_repo_evidence_issues": [],
  "dry_run": false,
  "input_hash": "cad5a0e0890fe79c719e2e0902b0990599a3387df68c1fb9b01dbe6b07d095cb",
  "layout": "cairn",
  "mutated": true,
  "mutation_manifest": {
    "after": {
      "entries": [
        {
          "content_hash": "fcc6dff8798859aad6f0f31539bd7669a319d3d7b9c2a39b062f9c9efcdefdd1",
          "exists": true,
          "path": "./.cairn/archive/2026-09-02-complete-store-capability-migration/design.md"
        },
        {
          "content_hash": "49a5bf5723ba15d71a19e471ee949bbf62cb0bccb6b2c1e38e549be4a6ffd426",
          "exists": true,
          "path": "./.cairn/archive/2026-09-02-complete-store-capability-migration/evidence/architecture-validation.md"
        },
        {
          "content_hash": "b717fc2a7b6a7b189745a5cb8ae9e2db3384558795dbc86f5d138447e55609f7",
          "exists": true,
          "path": "./.cairn/archive/2026-09-02-complete-store-capability-migration/evidence/baseline-2026-09-01/cairn-gate-design.log"
        },
        {
          "content_hash": "6cfc0a61bd02acc630c2fb1ddc4fa0cfbcc2b03961cd4797f22235f69a55cc65",
          "exists": true,
          "path": "./.cairn/archive/2026-09-02-complete-store-capability-migration/evidence/baseline-2026-09-01/cairn-gate-proposal.log"
        },
        {
          "content_hash": "9522db8dc60bede1656c4dd9b18ee4beb2a7cfeb60e766d209d3df33e9b500c7",
          "exists": true,
          "path": "./.cairn/archive/2026-09-02-complete-store-capability-migration/evidence/baseline-2026-09-01/cairn-gate-tasks.log"
        },
        {
          "content_hash": "899245f1aaf070c7467b52437c39398bff105ba373c437b4e1cc4400544d954f",
          "exists": true,
          "path": "./.cairn/archive/2026-09-02-complete-store-capability-migration/evidence/baseline-2026-09-01/cairn-validate.log"
        },
        {
          "content_hash": "5f153f21d1dc711a8d727bf07bee9ed09861960ecbd10afa6c2bbe1669233037",
          "exists": true,
          "path": "./.cairn/archive/2026-09-02-complete-store-capability-migration/evidence/baseline-2026-09-01/pipeline.command.txt"
        },
        {
          "content_hash": "68e17072455a91ab735a8b2514307c3ffbf5e5b662b768c8086b04b8e378fbaa",
          "exists": true,
          "path": "./.cairn/archive/2026-09-02-complete-store-capability-migration/evidence/baseline-2026-09-01/pipeline.log"
        },
        {
          "content_hash": "148f02f92554e6acdee4cc513b5cd4e13883a1726b9dca02b19fe9a95c79a369",
          "exists": true,
          "path": "./.cairn/archive/2026-09-02-complete-store-capability-migration/evidence/baseline-2026-09-01/pipeline.status"
        },
        {
          "content_hash": "60f5727274aa9a5b64fa9efc4d077dd47a3ac638d8d117b9223877e029a47d26",
          "exists": true,
          "path": "./.cairn/archive/2026-09-02-complete-store-capability-migration/evidence/baseline-2026-09-01/remote-transfer.command.txt"
        },
        {
          "content_hash": "4869a4837932dcf4303cfa2b5ee8c5613b07eb4bfc5177c395f663d541e7d77a",
          "exists": true,
          "path": "./.cairn/archive/2026-09-02-complete-store-capability-migration/evidence/baseline-2026-09-01/remote-transfer.log"
        },
        {
          "content_hash": "148f02f92554e6acdee4cc513b5cd4e13883a1726b9dca02b19fe9a95c79a369",
          "exists": true,
          "path": "./.cairn/archive/2026-09-02-complete-store-capability-migration/evidence/baseline-2026-09-01/remote-transfer.status"
        },
        {
          "content_hash": "dd704ef71e52e1832a632565b8de30523abd0f3808b40d8be4ac5ec79953e630",
          "exists": true,
          "path": "./.cairn/archive/2026-09-02-complete-store-capability-migration/evidence/baseline-2026-09-01/store-authority-counts.txt"
        },
        {
          "content_hash": "97bde8f0017bffbecde04c433377436bf6e08892fc2c2d4672a2c24a88138409",
          "exists": true,
          "path": "./.cairn/archive/2026-09-02-complete-store-capability-migration/evidence/baseline-2026-09-01/store-authority-inventory.txt"
        },
        {
          "content_hash": "63acaeb08855384f74c97d7cf10a9dc93171b748c2b205b4e5eebeab2ee90f27",
          "exists": true,
          "path": "./.cairn/archive/2026-09-02-complete-store-capability-migration/evidence/baseline-2026-09-01/store-cmd.command.txt"
        },
        {
          "content_hash": "c3d66432d7e2afc806b9ebae0446bfa6a35e62dea26fdf9a84243e0dee0bd758",
          "exists": true,
          "path": "./.cairn/archive/2026-09-02-complete-store-capability-migration/evidence/baseline-2026-09-01/store-cmd.log"
        },
        {
          "content_hash": "148f02f92554e6acdee4cc513b5cd4e13883a1726b9dca02b19fe9a95c79a369",
          "exists": true,
          "path": "./.cairn/archive/2026-09-02-complete-store-capability-migration/evidence/baseline-2026-09-01/store-cmd.status"
        },
        {
          "content_hash": "8322b2fd712c9be6afb473ea944f239947913c2c7c0f4aa0e9e49d6f01e5b873",
          "exists": true,
          "path": "./.cairn/archive/2026-09-02-complete-store-capability-migration/evidence/baseline-2026-09-01/store.command.txt"
        },
        {
          "content_hash": "6074232b67c24cf9b1cf10294e5976f761f04ed6ed3d6d23684e13dd035ed3e7",
          "exists": true,
          "path": "./.cairn/archive/2026-09-02-complete-store-capability-migration/evidence/baseline-2026-09-01/store.log"
        },
        {
          "content_hash": "148f02f92554e6acdee4cc513b5cd4e13883a1726b9dca02b19fe9a95c79a369",
          "exists": true,
          "path": "./.cairn/archive/2026-09-02-complete-store-capability-migration/evidence/baseline-2026-09-01/store.status"
        },
        {
          "content_hash": "93f185959ec72c0b371475c511116104e362531d3bb2a2632faf78468ebd613f",
          "exists": true,
          "path": "./.cairn/archive/2026-09-02-complete-store-capability-migration/evidence/committed-validation-2026-09-02/cairn-gate-design.command.txt"
        },
        {
          "content_hash": "aacd7c61e62c8a0f32a6f39090304b7aba722b607c6fff43882459e9a36d232e",
          "exists": true,
          "path": "./.cairn/archive/2026-09-02-complete-store-capability-migration/evidence/committed-validation-2026-09-02/cairn-gate-design.log"
        },
        {
          "content_hash": "84cae243c3886cf54e8529a6c82d6806beecb8dd36a8d0e766bbab7d869bf7a7",
          "exists": true,
          "path": "./.cairn/archive/2026-09-02-complete-store-capability-migration/evidence/committed-validation-2026-09-02/cairn-gate-proposal.command.txt"
        },
        {
          "content_hash": "88bfaf28b69334fc592cf88310abd3951b0191ff28ee4fea8c4b174a32c179f0",
          "exists": true,
          "path": "./.cairn/archive/2026-09-02-complete-store-capability-migration/evidence/committed-validation-2026-09-02/cairn-gate-proposal.log"
        },
        {
          "content_hash": "9f7c3704a3c88efff2c128abc8e4e2d3d31a214902f3e93f5782cac41bc3dda4",
          "exists": true,
          "path": "./.cairn/archive/2026-09-02-complete-store-capability-migration/evidence/committed-validation-2026-09-02/cairn-gate-tasks.command.txt"
        },
        {
          "content_hash": "46c3319a190eec7ef4e7fff8a60636b4fc72fa2f153b46743bb9d2d23079a29b",
          "exists": true,
          "path": "./.cairn/archive/2026-09-02-complete-store-capability-migration/evidence/committed-validation-2026-09-02/cairn-gate-tasks.log"
        },
        {
          "content_hash": "0de2782cf4f495f568fe0004a5bec6217eccce92bed30e5b375093a1f95c190f",
          "exists": true,
          "path": "./.cairn/archive/2026-09-02-complete-store-capability-migration/evidence/committed-validation-2026-09-02/cairn-validate.command.txt"
        },
        {
          "content_hash": "7de11f512d8701e47798241b630df8c7331266b94a58c051b15b5cfbed88d990",
          "exists": true,
          "path": "./.cairn/archive/2026-09-02-complete-store-capability-migration/evidence/committed-validation-2026-09-02/cairn-validate.log"
        },
        {
          "content_hash": "148f02f92554e6acdee4cc513b5cd4e13883a1726b9dca02b19fe9a95c79a369",
          "exists": true,
          "path": "./.cairn/archive/2026-09-02-complete-store-capability-migration/evidence/committed-validation-2026-09-02/cairn.status"
        },
        {
          "content_hash": "55e45c6c3d5db568d8a277b27a545d38ed9a6a4dfcd66993241255fe4180bc41",
          "exists": true,
          "path": "./.cairn/archive/2026-09-02-complete-store-capability-migration/evidence/committed-validation-2026-09-02/clippy.command.txt"
        },
        {
          "content_hash": "bcfb54f6d18477abc4e69cf67f870cfd35368a195b4b4c595f4b07a14794cab0",
          "exists": true,
          "path": "./.cairn/archive/2026-09-02-complete-store-capability-migration/evidence/committed-validation-2026-09-02/clippy.log"
        },
        {
          "content_hash": "148f02f92554e6acdee4cc513b5cd4e13883a1726b9dca02b19fe9a95c79a369",
          "exists": true,
          "path": "./.cairn/archive/2026-09-02-complete-store-capability-migration/evidence/committed-validation-2026-09-02/clippy.status"
        },
        {
          "content_hash": "3660f2041a89fec2da814229e470134d8494ff49721d371317a3924915274591",
          "exists": true,
          "path": "./.cairn/archive/2026-09-02-complete-store-capability-migration/evidence/committed-validation-2026-09-02/formatting.command.txt"
        },
        {
          "content_hash": "af1349b9f5f9a1a6a0404dea36dcc9499bcb25c9adc112b7cc9a93cae41f3262",
          "exists": true,
          "path": "./.cairn/archive/2026-09-02-complete-store-capability-migration/evidence/committed-validation-2026-09-02/formatting.log"
        },
        {
          "content_hash": "148f02f92554e6acdee4cc513b5cd4e13883a1726b9dca02b19fe9a95c79a369",
          "exists": true,
          "path": "./.cairn/archive/2026-09-02-complete-store-capability-migration/evidence/committed-validation-2026-09-02/formatting.status"
        },
        {
          "content_hash": "8a195a87327eb65af690e2c2a6b984d4a51425486d0236aaed836e3380cf43bb",
          "exists": true,
          "path": "./.cairn/archive/2026-09-02-complete-store-capability-migration/evidence/committed-validation-2026-09-02/nix-architecture.command.txt"
        },
        {
          "content_hash": "4773278787e22c507e18e5f5c2ee8383108baaf72be41ffe8a5a2da6b4be9475",
          "exists": true,
          "path": "./.cairn/archive/2026-09-02-complete-store-capability-migration/evidence/committed-validation-2026-09-02/nix-architecture.log"
        },
        {
          "content_hash": "148f02f92554e6acdee4cc513b5cd4e13883a1726b9dca02b19fe9a95c79a369",
          "exists": true,
          "path": "./.cairn/archive/2026-09-02-complete-store-capability-migration/evidence/committed-validation-2026-09-02/nix-focused.status"
        },
        {
          "content_hash": "af5f7560f12a869379ef2179ea0cace467ae6b6bd9e10d98bb401df92040167e",
          "exists": true,
          "path": "./.cairn/archive/2026-09-02-complete-store-capability-migration/evidence/committed-validation-2026-09-02/nix-full.command.txt"
        },
        {
          "content_hash": "7429ec24293f8f1d52ed26f5377be1d50ce3c637f0800dc6efff4b53d0c4552f",
          "exists": true,
          "path": "./.cairn/archive/2026-09-02-complete-store-capability-migration/evidence/committed-validation-2026-09-02/nix-full.log"
        },
        {
          "content_hash": "50cc1102b1c612e6962547aacdcef9a400d4416ef8dd9388e885991853c400c9",
          "exists": true,
          "path": "./.cairn/archive/2026-09-02-complete-store-capability-migration/evidence/committed-validation-2026-09-02/nix-full.status"
        },
        {
          "content_hash": "ee04363d155f100e45c7b0479e6b9eec70c3e7232a66429039db2140d25dab90",
          "exists": true,
          "path": "./.cairn/archive/2026-09-02-complete-store-capability-migration/evidence/committed-validation-2026-09-02/nix-no-build.command.txt"
        },
        {
          "content_hash": "bc8e4de30216d9fdf1018b708c6b2b026a7475c310c3c8396dd6349c5c2be0de",
          "exists": true,
          "path": "./.cairn/archive/2026-09-02-complete-store-capability-migration/evidence/committed-validation-2026-09-02/nix-no-build.log"
        },
        {
          "content_hash": "71c3e1aabb0b79483a26440c18f99c033ab9ee46c74fef5765868f72aa1d491d",
          "exists": true,
          "path": "./.cairn/archive/2026-09-02-complete-store-capability-migration/evidence/committed-validation-2026-09-02/summary.md"
        },
        {
          "content_hash": "ebd9ba7594d80b556ea243f8c5c3edd1cc51f4bcf500ab38a7872f942fd4169c",
          "exists": true,
          "path": "./.cairn/archive/2026-09-02-complete-store-capability-migration/evidence/committed-validation-2026-09-02/tigerstyle.command.txt"
        },
        {
          "content_hash": "f7f64c8ac93ac0dea078e843798e2c15b5c80754b0073c4fb0efd4dc0d097f00",
          "exists": true,
          "path": "./.cairn/archive/2026-09-02-complete-store-capability-migration/evidence/committed-validation-2026-09-02/tigerstyle.log"
        },
        {
          "content_hash": "03fde0d018eaff87b28be3705bd2855e34888a342dab946ea63ebb20e08139c2",
          "exists": true,
          "path": "./.cairn/archive/2026-09-02-complete-store-capability-migration/evidence/committed-validation-2026-09-02/tracey.command.txt"
        },
        {
          "content_hash": "7dfcebb7a5640af2401e8f38a8f687c553326a9f11b82d6d49bf8459d58ffc54",
          "exists": true,
          "path": "./.cairn/archive/2026-09-02-complete-store-capability-migration/evidence/committed-validation-2026-09-02/tracey.log"
        },
        {
          "content_hash": "56ab97c3083cdde020e771fdc6f90b5cb2a0e577b869881a743fce4c24316aeb",
          "exists": true,
          "path": "./.cairn/archive/2026-09-02-complete-store-capability-migration/evidence/focused-validation.md"
        },
        {
          "content_hash": "0e139361d44baae5cdff95675aa91e56c62d07a0b04025c41a230c1d7045d30f",
          "exists": true,
          "path": "./.cairn/archive/2026-09-02-complete-store-capability-migration/evidence/implementation-2026-09-02/all-targets.command.txt"
        },
        {
          "content_hash": "9f42d097288bc76f5c0662eb3a294ee90e0a6b618a2b0345bb9c5058b6133800",
          "exists": true,
          "path": "./.cairn/archive/2026-09-02-complete-store-capability-migration/evidence/implementation-2026-09-02/all-targets.log"
        },
        {
          "content_hash": "148f02f92554e6acdee4cc513b5cd4e13883a1726b9dca02b19fe9a95c79a369",
          "exists": true,
          "path": "./.cairn/archive/2026-09-02-complete-store-capability-migration/evidence/implementation-2026-09-02/all-targets.status"
        },
        {
          "content_hash": "7901960f0f60f8665b7a56a19b157f704df662d5e8e9e32138bffad006bf78ce",
          "exists": true,
          "path": "./.cairn/archive/2026-09-02-complete-store-capability-migration/evidence/implementation-2026-09-02/architecture-check.command.txt"
        },
        {
          "content_hash": "ee0571947c8abe07c9f25dabca946426063b711a6d6d700132c25ce46350e1bb",
          "exists": true,
          "path": "./.cairn/archive/2026-09-02-complete-store-capability-migration/evidence/implementation-2026-09-02/architecture-check.log"
        },
        {
          "content_hash": "148f02f92554e6acdee4cc513b5cd4e13883a1726b9dca02b19fe9a95c79a369",
          "exists": true,
          "path": "./.cairn/archive/2026-09-02-complete-store-capability-migration/evidence/implementation-2026-09-02/architecture-check.status"
        },
        {
          "content_hash": "a6c89b46924042e51c81f5ac3faa6b379478b9a9d34266a329198c56ec0c19c6",
          "exists": true,
          "path": "./.cairn/archive/2026-09-02-complete-store-capability-migration/evidence/implementation-2026-09-02/architecture-self-test.command.txt"
        },
        {
          "content_hash": "5a86258ca26dd00fbbf9757817bf527979f0b1eb19dccc03eefbed0e76936399",
          "exists": true,
          "path": "./.cairn/archive/2026-09-02-complete-store-capability-migration/evidence/implementation-2026-09-02/architecture-self-test.log"
        },
        {
          "content_hash": "148f02f92554e6acdee4cc513b5cd4e13883a1726b9dca02b19fe9a95c79a369",
          "exists": true,
          "path": "./.cairn/archive/2026-09-02-complete-store-capability-migration/evidence/implementation-2026-09-02/architecture-self-test.status"
        },
        {
          "content_hash": "55e45c6c3d5db568d8a277b27a545d38ed9a6a4dfcd66993241255fe4180bc41",
          "exists": true,
          "path": "./.cairn/archive/2026-09-02-complete-store-capability-migration/evidence/implementation-2026-09-02/clippy.command.txt"
        },
        {
          "content_hash": "2b28d075ff55d308f8f1424f8b5c00cb059e8aeb6ea24e76fabbcc73265a2fde",
          "exists": true,
          "path": "./.cairn/archive/2026-09-02-complete-store-capability-migration/evidence/implementation-2026-09-02/clippy.log"
        },
        {
          "content_hash": "148f02f92554e6acdee4cc513b5cd4e13883a1726b9dca02b19fe9a95c79a369",
          "exists": true,
          "path": "./.cairn/archive/2026-09-02-complete-store-capability-migration/evidence/implementation-2026-09-02/clippy.status"
        },
        {
          "content_hash": "48d39032ac057582710060d5379f3765649c4a7673290ce659ffb9721a078fad",
          "exists": true,
          "path": "./.cairn/archive/2026-09-02-complete-store-capability-migration/evidence/implementation-2026-09-02/durable-publication.command.txt"
        },
        {
          "content_hash": "04d1d3e134fa30ecea1a0b6259f0aa2dbc2f1d86573dd75ac2c73d74130b4ee5",
          "exists": true,
          "path": "./.cairn/archive/2026-09-02-complete-store-capability-migration/evidence/implementation-2026-09-02/durable-publication.log"
        },
        {
          "content_hash": "148f02f92554e6acdee4cc513b5cd4e13883a1726b9dca02b19fe9a95c79a369",
          "exists": true,
          "path": "./.cairn/archive/2026-09-02-complete-store-capability-migration/evidence/implementation-2026-09-02/durable-publication.status"
        },
        {
          "content_hash": "148f02f92554e6acdee4cc513b5cd4e13883a1726b9dca02b19fe9a95c79a369",
          "exists": true,
          "path": "./.cairn/archive/2026-09-02-complete-store-capability-migration/evidence/implementation-2026-09-02/exact-focused.status"
        },
        {
          "content_hash": "6356bdca47aa4c4d63fae5424167845ef689b244d50c1f9babd4d774df1f874b",
          "exists": true,
          "path": "./.cairn/archive/2026-09-02-complete-store-capability-migration/evidence/implementation-2026-09-02/formatting.command.txt"
        },
        {
          "content_hash": "af1349b9f5f9a1a6a0404dea36dcc9499bcb25c9adc112b7cc9a93cae41f3262",
          "exists": true,
          "path": "./.cairn/archive/2026-09-02-complete-store-capability-migration/evidence/implementation-2026-09-02/formatting.log"
        },
        {
          "content_hash": "148f02f92554e6acdee4cc513b5cd4e13883a1726b9dca02b19fe9a95c79a369",
          "exists": true,
          "path": "./.cairn/archive/2026-09-02-complete-store-capability-migration/evidence/implementation-2026-09-02/formatting.status"
        },
        {
          "content_hash": "28ad177b5de38ed7116d9d97e79cb0c9af69f7b23621ac127f9b8353f1e7d85b",
          "exists": true,
          "path": "./.cairn/archive/2026-09-02-complete-store-capability-migration/evidence/implementation-2026-09-02/nix-architecture.command.txt"
        },
        {
          "content_hash": "1e4f2d77753461feb8abee43a2fb637f8860a68811badb4c98c6ddd1ad57c166",
          "exists": true,
          "path": "./.cairn/archive/2026-09-02-complete-store-capability-migration/evidence/implementation-2026-09-02/nix-architecture.log"
        },
        {
          "content_hash": "148f02f92554e6acdee4cc513b5cd4e13883a1726b9dca02b19fe9a95c79a369",
          "exists": true,
          "path": "./.cairn/archive/2026-09-02-complete-store-capability-migration/evidence/implementation-2026-09-02/nix-architecture.status"
        },
        {
          "content_hash": "dccfc8b44ec3251c7a622b402183c447170e08cc19b913e28ec503644f1609e7",
          "exists": true,
          "path": "./.cairn/archive/2026-09-02-complete-store-capability-migration/evidence/implementation-2026-09-02/nix-no-build.command.txt"
        },
        {
          "content_hash": "129e12dde28f098263f37772747c375fe0bd6c5f8182c794be165deeed735193",
          "exists": true,
          "path": "./.cairn/archive/2026-09-02-complete-store-capability-migration/evidence/implementation-2026-09-02/nix-no-build.log"
        },
        {
          "content_hash": "148f02f92554e6acdee4cc513b5cd4e13883a1726b9dca02b19fe9a95c79a369",
          "exists": true,
          "path": "./.cairn/archive/2026-09-02-complete-store-capability-migration/evidence/implementation-2026-09-02/nix-no-build.status"
        },
        {
          "content_hash": "5f153f21d1dc711a8d727bf07bee9ed09861960ecbd10afa6c2bbe1669233037",
          "exists": true,
          "path": "./.cairn/archive/2026-09-02-complete-store-capability-migration/evidence/implementation-2026-09-02/pipeline.command.txt"
        },
        {
          "content_hash": "3605cf8eb0d84f7dd272ac0b9e9cff7e4f4c133e574761e4e44b979ecbd672ac",
          "exists": true,
          "path": "./.cairn/archive/2026-09-02-complete-store-capability-migration/evidence/implementation-2026-09-02/pipeline.log"
        },
        {
          "content_hash": "148f02f92554e6acdee4cc513b5cd4e13883a1726b9dca02b19fe9a95c79a369",
          "exists": true,
          "path": "./.cairn/archive/2026-09-02-complete-store-capability-migration/evidence/implementation-2026-09-02/pipeline.status"
        },
        {
          "content_hash": "148f02f92554e6acdee4cc513b5cd4e13883a1726b9dca02b19fe9a95c79a369",
          "exists": true,
          "path": "./.cairn/archive/2026-09-02-complete-store-capability-migration/evidence/implementation-2026-09-02/root-focused.status"
        },
        {
          "content_hash": "60f5727274aa9a5b64fa9efc4d077dd47a3ac638d8d117b9223877e029a47d26",
          "exists": true,
          "path": "./.cairn/archive/2026-09-02-complete-store-capability-migration/evidence/implementation-2026-09-02/root-remote-transfer.command.txt"
        },
        {
          "content_hash": "0d6b5e46bef650009bde68de2b386f695eb33e1e5321eabcd4022820fed9ddbd",
          "exists": true,
          "path": "./.cairn/archive/2026-09-02-complete-store-capability-migration/evidence/implementation-2026-09-02/root-remote-transfer.log"
        },
        {
          "content_hash": "63acaeb08855384f74c97d7cf10a9dc93171b748c2b205b4e5eebeab2ee90f27",
          "exists": true,
          "path": "./.cairn/archive/2026-09-02-complete-store-capability-migration/evidence/implementation-2026-09-02/root-store-cmd.command.txt"
        },
        {
          "content_hash": "f7fd382505aba8a5d6ab48c3af7ec495914db4b3b5c8414f1e1973d1ada72cbb",
          "exists": true,
          "path": "./.cairn/archive/2026-09-02-complete-store-capability-migration/evidence/implementation-2026-09-02/root-store-cmd.log"
        },
        {
          "content_hash": "167e9da91fa4c0d7adb7ec788cdc6d5a2505dbe85275570c02b80369e15a0ba4",
          "exists": true,
          "path": "./.cairn/archive/2026-09-02-complete-store-capability-migration/evidence/implementation-2026-09-02/store-cache-delta.command.txt"
        },
        {
          "content_hash": "4c8aefc13585b38a59c7f22cf7889814dae48676349f0335cb00da4ed9b712de",
          "exists": true,
          "path": "./.cairn/archive/2026-09-02-complete-store-capability-migration/evidence/implementation-2026-09-02/store-cache-delta.log"
        },
        {
          "content_hash": "148f02f92554e6acdee4cc513b5cd4e13883a1726b9dca02b19fe9a95c79a369",
          "exists": true,
          "path": "./.cairn/archive/2026-09-02-complete-store-capability-migration/evidence/implementation-2026-09-02/store-cache-delta.status"
        },
        {
          "content_hash": "4cfb20da44a97525b9e47a15aea15bf2b7841dc8144e74bd98d2c01b6f2b53e9",
          "exists": true,
          "path": "./.cairn/archive/2026-09-02-complete-store-capability-migration/evidence/implementation-2026-09-02/store-doctest.command.txt"
        },
        {
          "content_hash": "2dace081295d25503b4c19f1e7c7bedcb9084e873322bd8b45ace0f59ac381bb",
          "exists": true,
          "path": "./.cairn/archive/2026-09-02-complete-store-capability-migration/evidence/implementation-2026-09-02/store-doctest.log"
        },
        {
          "content_hash": "148f02f92554e6acdee4cc513b5cd4e13883a1726b9dca02b19fe9a95c79a369",
          "exists": true,
          "path": "./.cairn/archive/2026-09-02-complete-store-capability-migration/evidence/implementation-2026-09-02/store-doctest.status"
        },
        {
          "content_hash": "8322b2fd712c9be6afb473ea944f239947913c2c7c0f4aa0e9e49d6f01e5b873",
          "exists": true,
          "path": "./.cairn/archive/2026-09-02-complete-store-capability-migration/evidence/implementation-2026-09-02/store.command.txt"
        },
        {
          "content_hash": "c852996d3896f7996dc2fe56daeee172cf5f4631190ac47985aef896039ec418",
          "exists": true,
          "path": "./.cairn/archive/2026-09-02-complete-store-capability-migration/evidence/implementation-2026-09-02/store.log"
        },
        {
          "content_hash": "55e3943427c857569ca1e6625eb36b47476a2cf946a97b3bee4d4c3335fd322e",
          "exists": true,
          "path": "./.cairn/archive/2026-09-02-complete-store-capability-migration/evidence/implementation-2026-09-02/summary.md"
        },
        {
          "content_hash": "b22d26d287cc67b2b4aa371f1e02a94872b0144dd949ddba37d1cd857516f74f",
          "exists": true,
          "path": "./.cairn/archive/2026-09-02-complete-store-capability-migration/evidence/implementation-2026-09-02/tigerstyle.command.txt"
        },
        {
          "content_hash": "dba169079f22a28c7a229213bc96ef11da399b5703df905df9705e7453ff102d",
          "exists": true,
          "path": "./.cairn/archive/2026-09-02-complete-store-capability-migration/evidence/implementation-2026-09-02/tigerstyle.log"
        },
        {
          "content_hash": "148f02f92554e6acdee4cc513b5cd4e13883a1726b9dca02b19fe9a95c79a369",
          "exists": true,
          "path": "./.cairn/archive/2026-09-02-complete-store-capability-migration/evidence/implementation-2026-09-02/tigerstyle.status"
        },
        {
          "content_hash": "076e8cd7a14323288c8e8042956d82024793dd1a69e3ac666b1e1a4857f2d4fc",
          "exists": true,
          "path": "./.cairn/archive/2026-09-02-complete-store-capability-migration/proposal.md"
        },
        {
          "content_hash": "c87d1fb9a8ef392c5fed573b0ccd0fc55f1b13a666033b4be2abaaa49f12b91d",
          "exists": true,
          "path": "./.cairn/archive/2026-09-02-complete-store-capability-migration/specs/store-lifecycle/spec.md"
        },
        {
          "content_hash": "a1f11d6a7aacbcb0ff15376711502b885a5bb364b6c6baaeb8c805f3d0167292",
          "exists": true,
          "path": "./.cairn/archive/2026-09-02-complete-store-capability-migration/tasks.md"
        },
        {
          "content_hash": null,
          "exists": false,
          "path": "./.cairn/changes/complete-store-capability-migration"
        }
      ],
      "manifest_hash": "983a1fd829e1effda3a4da4ca8474d8c9c539bc0866b6a41c37875a9623eb021"
    },
    "before": {
      "entries": [
        {
          "content_hash": "fcc6dff8798859aad6f0f31539bd7669a319d3d7b9c2a39b062f9c9efcdefdd1",
          "exists": true,
          "path": "./.cairn/changes/complete-store-capability-migration/design.md"
        },
        {
          "content_hash": "49a5bf5723ba15d71a19e471ee949bbf62cb0bccb6b2c1e38e549be4a6ffd426",
          "exists": true,
          "path": "./.cairn/changes/complete-store-capability-migration/evidence/architecture-validation.md"
        },
        {
          "content_hash": "b717fc2a7b6a7b189745a5cb8ae9e2db3384558795dbc86f5d138447e55609f7",
          "exists": true,
          "path": "./.cairn/changes/complete-store-capability-migration/evidence/baseline-2026-09-01/cairn-gate-design.log"
        },
        {
          "content_hash": "6cfc0a61bd02acc630c2fb1ddc4fa0cfbcc2b03961cd4797f22235f69a55cc65",
          "exists": true,
          "path": "./.cairn/changes/complete-store-capability-migration/evidence/baseline-2026-09-01/cairn-gate-proposal.log"
        },
        {
          "content_hash": "9522db8dc60bede1656c4dd9b18ee4beb2a7cfeb60e766d209d3df33e9b500c7",
          "exists": true,
          "path": "./.cairn/changes/complete-store-capability-migration/evidence/baseline-2026-09-01/cairn-gate-tasks.log"
        },
        {
          "content_hash": "899245f1aaf070c7467b52437c39398bff105ba373c437b4e1cc4400544d954f",
          "exists": true,
          "path": "./.cairn/changes/complete-store-capability-migration/evidence/baseline-2026-09-01/cairn-validate.log"
        },
        {
          "content_hash": "5f153f21d1dc711a8d727bf07bee9ed09861960ecbd10afa6c2bbe1669233037",
          "exists": true,
          "path": "./.cairn/changes/complete-store-capability-migration/evidence/baseline-2026-09-01/pipeline.command.txt"
        },
        {
          "content_hash": "68e17072455a91ab735a8b2514307c3ffbf5e5b662b768c8086b04b8e378fbaa",
          "exists": true,
          "path": "./.cairn/changes/complete-store-capability-migration/evidence/baseline-2026-09-01/pipeline.log"
        },
        {
          "content_hash": "148f02f92554e6acdee4cc513b5cd4e13883a1726b9dca02b19fe9a95c79a369",
          "exists": true,
          "path": "./.cairn/changes/complete-store-capability-migration/evidence/baseline-2026-09-01/pipeline.status"
        },
        {
          "content_hash": "60f5727274aa9a5b64fa9efc4d077dd47a3ac638d8d117b9223877e029a47d26",
          "exists": true,
          "path": "./.cairn/changes/complete-store-capability-migration/evidence/baseline-2026-09-01/remote-transfer.command.txt"
        },
        {
          "content_hash": "4869a4837932dcf4303cfa2b5ee8c5613b07eb4bfc5177c395f663d541e7d77a",
          "exists": true,
          "path": "./.cairn/changes/complete-store-capability-migration/evidence/baseline-2026-09-01/remote-transfer.log"
        },
        {
          "content_hash": "148f02f92554e6acdee4cc513b5cd4e13883a1726b9dca02b19fe9a95c79a369",
          "exists": true,
          "path": "./.cairn/changes/complete-store-capability-migration/evidence/baseline-2026-09-01/remote-transfer.status"
        },
        {
          "content_hash": "dd704ef71e52e1832a632565b8de30523abd0f3808b40d8be4ac5ec79953e630",
          "exists": true,
          "path": "./.cairn/changes/complete-store-capability-migration/evidence/baseline-2026-09-01/store-authority-counts.txt"
        },
        {
          "content_hash": "97bde8f0017bffbecde04c433377436bf6e08892fc2c2d4672a2c24a88138409",
          "exists": true,
          "path": "./.cairn/changes/complete-store-capability-migration/evidence/baseline-2026-09-01/store-authority-inventory.txt"
        },
        {
          "content_hash": "63acaeb08855384f74c97d7cf10a9dc93171b748c2b205b4e5eebeab2ee90f27",
          "exists": true,
          "path": "./.cairn/changes/complete-store-capability-migration/evidence/baseline-2026-09-01/store-cmd.command.txt"
        },
        {
          "content_hash": "c3d66432d7e2afc806b9ebae0446bfa6a35e62dea26fdf9a84243e0dee0bd758",
          "exists": true,
          "path": "./.cairn/changes/complete-store-capability-migration/evidence/baseline-2026-09-01/store-cmd.log"
        },
        {
          "content_hash": "148f02f92554e6acdee4cc513b5cd4e13883a1726b9dca02b19fe9a95c79a369",
          "exists": true,
          "path": "./.cairn/changes/complete-store-capability-migration/evidence/baseline-2026-09-01/store-cmd.status"
        },
        {
          "content_hash": "8322b2fd712c9be6afb473ea944f239947913c2c7c0f4aa0e9e49d6f01e5b873",
          "exists": true,
          "path": "./.cairn/changes/complete-store-capability-migration/evidence/baseline-2026-09-01/store.command.txt"
        },
        {
          "content_hash": "6074232b67c24cf9b1cf10294e5976f761f04ed6ed3d6d23684e13dd035ed3e7",
          "exists": true,
          "path": "./.cairn/changes/complete-store-capability-migration/evidence/baseline-2026-09-01/store.log"
        },
        {
          "content_hash": "148f02f92554e6acdee4cc513b5cd4e13883a1726b9dca02b19fe9a95c79a369",
          "exists": true,
          "path": "./.cairn/changes/complete-store-capability-migration/evidence/baseline-2026-09-01/store.status"
        },
        {
          "content_hash": "93f185959ec72c0b371475c511116104e362531d3bb2a2632faf78468ebd613f",
          "exists": true,
          "path": "./.cairn/changes/complete-store-capability-migration/evidence/committed-validation-2026-09-02/cairn-gate-design.command.txt"
        },
        {
          "content_hash": "aacd7c61e62c8a0f32a6f39090304b7aba722b607c6fff43882459e9a36d232e",
          "exists": true,
          "path": "./.cairn/changes/complete-store-capability-migration/evidence/committed-validation-2026-09-02/cairn-gate-design.log"
        },
        {
          "content_hash": "84cae243c3886cf54e8529a6c82d6806beecb8dd36a8d0e766bbab7d869bf7a7",
          "exists": true,
          "path": "./.cairn/changes/complete-store-capability-migration/evidence/committed-validation-2026-09-02/cairn-gate-proposal.command.txt"
        },
        {
          "content_hash": "88bfaf28b69334fc592cf88310abd3951b0191ff28ee4fea8c4b174a32c179f0",
          "exists": true,
          "path": "./.cairn/changes/complete-store-capability-migration/evidence/committed-validation-2026-09-02/cairn-gate-proposal.log"
        },
        {
          "content_hash": "9f7c3704a3c88efff2c128abc8e4e2d3d31a214902f3e93f5782cac41bc3dda4",
          "exists": true,
          "path": "./.cairn/changes/complete-store-capability-migration/evidence/committed-validation-2026-09-02/cairn-gate-tasks.command.txt"
        },
        {
          "content_hash": "46c3319a190eec7ef4e7fff8a60636b4fc72fa2f153b46743bb9d2d23079a29b",
          "exists": true,
          "path": "./.cairn/changes/complete-store-capability-migration/evidence/committed-validation-2026-09-02/cairn-gate-tasks.log"
        },
        {
          "content_hash": "0de2782cf4f495f568fe0004a5bec6217eccce92bed30e5b375093a1f95c190f",
          "exists": true,
          "path": "./.cairn/changes/complete-store-capability-migration/evidence/committed-validation-2026-09-02/cairn-validate.command.txt"
        },
        {
          "content_hash": "7de11f512d8701e47798241b630df8c7331266b94a58c051b15b5cfbed88d990",
          "exists": true,
          "path": "./.cairn/changes/complete-store-capability-migration/evidence/committed-validation-2026-09-02/cairn-validate.log"
        },
        {
          "content_hash": "148f02f92554e6acdee4cc513b5cd4e13883a1726b9dca02b19fe9a95c79a369",
          "exists": true,
          "path": "./.cairn/changes/complete-store-capability-migration/evidence/committed-validation-2026-09-02/cairn.status"
        },
        {
          "content_hash": "55e45c6c3d5db568d8a277b27a545d38ed9a6a4dfcd66993241255fe4180bc41",
          "exists": true,
          "path": "./.cairn/changes/complete-store-capability-migration/evidence/committed-validation-2026-09-02/clippy.command.txt"
        },
        {
          "content_hash": "bcfb54f6d18477abc4e69cf67f870cfd35368a195b4b4c595f4b07a14794cab0",
          "exists": true,
          "path": "./.cairn/changes/complete-store-capability-migration/evidence/committed-validation-2026-09-02/clippy.log"
        },
        {
          "content_hash": "148f02f92554e6acdee4cc513b5cd4e13883a1726b9dca02b19fe9a95c79a369",
          "exists": true,
          "path": "./.cairn/changes/complete-store-capability-migration/evidence/committed-validation-2026-09-02/clippy.status"
        },
        {
          "content_hash": "3660f2041a89fec2da814229e470134d8494ff49721d371317a3924915274591",
          "exists": true,
          "path": "./.cairn/changes/complete-store-capability-migration/evidence/committed-validation-2026-09-02/formatting.command.txt"
        },
        {
          "content_hash": "af1349b9f5f9a1a6a0404dea36dcc9499bcb25c9adc112b7cc9a93cae41f3262",
          "exists": true,
          "path": "./.cairn/changes/complete-store-capability-migration/evidence/committed-validation-2026-09-02/formatting.log"
        },
        {
          "content_hash": "148f02f92554e6acdee4cc513b5cd4e13883a1726b9dca02b19fe9a95c79a369",
          "exists": true,
          "path": "./.cairn/changes/complete-store-capability-migration/evidence/committed-validation-2026-09-02/formatting.status"
        },
        {
          "content_hash": "8a195a87327eb65af690e2c2a6b984d4a51425486d0236aaed836e3380cf43bb",
          "exists": true,
          "path": "./.cairn/changes/complete-store-capability-migration/evidence/committed-validation-2026-09-02/nix-architecture.command.txt"
        },
        {
          "content_hash": "4773278787e22c507e18e5f5c2ee8383108baaf72be41ffe8a5a2da6b4be9475",
          "exists": true,
          "path": "./.cairn/changes/complete-store-capability-migration/evidence/committed-validation-2026-09-02/nix-architecture.log"
        },
        {
          "content_hash": "148f02f92554e6acdee4cc513b5cd4e13883a1726b9dca02b19fe9a95c79a369",
          "exists": true,
          "path": "./.cairn/changes/complete-store-capability-migration/evidence/committed-validation-2026-09-02/nix-focused.status"
        },
        {
          "content_hash": "af5f7560f12a869379ef2179ea0cace467ae6b6bd9e10d98bb401df92040167e",
          "exists": true,
          "path": "./.cairn/changes/complete-store-capability-migration/evidence/committed-validation-2026-09-02/nix-full.command.txt"
        },
        {
          "content_hash": "7429ec24293f8f1d52ed26f5377be1d50ce3c637f0800dc6efff4b53d0c4552f",
          "exists": true,
          "path": "./.cairn/changes/complete-store-capability-migration/evidence/committed-validation-2026-09-02/nix-full.log"
        },
        {
          "content_hash": "50cc1102b1c612e6962547aacdcef9a400d4416ef8dd9388e885991853c400c9",
          "exists": true,
          "path": "./.cairn/changes/complete-store-capability-migration/evidence/committed-validation-2026-09-02/nix-full.status"
        },
        {
          "content_hash": "ee04363d155f100e45c7b0479e6b9eec70c3e7232a66429039db2140d25dab90",
          "exists": true,
          "path": "./.cairn/changes/complete-store-capability-migration/evidence/committed-validation-2026-09-02/nix-no-build.command.txt"
        },
        {
          "content_hash": "bc8e4de30216d9fdf1018b708c6b2b026a7475c310c3c8396dd6349c5c2be0de",
          "exists": true,
          "path": "./.cairn/changes/complete-store-capability-migration/evidence/committed-validation-2026-09-02/nix-no-build.log"
        },
        {
          "content_hash": "71c3e1aabb0b79483a26440c18f99c033ab9ee46c74fef5765868f72aa1d491d",
          "exists": true,
          "path": "./.cairn/changes/complete-store-capability-migration/evidence/committed-validation-2026-09-02/summary.md"
        },
        {
          "content_hash": "ebd9ba7594d80b556ea243f8c5c3edd1cc51f4bcf500ab38a7872f942fd4169c",
          "exists": true,
          "path": "./.cairn/changes/complete-store-capability-migration/evidence/committed-validation-2026-09-02/tigerstyle.command.txt"
        },
        {
          "content_hash": "f7f64c8ac93ac0dea078e843798e2c15b5c80754b0073c4fb0efd4dc0d097f00",
          "exists": true,
          "path": "./.cairn/changes/complete-store-capability-migration/evidence/committed-validation-2026-09-02/tigerstyle.log"
        },
        {
          "content_hash": "03fde0d018eaff87b28be3705bd2855e34888a342dab946ea63ebb20e08139c2",
          "exists": true,
          "path": "./.cairn/changes/complete-store-capability-migration/evidence/committed-validation-2026-09-02/tracey.command.txt"
        },
        {
          "content_hash": "7dfcebb7a5640af2401e8f38a8f687c553326a9f11b82d6d49bf8459d58ffc54",
          "exists": true,
          "path": "./.cairn/changes/complete-store-capability-migration/evidence/committed-validation-2026-09-02/tracey.log"
        },
        {
          "content_hash": "56ab97c3083cdde020e771fdc6f90b5cb2a0e577b869881a743fce4c24316aeb",
          "exists": true,
          "path": "./.cairn/changes/complete-store-capability-migration/evidence/focused-validation.md"
        },
        {
          "content_hash": "0e139361d44baae5cdff95675aa91e56c62d07a0b04025c41a230c1d7045d30f",
          "exists": true,
          "path": "./.cairn/changes/complete-store-capability-migration/evidence/implementation-2026-09-02/all-targets.command.txt"
        },
        {
          "content_hash": "9f42d097288bc76f5c0662eb3a294ee90e0a6b618a2b0345bb9c5058b6133800",
          "exists": true,
          "path": "./.cairn/changes/complete-store-capability-migration/evidence/implementation-2026-09-02/all-targets.log"
        },
        {
          "content_hash": "148f02f92554e6acdee4cc513b5cd4e13883a1726b9dca02b19fe9a95c79a369",
          "exists": true,
          "path": "./.cairn/changes/complete-store-capability-migration/evidence/implementation-2026-09-02/all-targets.status"
        },
        {
          "content_hash": "7901960f0f60f8665b7a56a19b157f704df662d5e8e9e32138bffad006bf78ce",
          "exists": true,
          "path": "./.cairn/changes/complete-store-capability-migration/evidence/implementation-2026-09-02/architecture-check.command.txt"
        },
        {
          "content_hash": "ee0571947c8abe07c9f25dabca946426063b711a6d6d700132c25ce46350e1bb",
          "exists": true,
          "path": "./.cairn/changes/complete-store-capability-migration/evidence/implementation-2026-09-02/architecture-check.log"
        },
        {
          "content_hash": "148f02f92554e6acdee4cc513b5cd4e13883a1726b9dca02b19fe9a95c79a369",
          "exists": true,
          "path": "./.cairn/changes/complete-store-capability-migration/evidence/implementation-2026-09-02/architecture-check.status"
        },
        {
          "content_hash": "a6c89b46924042e51c81f5ac3faa6b379478b9a9d34266a329198c56ec0c19c6",
          "exists": true,
          "path": "./.cairn/changes/complete-store-capability-migration/evidence/implementation-2026-09-02/architecture-self-test.command.txt"
        },
        {
          "content_hash": "5a86258ca26dd00fbbf9757817bf527979f0b1eb19dccc03eefbed0e76936399",
          "exists": true,
          "path": "./.cairn/changes/complete-store-capability-migration/evidence/implementation-2026-09-02/architecture-self-test.log"
        },
        {
          "content_hash": "148f02f92554e6acdee4cc513b5cd4e13883a1726b9dca02b19fe9a95c79a369",
          "exists": true,
          "path": "./.cairn/changes/complete-store-capability-migration/evidence/implementation-2026-09-02/architecture-self-test.status"
        },
        {
          "content_hash": "55e45c6c3d5db568d8a277b27a545d38ed9a6a4dfcd66993241255fe4180bc41",
          "exists": true,
          "path": "./.cairn/changes/complete-store-capability-migration/evidence/implementation-2026-09-02/clippy.command.txt"
        },
        {
          "content_hash": "2b28d075ff55d308f8f1424f8b5c00cb059e8aeb6ea24e76fabbcc73265a2fde",
          "exists": true,
          "path": "./.cairn/changes/complete-store-capability-migration/evidence/implementation-2026-09-02/clippy.log"
        },
        {
          "content_hash": "148f02f92554e6acdee4cc513b5cd4e13883a1726b9dca02b19fe9a95c79a369",
          "exists": true,
          "path": "./.cairn/changes/complete-store-capability-migration/evidence/implementation-2026-09-02/clippy.status"
        },
        {
          "content_hash": "48d39032ac057582710060d5379f3765649c4a7673290ce659ffb9721a078fad",
          "exists": true,
          "path": "./.cairn/changes/complete-store-capability-migration/evidence/implementation-2026-09-02/durable-publication.command.txt"
        },
        {
          "content_hash": "04d1d3e134fa30ecea1a0b6259f0aa2dbc2f1d86573dd75ac2c73d74130b4ee5",
          "exists": true,
          "path": "./.cairn/changes/complete-store-capability-migration/evidence/implementation-2026-09-02/durable-publication.log"
        },
        {
          "content_hash": "148f02f92554e6acdee4cc513b5cd4e13883a1726b9dca02b19fe9a95c79a369",
          "exists": true,
          "path": "./.cairn/changes/complete-store-capability-migration/evidence/implementation-2026-09-02/durable-publication.status"
        },
        {
          "content_hash": "148f02f92554e6acdee4cc513b5cd4e13883a1726b9dca02b19fe9a95c79a369",
          "exists": true,
          "path": "./.cairn/changes/complete-store-capability-migration/evidence/implementation-2026-09-02/exact-focused.status"
        },
        {
          "content_hash": "6356bdca47aa4c4d63fae5424167845ef689b244d50c1f9babd4d774df1f874b",
          "exists": true,
          "path": "./.cairn/changes/complete-store-capability-migration/evidence/implementation-2026-09-02/formatting.command.txt"
        },
        {
          "content_hash": "af1349b9f5f9a1a6a0404dea36dcc9499bcb25c9adc112b7cc9a93cae41f3262",
          "exists": true,
          "path": "./.cairn/changes/complete-store-capability-migration/evidence/implementation-2026-09-02/formatting.log"
        },
        {
          "content_hash": "148f02f92554e6acdee4cc513b5cd4e13883a1726b9dca02b19fe9a95c79a369",
          "exists": true,
          "path": "./.cairn/changes/complete-store-capability-migration/evidence/implementation-2026-09-02/formatting.status"
        },
        {
          "content_hash": "28ad177b5de38ed7116d9d97e79cb0c9af69f7b23621ac127f9b8353f1e7d85b",
          "exists": true,
          "path": "./.cairn/changes/complete-store-capability-migration/evidence/implementation-2026-09-02/nix-architecture.command.txt"
        },
        {
          "content_hash": "1e4f2d77753461feb8abee43a2fb637f8860a68811badb4c98c6ddd1ad57c166",
          "exists": true,
          "path": "./.cairn/changes/complete-store-capability-migration/evidence/implementation-2026-09-02/nix-architecture.log"
        },
        {
          "content_hash": "148f02f92554e6acdee4cc513b5cd4e13883a1726b9dca02b19fe9a95c79a369",
          "exists": true,
          "path": "./.cairn/changes/complete-store-capability-migration/evidence/implementation-2026-09-02/nix-architecture.status"
        },
        {
          "content_hash": "dccfc8b44ec3251c7a622b402183c447170e08cc19b913e28ec503644f1609e7",
          "exists": true,
          "path": "./.cairn/changes/complete-store-capability-migration/evidence/implementation-2026-09-02/nix-no-build.command.txt"
        },
        {
          "content_hash": "129e12dde28f098263f37772747c375fe0bd6c5f8182c794be165deeed735193",
          "exists": true,
          "path": "./.cairn/changes/complete-store-capability-migration/evidence/implementation-2026-09-02/nix-no-build.log"
        },
        {
          "content_hash": "148f02f92554e6acdee4cc513b5cd4e13883a1726b9dca02b19fe9a95c79a369",
          "exists": true,
          "path": "./.cairn/changes/complete-store-capability-migration/evidence/implementation-2026-09-02/nix-no-build.status"
        },
        {
          "content_hash": "5f153f21d1dc711a8d727bf07bee9ed09861960ecbd10afa6c2bbe1669233037",
          "exists": true,
          "path": "./.cairn/changes/complete-store-capability-migration/evidence/implementation-2026-09-02/pipeline.command.txt"
        },
        {
          "content_hash": "3605cf8eb0d84f7dd272ac0b9e9cff7e4f4c133e574761e4e44b979ecbd672ac",
          "exists": true,
          "path": "./.cairn/changes/complete-store-capability-migration/evidence/implementation-2026-09-02/pipeline.log"
        },
        {
          "content_hash": "148f02f92554e6acdee4cc513b5cd4e13883a1726b9dca02b19fe9a95c79a369",
          "exists": true,
          "path": "./.cairn/changes/complete-store-capability-migration/evidence/implementation-2026-09-02/pipeline.status"
        },
        {
          "content_hash": "148f02f92554e6acdee4cc513b5cd4e13883a1726b9dca02b19fe9a95c79a369",
          "exists": true,
          "path": "./.cairn/changes/complete-store-capability-migration/evidence/implementation-2026-09-02/root-focused.status"
        },
        {
          "content_hash": "60f5727274aa9a5b64fa9efc4d077dd47a3ac638d8d117b9223877e029a47d26",
          "exists": true,
          "path": "./.cairn/changes/complete-store-capability-migration/evidence/implementation-2026-09-02/root-remote-transfer.command.txt"
        },
        {
          "content_hash": "0d6b5e46bef650009bde68de2b386f695eb33e1e5321eabcd4022820fed9ddbd",
          "exists": true,
          "path": "./.cairn/changes/complete-store-capability-migration/evidence/implementation-2026-09-02/root-remote-transfer.log"
        },
        {
          "content_hash": "63acaeb08855384f74c97d7cf10a9dc93171b748c2b205b4e5eebeab2ee90f27",
          "exists": true,
          "path": "./.cairn/changes/complete-store-capability-migration/evidence/implementation-2026-09-02/root-store-cmd.command.txt"
        },
        {
          "content_hash": "f7fd382505aba8a5d6ab48c3af7ec495914db4b3b5c8414f1e1973d1ada72cbb",
          "exists": true,
          "path": "./.cairn/changes/complete-store-capability-migration/evidence/implementation-2026-09-02/root-store-cmd.log"
        },
        {
          "content_hash": "167e9da91fa4c0d7adb7ec788cdc6d5a2505dbe85275570c02b80369e15a0ba4",
          "exists": true,
          "path": "./.cairn/changes/complete-store-capability-migration/evidence/implementation-2026-09-02/store-cache-delta.command.txt"
        },
        {
          "content_hash": "4c8aefc13585b38a59c7f22cf7889814dae48676349f0335cb00da4ed9b712de",
          "exists": true,
          "path": "./.cairn/changes/complete-store-capability-migration/evidence/implementation-2026-09-02/store-cache-delta.log"
        },
        {
          "content_hash": "148f02f92554e6acdee4cc513b5cd4e13883a1726b9dca02b19fe9a95c79a369",
          "exists": true,
          "path": "./.cairn/changes/complete-store-capability-migration/evidence/implementation-2026-09-02/store-cache-delta.status"
        },
        {
          "content_hash": "4cfb20da44a97525b9e47a15aea15bf2b7841dc8144e74bd98d2c01b6f2b53e9",
          "exists": true,
          "path": "./.cairn/changes/complete-store-capability-migration/evidence/implementation-2026-09-02/store-doctest.command.txt"
        },
        {
          "content_hash": "2dace081295d25503b4c19f1e7c7bedcb9084e873322bd8b45ace0f59ac381bb",
          "exists": true,
          "path": "./.cairn/changes/complete-store-capability-migration/evidence/implementation-2026-09-02/store-doctest.log"
        },
        {
          "content_hash": "148f02f92554e6acdee4cc513b5cd4e13883a1726b9dca02b19fe9a95c79a369",
          "exists": true,
          "path": "./.cairn/changes/complete-store-capability-migration/evidence/implementation-2026-09-02/store-doctest.status"
        },
        {
          "content_hash": "8322b2fd712c9be6afb473ea944f239947913c2c7c0f4aa0e9e49d6f01e5b873",
          "exists": true,
          "path": "./.cairn/changes/complete-store-capability-migration/evidence/implementation-2026-09-02/store.command.txt"
        },
        {
          "content_hash": "c852996d3896f7996dc2fe56daeee172cf5f4631190ac47985aef896039ec418",
          "exists": true,
          "path": "./.cairn/changes/complete-store-capability-migration/evidence/implementation-2026-09-02/store.log"
        },
        {
          "content_hash": "55e3943427c857569ca1e6625eb36b47476a2cf946a97b3bee4d4c3335fd322e",
          "exists": true,
          "path": "./.cairn/changes/complete-store-capability-migration/evidence/implementation-2026-09-02/summary.md"
        },
        {
          "content_hash": "b22d26d287cc67b2b4aa371f1e02a94872b0144dd949ddba37d1cd857516f74f",
          "exists": true,
          "path": "./.cairn/changes/complete-store-capability-migration/evidence/implementation-2026-09-02/tigerstyle.command.txt"
        },
        {
          "content_hash": "dba169079f22a28c7a229213bc96ef11da399b5703df905df9705e7453ff102d",
          "exists": true,
          "path": "./.cairn/changes/complete-store-capability-migration/evidence/implementation-2026-09-02/tigerstyle.log"
        },
        {
          "content_hash": "148f02f92554e6acdee4cc513b5cd4e13883a1726b9dca02b19fe9a95c79a369",
          "exists": true,
          "path": "./.cairn/changes/complete-store-capability-migration/evidence/implementation-2026-09-02/tigerstyle.status"
        },
        {
          "content_hash": "076e8cd7a14323288c8e8042956d82024793dd1a69e3ac666b1e1a4857f2d4fc",
          "exists": true,
          "path": "./.cairn/changes/complete-store-capability-migration/proposal.md"
        },
        {
          "content_hash": "c87d1fb9a8ef392c5fed573b0ccd0fc55f1b13a666033b4be2abaaa49f12b91d",
          "exists": true,
          "path": "./.cairn/changes/complete-store-capability-migration/specs/store-lifecycle/spec.md"
        },
        {
          "content_hash": "a1f11d6a7aacbcb0ff15376711502b885a5bb364b6c6baaeb8c805f3d0167292",
          "exists": true,
          "path": "./.cairn/changes/complete-store-capability-migration/tasks.md"
        }
      ],
      "manifest_hash": "de0757c3e958c18d4a8abe43d191e119b81fadb54a2bf89846d2df936d5cc95b"
    },
    "kind": "archive",
    "manifest_hash": "0cfab373a4ed27e9e11026402f33a2a04ccbccfde8d69606fe0843de91dd67b4"
  },
  "plan_hash": "975edd92110a35d81a85fc3e5baa553a877b32aee3af02830e50f347ef5e2950",
  "policy": "mantle-default",
  "policy_hash": "69891b1b46c1b38dad36043d5603ad45768bbeb4bc61ad10b72bc0cbabadb0d7",
  "reasons": [],
  "receipt_hash": "4f324b9108237f1bbb03244c04e320fb953d404b4fd3d9b472dd67873e36b456"
}
