machine schema contract check failed: root JSON producer family coverage rejected:
  - registry [schema] source:src/content_bound_requirement_evidence.rs: root JSON serialization source has no inventory family decision
  - registry [schema] source:src/full_source_rust_binding.rs: root JSON serialization source has no inventory family decision
  - registry [schema] source:src/full_source_rust_binding_shell.rs: root JSON serialization source has no inventory family decision
  - registry [schema] source:src/source_built_fixed_point.rs: root JSON serialization source has no inventory family decision
  - registry [schema] source:src/source_built_fixed_point_receipt.rs: root JSON serialization source has no inventory family decision
  - registry [schema] source:src/source_built_fixed_point_shell.rs: root JSON serialization source has no inventory family decision
  - registry [schema] source:src/stagex_bash.rs: root JSON serialization source has no inventory family decision
  - registry [schema] source:src/stagex_bash_full.rs: root JSON serialization source has no inventory family decision
  - registry [schema] source:src/stagex_binutils.rs: root JSON serialization source has no inventory family decision
  - registry [schema] source:src/stagex_bison.rs: root JSON serialization source has no inventory family decision
  - registry [schema] source:src/stagex_bzip2.rs: root JSON serialization source has no inventory family decision
  - registry [schema] source:src/stagex_coreutils.rs: root JSON serialization source has no inventory family decision
  - registry [schema] source:src/stagex_diffutils.rs: root JSON serialization source has no inventory family decision
  - registry [schema] source:src/stagex_flex.rs: root JSON serialization source has no inventory family decision
  - registry [schema] source:src/stagex_gawk.rs: root JSON serialization source has no inventory family decision
  - registry [schema] source:src/stagex_gnu_patch.rs: root JSON serialization source has no inventory family decision
  - registry [schema] source:src/stagex_grep.rs: root JSON serialization source has no inventory family decision
  - registry [schema] source:src/stagex_gzip.rs: root JSON serialization source has no inventory family decision
  - registry [schema] source:src/stagex_m4.rs: root JSON serialization source has no inventory family decision
  - registry [schema] source:src/stagex_make.rs: root JSON serialization source has no inventory family decision
  - registry [schema] source:src/stagex_mes.rs: root JSON serialization source has no inventory family decision
  - registry [schema] source:src/stagex_mes_lib.rs: root JSON serialization source has no inventory family decision
  - registry [schema] source:src/stagex_mes_sources.rs: root JSON serialization source has no inventory family decision
  - registry [schema] source:src/stagex_musl.rs: root JSON serialization source has no inventory family decision
  - registry [schema] source:src/stagex_musl_native.rs: root JSON serialization source has no inventory family decision
  - registry [schema] source:src/stagex_oyacc.rs: root JSON serialization source has no inventory family decision
  - registry [schema] source:src/stagex_provider.rs: root JSON serialization source has no inventory family decision
  - registry [schema] source:src/stagex_sed.rs: root JSON serialization source has no inventory family decision
  - registry [schema] source:src/stagex_sources.rs: root JSON serialization source has no inventory family decision
  - registry [schema] source:src/stagex_stage0.rs: root JSON serialization source has no inventory family decision
  - registry [schema] source:src/stagex_stage0_full.rs: root JSON serialization source has no inventory family decision
  - registry [schema] source:src/stagex_tar.rs: root JSON serialization source has no inventory family decision
  - registry [schema] source:src/stagex_tcc_musl.rs: root JSON serialization source has no inventory family decision
  - registry [schema] source:src/stagex_tcc_musl_prep.rs: root JSON serialization source has no inventory family decision
  - registry [schema] source:src/stagex_tcc_musl_v2.rs: root JSON serialization source has no inventory family decision
  - registry [schema] source:src/stagex_tcc_selfhost.rs: root JSON serialization source has no inventory family decision
  - registry [schema] source:src/stagex_tinycc.rs: root JSON serialization source has no inventory family decision
  - registry [schema] source:src/stagex_tinycc27.rs: root JSON serialization source has no inventory family decision
  - registry [schema] source:src/stagex_transition.rs: root JSON serialization source has no inventory family decision
