{
  "change": "promote-full-bootstrap-parity",
  "evidence_summary": {
    "docs_only": 0,
    "fixture": 0,
    "formal": 0,
    "mode": "advisory",
    "model": 0,
    "probe": 0,
    "property": 0
  },
  "input_hash": "b8d9bd752a217c92da3245c231b5ccd366461776e53e697752eec4ae433b1131",
  "issues": [],
  "layout": "cairn",
  "policy": "mantle-default",
  "policy_hash": "69891b1b46c1b38dad36043d5603ad45768bbeb4bc61ad10b72bc0cbabadb0d7",
  "probe_evidence": {
    "declarations_present": false,
    "probes": []
  },
  "receipt_hash": "d2c6fdc60922f43338c41ab39482c867ec82e9d94d64eccd30a6a469ccc98b64",
  "stage": "tasks",
  "substance": [
    {
      "checkbox_tasks": 0,
      "kind": "design",
      "malformed_dependency_markers": 0,
      "path": "./.cairn/changes/promote-full-bootstrap-parity/design.md",
      "requirement_blocks": 0,
      "scenario_blocks": 0,
      "substantive_lines": 20,
      "substantive_requirement_blocks": 0,
      "substantive_tasks": 0,
      "task_done": 0,
      "task_in_progress": 0,
      "task_todo": 0
    },
    {
      "checkbox_tasks": 0,
      "kind": "proposal",
      "malformed_dependency_markers": 0,
      "path": "./.cairn/changes/promote-full-bootstrap-parity/proposal.md",
      "requirement_blocks": 0,
      "scenario_blocks": 0,
      "substantive_lines": 14,
      "substantive_requirement_blocks": 0,
      "substantive_tasks": 0,
      "task_done": 0,
      "task_in_progress": 0,
      "task_todo": 0
    },
    {
      "checkbox_tasks": 0,
      "kind": "delta_spec",
      "malformed_dependency_markers": 0,
      "path": "./.cairn/changes/promote-full-bootstrap-parity/specs/bootstrap-inventory/spec.md",
      "requirement_blocks": 1,
      "scenario_blocks": 7,
      "substantive_lines": 29,
      "substantive_requirement_blocks": 1,
      "substantive_tasks": 0,
      "task_done": 0,
      "task_in_progress": 0,
      "task_todo": 0
    },
    {
      "checkbox_tasks": 10,
      "kind": "tasks",
      "malformed_dependency_markers": 0,
      "path": "./.cairn/changes/promote-full-bootstrap-parity/tasks.md",
      "requirement_blocks": 0,
      "scenario_blocks": 0,
      "substantive_lines": 12,
      "substantive_requirement_blocks": 0,
      "substantive_tasks": 10,
      "task_done": 0,
      "task_in_progress": 0,
      "task_todo": 10
    }
  ],
  "task_ordering": {
    "active": false,
    "edges": [],
    "issues": [],
    "nodes": [],
    "order": [],
    "ready_tasks": [],
    "valid": true
  },
  "valid": true,
  "verdict": "PASS"
}
