this derivation will be built:
  /nix/store/vp6b9xj9hnkarxlff4gw0igp1g77yvms-cairn-0.1.0.drv
building '/nix/store/vp6b9xj9hnkarxlff4gw0igp1g77yvms-cairn-0.1.0.drv' on 'ssh-ng://root@aspen1.local'...
copying 1 paths...
copying path '/nix/store/wdklh2wz1rbbdy436r0r8xriwy2sc36j-source' to 'ssh-ng://root@aspen1.local'...
building '/nix/store/vp6b9xj9hnkarxlff4gw0igp1g77yvms-cairn-0.1.0.drv'...
copying 1 paths...
copying path '/nix/store/cm3a14gfijfzwabjapysvsg64xdxivx7-cairn-0.1.0' from 'ssh-ng://root@aspen1.local'...
{
  "actions": [
    {
      "description": "merge delta spec into main specs: ./.cairn/changes/separate-remote-build-hexagon/specs/remote-builds/spec.md",
      "kind": "sync_delta_spec",
      "path": "./.cairn/changes/separate-remote-build-hexagon/specs/remote-builds/spec.md"
    }
  ],
  "blocked": false,
  "change": "separate-remote-build-hexagon",
  "cross_repo_dependencies": {
    "blocked_count": 0,
    "dependency_count": 0,
    "input_hash": "4c32804db9c0d3309e48dd7148eb9f3d3e23f5cd4b0110d83a6fddd7d3046f09",
    "non_claims": [
      "dependency satisfaction proves presented receipt linkage only",
      "dependency satisfaction does not prove upstream correctness or remote trust",
      "dependency satisfaction does not prove downstream integration correctness or release eligibility"
    ],
    "policy_hash": "69891b1b46c1b38dad36043d5603ad45768bbeb4bc61ad10b72bc0cbabadb0d7",
    "receipt_hash": "6767ed8b14dd8f3564cacd001ffaea47a8049f223b6d42df429717fe3476d2f6",
    "rows": [],
    "satisfied_count": 0,
    "schema": "cairn.cross-repo-dependency-receipt.v1",
    "valid": true,
    "verdict": "PASS"
  },
  "cross_repo_evidence_issues": [],
  "delta_specs": [
    "./.cairn/changes/separate-remote-build-hexagon/specs/remote-builds/spec.md"
  ],
  "dry_run": true,
  "input_hash": "f788660d96ee86c62637ff292cf871da4b8c97a08ba555445a3b33bce8229f4c",
  "layout": "cairn",
  "merge_preflight": {
    "documents": [
      {
        "accepted_before_exists": true,
        "accepted_before_hash": "61656a3131052a52b3018e9849432b4c0db3f65c1802d8352031428d19984fc1",
        "blocked": false,
        "changed": true,
        "delta_hash": "41cf0f9331a9f6a9545a3d22741e9ed97c5072698d92f628dcfe13a061905bca",
        "destination": ".cairn/specs/remote-builds/spec.md",
        "diagnostics": [],
        "expected_after_hash": "cd4453e296d9b7cd937f8054a8e44eec8c4f9e021145f0289461bbcbad5c4a0c",
        "operations": [
          {
            "block_hash": "4c02475d506f4251a8ede933e7adacb27e34813aa365e5d7eaf9d0cca1f58407",
            "heading": "### Requirement: Remote execution has a strict functional core",
            "kind": "added",
            "requirement_id": "remote_builds.hexagonal_core"
          },
          {
            "block_hash": "2556e149f5a3739f8eb6de5922facd3eb557f706abc00d3f0a9fdffb3f8802fd",
            "heading": "### Requirement: Remote application ports use Mantle-owned contracts",
            "kind": "added",
            "requirement_id": "remote_builds.application_owned_ports"
          },
          {
            "block_hash": "a652f9555f86fbd8b7587482c9fb14a39bf48eb221e56df07e58f7666d6d6e36",
            "heading": "### Requirement: Remote effects are planned before execution",
            "kind": "added",
            "requirement_id": "remote_builds.remote_effect_plans"
          },
          {
            "block_hash": "84693093bccd30d673559d40be4c104fc53a8223b78ec73775b239d419ded07e",
            "heading": "### Requirement: Remote extraction preserves accepted compatibility",
            "kind": "added",
            "requirement_id": "remote_builds.hexagonal_compatibility"
          }
        ],
        "outcomes": [
          {
            "kind": "added",
            "requirement_id": "remote_builds.hexagonal_core",
            "state": "applied"
          },
          {
            "kind": "added",
            "requirement_id": "remote_builds.application_owned_ports",
            "state": "applied"
          },
          {
            "kind": "added",
            "requirement_id": "remote_builds.remote_effect_plans",
            "state": "applied"
          },
          {
            "kind": "added",
            "requirement_id": "remote_builds.hexagonal_compatibility",
            "state": "applied"
          }
        ],
        "source": ".cairn/changes/separate-remote-build-hexagon/specs/remote-builds/spec.md"
      }
    ]
  },
  "mutated": false,
  "mutation_manifest": null,
  "plan_hash": "0bbc2b15fe72b660ac561df41ce23a7dc22e468c0f19d3e6df6df1edc92f374c",
  "policy": "mantle-default",
  "policy_hash": "69891b1b46c1b38dad36043d5603ad45768bbeb4bc61ad10b72bc0cbabadb0d7",
  "reasons": [],
  "receipt_hash": "7c198a2bad6d114531e7cb7c6948b44888da2fd0b8598d6b1069f980d3f45965"
}
