{
  "actions": [
    {
      "description": "merge delta spec into main specs: ./.cairn/changes/separate-remote-build-hexagon/specs/remote-builds/spec.md",
      "kind": "sync_delta_spec",
      "path": "./.cairn/changes/separate-remote-build-hexagon/specs/remote-builds/spec.md"
    }
  ],
  "blocked": false,
  "change": "separate-remote-build-hexagon",
  "cross_repo_dependencies": {
    "blocked_count": 0,
    "dependency_count": 0,
    "input_hash": "4c32804db9c0d3309e48dd7148eb9f3d3e23f5cd4b0110d83a6fddd7d3046f09",
    "non_claims": [
      "dependency satisfaction proves presented receipt linkage only",
      "dependency satisfaction does not prove upstream correctness or remote trust",
      "dependency satisfaction does not prove downstream integration correctness or release eligibility"
    ],
    "policy_hash": "69891b1b46c1b38dad36043d5603ad45768bbeb4bc61ad10b72bc0cbabadb0d7",
    "receipt_hash": "6767ed8b14dd8f3564cacd001ffaea47a8049f223b6d42df429717fe3476d2f6",
    "rows": [],
    "satisfied_count": 0,
    "schema": "cairn.cross-repo-dependency-receipt.v1",
    "valid": true,
    "verdict": "PASS"
  },
  "cross_repo_evidence_issues": [],
  "delta_specs": [
    "./.cairn/changes/separate-remote-build-hexagon/specs/remote-builds/spec.md"
  ],
  "dry_run": false,
  "input_hash": "f788660d96ee86c62637ff292cf871da4b8c97a08ba555445a3b33bce8229f4c",
  "layout": "cairn",
  "merge_preflight": {
    "documents": [
      {
        "accepted_before_exists": true,
        "accepted_before_hash": "61656a3131052a52b3018e9849432b4c0db3f65c1802d8352031428d19984fc1",
        "blocked": false,
        "changed": true,
        "delta_hash": "41cf0f9331a9f6a9545a3d22741e9ed97c5072698d92f628dcfe13a061905bca",
        "destination": ".cairn/specs/remote-builds/spec.md",
        "diagnostics": [],
        "expected_after_hash": "cd4453e296d9b7cd937f8054a8e44eec8c4f9e021145f0289461bbcbad5c4a0c",
        "operations": [
          {
            "block_hash": "4c02475d506f4251a8ede933e7adacb27e34813aa365e5d7eaf9d0cca1f58407",
            "heading": "### Requirement: Remote execution has a strict functional core",
            "kind": "added",
            "requirement_id": "remote_builds.hexagonal_core"
          },
          {
            "block_hash": "2556e149f5a3739f8eb6de5922facd3eb557f706abc00d3f0a9fdffb3f8802fd",
            "heading": "### Requirement: Remote application ports use Mantle-owned contracts",
            "kind": "added",
            "requirement_id": "remote_builds.application_owned_ports"
          },
          {
            "block_hash": "a652f9555f86fbd8b7587482c9fb14a39bf48eb221e56df07e58f7666d6d6e36",
            "heading": "### Requirement: Remote effects are planned before execution",
            "kind": "added",
            "requirement_id": "remote_builds.remote_effect_plans"
          },
          {
            "block_hash": "84693093bccd30d673559d40be4c104fc53a8223b78ec73775b239d419ded07e",
            "heading": "### Requirement: Remote extraction preserves accepted compatibility",
            "kind": "added",
            "requirement_id": "remote_builds.hexagonal_compatibility"
          }
        ],
        "outcomes": [
          {
            "kind": "added",
            "requirement_id": "remote_builds.hexagonal_core",
            "state": "applied"
          },
          {
            "kind": "added",
            "requirement_id": "remote_builds.application_owned_ports",
            "state": "applied"
          },
          {
            "kind": "added",
            "requirement_id": "remote_builds.remote_effect_plans",
            "state": "applied"
          },
          {
            "kind": "added",
            "requirement_id": "remote_builds.hexagonal_compatibility",
            "state": "applied"
          }
        ],
        "source": ".cairn/changes/separate-remote-build-hexagon/specs/remote-builds/spec.md"
      }
    ]
  },
  "mutated": true,
  "mutation_manifest": {
    "after": {
      "entries": [
        {
          "content_hash": "cd4453e296d9b7cd937f8054a8e44eec8c4f9e021145f0289461bbcbad5c4a0c",
          "exists": true,
          "path": "./.cairn/specs/remote-builds/spec.md"
        }
      ],
      "manifest_hash": "a15803d1250ea2bffb41c7c37204280614438fc1d2feb163353ba9f8678e55b7"
    },
    "before": {
      "entries": [
        {
          "content_hash": "61656a3131052a52b3018e9849432b4c0db3f65c1802d8352031428d19984fc1",
          "exists": true,
          "path": "./.cairn/specs/remote-builds/spec.md"
        }
      ],
      "manifest_hash": "6bd54de7e939c31d854873f0f950ad2addf016bfcec3bcb569120ec3820a0f30"
    },
    "kind": "sync",
    "manifest_hash": "165cf95f30c292667a8cd3f2c996288a47f12a11f1ac23695c84e6122dc48a6e"
  },
  "plan_hash": "b8f4b2152d73e6d8e9551d4d70c8c8918850b49032221a1750b9e27f6073cf8a",
  "policy": "mantle-default",
  "policy_hash": "69891b1b46c1b38dad36043d5603ad45768bbeb4bc61ad10b72bc0cbabadb0d7",
  "reasons": [],
  "receipt_hash": "93b1361f5501a41c35406b7cda67fd300e0ca8c450a3dd2b38b96bd767f1dcb4"
}
