$ nix flake check --no-build -L --option secret-key-files '
evaluating flake...
checking flake output 'packages'...
checking derivation packages.x86_64-linux.wasi-virt...
derivation evaluated to /nix/store/cacsszdc86gnw4lccv1kiwip8dljz8r9-wasi-virt-0.2.0.drv
checking derivation packages.x86_64-linux.default...
derivation evaluated to /nix/store/4ifz0j0fqadvr32m1a2234rbi1pwd3xz-mantle-0.1.0.drv
checking derivation packages.x86_64-linux.crunch...
derivation evaluated to /nix/store/4ifz0j0fqadvr32m1a2234rbi1pwd3xz-mantle-0.1.0.drv
checking derivation packages.x86_64-linux.ast-grep-toolchain...
derivation evaluated to /nix/store/hwz43xm09gs5v38a4pfyc2dhs5n9h1pj-mantle-ast-grep-toolchain-0.42.1.drv
checking derivation packages.x86_64-linux.ast-grep-package-identity...
derivation evaluated to /nix/store/6f1xqfw3dc0hca3x412qqcgb4cca9d99-mantle-ast-grep-package-identity-smoke.drv
checking derivation packages.x86_64-linux.nickel...
derivation evaluated to /nix/store/mgf4mizpx3zngjhbqpj4cdz6zn1wp7f3-nickel-lang-rev-fixup-1.17.0.drv
checking derivation packages.x86_64-linux.wasm-component-toolchain...
derivation evaluated to /nix/store/skwkzzc8khiw49fjp2l73d5m4x4m88y6-mantle-wasm-component-toolchain-v1.drv
checking derivation packages.x86_64-linux.wasm-component-toolchain-identity...
derivation evaluated to /nix/store/nrf64w472p89kb8q03zw8wf5hx0198c0-mantle-wasm-component-toolchain-identity.drv
checking derivation packages.x86_64-linux.wasm-component-toolchain-compatibility...
derivation evaluated to /nix/store/lax220sgd6bf2raarrl38cg9clbdgspm-mantle-wasm-component-toolchain-compatibility.drv
checking derivation packages.x86_64-linux.mantle-transcript-quality...
derivation evaluated to /nix/store/46gb5174j6im5i8s5y80fzdcklgq74a6-mantle-transcript-quality-nextest-0.1.0.drv
checking derivation packages.x86_64-linux.release-nix-witness-quality...
derivation evaluated to /nix/store/c6ixin7iw4vypjqfmxv1dhpcjsf69z13-crunch-release-nix-witness-quality-nextest-0.1.0.drv
checking derivation packages.x86_64-linux.check-nickel-configs...
derivation evaluated to /nix/store/srbs2g56q3d7mcsyhfcjxndn3hh4byrc-check-nickel-configs.drv
checking derivation packages.x86_64-linux.check-store-retention-policy...
derivation evaluated to /nix/store/i1pqkin9jgwqzkrlh34qqgrqy6r47ijs-check-store-retention-policy.drv
checking derivation packages.x86_64-linux.check-store-overlay-policy...
derivation evaluated to /nix/store/9wbldpqaq54qvhdar9az2s7wy8mhx2f2-check-store-overlay-policy.drv
checking derivation packages.x86_64-linux.oci-distribution-registry...
derivation evaluated to /nix/store/7h1b5w2s2gqhb0dgmiydw4xcl2blxnnv-distribution-3.1.0.drv
checking derivation packages.x86_64-linux.rustc-wrapper...
derivation evaluated to /nix/store/9q0raa2r8pjn0wcl6wd1lwdk6ydsnh90-mantle-rustc-wrapper-0.1.0.drv
checking derivation packages.x86_64-linux.kernelscript-compiler...
derivation evaluated to /nix/store/z1dps3ryzhmn8iyx6jnpfyxfqlnzqpzq-ocaml5.2.1-kernelscript-0.1.2.drv
checking derivation packages.x86_64-linux.kernelscript-core-adapter...
derivation evaluated to /nix/store/g487i7n6sz35m6hhyw0v10x1f2zq9vs1-crunch-kernelscript-adapter-0.1.0.drv
checking derivation packages.x86_64-linux.kernelscript-production...
derivation evaluated to /nix/store/rglqk5dywndgqs69f4yhmhk9flnmklsx-mantle-kernelscript-production-artifacts.drv
checking derivation packages.x86_64-linux.kernelscript-production-cohort...
derivation evaluated to /nix/store/d72si7ympz5g10mdpgzlabrnd75mj7yd-mantle-kernelscript-production-cohort.drv
checking derivation packages.x86_64-linux.kernelscript-production-shell...
derivation evaluated to /nix/store/3h74ss6ipmwcqgjl1vmkmjdnsax9ma09-mantle-kernelscript-production.drv
checking derivation packages.x86_64-linux.kernelscript-production-runtime-check...
derivation evaluated to /nix/store/jhgirif4lc0wb3r3wf1rnm9p1vdrgsf6-vm-test-run-mantle-kernelscript-production-runtime.drv
checking derivation packages.x86_64-linux.spacewasm-reference-bundle...
derivation evaluated to /nix/store/58mdyyk7wnymnnd7bzfakqrpi0b1ny59-mantle-spacewasm-reference-bundle-e24cf09355a90497148eb5029fdb8e3400bd63e3.drv
checking derivation packages.x86_64-linux.spacewasm-reference-bundler...
derivation evaluated to /nix/store/5zy41qxrhp4yi8s31fnvbvw1s3aibcpw-mantle-spacewasm-reference-bundler-0.1.0.drv
checking derivation packages.x86_64-linux.spacewasm-reference-evidence...
derivation evaluated to /nix/store/imiig80j09fxg2nv2qkyrw4zzmazj9j9-spacewasm-e24cf09355a90497148eb5029fdb8e3400bd63e3-evidence.drv
checking derivation packages.x86_64-linux.spacewasm-reference-rust-toolchain...
derivation evaluated to /nix/store/ib3maa2zj4d9ikmlx4x15xaiz9vxh55r-rust-minimal-1.91.1.drv
checking flake output 'apps'...
checking app 'apps.x86_64-linux.tigerstyle'...
warning: app 'apps.x86_64-linux.tigerstyle' lacks attribute 'meta'
checking flake output 'checks'...
checking derivation checks.x86_64-linux.tigerstyle...
derivation evaluated to /nix/store/rirxpk9ijap4p5p65rvfkknr5kv9x1yf-tigerstyle-consumer-check.drv
checking derivation checks.x86_64-linux.crunch...
derivation evaluated to /nix/store/4ifz0j0fqadvr32m1a2234rbi1pwd3xz-mantle-0.1.0.drv
checking derivation checks.x86_64-linux.ast-grep-package-identity...
derivation evaluated to /nix/store/6f1xqfw3dc0hca3x412qqcgb4cca9d99-mantle-ast-grep-package-identity-smoke.drv
checking derivation checks.x86_64-linux.wasm-component-toolchain-identity...
derivation evaluated to /nix/store/nrf64w472p89kb8q03zw8wf5hx0198c0-mantle-wasm-component-toolchain-identity.drv
checking derivation checks.x86_64-linux.wasm-component-toolchain-compatibility...
derivation evaluated to /nix/store/lax220sgd6bf2raarrl38cg9clbdgspm-mantle-wasm-component-toolchain-compatibility.drv
checking derivation checks.x86_64-linux.mantle-transcript-quality...
derivation evaluated to /nix/store/46gb5174j6im5i8s5y80fzdcklgq74a6-mantle-transcript-quality-nextest-0.1.0.drv
checking derivation checks.x86_64-linux.release-nix-witness-quality...
derivation evaluated to /nix/store/c6ixin7iw4vypjqfmxv1dhpcjsf69z13-crunch-release-nix-witness-quality-nextest-0.1.0.drv
checking derivation checks.x86_64-linux.kernelscript-production...
derivation evaluated to /nix/store/rjxfscqlcyxf8dswaxabxpq9ywz6qycg-mantle-kernelscript-production-structural-check.drv
checking derivation checks.x86_64-linux.spacewasm-reference-bundle...
derivation evaluated to /nix/store/58mdyyk7wnymnnd7bzfakqrpi0b1ny59-mantle-spacewasm-reference-bundle-e24cf09355a90497148eb5029fdb8e3400bd63e3.drv
checking derivation checks.x86_64-linux.bounded-tree-source-admission...
derivation evaluated to /nix/store/zxkdp7mixn98jvx99bdzx0mqsdwhrq19-mantle-bounded-tree-source-admission.drv
checking derivation checks.x86_64-linux.transactional-reconciliation-source-admission...
derivation evaluated to /nix/store/hjjij8wk8pi1nalajcq797zinj0za8qx-mantle-transactional-reconciliation-source-admission.drv
checking derivation checks.x86_64-linux.bootstrap-blocker-inventory...
derivation evaluated to /nix/store/9r09y801msa0psxwq5zkmcw49gpzickn-bootstrap-blocker-inventory.drv
checking derivation checks.x86_64-linux.nickel-cohort...
derivation evaluated to /nix/store/g3pfmhs72saqv9nxln52b302s0s0ca5x-mantle-nickel-cohort-check-0.1.0.drv
checking derivation checks.x86_64-linux.nickel-export-core-pin...
derivation evaluated to /nix/store/a3mzyyv6wpvl7pp8bq599z4j45fll1ll-mantle-nickel-export-core-pin.drv
checking derivation checks.x86_64-linux.store-capability-architecture...
derivation evaluated to /nix/store/syb4233hkjq072ffh3prky02wsz364lf-mantle-store-capability-architecture-check-0.1.0.drv
checking derivation checks.x86_64-linux.remote-hexagon-architecture...
derivation evaluated to /nix/store/z7bgqipy5wrpkw67x0lbk3nlccbvsvj1-mantle-remote-hexagon-architecture-check-0.1.0.drv
checking derivation checks.x86_64-linux.rust-plan-hexagon-architecture...
derivation evaluated to /nix/store/k6l1xbibmp6s7f7m0vp867p8vk8c71kr-mantle-rust-plan-hexagon-architecture-check-0.1.0.drv
checking derivation checks.x86_64-linux.build-planning-architecture...
derivation evaluated to /nix/store/yxbcjz9m5lgi9avsa58is4z9wbx066jh-mantle-build-planning-architecture-check-0.1.0.drv
checking derivation checks.x86_64-linux.cli-application-architecture...
derivation evaluated to /nix/store/mzapqd1dpb0q4m2l891w2z7g2m1rnfqb-mantle-cli-application-architecture-check-0.1.0.drv
checking derivation checks.x86_64-linux.source-observation-architecture...
derivation evaluated to /nix/store/rwcyr17x76chkvrd2m8h95lj1cj7hygr-mantle-source-observation-architecture-check-0.1.0.drv
checking derivation checks.x86_64-linux.radiance-reference-architecture...
derivation evaluated to /nix/store/s7n7hmglc4s2gkvimrwxksp5319lf8bs-mantle-radiance-reference-architecture-check-0.1.0.drv
checking derivation checks.x86_64-linux.resource-policy-architecture...
derivation evaluated to /nix/store/2fjz6rvqkaavfa8148619jrhxvg6fp9k-mantle-resource-policy-architecture-check-0.1.0.drv
checking derivation checks.x86_64-linux.trellis-remote-admission-evidence...
derivation evaluated to /nix/store/7rhhr8k851p3gaapz59hrfghld8hffva-mantle-trellis-remote-admission-evidence-check-0.1.0.drv
checking derivation checks.x86_64-linux.content-bound-requirement-source-closure...
derivation evaluated to /nix/store/pxfwqkcjs6g3xx6v6bigvxn7a0sbac8f-mantle-content-bound-requirement-source-closure.drv
checking derivation checks.x86_64-linux.content-bound-requirement-evidence...
derivation evaluated to /nix/store/g4a9j9nn95p8ywh2y10f701xq8147a5c-mantle-content-bound-requirement-evidence.drv
checking derivation checks.x86_64-linux.store-retention-policy...
derivation evaluated to /nix/store/w3czcgx361h5wh27qc1c6giawf2gxvnf-mantle-store-retention-policy.drv
checking derivation checks.x86_64-linux.store-overlay-policy...
derivation evaluated to /nix/store/vd7888ggwys58l9rp0ipj3f786aj6hny-mantle-store-overlay-policy.drv
checking derivation checks.x86_64-linux.release-determinism-quality...
derivation evaluated to /nix/store/8gvzrls1dkphrs9mzhy90d6sagpz476z-crunch-release-determinism-quality-nextest-0.1.0.drv
checking derivation checks.x86_64-linux.artifact-auth-radicle-cutover...
derivation evaluated to /nix/store/gxnc8ydmhd1pw8vby3haizbfmd8kw046-mantle-artifact-auth-radicle-cutover.drv
checking derivation checks.x86_64-linux.durable-file-publication-adoption...
derivation evaluated to /nix/store/nhhng1ipjkhhl88xz17475ff00aaph5k-mantle-durable-file-publication-adoption.drv
checking derivation checks.x86_64-linux.remote-core...
derivation evaluated to /nix/store/1kjj3lj7jvalwl7x0d4x6l1f2qx7z4rf-mantle-test-0.1.0.drv
checking derivation checks.x86_64-linux.remote-core-wasm...
derivation evaluated to /nix/store/mldn13clbpg0xr2289j129l3xp3p1yq2-mantle-build-0.1.0.drv
checking derivation checks.x86_64-linux.rust-plan-core...
derivation evaluated to /nix/store/cdl34crl20jwdpnxnj9pvz99wwga3q2l-mantle-test-0.1.0.drv
checking derivation checks.x86_64-linux.rust-plan-core-wasm...
derivation evaluated to /nix/store/4f6n2b31yiscda5ymbbz13k1b62d1pf7-mantle-build-0.1.0.drv
checking derivation checks.x86_64-linux.build-planning-core...
derivation evaluated to /nix/store/n5b8jv3a1brg0ygnxayldld23sd3kfz6-mantle-test-0.1.0.drv
checking derivation checks.x86_64-linux.build-planning-core-wasm...
derivation evaluated to /nix/store/q0r9b1qxiypkc5i7qqd4b4186bz6mp2c-mantle-build-0.1.0.drv
checking derivation checks.x86_64-linux.application-core...
derivation evaluated to /nix/store/61spgbbgfcf5q104viklq58550s6m2q1-mantle-test-0.1.0.drv
checking derivation checks.x86_64-linux.application-core-wasm...
derivation evaluated to /nix/store/rwygcdbv8kvyrn7cd32a3fdmhvdsdi1x-mantle-build-0.1.0.drv
checking derivation checks.x86_64-linux.source-core...
derivation evaluated to /nix/store/86y9g801g38j8vjyskr6d6xhhj43vkpv-mantle-test-0.1.0.drv
checking derivation checks.x86_64-linux.source-core-wasm...
derivation evaluated to /nix/store/bksbc5c19wbbwwfxkwr70f1pp0dfry24-mantle-build-0.1.0.drv
checking derivation checks.x86_64-linux.radiance-reference-core...
derivation evaluated to /nix/store/0x56nb5d7hdmlkc2xvabyjz48lxppm5i-mantle-test-0.1.0.drv
checking derivation checks.x86_64-linux.radiance-reference-core-wasm...
derivation evaluated to /nix/store/j9ib3zd5462w73frzx1g4nghk0728qj4-mantle-build-0.1.0.drv
checking derivation checks.x86_64-linux.radiance-reference-shell...
derivation evaluated to /nix/store/dhf58pxw2464jph6a5c4sc7jax79g49s-mantle-test-0.1.0.drv
checking derivation checks.x86_64-linux.resource-policy-core...
derivation evaluated to /nix/store/8dsdf6fwh55h15kqrwvgw6708ij3fl3a-mantle-test-0.1.0.drv
checking derivation checks.x86_64-linux.resource-policy-core-wasm...
derivation evaluated to /nix/store/1v5rmbwda1c295ih0mb96yzjcrc2rizx-mantle-build-0.1.0.drv
checking derivation checks.x86_64-linux.resource-policy-integration...
derivation evaluated to /nix/store/c590s7gqiks2cmyix9cxvl4if6iq244b-mantle-test-0.1.0.drv
checking derivation checks.x86_64-linux.trellis-remote-admission...
derivation evaluated to /nix/store/jwnz9dbmsv6wc3153lmjcd2jp5bk54by-mantle-test-0.1.0.drv
checking derivation checks.x86_64-linux.trellis-remote-admission-evidence-integration...
derivation evaluated to /nix/store/dik8w6siz4pla1gsyri5r1q7x5ri3cik-mantle-test-0.1.0.drv
checking derivation checks.x86_64-linux.mantle-build-contract...
derivation evaluated to /nix/store/9pmjk001r69sxpdi6m085myj2dgvx7pf-mantle-test-0.1.0.drv
checking derivation checks.x86_64-linux.mantle-build-contract-wasm...
derivation evaluated to /nix/store/csyg2ranip6swy670xqw7nkn1vppy98v-mantle-build-0.1.0.drv
checking derivation checks.x86_64-linux.mantle-build-contract-nickel...
derivation evaluated to /nix/store/l945rjxfa6238k1glbp0vvm9nnqch51l-mantle-build-contract-nickel.drv
checking derivation checks.x86_64-linux.nextest...
derivation evaluated to /nix/store/3z56j6jd4g4ghcf7ayzn9mqhnmvl51vs-mantle-nextest-0.1.0.drv
checking derivation checks.x86_64-linux.clippy...
derivation evaluated to /nix/store/milhdi8vgs3jvam6zkxhxmzssfwmw6hs-mantle-clippy-0.1.0.drv
checking derivation checks.x86_64-linux.fmt...
derivation evaluated to /nix/store/9ihkikgxkb0hdiaz8j99mybmh47y1dar-mantle-fmt-0.1.0.drv
checking derivation checks.x86_64-linux.spacewasm-reference-profile...
derivation evaluated to /nix/store/l7afrlfqdkbk2kr6cc4b3cz71mfvyqgr-spacewasm-reference-profile-export.drv
checking derivation checks.x86_64-linux.spacewasm-reference-host-library...
derivation evaluated to /nix/store/w4jrclscwbypndanjqk3q80n0ms9vmq7-spacewasm-e24cf09355a90497148eb5029fdb8e3400bd63e3-host-library.drv
checking derivation checks.x86_64-linux.spacewasm-reference-wasm-library...
derivation evaluated to /nix/store/55qq4aiiy3kl1vn7m0m6bhbwkrj8viin-spacewasm-e24cf09355a90497148eb5029fdb8e3400bd63e3-wasm-library.drv
checking derivation checks.x86_64-linux.spacewasm-reference-host-runner...
derivation evaluated to /nix/store/nhq1j51vr6f2c3hyizpym9gqv7kdlyhg-spacewasm-e24cf09355a90497148eb5029fdb8e3400bd63e3-diagnostic-runner.drv
checking derivation checks.x86_64-linux.spacewasm-reference-upstream-unit-tests...
derivation evaluated to /nix/store/d32qk66pm2qmpp0dbjqsyv9v0qcyrn63-spacewasm-e24cf09355a90497148eb5029fdb8e3400bd63e3-unit-tests.drv
checking derivation checks.x86_64-linux.spacewasm-reference-spectest-address...
derivation evaluated to /nix/store/idj54q1da8w21x0c59p8ay7vxnh2gin6-spacewasm-e24cf09355a90497148eb5029fdb8e3400bd63e3-spectest-address.drv
checking derivation checks.x86_64-linux.spacewasm-reference-fixtures...
derivation evaluated to /nix/store/1i1y5ni7ivf7bnhdb2z8i0kpsbkl0x2j-spacewasm-e24cf09355a90497148eb5029fdb8e3400bd63e3-fixture-report.drv
checking derivation checks.x86_64-linux.spacewasm-reference-negative...
derivation evaluated to /nix/store/6p0ana9vradxplf1as1rb12n67am2gdr-mantle-spacewasm-reference-negative-check.drv
checking flake output 'devShells'...
checking derivation devShells.x86_64-linux.default...
derivation evaluated to /nix/store/79yv04c8ffnzjj4jjgkrnr9adhf084im-nix-shell.drv
all checks passed!
warning: The check omitted these incompatible systems: aarch64-darwin, aarch64-linux, x86_64-darwin
Use '--all-systems' to check all.
