=== V28 ===
warning: /home/brittonr/git/OnixResearch/mantle/.pi/worktrees/source-built-receipt-finalization/Cargo.toml: file `/home/brittonr/git/OnixResearch/mantle/.pi/worktrees/source-built-receipt-finalization/src/main.rs` found to be present in multiple build targets:
  * `bin` target `crunch`
  * `bin` target `mantle`
    Finished `test` profile [unoptimized + debuginfo] target(s) in 0.66s
     Running unittests src/main.rs (/home/brittonr/.cargo-target/debug/deps/mantle-89263e91c19d52cc)

running 1 test
preserved-binutils-audit: events=73980 sed_invocations=4891
test stagex_transition::tests::preserved_binutils_audit_fixture_closes_under_current_policy ... ok

test result: ok. 1 passed; 0 failed; 0 ignored; 0 measured; 2408 filtered out; finished in 1.19s

=== V29 ===
warning: /home/brittonr/git/OnixResearch/mantle/.pi/worktrees/source-built-receipt-finalization/Cargo.toml: file `/home/brittonr/git/OnixResearch/mantle/.pi/worktrees/source-built-receipt-finalization/src/main.rs` found to be present in multiple build targets:
  * `bin` target `crunch`
  * `bin` target `mantle`
    Finished `test` profile [unoptimized + debuginfo] target(s) in 0.58s
     Running unittests src/main.rs (/home/brittonr/.cargo-target/debug/deps/mantle-89263e91c19d52cc)

running 1 test
preserved-binutils-audit: events=74001 sed_invocations=4892
test stagex_transition::tests::preserved_binutils_audit_fixture_closes_under_current_policy ... ok

test result: ok. 1 passed; 0 failed; 0 ignored; 0 measured; 2408 filtered out; finished in 1.15s

=== V31 ===
warning: /home/brittonr/git/OnixResearch/mantle/.pi/worktrees/source-built-receipt-finalization/Cargo.toml: file `/home/brittonr/git/OnixResearch/mantle/.pi/worktrees/source-built-receipt-finalization/src/main.rs` found to be present in multiple build targets:
  * `bin` target `crunch`
  * `bin` target `mantle`
    Finished `test` profile [unoptimized + debuginfo] target(s) in 0.35s
     Running unittests src/main.rs (/home/brittonr/.cargo-target/debug/deps/mantle-89263e91c19d52cc)

running 1 test
preserved-binutils-audit: events=73994 sed_invocations=4892
test stagex_transition::tests::preserved_binutils_audit_fixture_closes_under_current_policy ... ok

test result: ok. 1 passed; 0 failed; 0 ignored; 0 measured; 2408 filtered out; finished in 1.04s

