object_size=812

/tmp/tmp.w56DtqKFUM/shift.o:     file format elf64-x86-64


Disassembly of section .text:

0000000000000000 <shift_right>:
   0:	55                   	push   %rbp
   1:	48 89 e5             	mov    %rsp,%rbp
   4:	48 81 ec 10 00 00 00 	sub    $0x10,%rsp
   b:	48 89 7d f8          	mov    %rdi,-0x8(%rbp)
   f:	8b 45 f8             	mov    -0x8(%rbp),%eax
  12:	c1 f8 08             	sar    $0x8,%eax
  15:	c9                   	leave
  16:	c3                   	ret

0000000000000017 <shift_left>:
  17:	55                   	push   %rbp
  18:	48 89 e5             	mov    %rsp,%rbp
  1b:	48 81 ec 10 00 00 00 	sub    $0x10,%rsp
  22:	48 89 7d f8          	mov    %rdi,-0x8(%rbp)
  26:	8b 45 f8             	mov    -0x8(%rbp),%eax
  29:	c1 e0 03             	shl    $0x3,%eax
  2c:	c9                   	leave
  2d:	c3                   	ret

000000000000002e <mask_low>:
  2e:	55                   	push   %rbp
  2f:	48 89 e5             	mov    %rsp,%rbp
  32:	48 81 ec 10 00 00 00 	sub    $0x10,%rsp
  39:	48 89 7d f8          	mov    %rdi,-0x8(%rbp)
  3d:	8b 45 f8             	mov    -0x8(%rbp),%eax
  40:	83 e0 1f             	and    $0x1f,%eax
  43:	c9                   	leave
  44:	c3                   	ret
  12:	c1 f8 08             	sar    $0x8,%eax
  29:	c1 e0 03             	shl    $0x3,%eax
  40:	83 e0 1f             	and    $0x1f,%eax
