{
  "actions": [
    {
      "description": "move active change to archive: bind-source-observations-and-monotonic-ingest",
      "kind": "archive_change",
      "path": "./.cairn/archive/1970-01-01-bind-source-observations-and-monotonic-ingest"
    }
  ],
  "blocked": false,
  "change": "bind-source-observations-and-monotonic-ingest",
  "cross_repo_dependencies": {
    "blocked_count": 0,
    "dependency_count": 0,
    "input_hash": "0c9d8ce2dd523de14496e45af2117118ea53827153b9a0bd6cf11bb5e88835ad",
    "non_claims": [
      "dependency satisfaction proves presented receipt linkage only",
      "dependency satisfaction does not prove upstream correctness or remote trust",
      "dependency satisfaction does not prove downstream integration correctness or release eligibility"
    ],
    "policy_hash": "acf9eb63eba35b8dfa98a4cdefca99088de442d8a20548ea3ab81a127b7b2746",
    "receipt_hash": "b476b08a11456e26e76cb472af0963a1356f795be02cec5ae6de482246164bc1",
    "rows": [],
    "satisfied_count": 0,
    "schema": "cairn.cross-repo-dependency-receipt.v1",
    "valid": true,
    "verdict": "PASS"
  },
  "cross_repo_evidence_issues": [],
  "dry_run": false,
  "input_hash": "9396fa73fa4d96cc7c393a4489941821073716967cd7341d023849b2bedecaac",
  "layout": "cairn",
  "mutated": true,
  "mutation_manifest": {
    "after": {
      "entries": [
        {
          "content_hash": "16f4cf12b7d381450d4e1a94966b6ea7545ce5fbb097034bf244983936880f0c",
          "exists": true,
          "path": "./.cairn/archive/1970-01-01-bind-source-observations-and-monotonic-ingest/design.md"
        },
        {
          "content_hash": "82165fd5c316bbd338b97329c9dd82a85dae466339afc430dba05d8c52810d8a",
          "exists": true,
          "path": "./.cairn/archive/1970-01-01-bind-source-observations-and-monotonic-ingest/evidence/architecture-search-2026-09-03.md"
        },
        {
          "content_hash": "48660fa50eb4f651985e245903beded7550403fd3009f2a5a5bbd1d0f9889d02",
          "exists": true,
          "path": "./.cairn/archive/1970-01-01-bind-source-observations-and-monotonic-ingest/evidence/baseline-2026-09-03/commands.txt"
        },
        {
          "content_hash": "b2a3a85299c344992ed3de53fa76b73b07bfbf386420934e80d044db445eca11",
          "exists": true,
          "path": "./.cairn/archive/1970-01-01-bind-source-observations-and-monotonic-ingest/evidence/baseline-2026-09-03/source-bundle-manifest-field.txt"
        },
        {
          "content_hash": "587cc48fb006f91f53a226c4855ad90ecd6778e1ae7aba705c54aae791a600d2",
          "exists": true,
          "path": "./.cairn/archive/1970-01-01-bind-source-observations-and-monotonic-ingest/evidence/baseline-2026-09-03/source-hashes.txt"
        },
        {
          "content_hash": "4aafdea2a4119eea89392ebc2a148c38d20c52aeb951fe4c02914529930a5970",
          "exists": true,
          "path": "./.cairn/archive/1970-01-01-bind-source-observations-and-monotonic-ingest/evidence/baseline-2026-09-03/summary.md"
        },
        {
          "content_hash": "f20f0638fbde7a67836211dcc32c8500ad2bfdc2dc8f029b5262867e2c242f11",
          "exists": true,
          "path": "./.cairn/archive/1970-01-01-bind-source-observations-and-monotonic-ingest/evidence/baseline-2026-09-03/tests.log"
        },
        {
          "content_hash": "d2c2a25195669a8d7bd1186bfd9f0c759adb78237cbbae82396784e63973ae05",
          "exists": true,
          "path": "./.cairn/archive/1970-01-01-bind-source-observations-and-monotonic-ingest/evidence/committed-validation-2026-09-03/durable-publication-derivation.log"
        },
        {
          "content_hash": "148f02f92554e6acdee4cc513b5cd4e13883a1726b9dca02b19fe9a95c79a369",
          "exists": true,
          "path": "./.cairn/archive/1970-01-01-bind-source-observations-and-monotonic-ingest/evidence/committed-validation-2026-09-03/durable-publication-derivation.status"
        },
        {
          "content_hash": "d300a503774a2181789fd36815f5de953bf499b81e37ba43878eaee019eabdc4",
          "exists": true,
          "path": "./.cairn/archive/1970-01-01-bind-source-observations-and-monotonic-ingest/evidence/committed-validation-2026-09-03/durable-publication-local.command.txt"
        },
        {
          "content_hash": "7e0823cd838f3220ebadef9841e6b1b206318332fb44019abe1e74eddd7b5c5f",
          "exists": true,
          "path": "./.cairn/archive/1970-01-01-bind-source-observations-and-monotonic-ingest/evidence/committed-validation-2026-09-03/durable-publication-local.log"
        },
        {
          "content_hash": "148f02f92554e6acdee4cc513b5cd4e13883a1726b9dca02b19fe9a95c79a369",
          "exists": true,
          "path": "./.cairn/archive/1970-01-01-bind-source-observations-and-monotonic-ingest/evidence/committed-validation-2026-09-03/durable-publication-local.status"
        },
        {
          "content_hash": "108c1ac0cfa2a0bdab2391d7c192d2bf72baece6a03c5ac97874f832bb95b267",
          "exists": true,
          "path": "./.cairn/archive/1970-01-01-bind-source-observations-and-monotonic-ingest/evidence/committed-validation-2026-09-03/durable-publication.command.txt"
        },
        {
          "content_hash": "667dd0fbe29149ea1faa630340265db7b35a9aa9de621f862942607907940e7e",
          "exists": true,
          "path": "./.cairn/archive/1970-01-01-bind-source-observations-and-monotonic-ingest/evidence/committed-validation-2026-09-03/durable-publication.log"
        },
        {
          "content_hash": "50cc1102b1c612e6962547aacdcef9a400d4416ef8dd9388e885991853c400c9",
          "exists": true,
          "path": "./.cairn/archive/1970-01-01-bind-source-observations-and-monotonic-ingest/evidence/committed-validation-2026-09-03/durable-publication.status"
        },
        {
          "content_hash": "28d5cc647492a94290432e51e73b89a9bb55d8647a9335bbb2ae0b139ea90abe",
          "exists": true,
          "path": "./.cairn/archive/1970-01-01-bind-source-observations-and-monotonic-ingest/evidence/committed-validation-2026-09-03/first-party-quality.command.txt"
        },
        {
          "content_hash": "89994a19f2cd0c035de83624c97369dcb7e77d5feb252014990051ed8c35b747",
          "exists": true,
          "path": "./.cairn/archive/1970-01-01-bind-source-observations-and-monotonic-ingest/evidence/committed-validation-2026-09-03/first-party-quality.log"
        },
        {
          "content_hash": "779c2379a41b40ee4b939961fbce0ade8840c854490c67163ca5c3df7424c440",
          "exists": true,
          "path": "./.cairn/archive/1970-01-01-bind-source-observations-and-monotonic-ingest/evidence/committed-validation-2026-09-03/first-party-quality.status"
        },
        {
          "content_hash": "27fd695c67f8aaf7c7761bb17a6a5978018d618973e3076d98cf8ff3ac0b6be0",
          "exists": true,
          "path": "./.cairn/archive/1970-01-01-bind-source-observations-and-monotonic-ingest/evidence/committed-validation-2026-09-03/focused.commands.txt"
        },
        {
          "content_hash": "2b0dff1c1578aa4ae4169c11e684f0550aaf05aa9924e0ebe8dc3567bc64b448",
          "exists": true,
          "path": "./.cairn/archive/1970-01-01-bind-source-observations-and-monotonic-ingest/evidence/committed-validation-2026-09-03/focused.log"
        },
        {
          "content_hash": "148f02f92554e6acdee4cc513b5cd4e13883a1726b9dca02b19fe9a95c79a369",
          "exists": true,
          "path": "./.cairn/archive/1970-01-01-bind-source-observations-and-monotonic-ingest/evidence/committed-validation-2026-09-03/focused.status"
        },
        {
          "content_hash": "59d133c1a4546c1f86fd61512c3661b8c353e8a177b1b31fcf7efcbae959e86c",
          "exists": true,
          "path": "./.cairn/archive/1970-01-01-bind-source-observations-and-monotonic-ingest/evidence/committed-validation-2026-09-03/nix-focused.command.txt"
        },
        {
          "content_hash": "a6bdaeba24f43b498cdedd80fae24b1c0ccb0bc1f16ca9bd61c7c84bfca793f2",
          "exists": true,
          "path": "./.cairn/archive/1970-01-01-bind-source-observations-and-monotonic-ingest/evidence/committed-validation-2026-09-03/nix-focused.log"
        },
        {
          "content_hash": "148f02f92554e6acdee4cc513b5cd4e13883a1726b9dca02b19fe9a95c79a369",
          "exists": true,
          "path": "./.cairn/archive/1970-01-01-bind-source-observations-and-monotonic-ingest/evidence/committed-validation-2026-09-03/nix-focused.status"
        },
        {
          "content_hash": "ee04363d155f100e45c7b0479e6b9eec70c3e7232a66429039db2140d25dab90",
          "exists": true,
          "path": "./.cairn/archive/1970-01-01-bind-source-observations-and-monotonic-ingest/evidence/committed-validation-2026-09-03/nix-no-build.command.txt"
        },
        {
          "content_hash": "683fc15860c432995fc64d2c951af9725a320f1b241efbad016fb67b81453e29",
          "exists": true,
          "path": "./.cairn/archive/1970-01-01-bind-source-observations-and-monotonic-ingest/evidence/committed-validation-2026-09-03/nix-no-build.log"
        },
        {
          "content_hash": "148f02f92554e6acdee4cc513b5cd4e13883a1726b9dca02b19fe9a95c79a369",
          "exists": true,
          "path": "./.cairn/archive/1970-01-01-bind-source-observations-and-monotonic-ingest/evidence/committed-validation-2026-09-03/nix-no-build.status"
        },
        {
          "content_hash": "97d78134a75a3a1e7f165c1ec8157988ca0e37ccbd51141edfe028dd09b719ac",
          "exists": true,
          "path": "./.cairn/archive/1970-01-01-bind-source-observations-and-monotonic-ingest/evidence/committed-validation-2026-09-03/nix-quality.command.txt"
        },
        {
          "content_hash": "e1bd3dc9ac2a29a922588b7d06e3919fdd087000b84eafb33ee351ac9aede70d",
          "exists": true,
          "path": "./.cairn/archive/1970-01-01-bind-source-observations-and-monotonic-ingest/evidence/committed-validation-2026-09-03/nix-quality.log"
        },
        {
          "content_hash": "148f02f92554e6acdee4cc513b5cd4e13883a1726b9dca02b19fe9a95c79a369",
          "exists": true,
          "path": "./.cairn/archive/1970-01-01-bind-source-observations-and-monotonic-ingest/evidence/committed-validation-2026-09-03/nix-quality.status"
        },
        {
          "content_hash": "058fcfa3aa6405bfa80da5c7ba5443f986d2c72b3c4f13d8c45da1c339fab5ab",
          "exists": true,
          "path": "./.cairn/archive/1970-01-01-bind-source-observations-and-monotonic-ingest/evidence/final-validation-2026-09-03/focused.commands.txt"
        },
        {
          "content_hash": "360e0f6f2a7d1dcb2c40f3276963aa01a4c47da1eea722c9d842dd6b186eccb3",
          "exists": true,
          "path": "./.cairn/archive/1970-01-01-bind-source-observations-and-monotonic-ingest/evidence/final-validation-2026-09-03/focused.log"
        },
        {
          "content_hash": "148f02f92554e6acdee4cc513b5cd4e13883a1726b9dca02b19fe9a95c79a369",
          "exists": true,
          "path": "./.cairn/archive/1970-01-01-bind-source-observations-and-monotonic-ingest/evidence/final-validation-2026-09-03/focused.status"
        },
        {
          "content_hash": "90a8ba91860d781998835adbc7e5d0d9ca5b9765ab3d0acc16e103e591476661",
          "exists": true,
          "path": "./.cairn/archive/1970-01-01-bind-source-observations-and-monotonic-ingest/evidence/final-validation-2026-09-03/lifecycle.commands.txt"
        },
        {
          "content_hash": "2de96545d9d7a266766eca470b4f738990aeb46f50611bb89a0c230bb4ca82ee",
          "exists": true,
          "path": "./.cairn/archive/1970-01-01-bind-source-observations-and-monotonic-ingest/evidence/final-validation-2026-09-03/lifecycle.log"
        },
        {
          "content_hash": "148f02f92554e6acdee4cc513b5cd4e13883a1726b9dca02b19fe9a95c79a369",
          "exists": true,
          "path": "./.cairn/archive/1970-01-01-bind-source-observations-and-monotonic-ingest/evidence/final-validation-2026-09-03/lifecycle.status"
        },
        {
          "content_hash": "d55dd0a6922784c44c1df266115916230aa038584a918b58b57659e597ced9af",
          "exists": true,
          "path": "./.cairn/archive/1970-01-01-bind-source-observations-and-monotonic-ingest/evidence/final-validation-2026-09-03/nix.command.txt"
        },
        {
          "content_hash": "c362267e1dd431af394be007cdb424d46fe8b465d2667f709f26b88f8f7316f6",
          "exists": true,
          "path": "./.cairn/archive/1970-01-01-bind-source-observations-and-monotonic-ingest/evidence/final-validation-2026-09-03/nix.log"
        },
        {
          "content_hash": "148f02f92554e6acdee4cc513b5cd4e13883a1726b9dca02b19fe9a95c79a369",
          "exists": true,
          "path": "./.cairn/archive/1970-01-01-bind-source-observations-and-monotonic-ingest/evidence/final-validation-2026-09-03/nix.status"
        },
        {
          "content_hash": "d15153f6e9b0d1fbe029d87093d2afbaebb980754b7b1bbd93f1a2d6dbefa13e",
          "exists": true,
          "path": "./.cairn/archive/1970-01-01-bind-source-observations-and-monotonic-ingest/evidence/final-validation-2026-09-03/summary.md"
        },
        {
          "content_hash": "148f02f92554e6acdee4cc513b5cd4e13883a1726b9dca02b19fe9a95c79a369",
          "exists": true,
          "path": "./.cairn/archive/1970-01-01-bind-source-observations-and-monotonic-ingest/evidence/final-validation-2026-09-03/tasks-gate.status"
        },
        {
          "content_hash": "d35248145794e8969cdb127076d94b1b4fcb9533a71d1addac99915265b17a68",
          "exists": true,
          "path": "./.cairn/archive/1970-01-01-bind-source-observations-and-monotonic-ingest/evidence/final-validation-2026-09-03/v98-impact-assessment.md"
        },
        {
          "content_hash": "fc87d058cadfcd803b26f6b393f2b7dece1fc81268a89a2976f7521415d7d9d1",
          "exists": true,
          "path": "./.cairn/archive/1970-01-01-bind-source-observations-and-monotonic-ingest/evidence/implementation-2026-09-03/summary.md"
        },
        {
          "content_hash": "1c8c4a0d8ede86b38a83a296c0a6f649adb45fbf6b3c267e9ca191b96f644f74",
          "exists": true,
          "path": "./.cairn/archive/1970-01-01-bind-source-observations-and-monotonic-ingest/evidence/scaffold-validation.md"
        },
        {
          "content_hash": "148f02f92554e6acdee4cc513b5cd4e13883a1726b9dca02b19fe9a95c79a369",
          "exists": true,
          "path": "./.cairn/archive/1970-01-01-bind-source-observations-and-monotonic-ingest/evidence/sync-2026-09-03/final-post-sync.status"
        },
        {
          "content_hash": "866407258b89895f9306449d00eb5887fcef683ad1866c6bc82ceaaab2a9ba82",
          "exists": true,
          "path": "./.cairn/archive/1970-01-01-bind-source-observations-and-monotonic-ingest/evidence/sync-2026-09-03/post-sync.log"
        },
        {
          "content_hash": "148f02f92554e6acdee4cc513b5cd4e13883a1726b9dca02b19fe9a95c79a369",
          "exists": true,
          "path": "./.cairn/archive/1970-01-01-bind-source-observations-and-monotonic-ingest/evidence/sync-2026-09-03/post-sync.status"
        },
        {
          "content_hash": "1dfce24abf90f182b76fb1ceec0d9363486cba412914805271315c0be2c239b6",
          "exists": true,
          "path": "./.cairn/archive/1970-01-01-bind-source-observations-and-monotonic-ingest/evidence/sync-2026-09-03/summary.md"
        },
        {
          "content_hash": "74ad4b9bf2699f3cc6d4e6bec95b81ce6ca8cfd3eeebea72a4fdad9febf3723d",
          "exists": true,
          "path": "./.cairn/archive/1970-01-01-bind-source-observations-and-monotonic-ingest/evidence/sync-2026-09-03/sync.command.txt"
        },
        {
          "content_hash": "bfb3e441115dc448fb60d27ea817b4a89dff57fa80ba52f024731c457147fdfb",
          "exists": true,
          "path": "./.cairn/archive/1970-01-01-bind-source-observations-and-monotonic-ingest/evidence/sync-2026-09-03/sync.log"
        },
        {
          "content_hash": "148f02f92554e6acdee4cc513b5cd4e13883a1726b9dca02b19fe9a95c79a369",
          "exists": true,
          "path": "./.cairn/archive/1970-01-01-bind-source-observations-and-monotonic-ingest/evidence/sync-2026-09-03/sync.status"
        },
        {
          "content_hash": "ea44aa23503895efc70e9d6fafd47700a7f73410641725d721009914b1877636",
          "exists": true,
          "path": "./.cairn/archive/1970-01-01-bind-source-observations-and-monotonic-ingest/proposal.md"
        },
        {
          "content_hash": "3ecc367ba4856e6254452c7608f978837d8030d403135ed5e238e51b228abf4b",
          "exists": true,
          "path": "./.cairn/archive/1970-01-01-bind-source-observations-and-monotonic-ingest/specs/durable-file-publication-adoption/spec.md"
        },
        {
          "content_hash": "d2b87e809e37d4ced3b81831184c0d97c6824d51da12cd5ac84b3da991197bb8",
          "exists": true,
          "path": "./.cairn/archive/1970-01-01-bind-source-observations-and-monotonic-ingest/specs/release-provenance/spec.md"
        },
        {
          "content_hash": "0db239988b1aa91b11cb185b276fb999f6ddd16f402f54c16dca122cdaa60934",
          "exists": true,
          "path": "./.cairn/archive/1970-01-01-bind-source-observations-and-monotonic-ingest/specs/source-transports/spec.md"
        },
        {
          "content_hash": "6dc42e316f15b6822f13f17f17d338e075ffe11422b6de3068c0a28e876a92eb",
          "exists": true,
          "path": "./.cairn/archive/1970-01-01-bind-source-observations-and-monotonic-ingest/tasks.md"
        },
        {
          "content_hash": null,
          "exists": false,
          "path": "./.cairn/changes/bind-source-observations-and-monotonic-ingest"
        }
      ],
      "manifest_hash": "fafb4a58976f435961c7e8d3229b90fc0d83713753ac47167110d628ccbec24c"
    },
    "before": {
      "entries": [
        {
          "content_hash": "16f4cf12b7d381450d4e1a94966b6ea7545ce5fbb097034bf244983936880f0c",
          "exists": true,
          "path": "./.cairn/changes/bind-source-observations-and-monotonic-ingest/design.md"
        },
        {
          "content_hash": "82165fd5c316bbd338b97329c9dd82a85dae466339afc430dba05d8c52810d8a",
          "exists": true,
          "path": "./.cairn/changes/bind-source-observations-and-monotonic-ingest/evidence/architecture-search-2026-09-03.md"
        },
        {
          "content_hash": "48660fa50eb4f651985e245903beded7550403fd3009f2a5a5bbd1d0f9889d02",
          "exists": true,
          "path": "./.cairn/changes/bind-source-observations-and-monotonic-ingest/evidence/baseline-2026-09-03/commands.txt"
        },
        {
          "content_hash": "b2a3a85299c344992ed3de53fa76b73b07bfbf386420934e80d044db445eca11",
          "exists": true,
          "path": "./.cairn/changes/bind-source-observations-and-monotonic-ingest/evidence/baseline-2026-09-03/source-bundle-manifest-field.txt"
        },
        {
          "content_hash": "587cc48fb006f91f53a226c4855ad90ecd6778e1ae7aba705c54aae791a600d2",
          "exists": true,
          "path": "./.cairn/changes/bind-source-observations-and-monotonic-ingest/evidence/baseline-2026-09-03/source-hashes.txt"
        },
        {
          "content_hash": "4aafdea2a4119eea89392ebc2a148c38d20c52aeb951fe4c02914529930a5970",
          "exists": true,
          "path": "./.cairn/changes/bind-source-observations-and-monotonic-ingest/evidence/baseline-2026-09-03/summary.md"
        },
        {
          "content_hash": "f20f0638fbde7a67836211dcc32c8500ad2bfdc2dc8f029b5262867e2c242f11",
          "exists": true,
          "path": "./.cairn/changes/bind-source-observations-and-monotonic-ingest/evidence/baseline-2026-09-03/tests.log"
        },
        {
          "content_hash": "d2c2a25195669a8d7bd1186bfd9f0c759adb78237cbbae82396784e63973ae05",
          "exists": true,
          "path": "./.cairn/changes/bind-source-observations-and-monotonic-ingest/evidence/committed-validation-2026-09-03/durable-publication-derivation.log"
        },
        {
          "content_hash": "148f02f92554e6acdee4cc513b5cd4e13883a1726b9dca02b19fe9a95c79a369",
          "exists": true,
          "path": "./.cairn/changes/bind-source-observations-and-monotonic-ingest/evidence/committed-validation-2026-09-03/durable-publication-derivation.status"
        },
        {
          "content_hash": "d300a503774a2181789fd36815f5de953bf499b81e37ba43878eaee019eabdc4",
          "exists": true,
          "path": "./.cairn/changes/bind-source-observations-and-monotonic-ingest/evidence/committed-validation-2026-09-03/durable-publication-local.command.txt"
        },
        {
          "content_hash": "7e0823cd838f3220ebadef9841e6b1b206318332fb44019abe1e74eddd7b5c5f",
          "exists": true,
          "path": "./.cairn/changes/bind-source-observations-and-monotonic-ingest/evidence/committed-validation-2026-09-03/durable-publication-local.log"
        },
        {
          "content_hash": "148f02f92554e6acdee4cc513b5cd4e13883a1726b9dca02b19fe9a95c79a369",
          "exists": true,
          "path": "./.cairn/changes/bind-source-observations-and-monotonic-ingest/evidence/committed-validation-2026-09-03/durable-publication-local.status"
        },
        {
          "content_hash": "108c1ac0cfa2a0bdab2391d7c192d2bf72baece6a03c5ac97874f832bb95b267",
          "exists": true,
          "path": "./.cairn/changes/bind-source-observations-and-monotonic-ingest/evidence/committed-validation-2026-09-03/durable-publication.command.txt"
        },
        {
          "content_hash": "667dd0fbe29149ea1faa630340265db7b35a9aa9de621f862942607907940e7e",
          "exists": true,
          "path": "./.cairn/changes/bind-source-observations-and-monotonic-ingest/evidence/committed-validation-2026-09-03/durable-publication.log"
        },
        {
          "content_hash": "50cc1102b1c612e6962547aacdcef9a400d4416ef8dd9388e885991853c400c9",
          "exists": true,
          "path": "./.cairn/changes/bind-source-observations-and-monotonic-ingest/evidence/committed-validation-2026-09-03/durable-publication.status"
        },
        {
          "content_hash": "28d5cc647492a94290432e51e73b89a9bb55d8647a9335bbb2ae0b139ea90abe",
          "exists": true,
          "path": "./.cairn/changes/bind-source-observations-and-monotonic-ingest/evidence/committed-validation-2026-09-03/first-party-quality.command.txt"
        },
        {
          "content_hash": "89994a19f2cd0c035de83624c97369dcb7e77d5feb252014990051ed8c35b747",
          "exists": true,
          "path": "./.cairn/changes/bind-source-observations-and-monotonic-ingest/evidence/committed-validation-2026-09-03/first-party-quality.log"
        },
        {
          "content_hash": "779c2379a41b40ee4b939961fbce0ade8840c854490c67163ca5c3df7424c440",
          "exists": true,
          "path": "./.cairn/changes/bind-source-observations-and-monotonic-ingest/evidence/committed-validation-2026-09-03/first-party-quality.status"
        },
        {
          "content_hash": "27fd695c67f8aaf7c7761bb17a6a5978018d618973e3076d98cf8ff3ac0b6be0",
          "exists": true,
          "path": "./.cairn/changes/bind-source-observations-and-monotonic-ingest/evidence/committed-validation-2026-09-03/focused.commands.txt"
        },
        {
          "content_hash": "2b0dff1c1578aa4ae4169c11e684f0550aaf05aa9924e0ebe8dc3567bc64b448",
          "exists": true,
          "path": "./.cairn/changes/bind-source-observations-and-monotonic-ingest/evidence/committed-validation-2026-09-03/focused.log"
        },
        {
          "content_hash": "148f02f92554e6acdee4cc513b5cd4e13883a1726b9dca02b19fe9a95c79a369",
          "exists": true,
          "path": "./.cairn/changes/bind-source-observations-and-monotonic-ingest/evidence/committed-validation-2026-09-03/focused.status"
        },
        {
          "content_hash": "59d133c1a4546c1f86fd61512c3661b8c353e8a177b1b31fcf7efcbae959e86c",
          "exists": true,
          "path": "./.cairn/changes/bind-source-observations-and-monotonic-ingest/evidence/committed-validation-2026-09-03/nix-focused.command.txt"
        },
        {
          "content_hash": "a6bdaeba24f43b498cdedd80fae24b1c0ccb0bc1f16ca9bd61c7c84bfca793f2",
          "exists": true,
          "path": "./.cairn/changes/bind-source-observations-and-monotonic-ingest/evidence/committed-validation-2026-09-03/nix-focused.log"
        },
        {
          "content_hash": "148f02f92554e6acdee4cc513b5cd4e13883a1726b9dca02b19fe9a95c79a369",
          "exists": true,
          "path": "./.cairn/changes/bind-source-observations-and-monotonic-ingest/evidence/committed-validation-2026-09-03/nix-focused.status"
        },
        {
          "content_hash": "ee04363d155f100e45c7b0479e6b9eec70c3e7232a66429039db2140d25dab90",
          "exists": true,
          "path": "./.cairn/changes/bind-source-observations-and-monotonic-ingest/evidence/committed-validation-2026-09-03/nix-no-build.command.txt"
        },
        {
          "content_hash": "683fc15860c432995fc64d2c951af9725a320f1b241efbad016fb67b81453e29",
          "exists": true,
          "path": "./.cairn/changes/bind-source-observations-and-monotonic-ingest/evidence/committed-validation-2026-09-03/nix-no-build.log"
        },
        {
          "content_hash": "148f02f92554e6acdee4cc513b5cd4e13883a1726b9dca02b19fe9a95c79a369",
          "exists": true,
          "path": "./.cairn/changes/bind-source-observations-and-monotonic-ingest/evidence/committed-validation-2026-09-03/nix-no-build.status"
        },
        {
          "content_hash": "97d78134a75a3a1e7f165c1ec8157988ca0e37ccbd51141edfe028dd09b719ac",
          "exists": true,
          "path": "./.cairn/changes/bind-source-observations-and-monotonic-ingest/evidence/committed-validation-2026-09-03/nix-quality.command.txt"
        },
        {
          "content_hash": "e1bd3dc9ac2a29a922588b7d06e3919fdd087000b84eafb33ee351ac9aede70d",
          "exists": true,
          "path": "./.cairn/changes/bind-source-observations-and-monotonic-ingest/evidence/committed-validation-2026-09-03/nix-quality.log"
        },
        {
          "content_hash": "148f02f92554e6acdee4cc513b5cd4e13883a1726b9dca02b19fe9a95c79a369",
          "exists": true,
          "path": "./.cairn/changes/bind-source-observations-and-monotonic-ingest/evidence/committed-validation-2026-09-03/nix-quality.status"
        },
        {
          "content_hash": "058fcfa3aa6405bfa80da5c7ba5443f986d2c72b3c4f13d8c45da1c339fab5ab",
          "exists": true,
          "path": "./.cairn/changes/bind-source-observations-and-monotonic-ingest/evidence/final-validation-2026-09-03/focused.commands.txt"
        },
        {
          "content_hash": "360e0f6f2a7d1dcb2c40f3276963aa01a4c47da1eea722c9d842dd6b186eccb3",
          "exists": true,
          "path": "./.cairn/changes/bind-source-observations-and-monotonic-ingest/evidence/final-validation-2026-09-03/focused.log"
        },
        {
          "content_hash": "148f02f92554e6acdee4cc513b5cd4e13883a1726b9dca02b19fe9a95c79a369",
          "exists": true,
          "path": "./.cairn/changes/bind-source-observations-and-monotonic-ingest/evidence/final-validation-2026-09-03/focused.status"
        },
        {
          "content_hash": "90a8ba91860d781998835adbc7e5d0d9ca5b9765ab3d0acc16e103e591476661",
          "exists": true,
          "path": "./.cairn/changes/bind-source-observations-and-monotonic-ingest/evidence/final-validation-2026-09-03/lifecycle.commands.txt"
        },
        {
          "content_hash": "2de96545d9d7a266766eca470b4f738990aeb46f50611bb89a0c230bb4ca82ee",
          "exists": true,
          "path": "./.cairn/changes/bind-source-observations-and-monotonic-ingest/evidence/final-validation-2026-09-03/lifecycle.log"
        },
        {
          "content_hash": "148f02f92554e6acdee4cc513b5cd4e13883a1726b9dca02b19fe9a95c79a369",
          "exists": true,
          "path": "./.cairn/changes/bind-source-observations-and-monotonic-ingest/evidence/final-validation-2026-09-03/lifecycle.status"
        },
        {
          "content_hash": "d55dd0a6922784c44c1df266115916230aa038584a918b58b57659e597ced9af",
          "exists": true,
          "path": "./.cairn/changes/bind-source-observations-and-monotonic-ingest/evidence/final-validation-2026-09-03/nix.command.txt"
        },
        {
          "content_hash": "c362267e1dd431af394be007cdb424d46fe8b465d2667f709f26b88f8f7316f6",
          "exists": true,
          "path": "./.cairn/changes/bind-source-observations-and-monotonic-ingest/evidence/final-validation-2026-09-03/nix.log"
        },
        {
          "content_hash": "148f02f92554e6acdee4cc513b5cd4e13883a1726b9dca02b19fe9a95c79a369",
          "exists": true,
          "path": "./.cairn/changes/bind-source-observations-and-monotonic-ingest/evidence/final-validation-2026-09-03/nix.status"
        },
        {
          "content_hash": "d15153f6e9b0d1fbe029d87093d2afbaebb980754b7b1bbd93f1a2d6dbefa13e",
          "exists": true,
          "path": "./.cairn/changes/bind-source-observations-and-monotonic-ingest/evidence/final-validation-2026-09-03/summary.md"
        },
        {
          "content_hash": "148f02f92554e6acdee4cc513b5cd4e13883a1726b9dca02b19fe9a95c79a369",
          "exists": true,
          "path": "./.cairn/changes/bind-source-observations-and-monotonic-ingest/evidence/final-validation-2026-09-03/tasks-gate.status"
        },
        {
          "content_hash": "d35248145794e8969cdb127076d94b1b4fcb9533a71d1addac99915265b17a68",
          "exists": true,
          "path": "./.cairn/changes/bind-source-observations-and-monotonic-ingest/evidence/final-validation-2026-09-03/v98-impact-assessment.md"
        },
        {
          "content_hash": "fc87d058cadfcd803b26f6b393f2b7dece1fc81268a89a2976f7521415d7d9d1",
          "exists": true,
          "path": "./.cairn/changes/bind-source-observations-and-monotonic-ingest/evidence/implementation-2026-09-03/summary.md"
        },
        {
          "content_hash": "1c8c4a0d8ede86b38a83a296c0a6f649adb45fbf6b3c267e9ca191b96f644f74",
          "exists": true,
          "path": "./.cairn/changes/bind-source-observations-and-monotonic-ingest/evidence/scaffold-validation.md"
        },
        {
          "content_hash": "148f02f92554e6acdee4cc513b5cd4e13883a1726b9dca02b19fe9a95c79a369",
          "exists": true,
          "path": "./.cairn/changes/bind-source-observations-and-monotonic-ingest/evidence/sync-2026-09-03/final-post-sync.status"
        },
        {
          "content_hash": "866407258b89895f9306449d00eb5887fcef683ad1866c6bc82ceaaab2a9ba82",
          "exists": true,
          "path": "./.cairn/changes/bind-source-observations-and-monotonic-ingest/evidence/sync-2026-09-03/post-sync.log"
        },
        {
          "content_hash": "148f02f92554e6acdee4cc513b5cd4e13883a1726b9dca02b19fe9a95c79a369",
          "exists": true,
          "path": "./.cairn/changes/bind-source-observations-and-monotonic-ingest/evidence/sync-2026-09-03/post-sync.status"
        },
        {
          "content_hash": "1dfce24abf90f182b76fb1ceec0d9363486cba412914805271315c0be2c239b6",
          "exists": true,
          "path": "./.cairn/changes/bind-source-observations-and-monotonic-ingest/evidence/sync-2026-09-03/summary.md"
        },
        {
          "content_hash": "74ad4b9bf2699f3cc6d4e6bec95b81ce6ca8cfd3eeebea72a4fdad9febf3723d",
          "exists": true,
          "path": "./.cairn/changes/bind-source-observations-and-monotonic-ingest/evidence/sync-2026-09-03/sync.command.txt"
        },
        {
          "content_hash": "bfb3e441115dc448fb60d27ea817b4a89dff57fa80ba52f024731c457147fdfb",
          "exists": true,
          "path": "./.cairn/changes/bind-source-observations-and-monotonic-ingest/evidence/sync-2026-09-03/sync.log"
        },
        {
          "content_hash": "148f02f92554e6acdee4cc513b5cd4e13883a1726b9dca02b19fe9a95c79a369",
          "exists": true,
          "path": "./.cairn/changes/bind-source-observations-and-monotonic-ingest/evidence/sync-2026-09-03/sync.status"
        },
        {
          "content_hash": "ea44aa23503895efc70e9d6fafd47700a7f73410641725d721009914b1877636",
          "exists": true,
          "path": "./.cairn/changes/bind-source-observations-and-monotonic-ingest/proposal.md"
        },
        {
          "content_hash": "3ecc367ba4856e6254452c7608f978837d8030d403135ed5e238e51b228abf4b",
          "exists": true,
          "path": "./.cairn/changes/bind-source-observations-and-monotonic-ingest/specs/durable-file-publication-adoption/spec.md"
        },
        {
          "content_hash": "d2b87e809e37d4ced3b81831184c0d97c6824d51da12cd5ac84b3da991197bb8",
          "exists": true,
          "path": "./.cairn/changes/bind-source-observations-and-monotonic-ingest/specs/release-provenance/spec.md"
        },
        {
          "content_hash": "0db239988b1aa91b11cb185b276fb999f6ddd16f402f54c16dca122cdaa60934",
          "exists": true,
          "path": "./.cairn/changes/bind-source-observations-and-monotonic-ingest/specs/source-transports/spec.md"
        },
        {
          "content_hash": "6dc42e316f15b6822f13f17f17d338e075ffe11422b6de3068c0a28e876a92eb",
          "exists": true,
          "path": "./.cairn/changes/bind-source-observations-and-monotonic-ingest/tasks.md"
        }
      ],
      "manifest_hash": "0466faac0d61708e8060e03d5fcb6479be6056cfedbcab1f8af5a9835ca75954"
    },
    "kind": "archive",
    "manifest_hash": "2b324e3df3f4577996154229418d5a0d33a7d5d96817e3f8df6fee2dbb34998b"
  },
  "plan_hash": "b17ccab7eaaf0fe3b204e15291328000046c49e15e0d1a8819db02b59ba09cd8",
  "policy": "mantle-default",
  "policy_hash": "acf9eb63eba35b8dfa98a4cdefca99088de442d8a20548ea3ab81a127b7b2746",
  "reasons": [],
  "receipt_hash": "0e99da73e9e2b84b4efc78b99b1425711b958297f9170fba3d6731ff75db0408"
}
