{
  "change": "prove-source-built-mantle-fixed-point",
  "evidence_summary": {
    "docs_only": 0,
    "fixture": 0,
    "formal": 0,
    "mode": "advisory",
    "model": 0,
    "probe": 0,
    "property": 0
  },
  "input_hash": "2a1643386c9824956443a2069b3eb48596739bf4052465385ad8a362ccd1514d",
  "issues": [],
  "layout": "cairn",
  "policy": "mantle-default",
  "policy_hash": "69891b1b46c1b38dad36043d5603ad45768bbeb4bc61ad10b72bc0cbabadb0d7",
  "probe_evidence": {
    "declarations_present": false,
    "probes": []
  },
  "receipt_hash": "435d07d0d7cc784bcc4997fcd9c8878224e0c487c483d5e3c4e1dd82c287a360",
  "stage": "tasks",
  "substance": [
    {
      "checkbox_tasks": 0,
      "kind": "design",
      "malformed_dependency_markers": 0,
      "path": "./.cairn/changes/prove-source-built-mantle-fixed-point/design.md",
      "requirement_blocks": 0,
      "scenario_blocks": 0,
      "substantive_lines": 25,
      "substantive_requirement_blocks": 0,
      "substantive_tasks": 0,
      "task_done": 0,
      "task_in_progress": 0,
      "task_todo": 0
    },
    {
      "checkbox_tasks": 0,
      "kind": "proposal",
      "malformed_dependency_markers": 0,
      "path": "./.cairn/changes/prove-source-built-mantle-fixed-point/proposal.md",
      "requirement_blocks": 0,
      "scenario_blocks": 0,
      "substantive_lines": 13,
      "substantive_requirement_blocks": 0,
      "substantive_tasks": 0,
      "task_done": 0,
      "task_in_progress": 0,
      "task_todo": 0
    },
    {
      "checkbox_tasks": 0,
      "kind": "delta_spec",
      "malformed_dependency_markers": 0,
      "path": "./.cairn/changes/prove-source-built-mantle-fixed-point/specs/bootstrap-inventory/spec.md",
      "requirement_blocks": 1,
      "scenario_blocks": 7,
      "substantive_lines": 29,
      "substantive_requirement_blocks": 1,
      "substantive_tasks": 0,
      "task_done": 0,
      "task_in_progress": 0,
      "task_todo": 0
    },
    {
      "checkbox_tasks": 8,
      "kind": "tasks",
      "malformed_dependency_markers": 0,
      "path": "./.cairn/changes/prove-source-built-mantle-fixed-point/tasks.md",
      "requirement_blocks": 0,
      "scenario_blocks": 0,
      "substantive_lines": 10,
      "substantive_requirement_blocks": 0,
      "substantive_tasks": 8,
      "task_done": 2,
      "task_in_progress": 0,
      "task_todo": 6
    }
  ],
  "task_ordering": {
    "active": false,
    "edges": [],
    "issues": [],
    "nodes": [],
    "order": [],
    "ready_tasks": [],
    "valid": true
  },
  "valid": true,
  "verdict": "PASS"
}
