{
  "change": "prove-source-built-mantle-fixed-point",
  "evidence_summary": {
    "docs_only": 0,
    "fixture": 0,
    "formal": 0,
    "mode": "advisory",
    "model": 0,
    "probe": 0,
    "property": 0
  },
  "input_hash": "c212a12440cfc6f77824610163f000145889b2fc83fb777d4622ac0cebdced65",
  "issues": [],
  "layout": "cairn",
  "policy": "mantle-default",
  "policy_hash": "69891b1b46c1b38dad36043d5603ad45768bbeb4bc61ad10b72bc0cbabadb0d7",
  "probe_evidence": null,
  "receipt_hash": "14e27607fb8c4de6f2ac92874ea31970fa1d95726d4e6ed78ac1511dd44d6ca2",
  "stage": "proposal",
  "substance": [
    {
      "checkbox_tasks": 0,
      "kind": "proposal",
      "malformed_dependency_markers": 0,
      "path": "./.cairn/changes/prove-source-built-mantle-fixed-point/proposal.md",
      "requirement_blocks": 0,
      "scenario_blocks": 0,
      "substantive_lines": 13,
      "substantive_requirement_blocks": 0,
      "substantive_tasks": 0,
      "task_done": 0,
      "task_in_progress": 0,
      "task_todo": 0
    }
  ],
  "task_ordering": null,
  "valid": true,
  "verdict": "PASS"
}
