{
  "change": "prove-source-built-mantle-fixed-point",
  "evidence_summary": {
    "docs_only": 0,
    "fixture": 0,
    "formal": 0,
    "mode": "advisory",
    "model": 0,
    "probe": 0,
    "property": 0
  },
  "input_hash": "7bdb7fc73ef4808f71583a3e1cd5155d7dee411cc737dd48e09c32391f9fda0f",
  "issues": [],
  "layout": "cairn",
  "policy": "mantle-default",
  "policy_hash": "69891b1b46c1b38dad36043d5603ad45768bbeb4bc61ad10b72bc0cbabadb0d7",
  "probe_evidence": null,
  "receipt_hash": "0874509cad1716fcaed3f77cc202539b67c5ca9996b09ab0d6bb2fde87a89618",
  "stage": "proposal",
  "substance": [
    {
      "checkbox_tasks": 0,
      "kind": "proposal",
      "malformed_dependency_markers": 0,
      "path": "./.cairn/changes/prove-source-built-mantle-fixed-point/proposal.md",
      "requirement_blocks": 0,
      "scenario_blocks": 0,
      "substantive_lines": 20,
      "substantive_requirement_blocks": 0,
      "substantive_tasks": 0,
      "task_done": 0,
      "task_in_progress": 0,
      "task_todo": 0
    }
  ],
  "task_ordering": null,
  "valid": true,
  "verdict": "PASS"
}
