{
  "change": "prove-source-built-mantle-fixed-point",
  "evidence_summary": {
    "docs_only": 0,
    "fixture": 0,
    "formal": 0,
    "mode": "advisory",
    "model": 0,
    "probe": 0,
    "property": 0
  },
  "input_hash": "b3c68361a4adba352969279c3b0257117edc6e9c073ddcc352b1d2d489977e6d",
  "issues": [],
  "layout": "cairn",
  "policy": "mantle-default",
  "policy_hash": "69891b1b46c1b38dad36043d5603ad45768bbeb4bc61ad10b72bc0cbabadb0d7",
  "probe_evidence": {
    "declarations_present": false,
    "probes": []
  },
  "receipt_hash": "335c3f03e0c2106d1aff800395103dc12c67f88e4054cc28be5b5e570eb7d8b8",
  "stage": "tasks",
  "substance": [
    {
      "checkbox_tasks": 0,
      "kind": "design",
      "malformed_dependency_markers": 0,
      "path": "./.cairn/changes/prove-source-built-mantle-fixed-point/design.md",
      "requirement_blocks": 0,
      "scenario_blocks": 0,
      "substantive_lines": 45,
      "substantive_requirement_blocks": 0,
      "substantive_tasks": 0,
      "task_done": 0,
      "task_in_progress": 0,
      "task_todo": 0
    },
    {
      "checkbox_tasks": 0,
      "kind": "proposal",
      "malformed_dependency_markers": 0,
      "path": "./.cairn/changes/prove-source-built-mantle-fixed-point/proposal.md",
      "requirement_blocks": 0,
      "scenario_blocks": 0,
      "substantive_lines": 20,
      "substantive_requirement_blocks": 0,
      "substantive_tasks": 0,
      "task_done": 0,
      "task_in_progress": 0,
      "task_todo": 0
    },
    {
      "checkbox_tasks": 0,
      "kind": "delta_spec",
      "malformed_dependency_markers": 0,
      "path": "./.cairn/changes/prove-source-built-mantle-fixed-point/specs/bootstrap-inventory/spec.md",
      "requirement_blocks": 1,
      "scenario_blocks": 8,
      "substantive_lines": 39,
      "substantive_requirement_blocks": 1,
      "substantive_tasks": 0,
      "task_done": 0,
      "task_in_progress": 0,
      "task_todo": 0
    },
    {
      "checkbox_tasks": 8,
      "kind": "tasks",
      "malformed_dependency_markers": 0,
      "path": "./.cairn/changes/prove-source-built-mantle-fixed-point/tasks.md",
      "requirement_blocks": 0,
      "scenario_blocks": 0,
      "substantive_lines": 42,
      "substantive_requirement_blocks": 0,
      "substantive_tasks": 8,
      "task_done": 8,
      "task_in_progress": 0,
      "task_todo": 0
    }
  ],
  "task_ordering": {
    "active": false,
    "edges": [],
    "issues": [],
    "nodes": [],
    "order": [],
    "ready_tasks": [],
    "valid": true
  },
  "valid": true,
  "verdict": "PASS"
}
