{
  "change": "prove-source-built-mantle-fixed-point",
  "evidence_summary": {
    "docs_only": 0,
    "fixture": 0,
    "formal": 0,
    "mode": "advisory",
    "model": 0,
    "probe": 0,
    "property": 0
  },
  "input_hash": "844d2bd6323b13736b9e1308ca26c6455b973b300593a7197d2a385b6bb23829",
  "issues": [],
  "layout": "cairn",
  "policy": "mantle-default",
  "policy_hash": "69891b1b46c1b38dad36043d5603ad45768bbeb4bc61ad10b72bc0cbabadb0d7",
  "probe_evidence": null,
  "receipt_hash": "b80f12e0c893a10c5a44c2b88685a90845d946daaa948d758bce8e1076844867",
  "stage": "design",
  "substance": [
    {
      "checkbox_tasks": 0,
      "kind": "design",
      "malformed_dependency_markers": 0,
      "path": "./.cairn/changes/prove-source-built-mantle-fixed-point/design.md",
      "requirement_blocks": 0,
      "scenario_blocks": 0,
      "substantive_lines": 45,
      "substantive_requirement_blocks": 0,
      "substantive_tasks": 0,
      "task_done": 0,
      "task_in_progress": 0,
      "task_todo": 0
    },
    {
      "checkbox_tasks": 0,
      "kind": "proposal",
      "malformed_dependency_markers": 0,
      "path": "./.cairn/changes/prove-source-built-mantle-fixed-point/proposal.md",
      "requirement_blocks": 0,
      "scenario_blocks": 0,
      "substantive_lines": 20,
      "substantive_requirement_blocks": 0,
      "substantive_tasks": 0,
      "task_done": 0,
      "task_in_progress": 0,
      "task_todo": 0
    },
    {
      "checkbox_tasks": 0,
      "kind": "delta_spec",
      "malformed_dependency_markers": 0,
      "path": "./.cairn/changes/prove-source-built-mantle-fixed-point/specs/bootstrap-inventory/spec.md",
      "requirement_blocks": 1,
      "scenario_blocks": 8,
      "substantive_lines": 39,
      "substantive_requirement_blocks": 1,
      "substantive_tasks": 0,
      "task_done": 0,
      "task_in_progress": 0,
      "task_todo": 0
    }
  ],
  "task_ordering": null,
  "valid": true,
  "verdict": "PASS"
}
