$ rustfmt leaf check
$ preserved evidence tests
warning: /home/brittonr/git/OnixResearch/mantle/.pi/worktrees/source-built-receipt-finalization/Cargo.toml: file `/home/brittonr/git/OnixResearch/mantle/.pi/worktrees/source-built-receipt-finalization/src/main.rs` found to be present in multiple build targets:
  * `bin` target `crunch`
  * `bin` target `mantle`
    Finished `test` profile [unoptimized + debuginfo] target(s) in 0.33s
     Running unittests src/main.rs (/home/brittonr/.cargo-target/debug/deps/mantle-980b9d144f87916a)

running 2 tests
test preserved_evidence_tree::tests::opaque_links_are_observed_but_remain_rejected_as_sources ... ok
test preserved_evidence_tree::tests::evidence_profile_supports_more_entries_than_release_copy_policy ... ok

test result: ok. 2 passed; 0 failed; 0 ignored; 0 measured; 2399 filtered out; finished in 0.14s

$ receipt tests
warning: /home/brittonr/git/OnixResearch/mantle/.pi/worktrees/source-built-receipt-finalization/Cargo.toml: file `/home/brittonr/git/OnixResearch/mantle/.pi/worktrees/source-built-receipt-finalization/src/main.rs` found to be present in multiple build targets:
  * `bin` target `crunch`
  * `bin` target `mantle`
    Finished `test` profile [unoptimized + debuginfo] target(s) in 0.26s
     Running unittests src/main.rs (/home/brittonr/.cargo-target/debug/deps/mantle-980b9d144f87916a)

running 6 tests
test source_built_fixed_point_receipt::tests::preserved_proof_bundle_fixture_fits_receipt_entry_policy ... ignored, requires a preserved source-built proof bundle
test source_built_fixed_point_receipt::tests::preserved_stagex_transition_tree_fixture_hashes_under_receipt_policy ... ignored, requires a preserved source-built StageX transition tree
test source_built_fixed_point_receipt::tests::provider_identity_digest_binds_each_declared_role ... ok
test source_built_fixed_point_receipt::tests::stage_evidence_rejects_fallbacks_and_duplicate_ids ... ok
test source_built_fixed_point_receipt::tests::bundle_digest_skips_declared_unreadable_scratch_but_rejects_unknown_unreadable_content ... ok
test source_built_fixed_point_receipt::tests::bundle_digest_excludes_only_self_referential_receipt_files ... ok

test result: ok. 4 passed; 0 failed; 2 ignored; 0 measured; 2395 filtered out; finished in 0.00s

$ isolated focused clippy
warning: /home/brittonr/git/OnixResearch/mantle/.pi/worktrees/source-built-receipt-finalization/Cargo.toml: file `/home/brittonr/git/OnixResearch/mantle/.pi/worktrees/source-built-receipt-finalization/src/main.rs` found to be present in multiple build targets:
  * `bin` target `crunch`
  * `bin` target `mantle`
    Finished `dev` profile [unoptimized + debuginfo] target(s) in 0.49s
$ git diff --check
