mantle-runtime-fingerprint {"schema":"mantle-runtime-fingerprint-v1","mantle_version":"0.1.0","command":"self-build","logical_store_prefix":"/mantle/store","physical_store_dir":"/nix/store","state_dir":"/home/brittonr/.local/state/crunch","json_mode":false,"verbosity_source":"verbose-flag","diagnostic_scope":"selected-runtime-context-only","hermeticity_mode":"strict","substitution_mode":"disabled","substituter_count":0,"signing_key_selected":false,"trusted_public_key_count":0,"trust_unsigned":false}
[2m2026-08-20T10:20:59.085458Z[0m [32m INFO[0m [2mredb::db[0m[2m:[0m Opening database "InMemoryBackend(RwLock { data: [], poisoned: false, .. })"
[2m2026-08-20T10:20:59.087959Z[0m [33m WARN[0m [2mredb::db[0m[2m:[0m Database "InMemoryBackend(RwLock { data: [], poisoned: false, .. })" not shutdown cleanly. Repairing
[2m2026-08-20T10:20:59.243113Z[0m [32m INFO[0m [2mredb::db[0m[2m:[0m Opening database "InMemoryBackend(RwLock { data: [], poisoned: false, .. })"
[2m2026-08-20T10:20:59.245201Z[0m [33m WARN[0m [2mredb::db[0m[2m:[0m Database "InMemoryBackend(RwLock { data: [], poisoned: false, .. })" not shutdown cleanly. Repairing
[2m2026-08-20T10:46:15.112160Z[0m [32m INFO[0m [2mredb::db[0m[2m:[0m Opening database "InMemoryBackend(RwLock { data: [], poisoned: false, .. })"
[2m2026-08-20T10:46:15.114171Z[0m [33m WARN[0m [2mredb::db[0m[2m:[0m Database "InMemoryBackend(RwLock { data: [], poisoned: false, .. })" not shutdown cleanly. Repairing
[2m2026-08-20T10:46:15.258447Z[0m [32m INFO[0m [2mredb::db[0m[2m:[0m Opening database "InMemoryBackend(RwLock { data: [], poisoned: false, .. })"
[2m2026-08-20T10:46:15.260457Z[0m [33m WARN[0m [2mredb::db[0m[2m:[0m Database "InMemoryBackend(RwLock { data: [], poisoned: false, .. })" not shutdown cleanly. Repairing
[2m2026-08-20T11:04:49.414664Z[0m [32m INFO[0m [2mredb::db[0m[2m:[0m Opening database "InMemoryBackend(RwLock { data: [], poisoned: false, .. })"
[2m2026-08-20T11:04:49.416683Z[0m [33m WARN[0m [2mredb::db[0m[2m:[0m Database "InMemoryBackend(RwLock { data: [], poisoned: false, .. })" not shutdown cleanly. Repairing
[2m2026-08-20T11:04:53.313003Z[0m [32m INFO[0m [2mredb::db[0m[2m:[0m Opening database "InMemoryBackend(RwLock { data: [], poisoned: false, .. })"
[2m2026-08-20T11:04:53.315025Z[0m [33m WARN[0m [2mredb::db[0m[2m:[0m Database "InMemoryBackend(RwLock { data: [], poisoned: false, .. })" not shutdown cleanly. Repairing
[2m2026-08-20T11:04:55.240384Z[0m [32m INFO[0m [2mredb::db[0m[2m:[0m Opening database "InMemoryBackend(RwLock { data: [], poisoned: false, .. })"
[2m2026-08-20T11:04:55.242413Z[0m [33m WARN[0m [2mredb::db[0m[2m:[0m Database "InMemoryBackend(RwLock { data: [], poisoned: false, .. })" not shutdown cleanly. Repairing
[2m2026-08-20T11:04:56.546195Z[0m [32m INFO[0m [2mredb::db[0m[2m:[0m Opening database "InMemoryBackend(RwLock { data: [], poisoned: false, .. })"
[2m2026-08-20T11:04:56.548213Z[0m [33m WARN[0m [2mredb::db[0m[2m:[0m Database "InMemoryBackend(RwLock { data: [], poisoned: false, .. })" not shutdown cleanly. Repairing
[2m2026-08-20T11:04:57.925587Z[0m [32m INFO[0m [2mredb::db[0m[2m:[0m Opening database "InMemoryBackend(RwLock { data: [], poisoned: false, .. })"
[2m2026-08-20T11:04:57.927605Z[0m [33m WARN[0m [2mredb::db[0m[2m:[0m Database "InMemoryBackend(RwLock { data: [], poisoned: false, .. })" not shutdown cleanly. Repairing
[2m2026-08-20T11:04:59.601608Z[0m [32m INFO[0m [2mredb::db[0m[2m:[0m Opening database "InMemoryBackend(RwLock { data: [], poisoned: false, .. })"
[2m2026-08-20T11:04:59.603635Z[0m [33m WARN[0m [2mredb::db[0m[2m:[0m Database "InMemoryBackend(RwLock { data: [], poisoned: false, .. })" not shutdown cleanly. Repairing
[2m2026-08-20T11:05:01.286962Z[0m [32m INFO[0m [2mredb::db[0m[2m:[0m Opening database "InMemoryBackend(RwLock { data: [], poisoned: false, .. })"
[2m2026-08-20T11:05:01.288980Z[0m [33m WARN[0m [2mredb::db[0m[2m:[0m Database "InMemoryBackend(RwLock { data: [], poisoned: false, .. })" not shutdown cleanly. Repairing
[2m2026-08-20T11:05:10.959146Z[0m [32m INFO[0m [2mredb::db[0m[2m:[0m Opening database "InMemoryBackend(RwLock { data: [], poisoned: false, .. })"
[2m2026-08-20T11:05:10.961358Z[0m [33m WARN[0m [2mredb::db[0m[2m:[0m Database "InMemoryBackend(RwLock { data: [], poisoned: false, .. })" not shutdown cleanly. Repairing
[2m2026-08-20T11:05:17.124041Z[0m [32m INFO[0m [2mredb::db[0m[2m:[0m Opening database "InMemoryBackend(RwLock { data: [], poisoned: false, .. })"
[2m2026-08-20T11:05:17.126072Z[0m [33m WARN[0m [2mredb::db[0m[2m:[0m Database "InMemoryBackend(RwLock { data: [], poisoned: false, .. })" not shutdown cleanly. Repairing
[2m2026-08-20T11:05:18.400691Z[0m [32m INFO[0m [2mredb::db[0m[2m:[0m Opening database "InMemoryBackend(RwLock { data: [], poisoned: false, .. })"
[2m2026-08-20T11:05:18.402716Z[0m [33m WARN[0m [2mredb::db[0m[2m:[0m Database "InMemoryBackend(RwLock { data: [], poisoned: false, .. })" not shutdown cleanly. Repairing
[2m2026-08-20T11:05:22.868086Z[0m [32m INFO[0m [2mredb::db[0m[2m:[0m Opening database "InMemoryBackend(RwLock { data: [], poisoned: false, .. })"
[2m2026-08-20T11:05:22.870113Z[0m [33m WARN[0m [2mredb::db[0m[2m:[0m Database "InMemoryBackend(RwLock { data: [], poisoned: false, .. })" not shutdown cleanly. Repairing
[2m2026-08-20T11:05:53.530871Z[0m [32m INFO[0m [2mredb::db[0m[2m:[0m Opening database "InMemoryBackend(RwLock { data: [], poisoned: false, .. })"
[2m2026-08-20T11:05:53.532885Z[0m [33m WARN[0m [2mredb::db[0m[2m:[0m Database "InMemoryBackend(RwLock { data: [], poisoned: false, .. })" not shutdown cleanly. Repairing
[2m2026-08-20T11:05:55.488135Z[0m [32m INFO[0m [2mredb::db[0m[2m:[0m Opening database "InMemoryBackend(RwLock { data: [], poisoned: false, .. })"
[2m2026-08-20T11:05:55.490178Z[0m [33m WARN[0m [2mredb::db[0m[2m:[0m Database "InMemoryBackend(RwLock { data: [], poisoned: false, .. })" not shutdown cleanly. Repairing
[2m2026-08-20T11:05:56.931437Z[0m [32m INFO[0m [2mredb::db[0m[2m:[0m Opening database "InMemoryBackend(RwLock { data: [], poisoned: false, .. })"
[2m2026-08-20T11:05:56.933452Z[0m [33m WARN[0m [2mredb::db[0m[2m:[0m Database "InMemoryBackend(RwLock { data: [], poisoned: false, .. })" not shutdown cleanly. Repairing
[2m2026-08-20T11:05:58.237938Z[0m [32m INFO[0m [2mredb::db[0m[2m:[0m Opening database "InMemoryBackend(RwLock { data: [], poisoned: false, .. })"
[2m2026-08-20T11:05:58.240000Z[0m [33m WARN[0m [2mredb::db[0m[2m:[0m Database "InMemoryBackend(RwLock { data: [], poisoned: false, .. })" not shutdown cleanly. Repairing
[2m2026-08-20T11:06:00.484154Z[0m [32m INFO[0m [2mredb::db[0m[2m:[0m Opening database "InMemoryBackend(RwLock { data: [], poisoned: false, .. })"
[2m2026-08-20T11:06:00.486178Z[0m [33m WARN[0m [2mredb::db[0m[2m:[0m Database "InMemoryBackend(RwLock { data: [], poisoned: false, .. })" not shutdown cleanly. Repairing
[2m2026-08-20T11:06:03.174083Z[0m [32m INFO[0m [2mredb::db[0m[2m:[0m Opening database "InMemoryBackend(RwLock { data: [], poisoned: false, .. })"
[2m2026-08-20T11:06:03.176109Z[0m [33m WARN[0m [2mredb::db[0m[2m:[0m Database "InMemoryBackend(RwLock { data: [], poisoned: false, .. })" not shutdown cleanly. Repairing
[2m2026-08-20T11:06:16.936561Z[0m [32m INFO[0m [2mredb::db[0m[2m:[0m Opening database "InMemoryBackend(RwLock { data: [], poisoned: false, .. })"
[2m2026-08-20T11:06:16.939187Z[0m [33m WARN[0m [2mredb::db[0m[2m:[0m Database "InMemoryBackend(RwLock { data: [], poisoned: false, .. })" not shutdown cleanly. Repairing
Generated signing key: crunch-leviathan-1 (/home/brittonr/mantle-runs/receipt-fix-v27/.source-built-fixed-point-v27-receipt-finalization-20260820.source-built-fixed-point-staging-3264569/native-state/signing-key)
[2m2026-08-20T11:23:45.719065Z[0m [32m INFO[0m [2mcrunch_store::handle[0m[2m:[0m blob service opened [3mpath[0m[2m=[0m/home/brittonr/mantle-runs/receipt-fix-v27/.source-built-fixed-point-v27-receipt-finalization-20260820.source-built-fixed-point-staging-3264569/native-state/blobs
[2m2026-08-20T11:23:45.719466Z[0m [32m INFO[0m [2mredb::db[0m[2m:[0m Opening database "FileBackend { lock_supported: true, file: File { fd: 11, path: \"/home/brittonr/mantle-runs/receipt-fix-v27/.source-built-fixed-point-v27-receipt-finalization-20260820.source-built-fixed-point-staging-3264569/native-state/directories.redb\", read: true, write: true } }"
[2m2026-08-20T11:23:45.733563Z[0m [33m WARN[0m [2mredb::db[0m[2m:[0m Database "FileBackend { lock_supported: true, file: File { fd: 11, path: \"/home/brittonr/mantle-runs/receipt-fix-v27/.source-built-fixed-point-v27-receipt-finalization-20260820.source-built-fixed-point-staging-3264569/native-state/directories.redb\", read: true, write: true } }" not shutdown cleanly. Repairing
[2m2026-08-20T11:23:45.737416Z[0m [32m INFO[0m [2mredb::db[0m[2m:[0m Opening database "FileBackend { lock_supported: true, file: File { fd: 12, path: \"/home/brittonr/mantle-runs/receipt-fix-v27/.source-built-fixed-point-v27-receipt-finalization-20260820.source-built-fixed-point-staging-3264569/native-state/pathinfo.redb\", read: true, write: true } }"
[2m2026-08-20T11:23:45.739399Z[0m [33m WARN[0m [2mredb::db[0m[2m:[0m Database "FileBackend { lock_supported: true, file: File { fd: 12, path: \"/home/brittonr/mantle-runs/receipt-fix-v27/.source-built-fixed-point-v27-receipt-finalization-20260820.source-built-fixed-point-staging-3264569/native-state/pathinfo.redb\", read: true, write: true } }" not shutdown cleanly. Repairing
[2m2026-08-20T11:23:45.742961Z[0m [32m INFO[0m [2mcrunch_store::handle[0m[2m:[0m PathInfo database opened [3mpath[0m[2m=[0m/home/brittonr/mantle-runs/receipt-fix-v27/.source-built-fixed-point-v27-receipt-finalization-20260820.source-built-fixed-point-staging-3264569/native-state/pathinfo.redb
[2m2026-08-20T11:23:48.796736Z[0m [32m INFO[0m [2mcrunch_store::handle[0m[2m:[0m blob service opened [3mpath[0m[2m=[0m/home/brittonr/mantle-runs/receipt-fix-v27/.source-built-fixed-point-v27-receipt-finalization-20260820.source-built-fixed-point-staging-3264569/native-state/blobs
[2m2026-08-20T11:23:48.797028Z[0m [32m INFO[0m [2mredb::db[0m[2m:[0m Opening database "FileBackend { lock_supported: true, file: File { fd: 15, path: \"/home/brittonr/mantle-runs/receipt-fix-v27/.source-built-fixed-point-v27-receipt-finalization-20260820.source-built-fixed-point-staging-3264569/native-state/directories.redb\", read: true, write: true } }"
[2m2026-08-20T11:23:48.797498Z[0m [32m INFO[0m [2mredb::db[0m[2m:[0m Found valid allocator state, full repair not needed
[2m2026-08-20T11:23:48.802243Z[0m [32m INFO[0m [2mredb::db[0m[2m:[0m Opening database "FileBackend { lock_supported: true, file: File { fd: 16, path: \"/home/brittonr/mantle-runs/receipt-fix-v27/.source-built-fixed-point-v27-receipt-finalization-20260820.source-built-fixed-point-staging-3264569/native-state/pathinfo.redb\", read: true, write: true } }"
[2m2026-08-20T11:23:48.802342Z[0m [32m INFO[0m [2mredb::db[0m[2m:[0m Found valid allocator state, full repair not needed
[2m2026-08-20T11:23:48.806664Z[0m [32m INFO[0m [2mcrunch_store::handle[0m[2m:[0m PathInfo database opened [3mpath[0m[2m=[0m/home/brittonr/mantle-runs/receipt-fix-v27/.source-built-fixed-point-v27-receipt-finalization-20260820.source-built-fixed-point-staging-3264569/native-state/pathinfo.redb
Admitted full-source provider /home/brittonr/mantle-runs/receipt-fix-v27/.source-built-fixed-point-v27-receipt-finalization-20260820.source-built-fixed-point-staging-3264569/native-store/kcvijyh0sibqcc4g9sqk694xyslzhpsx-full-source-seed-toolchain
  output_digest_blake3: 63d9bc23cfcc232726527c141132ea35bc7ef9adf4ed7a952b5baa62bd466ed9
  source_closure_blake3: 7a97f836c8daa3dc5cbdf51a2d6ca59e7b995debac22fe5d08c091e667828778
  metadata_digest_blake3: 50ac462f76ed2033a6d760a9271081351ccb9493e6d9cd796e7b6abdab02a826
  report: /home/brittonr/mantle-runs/receipt-fix-v27/.source-built-fixed-point-v27-receipt-finalization-20260820.source-built-fixed-point-staging-3264569/full-source-provider-admission.json
  acquired source mrustc-0.12.0 sha256=c1ba35f5fc5c4ca2952d9f5526e900dcb6632ea7fd4d71fa58029b3bb563ae56 extracted=/home/brittonr/mantle-runs/receipt-fix-v27/.source-built-fixed-point-v27-receipt-finalization-20260820.source-built-fixed-point-staging-3264569/rust-provider-scratch/sources/mrustc-0.12.0 entries=696
  acquired source rust-1.90.0 sha256=799a9f9cba4ed5351e071048bcf6b5560755d9009648def33a407dd4961f9b7e extracted=/home/brittonr/mantle-runs/receipt-fix-v27/.source-built-fixed-point-v27-receipt-finalization-20260820.source-built-fixed-point-staging-3264569/rust-provider-scratch/sources/rust-1.90.0 entries=279266
  first_stage_build_script: /home/brittonr/mantle-runs/receipt-fix-v27/.source-built-fixed-point-v27-receipt-finalization-20260820.source-built-fixed-point-staging-3264569/rust-provider-scratch/run-mrustc-first-stage.sh
  first_stage_build_log: /home/brittonr/mantle-runs/receipt-fix-v27/.source-built-fixed-point-v27-receipt-finalization-20260820.source-built-fixed-point-staging-3264569/rust-provider-scratch/mrustc-first-stage-build.log
  acquired source rust-1.91.1 sha256=38dce205d39f61571261f0444237a1ce9efecb970e760d8ec4d957af5b445723 extracted=/home/brittonr/mantle-runs/receipt-fix-v27/.source-built-fixed-point-v27-receipt-finalization-20260820.source-built-fixed-point-staging-3264569/rust-provider-scratch/rustc-stage1-sources/rust-1.91.1 entries=290629
  rustc_stage1_build_script: /home/brittonr/mantle-runs/receipt-fix-v27/.source-built-fixed-point-v27-receipt-finalization-20260820.source-built-fixed-point-staging-3264569/rust-provider-scratch/run-rustc-stage1.sh
  rustc_stage1_build_log: /home/brittonr/mantle-runs/receipt-fix-v27/.source-built-fixed-point-v27-receipt-finalization-20260820.source-built-fixed-point-staging-3264569/rust-provider-scratch/rustc-stage1-build.log
  acquired source rust-1.92.0 sha256=9e0d2ca75c7e275fdc758255bf4b03afb3d65d1543602746907c933b6901c3b8 extracted=/home/brittonr/mantle-runs/receipt-fix-v27/.source-built-fixed-point-v27-receipt-finalization-20260820.source-built-fixed-point-staging-3264569/rust-provider-scratch/rustc-stage1-chain/rust-1.92.0-stage1/rustc-stage1-sources/rust-1.92.0 entries=298197
  rustc_stage1_build_script: /home/brittonr/mantle-runs/receipt-fix-v27/.source-built-fixed-point-v27-receipt-finalization-20260820.source-built-fixed-point-staging-3264569/rust-provider-scratch/rustc-stage1-chain/rust-1.92.0-stage1/run-rustc-stage1.sh
  rustc_stage1_build_log: /home/brittonr/mantle-runs/receipt-fix-v27/.source-built-fixed-point-v27-receipt-finalization-20260820.source-built-fixed-point-staging-3264569/rust-provider-scratch/rustc-stage1-chain/rust-1.92.0-stage1/rustc-stage1-build.log
  acquired source rust-1.93.1 sha256=4c230a44b3d9c9f3cef950943719f8380058d27c91fda5e36a9a947ef013e01f extracted=/home/brittonr/mantle-runs/receipt-fix-v27/.source-built-fixed-point-v27-receipt-finalization-20260820.source-built-fixed-point-staging-3264569/rust-provider-scratch/rustc-stage1-chain/rust-1.93.1-stage1/rustc-stage1-sources/rust-1.93.1 entries=301572
  rustc_stage1_build_script: /home/brittonr/mantle-runs/receipt-fix-v27/.source-built-fixed-point-v27-receipt-finalization-20260820.source-built-fixed-point-staging-3264569/rust-provider-scratch/rustc-stage1-chain/rust-1.93.1-stage1/run-rustc-stage1.sh
  rustc_stage1_build_log: /home/brittonr/mantle-runs/receipt-fix-v27/.source-built-fixed-point-v27-receipt-finalization-20260820.source-built-fixed-point-staging-3264569/rust-provider-scratch/rustc-stage1-chain/rust-1.93.1-stage1/rustc-stage1-build.log
  acquired source rust-1.94.0 sha256=b83f921cd3f321ff614f9c06a8b870d89299fc02888b48a5549683a36823474c extracted=/home/brittonr/mantle-runs/receipt-fix-v27/.source-built-fixed-point-v27-receipt-finalization-20260820.source-built-fixed-point-staging-3264569/rust-provider-scratch/rustc-final/rustc-final-sources/rust-1.94.0 entries=304388
  rustc_final_build_script: /home/brittonr/mantle-runs/receipt-fix-v27/.source-built-fixed-point-v27-receipt-finalization-20260820.source-built-fixed-point-staging-3264569/rust-provider-scratch/rustc-final/run-rustc-final.sh
  rustc_final_build_log: /home/brittonr/mantle-runs/receipt-fix-v27/.source-built-fixed-point-v27-receipt-finalization-20260820.source-built-fixed-point-staging-3264569/rust-provider-scratch/rustc-final/rustc-final-build.log
Rust source provider recipe: /home/brittonr/mantle-runs/receipt-fix-v27/.source-built-fixed-point-v27-receipt-finalization-20260820.source-built-fixed-point-staging-3264569/inputs/mantle-source/bootstrap/rust-source.ncl
  recipe_digest_blake3: 3e89919c0d6ec9f171700e932caa4c44625424c235b6b822d4f2d1cce2dcb113
  route_plan: /home/brittonr/mantle-runs/receipt-fix-v27/.source-built-fixed-point-v27-receipt-finalization-20260820.source-built-fixed-point-staging-3264569/inputs/mantle-source/bootstrap/rust-source-musl-host-plan.ncl
  route_plan_digest_blake3: 58c6ea33a72121463d8e1e71310f60562f63528385b6cd2b86d98e8d37b2281c
  route_policy_digest_blake3: 66a76c43410fabbbd3747a64f3715506acfe7034220e81e3b564dd5fd97e935a
  planned_output: /home/brittonr/mantle-runs/receipt-fix-v27/.source-built-fixed-point-v27-receipt-finalization-20260820.source-built-fixed-point-staging-3264569/rust-provider
  planned_scratch: /home/brittonr/mantle-runs/receipt-fix-v27/.source-built-fixed-point-v27-receipt-finalization-20260820.source-built-fixed-point-staging-3264569/rust-provider-scratch
  first_stage_id: mrustc-to-rust-1.90.0
  first_stage_script: /home/brittonr/mantle-runs/receipt-fix-v27/.source-built-fixed-point-v27-receipt-finalization-20260820.source-built-fixed-point-staging-3264569/rust-provider-scratch/run-mrustc-first-stage.sh
  first_stage_plan: /home/brittonr/mantle-runs/receipt-fix-v27/.source-built-fixed-point-v27-receipt-finalization-20260820.source-built-fixed-point-staging-3264569/rust-provider-scratch/mrustc-first-stage-plan.json
  first_stage_sources: /home/brittonr/mantle-runs/receipt-fix-v27/.source-built-fixed-point-v27-receipt-finalization-20260820.source-built-fixed-point-staging-3264569/rust-provider-scratch/mrustc-first-stage-sources.json
  first_stage_build: /home/brittonr/mantle-runs/receipt-fix-v27/.source-built-fixed-point-v27-receipt-finalization-20260820.source-built-fixed-point-staging-3264569/rust-provider-scratch/mrustc-first-stage-build.json
  first_stage_build_log: /home/brittonr/mantle-runs/receipt-fix-v27/.source-built-fixed-point-v27-receipt-finalization-20260820.source-built-fixed-point-staging-3264569/rust-provider-scratch/mrustc-first-stage-build.log
  first_stage_provider_candidate: /home/brittonr/mantle-runs/receipt-fix-v27/.source-built-fixed-point-v27-receipt-finalization-20260820.source-built-fixed-point-staging-3264569/rust-provider-scratch/mrustc-first-stage-provider-candidate
  first_stage_provider_candidate_manifest: /home/brittonr/mantle-runs/receipt-fix-v27/.source-built-fixed-point-v27-receipt-finalization-20260820.source-built-fixed-point-staging-3264569/rust-provider-scratch/mrustc-first-stage-provider-candidate.json
  first_stage_provider_candidate_smoke: /home/brittonr/mantle-runs/receipt-fix-v27/.source-built-fixed-point-v27-receipt-finalization-20260820.source-built-fixed-point-staging-3264569/rust-provider-scratch/mrustc-first-stage-provider-candidate-smoke/smoke.json
  rustc_stage1_id: rust-1.91.1-stage1
  rustc_stage1_plan: /home/brittonr/mantle-runs/receipt-fix-v27/.source-built-fixed-point-v27-receipt-finalization-20260820.source-built-fixed-point-staging-3264569/rust-provider-scratch/rustc-stage1-plan.json
  rustc_stage1_sources: /home/brittonr/mantle-runs/receipt-fix-v27/.source-built-fixed-point-v27-receipt-finalization-20260820.source-built-fixed-point-staging-3264569/rust-provider-scratch/rustc-stage1-sources.json
  rustc_stage1_build: /home/brittonr/mantle-runs/receipt-fix-v27/.source-built-fixed-point-v27-receipt-finalization-20260820.source-built-fixed-point-staging-3264569/rust-provider-scratch/rustc-stage1-build.json
  rustc_stage1_build_log: /home/brittonr/mantle-runs/receipt-fix-v27/.source-built-fixed-point-v27-receipt-finalization-20260820.source-built-fixed-point-staging-3264569/rust-provider-scratch/rustc-stage1-build.log
  rustc_stage1_provider_candidate: /home/brittonr/mantle-runs/receipt-fix-v27/.source-built-fixed-point-v27-receipt-finalization-20260820.source-built-fixed-point-staging-3264569/rust-provider-scratch/rustc-stage1-provider-candidate
  rustc_stage1_provider_candidate_manifest: /home/brittonr/mantle-runs/receipt-fix-v27/.source-built-fixed-point-v27-receipt-finalization-20260820.source-built-fixed-point-staging-3264569/rust-provider-scratch/rustc-stage1-provider-candidate.json
  rustc_stage1_provider_candidate_smoke: /home/brittonr/mantle-runs/receipt-fix-v27/.source-built-fixed-point-v27-receipt-finalization-20260820.source-built-fixed-point-staging-3264569/rust-provider-scratch/rustc-stage1-provider-candidate-smoke/smoke.json
  rustc_stage1_id: rust-1.92.0-stage1
  rustc_stage1_plan: /home/brittonr/mantle-runs/receipt-fix-v27/.source-built-fixed-point-v27-receipt-finalization-20260820.source-built-fixed-point-staging-3264569/rust-provider-scratch/rustc-stage1-chain/rust-1.92.0-stage1/rustc-stage1-plan.json
  rustc_stage1_sources: /home/brittonr/mantle-runs/receipt-fix-v27/.source-built-fixed-point-v27-receipt-finalization-20260820.source-built-fixed-point-staging-3264569/rust-provider-scratch/rustc-stage1-chain/rust-1.92.0-stage1/rustc-stage1-sources.json
  rustc_stage1_build: /home/brittonr/mantle-runs/receipt-fix-v27/.source-built-fixed-point-v27-receipt-finalization-20260820.source-built-fixed-point-staging-3264569/rust-provider-scratch/rustc-stage1-chain/rust-1.92.0-stage1/rustc-stage1-build.json
  rustc_stage1_build_log: /home/brittonr/mantle-runs/receipt-fix-v27/.source-built-fixed-point-v27-receipt-finalization-20260820.source-built-fixed-point-staging-3264569/rust-provider-scratch/rustc-stage1-chain/rust-1.92.0-stage1/rustc-stage1-build.log
  rustc_stage1_provider_candidate: /home/brittonr/mantle-runs/receipt-fix-v27/.source-built-fixed-point-v27-receipt-finalization-20260820.source-built-fixed-point-staging-3264569/rust-provider-scratch/rustc-stage1-chain/rust-1.92.0-stage1/rustc-stage1-provider-candidate
  rustc_stage1_provider_candidate_manifest: /home/brittonr/mantle-runs/receipt-fix-v27/.source-built-fixed-point-v27-receipt-finalization-20260820.source-built-fixed-point-staging-3264569/rust-provider-scratch/rustc-stage1-chain/rust-1.92.0-stage1/rustc-stage1-provider-candidate.json
  rustc_stage1_provider_candidate_smoke: /home/brittonr/mantle-runs/receipt-fix-v27/.source-built-fixed-point-v27-receipt-finalization-20260820.source-built-fixed-point-staging-3264569/rust-provider-scratch/rustc-stage1-chain/rust-1.92.0-stage1/rustc-stage1-provider-candidate-smoke/smoke.json
  rustc_stage1_id: rust-1.93.1-stage1
  rustc_stage1_plan: /home/brittonr/mantle-runs/receipt-fix-v27/.source-built-fixed-point-v27-receipt-finalization-20260820.source-built-fixed-point-staging-3264569/rust-provider-scratch/rustc-stage1-chain/rust-1.93.1-stage1/rustc-stage1-plan.json
  rustc_stage1_sources: /home/brittonr/mantle-runs/receipt-fix-v27/.source-built-fixed-point-v27-receipt-finalization-20260820.source-built-fixed-point-staging-3264569/rust-provider-scratch/rustc-stage1-chain/rust-1.93.1-stage1/rustc-stage1-sources.json
  rustc_stage1_build: /home/brittonr/mantle-runs/receipt-fix-v27/.source-built-fixed-point-v27-receipt-finalization-20260820.source-built-fixed-point-staging-3264569/rust-provider-scratch/rustc-stage1-chain/rust-1.93.1-stage1/rustc-stage1-build.json
  rustc_stage1_build_log: /home/brittonr/mantle-runs/receipt-fix-v27/.source-built-fixed-point-v27-receipt-finalization-20260820.source-built-fixed-point-staging-3264569/rust-provider-scratch/rustc-stage1-chain/rust-1.93.1-stage1/rustc-stage1-build.log
  rustc_stage1_provider_candidate: /home/brittonr/mantle-runs/receipt-fix-v27/.source-built-fixed-point-v27-receipt-finalization-20260820.source-built-fixed-point-staging-3264569/rust-provider-scratch/rustc-stage1-chain/rust-1.93.1-stage1/rustc-stage1-provider-candidate
  rustc_stage1_provider_candidate_manifest: /home/brittonr/mantle-runs/receipt-fix-v27/.source-built-fixed-point-v27-receipt-finalization-20260820.source-built-fixed-point-staging-3264569/rust-provider-scratch/rustc-stage1-chain/rust-1.93.1-stage1/rustc-stage1-provider-candidate.json
  rustc_stage1_provider_candidate_smoke: /home/brittonr/mantle-runs/receipt-fix-v27/.source-built-fixed-point-v27-receipt-finalization-20260820.source-built-fixed-point-staging-3264569/rust-provider-scratch/rustc-stage1-chain/rust-1.93.1-stage1/rustc-stage1-provider-candidate-smoke/smoke.json
  rustc_final_id: rust-1.94.0-final
  rustc_final_plan: /home/brittonr/mantle-runs/receipt-fix-v27/.source-built-fixed-point-v27-receipt-finalization-20260820.source-built-fixed-point-staging-3264569/rust-provider-scratch/rustc-final/rustc-final-plan.json
  rustc_final_sources: /home/brittonr/mantle-runs/receipt-fix-v27/.source-built-fixed-point-v27-receipt-finalization-20260820.source-built-fixed-point-staging-3264569/rust-provider-scratch/rustc-final/rustc-final-sources.json
  rustc_final_build: /home/brittonr/mantle-runs/receipt-fix-v27/.source-built-fixed-point-v27-receipt-finalization-20260820.source-built-fixed-point-staging-3264569/rust-provider-scratch/rustc-final/rustc-final-build.json
  rustc_final_build_log: /home/brittonr/mantle-runs/receipt-fix-v27/.source-built-fixed-point-v27-receipt-finalization-20260820.source-built-fixed-point-staging-3264569/rust-provider-scratch/rustc-final/rustc-final-build.log
  rustc_final_provider_candidate: /home/brittonr/mantle-runs/receipt-fix-v27/.source-built-fixed-point-v27-receipt-finalization-20260820.source-built-fixed-point-staging-3264569/rust-provider-scratch/rustc-final/rustc-final-provider-candidate
  rustc_final_provider_candidate_manifest: /home/brittonr/mantle-runs/receipt-fix-v27/.source-built-fixed-point-v27-receipt-finalization-20260820.source-built-fixed-point-staging-3264569/rust-provider-scratch/rustc-final/rustc-final-provider-candidate.json
  rustc_final_provider_candidate_smoke: /home/brittonr/mantle-runs/receipt-fix-v27/.source-built-fixed-point-v27-receipt-finalization-20260820.source-built-fixed-point-staging-3264569/rust-provider-scratch/rustc-final/rustc-final-provider-candidate-smoke/smoke.json
Materialized source-built native toolchain closure /home/brittonr/mantle-runs/receipt-fix-v27/.source-built-fixed-point-v27-receipt-finalization-20260820.source-built-fixed-point-staging-3264569/source-built-toolchain-closure.json
  members: 17
  policy_digest_blake3: 443b6848e3d1088aa41e12305604f98454a176283d19081df80cce2e8e6c7d3a
Cargo-free fixed-point: blocked
bundle: /home/brittonr/mantle-runs/receipt-fix-v27/.source-built-fixed-point-v27-receipt-finalization-20260820.source-built-fixed-point-staging-3264569/cargo-free-fixed-point
hermeticity_mode: strict
strict_proof_admission: true
error: build failed
source-built fixed-point proof failed closed: error: build failed
stage1 blocked: rust-plan exited with 3; preserved_attempt=/home/brittonr/mantle-runs/receipt-fix-v27/.source-built-fixed-point-v27-receipt-finalization-20260820.source-built-fixed-point-staging-3264569
