$ cargo test -p crunch-build --lib remote_attempt --offline
warning: Cargo.toml: file `/home/brittonr/git/OnixResearch/mantle/.pi/worktrees/drain-verify-remote-admission-with-trellis/src/main.rs` found to be present in multiple build targets:
  * `bin` target `crunch`
  * `bin` target `mantle`
warning: `mantle` (manifest) generated 1 warning
   Compiling proc-macro2 v1.0.106
   Compiling quote v1.0.45
   Compiling unicode-ident v1.0.24
   Compiling libc v0.2.186
   Compiling cfg-if v1.0.4
   Compiling serde_core v1.0.228
   Compiling serde v1.0.228
   Compiling memchr v2.8.0
   Compiling smallvec v1.15.1
   Compiling parking_lot_core v0.9.12
   Compiling scopeguard v1.2.0
   Compiling regex-syntax v0.8.10
   Compiling once_cell v1.21.4
   Compiling subtle v2.6.1
   Compiling shlex v1.3.0
   Compiling find-msvc-tools v0.1.9
   Compiling crossbeam-utils v0.8.21
   Compiling thiserror v2.0.18
   Compiling itoa v1.0.18
   Compiling version_check v0.9.5
   Compiling lock_api v0.4.14
   Compiling bitflags v2.11.0
   Compiling typenum v1.20.1
   Compiling equivalent v1.0.2
   Compiling stable_deref_trait v1.2.1
   Compiling fastrand v2.4.1
   Compiling allocator-api2 v0.2.21
   Compiling crc32fast v1.5.0
   Compiling tinyvec_macros v0.1.1
   Compiling gix-trace v0.1.18
   Compiling tinyvec v1.11.0
   Compiling generic-array v0.14.7
   Compiling foldhash v0.2.0
   Compiling same-file v1.0.6
   Compiling pin-project-lite v0.2.17
   Compiling cpufeatures v0.2.17
   Compiling walkdir v2.5.0
   Compiling human_format v1.2.1
   Compiling bytesize v2.3.1
   Compiling futures-core v0.3.32
   Compiling hashbrown v0.16.1
   Compiling aho-corasick v1.1.4
   Compiling zlib-rs v0.6.3
   Compiling rustix v1.1.4
   Compiling byteorder v1.5.0
   Compiling unicode-normalization v0.1.25
   Compiling linux-raw-sys v0.12.1
   Compiling heapless v0.8.0
   Compiling fnv v1.0.7
   Compiling rand_core v0.10.0
   Compiling getrandom v0.4.2
   Compiling hash32 v0.3.1
   Compiling jiff v0.2.23
   Compiling zeroize v1.8.2
   Compiling crossbeam-channel v0.5.15
   Compiling futures-sink v0.3.32
   Compiling futures-io v0.3.32
   Compiling arrayvec v0.7.6
   Compiling futures-task v0.3.32
   Compiling slab v0.4.12
   Compiling futures-channel v0.3.32
   Compiling winnow v0.7.15
   Compiling tracing-core v0.1.36
   Compiling dunce v1.0.5
   Compiling fs_extra v1.3.0
   Compiling log v0.4.29
   Compiling zmij v1.0.21
   Compiling syn v2.0.117
   Compiling strsim v0.11.1
   Compiling percent-encoding v2.3.2
   Compiling serde_json v1.0.149
   Compiling crypto-common v0.1.7
   Compiling block-buffer v0.10.4
   Compiling crossbeam-epoch v0.9.20
   Compiling regex-automata v0.4.14
   Compiling jobserver v0.1.34
   Compiling aws-lc-rs v1.16.2
   Compiling digest v0.10.7
   Compiling rayon-core v1.13.0
   Compiling faster-hex v0.10.0
   Compiling rustls-pki-types v1.14.0
   Compiling sha1 v0.10.6
   Compiling cc v1.2.59
   Compiling signal-hook v0.4.4
   Compiling encoding_rs v0.8.35
   Compiling sha1-checked v0.10.0
   Compiling pkg-config v0.3.32
   Compiling hashbrown v0.14.5
   Compiling litemap v0.8.2
   Compiling httparse v1.10.1
   Compiling writeable v0.6.3
   Compiling crossbeam-deque v0.8.6
   Compiling untrusted v0.9.0
   Compiling nonempty v0.12.0
   Compiling ident_case v1.0.1
   Compiling rustls v0.23.37
   Compiling constant_time_eq v0.3.1
   Compiling errno v0.3.14
   Compiling socket2 v0.6.3
   Compiling mio v1.2.0
   Compiling memmap2 v0.9.10
   Compiling getrandom v0.2.17
   Compiling icu_normalizer_data v2.2.0
   Compiling utf8_iter v1.0.4
   Compiling icu_properties_data v2.2.0
   Compiling signal-hook-registry v1.4.8
   Compiling parking_lot v0.12.5
   Compiling cmake v0.1.58
   Compiling dashmap v6.1.0
   Compiling arrayref v0.3.9
   Compiling tempfile v3.27.0
   Compiling indexmap v2.13.1
   Compiling prodash v31.0.0
   Compiling tower-service v0.3.3
   Compiling base64 v0.22.1
   Compiling try-lock v0.2.5
   Compiling rustversion v1.0.22
   Compiling atomic-waker v1.1.2
   Compiling autocfg v1.5.0
   Compiling unicode-bom v2.0.3
   Compiling cfg_aliases v0.2.1
   Compiling form_urlencoded v1.2.2
   Compiling want v0.3.1
   Compiling aws-lc-sys v0.39.1
   Compiling ring v0.17.14
   Compiling blake3 v1.8.2
   Compiling sync_wrapper v1.0.2
   Compiling static_assertions v1.1.0
   Compiling ipnet v2.12.0
   Compiling foldhash v0.1.5
   Compiling openssl-probe v0.2.1
   Compiling tower-layer v0.3.3
   Compiling kstring v2.0.2
   Compiling shell-words v1.1.1
   Compiling iri-string v0.7.12
   Compiling rustls-native-certs v0.8.3
   Compiling hashbrown v0.15.5
   Compiling mime v0.3.17
   Compiling semver v1.0.28
   Compiling zstd-sys v2.0.16+zstd.1.5.7
   Compiling filetime v0.2.27
   Compiling heck v0.5.0
error: failed to write to `/tmp/mantle-trellis-admission-target/debug/deps/rmetaOW1Lf8/full.rmeta`: Disk quota exceeded (os error 122)

error: failed to write to `/tmp/mantle-trellis-admission-target/debug/deps/rmetarDStN4/full.rmeta`: Disk quota exceeded (os error 122)

error: couldn't create a temp dir: Disk quota exceeded (os error 122) at path "/tmp/mantle-trellis-admission-target/debug/build/zstd-sys-67cc9c75af9fcf78/rustczfZFzP"

error: couldn't create a temp dir: Disk quota exceeded (os error 122) at path "/tmp/mantle-trellis-admission-target/debug/deps/rustc65x3rX"

error: error writing dependencies to `/tmp/mantle-trellis-admission-target/debug/deps/hashbrown-38959e71169230ae.d`: Disk quota exceeded (os error 122)

error: failed to build archive at `/tmp/mantle-trellis-admission-target/debug/deps/libfiletime-19f90536a1c42807.rlib`: couldn't create a directory for the temp file: Disk quota exceeded (os error 122) at path "/tmp/mantle-trellis-admission-target/debug/deps/.tmp0KRQ8K.temp-archive"

rustc-LLVM ERROR: IO failure on output stream: Disk quota exceeded
rustc-LLVM ERROR: IO failure on output stream: Disk quota exceeded
rustc-LLVM ERROR: IO failure on output stream: Disk quota exceeded
rustc-LLVM ERROR: IO failure on output stream: Disk quota exceeded
error: could not write output to /tmp/mantle-trellis-admission-target/debug/deps/ipnet-b9a3ad68767d5a66.ipnet.7eefbc75258f4e94-cgu.2.rcgu.o: Disk quota exceeded

error: could not write output to /tmp/mantle-trellis-admission-target/debug/deps/rustls_native_certs-294a43f8e3394f8f.rustls_native_certs.99fd859c717a33f3-cgu.1.rcgu.o: Disk quota exceeded

error: could not compile `zstd-sys` (build script) due to 1 previous error
warning: build failed, waiting for other jobs to finish...
error: could not compile `mime` (lib)

Caused by:
  failed to create file `/tmp/mantle-trellis-admission-target/debug/.fingerprint/mime-ac6b3110be8a63fb/output-lib-mime`

Caused by:
  failed to parse process output: `/nix/store/x6lf15c0j6dvgvfy4gmg54xgafvgmjhj-cargo-rustc-kache-wrapper/bin/cargo-rustc-kache-wrapper rustc --crate-name mime --edition=2015 /home/brittonr/.cargo/registry/src/index.crates.io-1949cf8c6b5b557f/mime-0.3.17/src/lib.rs --error-format=json --json=diagnostic-rendered-ansi,artifacts,future-incompat --crate-type lib --emit=dep-info,metadata,link -C embed-bitcode=no -C debuginfo=2 --check-cfg 'cfg(docsrs,test)' --check-cfg 'cfg(feature, values())' -C metadata=961af5ba7732480f -C extra-filename=-ac6b3110be8a63fb --out-dir /tmp/mantle-trellis-admission-target/debug/deps -C linker=clang -L dependency=/tmp/mantle-trellis-admission-target/debug/deps --cap-lints allow -C link-arg=-fuse-ld=mold -C link-arg=-fuse-ld=mold -C link-arg=-Wl,--allow-multiple-definition -C link-arg=-fuse-ld=mold -C link-arg=-Wl,--allow-multiple-definition` (exit status: 101)
error: could not compile `filetime` (lib) due to 1 previous error
error: could not compile `serde_json` (lib) due to 1 previous error
error: could not compile `semver` (lib) due to 1 previous error
error: could not compile `aws-lc-sys` (build script)

Caused by:
  failed to create file `/tmp/mantle-trellis-admission-target/debug/.fingerprint/aws-lc-sys-32ecf54671e03c58/output-build-script-build-script-main`

Caused by:
  failed to parse process output: `/nix/store/x6lf15c0j6dvgvfy4gmg54xgafvgmjhj-cargo-rustc-kache-wrapper/bin/cargo-rustc-kache-wrapper rustc --crate-name build_script_main --edition=2021 /home/brittonr/.cargo/registry/src/index.crates.io-1949cf8c6b5b557f/aws-lc-sys-0.39.1/builder/main.rs --error-format=json --json=diagnostic-rendered-ansi,artifacts,future-incompat --crate-type bin --emit=dep-info,link -C embed-bitcode=no --cfg 'feature="prebuilt-nasm"' --check-cfg 'cfg(docsrs,test)' --check-cfg 'cfg(feature, values("all-bindings", "asan", "bindgen", "default", "disable-prebuilt-nasm", "fips", "prebuilt-nasm", "ssl"))' -C metadata=4d0f69d1a4e16c8f -C extra-filename=-32ecf54671e03c58 --out-dir /tmp/mantle-trellis-admission-target/debug/build/aws-lc-sys-32ecf54671e03c58 -C linker=clang -L dependency=/tmp/mantle-trellis-admission-target/debug/deps --extern cc=/tmp/mantle-trellis-admission-target/debug/deps/libcc-3fb984d0cf12102e.rlib --extern cmake=/tmp/mantle-trellis-admission-target/debug/deps/libcmake-a2eb0edf608a1ed3.rlib --extern dunce=/tmp/mantle-trellis-admission-target/debug/deps/libdunce-8e6a6db2946a2315.rlib --extern fs_extra=/tmp/mantle-trellis-admission-target/debug/deps/libfs_extra-1072bc5b89685f67.rlib --cap-lints allow -C link-arg=-fuse-ld=mold -C link-arg=-fuse-ld=mold -C link-arg=-Wl,--allow-multiple-definition -C link-arg=-fuse-ld=mold -C link-arg=-Wl,--allow-multiple-definition` (exit status: 101)
error: could not compile `hashbrown` (lib) due to 1 previous error
error: could not compile `ipnet` (lib) due to 1 previous error
error: could not compile `rustls-native-certs` (lib) due to 1 previous error
error: could not compile `prodash` (lib)

Caused by:
  failed to create file `/tmp/mantle-trellis-admission-target/debug/.fingerprint/prodash-99059df2d9841d9b/output-lib-prodash`

Caused by:
  failed to parse process output: `/nix/store/x6lf15c0j6dvgvfy4gmg54xgafvgmjhj-cargo-rustc-kache-wrapper/bin/cargo-rustc-kache-wrapper rustc --crate-name prodash --edition=2021 /home/brittonr/.cargo/registry/src/index.crates.io-1949cf8c6b5b557f/prodash-31.0.0/src/lib.rs --error-format=json --json=diagnostic-rendered-ansi,artifacts,future-incompat --crate-type lib --emit=dep-info,metadata,link -C embed-bitcode=no -C debuginfo=2 --cfg 'feature="bytesize"' --cfg 'feature="default"' --cfg 'feature="human_format"' --cfg 'feature="parking_lot"' --cfg 'feature="progress-tree"' --cfg 'feature="unit-bytes"' --cfg 'feature="unit-human"' --check-cfg 'cfg(docsrs,test)' --check-cfg 'cfg(feature, values("async-io", "bytesize", "crosstermion", "ctrlc", "dashmap", "default", "futures-core", "futures-lite", "human_format", "is-terminal", "jiff", "local-time", "log", "parking_lot", "progress-log", "progress-tree", "progress-tree-hp-hashmap", "progress-tree-log", "render-line", "render-line-autoconfigure", "render-line-crossterm", "render-tui", "render-tui-crossterm", "signal-hook", "tui", "tui-react", "unicode-segmentation", "unicode-width", "unit-bytes", "unit-duration", "unit-human"))' -C metadata=50c2a94ee4e36874 -C extra-filename=-99059df2d9841d9b --out-dir /tmp/mantle-trellis-admission-target/debug/deps -C linker=clang -L dependency=/tmp/mantle-trellis-admission-target/debug/deps --extern bytesize=/tmp/mantle-trellis-admission-target/debug/deps/libbytesize-f32e5fc1caa84c22.rmeta --extern human_format=/tmp/mantle-trellis-admission-target/debug/deps/libhuman_format-c5ad58cb47659f4a.rmeta --extern parking_lot=/tmp/mantle-trellis-admission-target/debug/deps/libparking_lot-75bf2111fa445187.rmeta --cap-lints allow -C link-arg=-fuse-ld=mold -C link-arg=-fuse-ld=mold -C link-arg=-Wl,--allow-multiple-definition -C link-arg=-fuse-ld=mold -C link-arg=-Wl,--allow-multiple-definition` (exit status: 101)
error: could not compile `encoding_rs` (lib)

Caused by:
  failed to create file `/tmp/mantle-trellis-admission-target/debug/.fingerprint/encoding_rs-775a5398a8a1dade/output-lib-encoding_rs`

Caused by:
  failed to parse process output: `/nix/store/x6lf15c0j6dvgvfy4gmg54xgafvgmjhj-cargo-rustc-kache-wrapper/bin/cargo-rustc-kache-wrapper rustc --crate-name encoding_rs --edition=2018 /home/brittonr/.cargo/registry/src/index.crates.io-1949cf8c6b5b557f/encoding_rs-0.8.35/src/lib.rs --error-format=json --json=diagnostic-rendered-ansi,artifacts,future-incompat --crate-type lib --emit=dep-info,metadata,link -C embed-bitcode=no -C debuginfo=2 --cfg 'feature="alloc"' --cfg 'feature="default"' --check-cfg 'cfg(docsrs,test)' --check-cfg 'cfg(feature, values("alloc", "any_all_workaround", "default", "fast-big5-hanzi-encode", "fast-gb-hanzi-encode", "fast-hangul-encode", "fast-hanja-encode", "fast-kanji-encode", "fast-legacy-encode", "less-slow-big5-hanzi-encode", "less-slow-gb-hanzi-encode", "less-slow-kanji-encode", "serde", "simd-accel"))' -C metadata=a2fb941410caa5e4 -C extra-filename=-775a5398a8a1dade --out-dir /tmp/mantle-trellis-admission-target/debug/deps -C linker=clang -L dependency=/tmp/mantle-trellis-admission-target/debug/deps --extern cfg_if=/tmp/mantle-trellis-admission-target/debug/deps/libcfg_if-0ba829cfaae5678c.rmeta --cap-lints allow -C link-arg=-fuse-ld=mold -C link-arg=-fuse-ld=mold -C link-arg=-Wl,--allow-multiple-definition -C link-arg=-fuse-ld=mold -C link-arg=-Wl,--allow-multiple-definition` (exit status: 101)
error: error writing dependencies to `/tmp/mantle-trellis-admission-target/debug/deps/heck-c8d0d4d0435c69a6.d`: Disk quota exceeded (os error 122)

error: error writing dependencies to `/tmp/mantle-trellis-admission-target/debug/deps/iri_string-2069fc0c6fbea224.d`: Disk quota exceeded (os error 122)

error: could not compile `heck` (lib) due to 1 previous error
error: could not compile `jiff` (lib) due to 1 previous error
error: could not compile `iri-string` (lib) due to 1 previous error
error: error writing dependencies to `/tmp/mantle-trellis-admission-target/debug/deps/hashbrown-b38270161fd554c6.d`: Disk quota exceeded (os error 122)

error: could not compile `hashbrown` (lib) due to 1 previous error
error: failed to write to `/tmp/mantle-trellis-admission-target/debug/deps/rmetax2ZpFk/full.rmeta`: Disk quota exceeded (os error 122)

error: could not compile `regex-automata` (lib) due to 1 previous error
error: linking with `clang` failed: exit status: 1
  |
  = note:  "clang" "-m64" "/tmp/mantle-trellis-admission-target/debug/build/rustversion-f2c79ba4530a03e9/rustcCWpxhY/symbols.o" "<3 object files omitted>" "-Wl,--as-needed" "-Wl,-Bstatic" "<sysroot>/lib/rustlib/x86_64-unknown-linux-gnu/lib/{libstd-*,libpanic_unwind-*,libobject-*,libmemchr-*,libaddr2line-*,libgimli-*,libcfg_if-*,librustc_demangle-*,libstd_detect-*,libhashbrown-*,librustc_std_workspace_alloc-*,libminiz_oxide-*,libadler2-*,libunwind-*,liblibc-*,librustc_std_workspace_core-*,liballoc-*,libcore-*,libcompiler_builtins-*}.rlib" "-Wl,-Bdynamic" "-lgcc_s" "-lutil" "-lrt" "-lpthread" "-lm" "-ldl" "-lc" "-L" "/tmp/mantle-trellis-admission-target/debug/build/rustversion-f2c79ba4530a03e9/rustcCWpxhY/raw-dylibs" "-Wl,--eh-frame-hdr" "-Wl,-z,noexecstack" "-L" "<sysroot>/lib/rustlib/x86_64-unknown-linux-gnu/lib" "-o" "/tmp/mantle-trellis-admission-target/debug/build/rustversion-f2c79ba4530a03e9/build_script_build-f2c79ba4530a03e9" "-Wl,--gc-sections" "-pie" "-Wl,-z,relro,-z,now" "-nodefaultlibs" "-fuse-ld=mold" "-fuse-ld=mold" "-Wl,--allow-multiple-definition" "-fuse-ld=mold" "-Wl,--allow-multiple-definition"
  = note: some arguments are omitted. use `--verbose` to show all linker arguments
  = note: mold: fatal: cannot open /tmp/mantle-trellis-admission-target/debug/build/rustversion-f2c79ba4530a03e9/.build_script_build-f2c79ba4530a03e9.2895958: Disk quota exceeded
          clang: error: linker command failed with exit code 1 (use -v to see invocation)


error: linking with `clang` failed: exit status: 1
  |
  = note:  "clang" "-m64" "/tmp/mantle-trellis-admission-target/debug/build/blake3-77064b5d2c3aa7a8/rustcePNBuL/symbols.o" "<2 object files omitted>" "-Wl,--as-needed" "-Wl,-Bstatic" "/tmp/mantle-trellis-admission-target/debug/deps/{libcc-3fb984d0cf12102e,libfind_msvc_tools-e28794d1e59129c7,libjobserver-132b1651626387a1,liblibc-7538cf8475c086cf,libshlex-9ec679a7acae17f0}.rlib" "<sysroot>/lib/rustlib/x86_64-unknown-linux-gnu/lib/{libstd-*,libpanic_unwind-*,libobject-*,libmemchr-*,libaddr2line-*,libgimli-*,libcfg_if-*,librustc_demangle-*,libstd_detect-*,libhashbrown-*,librustc_std_workspace_alloc-*,libminiz_oxide-*,libadler2-*,libunwind-*,liblibc-*,librustc_std_workspace_core-*,liballoc-*,libcore-*,libcompiler_builtins-*}.rlib" "-Wl,-Bdynamic" "-lgcc_s" "-lutil" "-lrt" "-lpthread" "-lm" "-ldl" "-lc" "-L" "/tmp/mantle-trellis-admission-target/debug/build/blake3-77064b5d2c3aa7a8/rustcePNBuL/raw-dylibs" "-Wl,--eh-frame-hdr" "-Wl,-z,noexecstack" "-L" "<sysroot>/lib/rustlib/x86_64-unknown-linux-gnu/lib" "-o" "/tmp/mantle-trellis-admission-target/debug/build/blake3-77064b5d2c3aa7a8/build_script_build-77064b5d2c3aa7a8" "-Wl,--gc-sections" "-pie" "-Wl,-z,relro,-z,now" "-nodefaultlibs" "-fuse-ld=mold" "-fuse-ld=mold" "-Wl,--allow-multiple-definition" "-fuse-ld=mold" "-Wl,--allow-multiple-definition"
  = note: some arguments are omitted. use `--verbose` to show all linker arguments
  = note: mold: fatal: cannot open /tmp/mantle-trellis-admission-target/debug/build/blake3-77064b5d2c3aa7a8/.build_script_build-77064b5d2c3aa7a8.2896378: Disk quota exceeded
          clang: error: linker command failed with exit code 1 (use -v to see invocation)


error: linking with `clang` failed: exit status: 1
  |
  = note:  "clang" "-m64" "/tmp/mantle-trellis-admission-target/debug/build/ring-5a709b65d65205b9/rustczbmXn3/symbols.o" "<4 object files omitted>" "-Wl,--as-needed" "-Wl,-Bstatic" "/tmp/mantle-trellis-admission-target/debug/deps/{libcc-3fb984d0cf12102e,libfind_msvc_tools-e28794d1e59129c7,libjobserver-132b1651626387a1,liblibc-7538cf8475c086cf,libshlex-9ec679a7acae17f0}.rlib" "<sysroot>/lib/rustlib/x86_64-unknown-linux-gnu/lib/{libstd-*,libpanic_unwind-*,libobject-*,libmemchr-*,libaddr2line-*,libgimli-*,libcfg_if-*,librustc_demangle-*,libstd_detect-*,libhashbrown-*,librustc_std_workspace_alloc-*,libminiz_oxide-*,libadler2-*,libunwind-*,liblibc-*,librustc_std_workspace_core-*,liballoc-*,libcore-*,libcompiler_builtins-*}.rlib" "-Wl,-Bdynamic" "-lgcc_s" "-lutil" "-lrt" "-lpthread" "-lm" "-ldl" "-lc" "-L" "/tmp/mantle-trellis-admission-target/debug/build/ring-5a709b65d65205b9/rustczbmXn3/raw-dylibs" "-Wl,--eh-frame-hdr" "-Wl,-z,noexecstack" "-L" "<sysroot>/lib/rustlib/x86_64-unknown-linux-gnu/lib" "-o" "/tmp/mantle-trellis-admission-target/debug/build/ring-5a709b65d65205b9/build_script_build-5a709b65d65205b9" "-Wl,--gc-sections" "-pie" "-Wl,-z,relro,-z,now" "-nodefaultlibs" "-fuse-ld=mold" "-fuse-ld=mold" "-Wl,--allow-multiple-definition" "-fuse-ld=mold" "-Wl,--allow-multiple-definition"
  = note: some arguments are omitted. use `--verbose` to show all linker arguments
  = note: mold: fatal: cannot open /tmp/mantle-trellis-admission-target/debug/build/ring-5a709b65d65205b9/.build_script_build-5a709b65d65205b9.2896392: Disk quota exceeded
          clang: error: linker command failed with exit code 1 (use -v to see invocation)


error: could not compile `ring` (build script) due to 1 previous error
error: could not compile `rustversion` (build script) due to 1 previous error
error: could not compile `blake3` (build script) due to 1 previous error
error: couldn't create a temp dir: Disk quota exceeded (os error 122) at path "/tmp/mantle-trellis-admission-target/debug/deps/rmetaaYSquk"

error: could not compile `syn` (lib) due to 1 previous error
