waiting for another Nix process to finish fetching input 'git+file:///home/brittonr/git/OnixResearch/mantle/.pi/worktrees/repair-crunch-build-tigerstyle'...
warning: /home/brittonr/git/OnixResearch/mantle/.pi/worktrees/repair-crunch-build-tigerstyle/Cargo.toml: file `/home/brittonr/git/OnixResearch/mantle/.pi/worktrees/repair-crunch-build-tigerstyle/src/main.rs` found to be present in multiple build targets:
  * `bin` target `crunch`
  * `bin` target `mantle`
    Blocking waiting for file lock on package cache
    Blocking waiting for file lock on package cache
    Blocking waiting for file lock on package cache
    Blocking waiting for file lock on build directory
    Checking tokio-util v0.7.18
    Checking tower v0.5.3
    Checking tokio-rustls v0.26.4
    Checking rustls-platform-verifier v0.6.2
    Checking gix-revwalk v0.29.0
    Checking tokio-stream v0.1.18
   Compiling fuse-backend-rs v0.12.0 (/home/brittonr/git/OnixResearch/mantle/.pi/worktrees/repair-crunch-build-tigerstyle/vendor/fuse-backend-rs)
   Compiling nix-compat v0.1.0 (/home/brittonr/git/OnixResearch/mantle/.pi/worktrees/repair-crunch-build-tigerstyle/vendor/nix-compat)
    Checking gix-lock v21.0.2
   Compiling nix-compat-derive v0.1.0 (/home/brittonr/git/OnixResearch/mantle/.pi/worktrees/repair-crunch-build-tigerstyle/vendor/nix-compat-derive)
   Compiling snix-castore v0.1.0 (/home/brittonr/git/OnixResearch/mantle/.pi/worktrees/repair-crunch-build-tigerstyle/vendor/snix-castore)
    Checking async-compression v0.4.19
    Checking crunch-attestation-core v0.1.0 (/home/brittonr/git/OnixResearch/mantle/.pi/worktrees/repair-crunch-build-tigerstyle/crates/crunch-attestation-core)
   Compiling snix-build v0.1.0 (/home/brittonr/git/OnixResearch/mantle/.pi/worktrees/repair-crunch-build-tigerstyle/vendor/snix-build)
   Compiling snix-store v0.1.0 (/home/brittonr/git/OnixResearch/mantle/.pi/worktrees/repair-crunch-build-tigerstyle/vendor/snix-store)
    Checking crunch-action-result-core v0.1.0 (/home/brittonr/git/OnixResearch/mantle/.pi/worktrees/repair-crunch-build-tigerstyle/crates/crunch-action-result-core)
    Checking crunch-overlay-core v0.1.0 (/home/brittonr/git/OnixResearch/mantle/.pi/worktrees/repair-crunch-build-tigerstyle/crates/crunch-overlay-core)
    Checking crunch-composition-core v0.1.0 (/home/brittonr/git/OnixResearch/mantle/.pi/worktrees/repair-crunch-build-tigerstyle/crates/crunch-composition-core)
    Checking crunch-gc-core v0.1.0 (/home/brittonr/git/OnixResearch/mantle/.pi/worktrees/repair-crunch-build-tigerstyle/crates/crunch-gc-core)
    Checking crunch-repair-core v0.1.0 (/home/brittonr/git/OnixResearch/mantle/.pi/worktrees/repair-crunch-build-tigerstyle/crates/crunch-repair-core)
    Checking gix-filter v0.28.0
    Checking crunch-rust-cache-core v0.1.0 (/home/brittonr/git/OnixResearch/mantle/.pi/worktrees/repair-crunch-build-tigerstyle/crates/crunch-rust-cache-core)
    Checking gix-pack v0.68.0
    Checking ureq v3.3.0
    Checking proptest v1.11.0
    Checking gix-ref v0.61.0
    Checking gix-shallow v0.10.0
    Checking gix-traverse v0.55.0
    Checking gix-revision v0.43.0
    Checking gix-negotiate v0.29.0
    Checking fastcdc v3.2.1
    Checking astral-tokio-tar v0.6.3
    Checking tower-http v0.6.8
    Checking h2 v0.4.13
    Checking n0-future v0.3.2
    Checking gix-index v0.49.0
    Checking gix-worktree-stream v0.30.0
    Checking gix-refspec v0.39.0
    Checking crunch-attestation v0.1.0 (/home/brittonr/git/OnixResearch/mantle/.pi/worktrees/repair-crunch-build-tigerstyle/crates/crunch-attestation)
    Checking irpc v0.13.0
    Checking gix-archive v0.30.0
    Checking gix-odb v0.78.0
    Checking gix-discover v0.49.0
    Checking gix-config v0.54.0
    Checking gix-worktree v0.50.0
    Checking gix-diff v0.61.0
    Checking gix-dir v0.23.0
    Checking gix-worktree-state v0.28.0
    Checking gix-submodule v0.28.0
    Checking gix-blame v0.11.0
    Checking gix-status v0.28.0
    Checking hyper v1.9.0
    Checking crunch-nar v0.1.0 (/home/brittonr/git/OnixResearch/mantle/.pi/worktrees/repair-crunch-build-tigerstyle/crates/crunch-nar)
    Checking crunch-glue v0.1.0 (/home/brittonr/git/OnixResearch/mantle/.pi/worktrees/repair-crunch-build-tigerstyle/crates/crunch-glue)
    Checking hyper-util v0.1.20
    Checking hyper-rustls v0.27.7
    Checking reqwest v0.13.2
    Checking reqwest-middleware v0.5.1
    Checking object_store v0.14.0
    Checking gix-transport v0.55.1
    Checking reqwest-tracing v0.6.0
    Checking gix-protocol v0.59.0
    Checking snix-tracing v0.1.0 (/home/brittonr/git/OnixResearch/mantle/.pi/worktrees/repair-crunch-build-tigerstyle/vendor/snix-tracing)
    Checking gix v0.81.0
    Checking crunch-store v0.1.0 (/home/brittonr/git/OnixResearch/mantle/.pi/worktrees/repair-crunch-build-tigerstyle/crates/crunch-store)
    Checking crunch-rust-cache v0.1.0 (/home/brittonr/git/OnixResearch/mantle/.pi/worktrees/repair-crunch-build-tigerstyle/crates/crunch-rust-cache)
    Checking crunch-build v0.1.0 (/home/brittonr/git/OnixResearch/mantle/.pi/worktrees/repair-crunch-build-tigerstyle/crates/crunch-build)
    Checking crunch-rustc-wrapper v0.1.0 (/home/brittonr/git/OnixResearch/mantle/.pi/worktrees/repair-crunch-build-tigerstyle/crates/crunch-rustc-wrapper)
    Finished `dev` profile [unoptimized + debuginfo] target(s) in 1m 11s
