## fix/repair-crunch-build-tigerstyle-20260901...origin/main [ahead 2]
 M .cairn/changes/repair-crunch-build-tigerstyle/evidence/validation.md
 M .cairn/changes/repair-crunch-build-tigerstyle/tasks.md
?? .cairn/changes/repair-crunch-build-tigerstyle/evidence/build-repair-2026-09-01/cairn-gate-design.log
?? .cairn/changes/repair-crunch-build-tigerstyle/evidence/build-repair-2026-09-01/cairn-gate-design.status
?? .cairn/changes/repair-crunch-build-tigerstyle/evidence/build-repair-2026-09-01/cairn-gate-proposal.log
?? .cairn/changes/repair-crunch-build-tigerstyle/evidence/build-repair-2026-09-01/cairn-gate-proposal.status
?? .cairn/changes/repair-crunch-build-tigerstyle/evidence/build-repair-2026-09-01/cairn-gate-tasks.log
?? .cairn/changes/repair-crunch-build-tigerstyle/evidence/build-repair-2026-09-01/cairn-gate-tasks.status
?? .cairn/changes/repair-crunch-build-tigerstyle/evidence/build-repair-2026-09-01/cairn-tracey.log
?? .cairn/changes/repair-crunch-build-tigerstyle/evidence/build-repair-2026-09-01/cairn-tracey.status
?? .cairn/changes/repair-crunch-build-tigerstyle/evidence/build-repair-2026-09-01/cairn-validate.log
?? .cairn/changes/repair-crunch-build-tigerstyle/evidence/build-repair-2026-09-01/cairn-validate.status
?? .cairn/changes/repair-crunch-build-tigerstyle/evidence/build-repair-2026-09-01/final-diff-check.log
?? .cairn/changes/repair-crunch-build-tigerstyle/evidence/build-repair-2026-09-01/final-diff-check.status
?? .cairn/changes/repair-crunch-build-tigerstyle/evidence/build-repair-2026-09-01/formatting.command.txt
?? .cairn/changes/repair-crunch-build-tigerstyle/evidence/build-repair-2026-09-01/formatting.log
?? .cairn/changes/repair-crunch-build-tigerstyle/evidence/build-repair-2026-09-01/formatting.status
?? .cairn/changes/repair-crunch-build-tigerstyle/evidence/build-repair-2026-09-01/full-local-build-findings.status
?? .cairn/changes/repair-crunch-build-tigerstyle/evidence/build-repair-2026-09-01/full-local-build-findings.txt
?? .cairn/changes/repair-crunch-build-tigerstyle/evidence/build-repair-2026-09-01/full-local.command.txt
?? .cairn/changes/repair-crunch-build-tigerstyle/evidence/build-repair-2026-09-01/full-local.log
?? .cairn/changes/repair-crunch-build-tigerstyle/evidence/build-repair-2026-09-01/full-local.status
?? .cairn/changes/repair-crunch-build-tigerstyle/evidence/build-repair-2026-09-01/full-ordinary-build-findings.status
?? .cairn/changes/repair-crunch-build-tigerstyle/evidence/build-repair-2026-09-01/full-ordinary-build-findings.txt
?? .cairn/changes/repair-crunch-build-tigerstyle/evidence/build-repair-2026-09-01/full-ordinary.command.txt
?? .cairn/changes/repair-crunch-build-tigerstyle/evidence/build-repair-2026-09-01/full-ordinary.log
?? .cairn/changes/repair-crunch-build-tigerstyle/evidence/build-repair-2026-09-01/full-ordinary.status
?? .cairn/changes/repair-crunch-build-tigerstyle/evidence/build-repair-2026-09-01/git-diff-check.log
?? .cairn/changes/repair-crunch-build-tigerstyle/evidence/build-repair-2026-09-01/git-diff-check.status
?? .cairn/changes/repair-crunch-build-tigerstyle/evidence/build-repair-2026-09-01/git-status-before-archive.log
?? .cairn/changes/repair-crunch-build-tigerstyle/evidence/build-repair-2026-09-01/new-suppression-findings.log
?? .cairn/changes/repair-crunch-build-tigerstyle/evidence/build-repair-2026-09-01/new-suppression-findings.status
?? .cairn/changes/repair-crunch-build-tigerstyle/evidence/build-repair-2026-09-01/next-tiger-blocker-summary.txt
?? .cairn/changes/repair-crunch-build-tigerstyle/evidence/build-repair-2026-09-01/nix-no-build.command.txt
?? .cairn/changes/repair-crunch-build-tigerstyle/evidence/build-repair-2026-09-01/nix-no-build.log
?? .cairn/changes/repair-crunch-build-tigerstyle/evidence/build-repair-2026-09-01/nix-no-build.status
?? .cairn/changes/repair-crunch-build-tigerstyle/evidence/build-repair-2026-09-01/repository-tiger.command.txt
?? .cairn/changes/repair-crunch-build-tigerstyle/evidence/build-repair-2026-09-01/repository-tiger.log
?? .cairn/changes/repair-crunch-build-tigerstyle/evidence/build-repair-2026-09-01/repository-tiger.status
?? .cairn/changes/repair-crunch-build-tigerstyle/evidence/build-repair-2026-09-01/summary.md
