.cairn/changes/repair-crunch-pipeline-tigerstyle/evidence/pipeline-repair-2026-09-01/cairn-gate-design.log: OK
.cairn/changes/repair-crunch-pipeline-tigerstyle/evidence/pipeline-repair-2026-09-01/cairn-gate-design.status: OK
.cairn/changes/repair-crunch-pipeline-tigerstyle/evidence/pipeline-repair-2026-09-01/cairn-gate-proposal.log: OK
.cairn/changes/repair-crunch-pipeline-tigerstyle/evidence/pipeline-repair-2026-09-01/cairn-gate-proposal.status: OK
.cairn/changes/repair-crunch-pipeline-tigerstyle/evidence/pipeline-repair-2026-09-01/cairn-gate-tasks.log: OK
.cairn/changes/repair-crunch-pipeline-tigerstyle/evidence/pipeline-repair-2026-09-01/cairn-gate-tasks.status: OK
.cairn/changes/repair-crunch-pipeline-tigerstyle/evidence/pipeline-repair-2026-09-01/cairn-tracey.log: OK
.cairn/changes/repair-crunch-pipeline-tigerstyle/evidence/pipeline-repair-2026-09-01/cairn-tracey.status: OK
.cairn/changes/repair-crunch-pipeline-tigerstyle/evidence/pipeline-repair-2026-09-01/cairn-validate.log: OK
.cairn/changes/repair-crunch-pipeline-tigerstyle/evidence/pipeline-repair-2026-09-01/cairn-validate.status: OK
.cairn/changes/repair-crunch-pipeline-tigerstyle/evidence/pipeline-repair-2026-09-01/clippy.command.txt: OK
.cairn/changes/repair-crunch-pipeline-tigerstyle/evidence/pipeline-repair-2026-09-01/clippy.log: OK
.cairn/changes/repair-crunch-pipeline-tigerstyle/evidence/pipeline-repair-2026-09-01/clippy.status: OK
.cairn/changes/repair-crunch-pipeline-tigerstyle/evidence/pipeline-repair-2026-09-01/final-diff-check.log: OK
.cairn/changes/repair-crunch-pipeline-tigerstyle/evidence/pipeline-repair-2026-09-01/final-diff-check.status: OK
.cairn/changes/repair-crunch-pipeline-tigerstyle/evidence/pipeline-repair-2026-09-01/focused-tiger.command.txt: OK
.cairn/changes/repair-crunch-pipeline-tigerstyle/evidence/pipeline-repair-2026-09-01/focused-tiger.log: OK
.cairn/changes/repair-crunch-pipeline-tigerstyle/evidence/pipeline-repair-2026-09-01/focused-tiger.status: OK
.cairn/changes/repair-crunch-pipeline-tigerstyle/evidence/pipeline-repair-2026-09-01/formatting.command.txt: OK
.cairn/changes/repair-crunch-pipeline-tigerstyle/evidence/pipeline-repair-2026-09-01/formatting.log: OK
.cairn/changes/repair-crunch-pipeline-tigerstyle/evidence/pipeline-repair-2026-09-01/formatting.status: OK
.cairn/changes/repair-crunch-pipeline-tigerstyle/evidence/pipeline-repair-2026-09-01/full-local.command.txt: OK
.cairn/changes/repair-crunch-pipeline-tigerstyle/evidence/pipeline-repair-2026-09-01/full-local.log: OK
.cairn/changes/repair-crunch-pipeline-tigerstyle/evidence/pipeline-repair-2026-09-01/full-local.status: OK
.cairn/changes/repair-crunch-pipeline-tigerstyle/evidence/pipeline-repair-2026-09-01/full-ordinary.command.txt: OK
.cairn/changes/repair-crunch-pipeline-tigerstyle/evidence/pipeline-repair-2026-09-01/full-ordinary.log: OK
.cairn/changes/repair-crunch-pipeline-tigerstyle/evidence/pipeline-repair-2026-09-01/full-ordinary.status: OK
.cairn/changes/repair-crunch-pipeline-tigerstyle/evidence/pipeline-repair-2026-09-01/full-pipeline-findings.status: OK
.cairn/changes/repair-crunch-pipeline-tigerstyle/evidence/pipeline-repair-2026-09-01/full-pipeline-findings.txt: OK
.cairn/changes/repair-crunch-pipeline-tigerstyle/evidence/pipeline-repair-2026-09-01/git-diff-check.log: OK
.cairn/changes/repair-crunch-pipeline-tigerstyle/evidence/pipeline-repair-2026-09-01/git-diff-check.status: OK
.cairn/changes/repair-crunch-pipeline-tigerstyle/evidence/pipeline-repair-2026-09-01/git-status-before-archive.log: OK
.cairn/changes/repair-crunch-pipeline-tigerstyle/evidence/pipeline-repair-2026-09-01/mantle-check.command.txt: OK
.cairn/changes/repair-crunch-pipeline-tigerstyle/evidence/pipeline-repair-2026-09-01/mantle-check.log: OK
.cairn/changes/repair-crunch-pipeline-tigerstyle/evidence/pipeline-repair-2026-09-01/mantle-check.status: OK
.cairn/changes/repair-crunch-pipeline-tigerstyle/evidence/pipeline-repair-2026-09-01/new-suppression-findings.log: OK
.cairn/changes/repair-crunch-pipeline-tigerstyle/evidence/pipeline-repair-2026-09-01/new-suppression-findings.status: OK
.cairn/changes/repair-crunch-pipeline-tigerstyle/evidence/pipeline-repair-2026-09-01/next-tiger-blocker-summary.txt: OK
.cairn/changes/repair-crunch-pipeline-tigerstyle/evidence/pipeline-repair-2026-09-01/nix-no-build.command.txt: OK
.cairn/changes/repair-crunch-pipeline-tigerstyle/evidence/pipeline-repair-2026-09-01/nix-no-build.log: OK
.cairn/changes/repair-crunch-pipeline-tigerstyle/evidence/pipeline-repair-2026-09-01/nix-no-build.status: OK
.cairn/changes/repair-crunch-pipeline-tigerstyle/evidence/pipeline-repair-2026-09-01/pipeline-findings.status: OK
.cairn/changes/repair-crunch-pipeline-tigerstyle/evidence/pipeline-repair-2026-09-01/pipeline-findings.txt: OK
.cairn/changes/repair-crunch-pipeline-tigerstyle/evidence/pipeline-repair-2026-09-01/post-change-tests.command.txt: OK
.cairn/changes/repair-crunch-pipeline-tigerstyle/evidence/pipeline-repair-2026-09-01/post-change-tests.log: OK
.cairn/changes/repair-crunch-pipeline-tigerstyle/evidence/pipeline-repair-2026-09-01/post-change-tests.status: OK
.cairn/changes/repair-crunch-pipeline-tigerstyle/evidence/pipeline-repair-2026-09-01/repository-tiger.command.txt: OK
.cairn/changes/repair-crunch-pipeline-tigerstyle/evidence/pipeline-repair-2026-09-01/repository-tiger.log: OK
.cairn/changes/repair-crunch-pipeline-tigerstyle/evidence/pipeline-repair-2026-09-01/repository-tiger.status: OK
.cairn/changes/repair-crunch-pipeline-tigerstyle/evidence/pipeline-repair-2026-09-01/round1-hidden-findings.log: OK
.cairn/changes/repair-crunch-pipeline-tigerstyle/evidence/pipeline-repair-2026-09-01/summary.md: OK
