{
  "acceptance_ids": [],
  "change": "repair-crunch-pipeline-tigerstyle",
  "evidence_summary": {
    "docs_only": 0,
    "fixture": 0,
    "formal": 0,
    "mode": "advisory",
    "model": 0,
    "probe": 0,
    "property": 0
  },
  "input_hash": "401987772c048aa2be7523e37b9df68ccf12334aa0f17832e28e2e10850b0b2f",
  "issues": [],
  "layout": "cairn",
  "non_claims": [
    "workflow state proves only the selected policy graph and observed structural artifact facts",
    "workflow instructions do not prove artifact truth, review quality, or implementation correctness",
    "workflow state does not satisfy proposal, design, tasks, sync, archive, evidence, or release gates",
    "workflow commands are read-only and do not create, edit, delete, or approve lifecycle artifacts"
  ],
  "policy": "mantle-default",
  "policy_hash": "69891b1b46c1b38dad36043d5603ad45768bbeb4bc61ad10b72bc0cbabadb0d7",
  "probe_evidence": {
    "declarations_present": false,
    "probes": []
  },
  "profile_identity_hash": "9eb227088a804754d68caa65df0d48abe658f7820e788063a3610c0b3ac68ce4",
  "receipt_hash": "47de793ddc0b27bd44944ef851e24f96fcdf063b1ba180a0281b86bb6998dd3e",
  "review_receipt_hashes": [],
  "spec_effect": "delta",
  "stage": "tasks",
  "substance": [
    {
      "checkbox_tasks": 0,
      "kind": "design",
      "malformed_dependency_markers": 0,
      "path": "./.cairn/changes/repair-crunch-pipeline-tigerstyle/design.md",
      "requirement_blocks": 0,
      "scenario_blocks": 0,
      "substantive_lines": 68,
      "substantive_requirement_blocks": 0,
      "substantive_tasks": 0,
      "task_done": 0,
      "task_in_progress": 0,
      "task_todo": 0
    },
    {
      "checkbox_tasks": 0,
      "kind": "proposal",
      "malformed_dependency_markers": 0,
      "path": "./.cairn/changes/repair-crunch-pipeline-tigerstyle/proposal.md",
      "requirement_blocks": 0,
      "scenario_blocks": 0,
      "substantive_lines": 22,
      "substantive_requirement_blocks": 0,
      "substantive_tasks": 0,
      "task_done": 0,
      "task_in_progress": 0,
      "task_todo": 0
    },
    {
      "checkbox_tasks": 0,
      "kind": "delta_spec",
      "malformed_dependency_markers": 0,
      "path": "./.cairn/changes/repair-crunch-pipeline-tigerstyle/specs/build-correctness/spec.md",
      "requirement_blocks": 1,
      "scenario_blocks": 5,
      "substantive_lines": 21,
      "substantive_requirement_blocks": 1,
      "substantive_tasks": 0,
      "task_done": 0,
      "task_in_progress": 0,
      "task_todo": 0
    },
    {
      "checkbox_tasks": 8,
      "kind": "tasks",
      "malformed_dependency_markers": 0,
      "path": "./.cairn/changes/repair-crunch-pipeline-tigerstyle/tasks.md",
      "requirement_blocks": 0,
      "scenario_blocks": 0,
      "substantive_lines": 16,
      "substantive_requirement_blocks": 0,
      "substantive_tasks": 8,
      "task_done": 8,
      "task_in_progress": 0,
      "task_todo": 0
    }
  ],
  "task_ordering": {
    "active": false,
    "edges": [],
    "issues": [],
    "nodes": [],
    "order": [],
    "ready_tasks": [],
    "valid": true
  },
  "valid": true,
  "verdict": "PASS",
  "workflow_profile": "spec-driven",
  "workflow_profile_compatibility_fallback": false,
  "workflow_profile_source": "change_create",
  "workflow_profile_version": 1
}
