waiting for another Nix process to finish fetching input 'git+file:///home/brittonr/git/OnixResearch/mantle/.pi/worktrees/repair-crunch-pipeline-tigerstyle'...
error (ignored): SQLite database '/home/brittonr/.cache/nix/eval-cache-v6/0203411b3ecb8a98882a59ed9164b7463a5a379c54eb11dd7de3827a5c7273a1.sqlite' is busy
copying path '/nix/store/hhccdmpa2bhqbagn2zgmgrwjbcdinn55-source' from 'http://100.100.103.95:5000'...
warning: file 'nar/1pzq6dhayzd6kgyhjwqr1bwq468z36vp0al101havv6d0pw1fa40.nar?hash=hhccdmpa2bhqbagn2zgmgrwjbcdinn55' does not exist in binary cache 'http://100.100.103.95:5000'
warning: /home/brittonr/git/OnixResearch/mantle/.pi/worktrees/repair-crunch-pipeline-tigerstyle/Cargo.toml: file `/home/brittonr/git/OnixResearch/mantle/.pi/worktrees/repair-crunch-pipeline-tigerstyle/src/main.rs` found to be present in multiple build targets:
  * `bin` target `crunch`
  * `bin` target `mantle`
    Checking crunch-attestation-core v0.1.0 (/home/brittonr/git/OnixResearch/mantle/.pi/worktrees/repair-crunch-pipeline-tigerstyle/crates/crunch-attestation-core)
    Checking crunch-nar v0.1.0 (/home/brittonr/git/OnixResearch/mantle/.pi/worktrees/repair-crunch-pipeline-tigerstyle/crates/crunch-nar)
    Checking crunch-action-result-core v0.1.0 (/home/brittonr/git/OnixResearch/mantle/.pi/worktrees/repair-crunch-pipeline-tigerstyle/crates/crunch-action-result-core)
    Checking crunch-overlay-core v0.1.0 (/home/brittonr/git/OnixResearch/mantle/.pi/worktrees/repair-crunch-pipeline-tigerstyle/crates/crunch-overlay-core)
    Checking crunch-repair-core v0.1.0 (/home/brittonr/git/OnixResearch/mantle/.pi/worktrees/repair-crunch-pipeline-tigerstyle/crates/crunch-repair-core)
    Checking crunch-gc-core v0.1.0 (/home/brittonr/git/OnixResearch/mantle/.pi/worktrees/repair-crunch-pipeline-tigerstyle/crates/crunch-gc-core)
    Checking crunch-composition-core v0.1.0 (/home/brittonr/git/OnixResearch/mantle/.pi/worktrees/repair-crunch-pipeline-tigerstyle/crates/crunch-composition-core)
    Checking crunch-rust-cache-core v0.1.0 (/home/brittonr/git/OnixResearch/mantle/.pi/worktrees/repair-crunch-pipeline-tigerstyle/crates/crunch-rust-cache-core)
    Checking crunch-eval v0.1.0 (/home/brittonr/git/OnixResearch/mantle/.pi/worktrees/repair-crunch-pipeline-tigerstyle/crates/crunch-eval)
    Checking crunch-wasm-component-core v0.1.0 (/home/brittonr/git/OnixResearch/mantle/.pi/worktrees/repair-crunch-pipeline-tigerstyle/crates/crunch-wasm-component-core)
    Checking crunch-evaluation-stream-core v0.1.0 (/home/brittonr/git/OnixResearch/mantle/.pi/worktrees/repair-crunch-pipeline-tigerstyle/crates/crunch-evaluation-stream-core)
    Checking crunch-shell-core v0.1.0 (/home/brittonr/git/OnixResearch/mantle/.pi/worktrees/repair-crunch-pipeline-tigerstyle/crates/crunch-shell-core)
    Checking crunch-delta-core v0.1.0 (/home/brittonr/git/OnixResearch/mantle/.pi/worktrees/repair-crunch-pipeline-tigerstyle/crates/crunch-delta-core)
    Checking crunch-release-core v0.1.0 (/home/brittonr/git/OnixResearch/mantle/.pi/worktrees/repair-crunch-pipeline-tigerstyle/crates/crunch-release-core)
    Checking mantlepkgs-core v0.1.0 (/home/brittonr/git/OnixResearch/mantle/.pi/worktrees/repair-crunch-pipeline-tigerstyle/crates/mantlepkgs-core)
    Checking crunch-eval-budget-core v0.1.0 (/home/brittonr/git/OnixResearch/mantle/.pi/worktrees/repair-crunch-pipeline-tigerstyle/crates/crunch-eval-budget-core)
    Checking mantle-portable-client-core v0.1.0 (/home/brittonr/git/OnixResearch/mantle/.pi/worktrees/repair-crunch-pipeline-tigerstyle/crates/mantle-portable-client-core)
    Checking crunch-kernelscript-core v0.1.0 (/home/brittonr/git/OnixResearch/mantle/.pi/worktrees/repair-crunch-pipeline-tigerstyle/crates/crunch-kernelscript-core)
    Checking crunch-spacewasm-core v0.1.0 (/home/brittonr/git/OnixResearch/mantle/.pi/worktrees/repair-crunch-pipeline-tigerstyle/crates/crunch-spacewasm-core)
    Checking crunch-hardware-simulation-core v0.1.0 (/home/brittonr/git/OnixResearch/mantle/.pi/worktrees/repair-crunch-pipeline-tigerstyle/crates/crunch-hardware-simulation-core)
    Checking mantle-build-contract v0.1.0 (/home/brittonr/git/OnixResearch/mantle/.pi/worktrees/repair-crunch-pipeline-tigerstyle/crates/mantle-build-contract)
    Checking crunch-shell v0.1.0 (/home/brittonr/git/OnixResearch/mantle/.pi/worktrees/repair-crunch-pipeline-tigerstyle/crates/crunch-shell)
    Checking crunch-attestation v0.1.0 (/home/brittonr/git/OnixResearch/mantle/.pi/worktrees/repair-crunch-pipeline-tigerstyle/crates/crunch-attestation)
    Checking crunch-project-core v0.1.0 (/home/brittonr/git/OnixResearch/mantle/.pi/worktrees/repair-crunch-pipeline-tigerstyle/crates/crunch-project-core)
    Checking crunch-spacewasm v0.1.0 (/home/brittonr/git/OnixResearch/mantle/.pi/worktrees/repair-crunch-pipeline-tigerstyle/crates/crunch-spacewasm)
    Checking crunch-hardware-simulation v0.1.0 (/home/brittonr/git/OnixResearch/mantle/.pi/worktrees/repair-crunch-pipeline-tigerstyle/crates/crunch-hardware-simulation)
    Checking crunch-store v0.1.0 (/home/brittonr/git/OnixResearch/mantle/.pi/worktrees/repair-crunch-pipeline-tigerstyle/crates/crunch-store)
    Checking crunch-glue v0.1.0 (/home/brittonr/git/OnixResearch/mantle/.pi/worktrees/repair-crunch-pipeline-tigerstyle/crates/crunch-glue)
    Checking crunch-kernelscript-adapter v0.1.0 (/home/brittonr/git/OnixResearch/mantle/.pi/worktrees/repair-crunch-pipeline-tigerstyle/crates/crunch-kernelscript-adapter)
    Checking crunch-wasm-component v0.1.0 (/home/brittonr/git/OnixResearch/mantle/.pi/worktrees/repair-crunch-pipeline-tigerstyle/crates/crunch-wasm-component)
    Checking crunch-project v0.1.0 (/home/brittonr/git/OnixResearch/mantle/.pi/worktrees/repair-crunch-pipeline-tigerstyle/crates/crunch-project)
    Checking crunch-rust-cache v0.1.0 (/home/brittonr/git/OnixResearch/mantle/.pi/worktrees/repair-crunch-pipeline-tigerstyle/crates/crunch-rust-cache)
    Checking crunch-build v0.1.0 (/home/brittonr/git/OnixResearch/mantle/.pi/worktrees/repair-crunch-pipeline-tigerstyle/crates/crunch-build)
    Checking crunch-delta v0.1.0 (/home/brittonr/git/OnixResearch/mantle/.pi/worktrees/repair-crunch-pipeline-tigerstyle/crates/crunch-delta)
    Checking crunch-rustc-wrapper v0.1.0 (/home/brittonr/git/OnixResearch/mantle/.pi/worktrees/repair-crunch-pipeline-tigerstyle/crates/crunch-rustc-wrapper)
    Checking crunch-pipeline v0.1.0 (/home/brittonr/git/OnixResearch/mantle/.pi/worktrees/repair-crunch-pipeline-tigerstyle/crates/crunch-pipeline)
    Checking mantle v0.1.0 (/home/brittonr/git/OnixResearch/mantle/.pi/worktrees/repair-crunch-pipeline-tigerstyle)
error: function `fetch_raw_seed` is 84 lines (limit: 70)
   --> src/bootstrap.rs:809:87
    |
809 |   async fn fetch_raw_seed(request: FetchRawSeedRequest<'_>) -> Result<String, RunError> {
    |  _______________________________________________________________________________________^
810 | |     use snix_castore::directoryservice::RedbDirectoryService;
811 | |     use snix_castore::directoryservice::RedbDirectoryServiceConfig;
812 | |     debug_assert!(request.store_dir.is_absolute());
...   |
899 | |     Ok(raw_display_path)
900 | | }
    | |_^
    |
    = help: Tiger Style (Function Length): split long functions into named helpers at invariant or phase boundaries
    = note: see Tiger Style guide: Function Length
    = note: `-D tigerstyle::function-length` implied by `-D function-length`
    = help: to override `-D function-length` add `#[allow(tigerstyle::function_length)]`

error: function `validate_inventory` has 0 assertion(s) in 24 lines (need 2+)
   --> src/operator_contract.rs:165:87
    |
165 |   pub fn validate_inventory(inventory: &OperatorInventory) -> Result<(), ContractError> {
    |  _______________________________________________________________________________________^
166 | |     if inventory.schema != OPERATOR_INVENTORY_SCHEMA {
167 | |         return Err(ContractError::new("unknown-schema", inventory.schema.clone()));
...   |
189 | |     Ok(())
190 | | }
    | |_^
    |
    = help: Tiger Style (Assertion Density): add enough assertions to make local invariants visible near the logic they defend
    = note: see Tiger Style guide: Assertion Density
    = note: `-D tigerstyle::assertion-density` implied by `-D assertion-density`
    = help: to override `-D assertion-density` add `#[allow(tigerstyle::assertion_density)]`

error: function `validate_platform_profiles` has 0 assertion(s) in 36 lines (need 2+)
   --> src/operator_contract.rs:192:90
    |
192 |   fn validate_platform_profiles(profiles: &[PlatformProfile]) -> Result<(), ContractError> {
    |  __________________________________________________________________________________________^
193 | |     if profiles.len() != mantle_portable_client_core::ROOT_COMMAND_COUNT {
194 | |         return Err(ContractError::new(
195 | |             "platform-profile-count",
...   |
226 | |     Ok(())
227 | | }
    | |_^
    |
    = help: Tiger Style (Assertion Density): add enough assertions to make local invariants visible near the logic they defend
    = note: see Tiger Style guide: Assertion Density

error: function `validate_surface` has 0 assertion(s) in 42 lines (need 2+)
   --> src/operator_contract.rs:229:77
    |
229 |   fn validate_surface(surface: &OperatorSurface) -> Result<(), ContractError> {
    |  _____________________________________________________________________________^
230 | |     validate_text("canonical", &surface.canonical)?;
231 | |     validate_text("owner", &surface.owner)?;
232 | |     validate_text("role", &surface.role)?;
...   |
269 | |     Ok(())
270 | | }
    | |_^
    |
    = help: Tiger Style (Assertion Density): add enough assertions to make local invariants visible near the logic they defend
    = note: see Tiger Style guide: Assertion Density

error: function `validate_surface_text_fields` has 0 assertion(s) in 24 lines (need 2+)
   --> src/operator_contract.rs:272:89
    |
272 |   fn validate_surface_text_fields(surface: &OperatorSurface) -> Result<(), ContractError> {
    |  _________________________________________________________________________________________^
273 | |     for spelling in &surface.compatibility_spellings {
274 | |         validate_text("compatibility-spelling", spelling)?;
...   |
294 | |     Ok(())
295 | | }
    | |_^
    |
    = help: Tiger Style (Assertion Density): add enough assertions to make local invariants visible near the logic they defend
    = note: see Tiger Style guide: Assertion Density

error: function `build_command_catalog` has 0 assertion(s) in 45 lines (need 2+)
   --> src/operator_contract.rs:337:44
    |
337 |   ) -> Result<CommandCatalog, ContractError> {
    |  ____________________________________________^
338 | |     validate_inventory(inventory)?;
339 | |     if descriptors.is_empty() {
340 | |         return Err(ContractError::new("empty-command-graph", "no public commands"));
...   |
383 | |     })
384 | | }
    | |_^
    |
    = help: Tiger Style (Assertion Density): add enough assertions to make local invariants visible near the logic they defend
    = note: see Tiger Style guide: Assertion Density

error: function `classify_remediation` is 151 lines (limit: 70)
   --> src/operator_contract.rs:558:83
    |
558 |   pub fn classify_remediation(facts: FailureFacts<'_>) -> Option<RemediationRecord> {
    |  ___________________________________________________________________________________^
559 | |     let message_lower = facts.message.to_ascii_lowercase();
560 | |     let safe_subject = safe_subject(facts.safe_subject);
561 | |     if message_lower.contains("source input not found") || message_lower.contains("sourcenotfound") {
...   |
707 | |     None
708 | | }
    | |_^
    |
    = help: Tiger Style (Function Length): split long functions into named helpers at invariant or phase boundaries
    = note: see Tiger Style guide: Function Length

error: function `classify_remediation` has 0 assertion(s) in 151 lines (need 2+)
   --> src/operator_contract.rs:558:83
    |
558 |   pub fn classify_remediation(facts: FailureFacts<'_>) -> Option<RemediationRecord> {
    |  ___________________________________________________________________________________^
559 | |     let message_lower = facts.message.to_ascii_lowercase();
560 | |     let safe_subject = safe_subject(facts.safe_subject);
561 | |     if message_lower.contains("source input not found") || message_lower.contains("sourcenotfound") {
...   |
707 | |     None
708 | | }
    | |_^
    |
    = help: Tiger Style (Assertion Density): add enough assertions to make local invariants visible near the logic they defend
    = note: see Tiger Style guide: Assertion Density

error: condition has 3 boolean operators
   --> src/protected_exec.rs:750:12
    |
750 |           if !producer_allowed
    |  ____________^
751 | |             || !path_valid
752 | |             || root.promotion_count_max == 0
753 | |             || !is_valid_hex_digest(&root.output_identity_blake3, BLAKE3_HEX_LEN)
    | |_________________________________________________________________________________^
    |
    = help: Tiger Style (Condition Decomposition): break multi-part conditions into named predicates or nested guards Example: if is_leader { if has_quorum { ... } }
    = note: see Tiger Style guide: Condition Decomposition
    = note: `-D tigerstyle::compound-condition` implied by `-D compound-condition`
    = help: to override `-D compound-condition` add `#[allow(tigerstyle::compound_condition)]`

error: function `validate_promotion_source_ids` has 0 assertion(s) in 34 lines (need 2+)
   --> src/protected_exec.rs:966:105
    |
966 |   fn validate_promotion_source_ids(source_ids: &[String]) -> Result<BTreeSet<String>, ProtectedExecError> {
    |  _________________________________________________________________________________________________________^
967 | |     if source_ids.is_empty() {
968 | |         return Err(ProtectedExecError::EmptyField {
969 | |             entry_id: "stagex-plan".to_string(),
...   |
998 | |     Ok(unique)
999 | | }
    | |_^
    |
    = help: Tiger Style (Assertion Density): add enough assertions to make local invariants visible near the logic they defend
    = note: see Tiger Style guide: Assertion Density

error: function `reap_adopted_exec_descendants` has 1 assertion(s) in 35 lines (need 2+)
   --> src/protected_exec_seccomp.rs:167:82
    |
167 |       pub fn reap_adopted_exec_descendants() -> Result<u32, ProtectedSeccompError> {
    |  __________________________________________________________________________________^
168 | |         let mut reaped_count = 0_u32;
169 | |         for _ in 0..ADOPTED_DESCENDANT_REAP_POLL_COUNT_MAX {
170 | |             let mut status: libc::c_int = 0;
...   |
200 | |         )))
201 | |     }
    | |_____^
    |
    = help: Tiger Style (Assertion Density): add enough assertions to make local invariants visible near the logic they defend
    = note: see Tiger Style guide: Assertion Density

error: function `wait_for_audit_quiescence` has 1 assertion(s) in 25 lines (need 2+)
   --> src/protected_exec_seccomp.rs:205:47
    |
205 |       ) -> Result<usize, ProtectedSeccompError> {
    |  _______________________________________________^
206 | |         let mut previous_count = usize::MAX;
207 | |         let mut stable_poll_count = 0_u32;
208 | |         for _ in 0..AUDIT_QUIESCENCE_POLL_COUNT_MAX {
...   |
228 | |         )))
229 | |     }
    | |_____^
    |
    = help: Tiger Style (Assertion Density): add enough assertions to make local invariants visible near the logic they defend
    = note: see Tiger Style guide: Assertion Density

error: function `read_tracee_memory` has 0 assertion(s) in 21 lines (need 2+)
   --> src/protected_exec_seccomp.rs:920:95
    |
920 |       fn read_tracee_memory(pid: u32, address: u64, buffer: &mut [u8]) -> Result<usize, String> {
    |  _______________________________________________________________________________________________^
921 | |         let process_id = libc::pid_t::try_from(pid).map_err(|_| format!("target pid exceeds pid_t: {pid}"))?;
922 | |         let local = libc::iovec {
923 | |             iov_base: buffer.as_mut_ptr().cast::<libc::c_void>(),
...   |
939 | |             .map_err(|error| format!("read target exec path: process_vm_readv={process_vm_error}; proc-mem={error}"))
940 | |     }
    | |_____^
    |
    = help: Tiger Style (Assertion Density): add enough assertions to make local invariants visible near the logic they defend
    = note: see Tiger Style guide: Assertion Density

error: function `send_response` has 0 assertion(s) in 25 lines (need 2+)
   --> src/protected_exec_seccomp.rs:952:88
    |
952 |       fn send_response(listener_fd: RawFd, id: u64, allowed: bool) -> Result<(), String> {
    |  ________________________________________________________________________________________^
953 | |         let mut response: libc::seccomp_notif_resp = unsafe { std::mem::zeroed() };
954 | |         response.id = id;
955 | |         if allowed {
...   |
975 | |         Err("SECCOMP_IOCTL_NOTIF_SEND exhausted its bounded retry loop".to_string())
976 | |     }
    | |_____^
    |
    = help: Tiger Style (Assertion Density): add enough assertions to make local invariants visible near the logic they defend
    = note: see Tiger Style guide: Assertion Density

error: `.expect()` in production code will panic on failure
   --> src/errors.rs:100:32
    |
100 |         let remediation_json = render_remediation_json(&record).expect("remediation record must serialize");
    |                                ^^^^^^^^^^^^^^^^^^^^^^^^^^^^^^^^^^^^^^^^^^^^^^^^^^^^^^^^^^^^^^^^^^^^^^^^^^^^
    |
    = help: Tiger Style (Error Handling): propagate or handle absence explicitly instead of panicking with `unwrap` or `expect` Example: let value = maybe?;
    = note: see Tiger Style guide: Error Handling
    = note: `-D tigerstyle::no-unwrap` implied by `-D no-unwrap`
    = help: to override `-D no-unwrap` add `#[allow(tigerstyle::no_unwrap)]`

error: `.expect()` in production code will panic on failure
   --> src/errors.rs:102:13
    |
102 |             serde_json::from_str(&remediation_json).expect("rendered remediation must be valid JSON");
    |             ^^^^^^^^^^^^^^^^^^^^^^^^^^^^^^^^^^^^^^^^^^^^^^^^^^^^^^^^^^^^^^^^^^^^^^^^^^^^^^^^^^^^^^^^^
    |
    = help: Tiger Style (Error Handling): propagate or handle absence explicitly instead of panicking with `unwrap` or `expect` Example: let value = maybe?;
    = note: see Tiger Style guide: Error Handling

error: `.expect()` in production code will panic on failure
   --> src/errors.rs:109:9
    |
109 |         serde_json::to_string(&value).expect("error envelope must serialize")
    |         ^^^^^^^^^^^^^^^^^^^^^^^^^^^^^^^^^^^^^^^^^^^^^^^^^^^^^^^^^^^^^^^^^^^^^
    |
    = help: Tiger Style (Error Handling): propagate or handle absence explicitly instead of panicking with `unwrap` or `expect` Example: let value = maybe?;
    = note: see Tiger Style guide: Error Handling

error: implicit default on external type — construct with explicit values
  --> src/operator_contract.rs:72:5
   |
72 | /     #[serde(default)]
73 | |     pub compatibility_spellings: Vec<String>,
   | |____________________________________________^
   |
   = help: Tiger Style (Explicit Defaults): construct foreign-crate values explicitly instead of relying on `Default` Example: let client = reqwest::ClientBuilder::new();
   = note: see Tiger Style guide: Explicit Defaults
   = note: `-D tigerstyle::explicit-defaults` implied by `-D explicit-defaults`
   = help: to override `-D explicit-defaults` add `#[allow(tigerstyle::explicit_defaults)]`

error: implicit default on external type — construct with explicit values
  --> src/operator_contract.rs:76:5
   |
76 | /     #[serde(default)]
77 | |     pub supported_operations: Vec<String>,
   | |_________________________________________^
   |
   = help: Tiger Style (Explicit Defaults): construct foreign-crate values explicitly instead of relying on `Default` Example: let client = reqwest::ClientBuilder::new();
   = note: see Tiger Style guide: Explicit Defaults

error: implicit default on external type — construct with explicit values
  --> src/operator_contract.rs:82:5
   |
82 | /     #[serde(default)]
83 | |     pub flags: Vec<String>,
   | |__________________________^
   |
   = help: Tiger Style (Explicit Defaults): construct foreign-crate values explicitly instead of relying on `Default` Example: let client = reqwest::ClientBuilder::new();
   = note: see Tiger Style guide: Explicit Defaults

error: implicit default on external type — construct with explicit values
  --> src/operator_contract.rs:84:5
   |
84 | /     #[serde(default)]
85 | |     pub exit_classes: Vec<String>,
   | |_________________________________^
   |
   = help: Tiger Style (Explicit Defaults): construct foreign-crate values explicitly instead of relying on `Default` Example: let client = reqwest::ClientBuilder::new();
   = note: see Tiger Style guide: Explicit Defaults

error: implicit default on external type — construct with explicit values
   --> src/operator_contract.rs:121:5
    |
121 | /     #[serde(default)]
122 | |     pub aliases: Vec<String>,
    | |____________________________^
    |
    = help: Tiger Style (Explicit Defaults): construct foreign-crate values explicitly instead of relying on `Default` Example: let client = reqwest::ClientBuilder::new();
    = note: see Tiger Style guide: Explicit Defaults

error: implicit default on external type — construct with explicit values
   --> src/operator_contract.rs:123:5
    |
123 | /     #[serde(default)]
124 | |     pub flags: Vec<String>,
    | |__________________________^
    |
    = help: Tiger Style (Explicit Defaults): construct foreign-crate values explicitly instead of relying on `Default` Example: let client = reqwest::ClientBuilder::new();
    = note: see Tiger Style guide: Explicit Defaults

error: boolean binding `blocker_required` should have a predicate prefix
   --> src/operator_contract.rs:218:13
    |
218 |         let blocker_required = matches!(profile.darwin_support, DarwinSupport::Mixed | DarwinSupport::Unsupported);
    |             ^^^^^^^^^^^^^^^^
    |
    = help: Tiger Style (Positive Predicates): name booleans as predicates so call sites read like questions Example: let is_ready = status == Ready;
    = note: structured suggestion applicability: MaybeIncorrect
    = note: see Tiger Style guide: Positive Predicates
    = note: `-D tigerstyle::bool-naming` implied by `-D bool-naming`
    = help: to override `-D bool-naming` add `#[allow(tigerstyle::bool_naming)]`
help: rename binding to `is_blocker_required`
    |
218 |         let is_blocker_required = matches!(profile.darwin_support, DarwinSupport::Mixed | DarwinSupport::Unsupported);
    |             +++

error: 2 consecutive `&str` parameters are easy to swap by accident
   --> src/operator_contract.rs:297:1
    |
297 | / fn validate_text(field: &'static str, value: &str) -> Result<(), ContractError> {
298 | |     if value.trim().is_empty() {
299 | |         return Err(ContractError::new("empty-field", field));
...   |
307 | |     Ok(())
308 | | }
    | |_^
    |
    = help: Tiger Style (Explicit Interfaces): replace same-type parameter clusters with named fields or an options struct Example: fn connect(opts: ConnectOptions) -> ...
    = note: see Tiger Style guide: Explicit Interfaces
    = note: `-D tigerstyle::ambiguous-params` implied by `-D ambiguous-params`
    = help: to override `-D ambiguous-params` add `#[allow(tigerstyle::ambiguous_params)]`

error: 2 consecutive `&str` parameters are easy to swap by accident
   --> src/operator_contract.rs:310:1
    |
310 | / fn validate_sorted_unique(class: &'static str, canonical: &str, values: &[String]) -> Result<(), ContractError> {
311 | |     for pair in values.windows(2) {
312 | |         if pair[0] >= pair[1] {
313 | |             return Err(ContractError::new(class, canonical.to_string()));
...   |
316 | |     Ok(())
317 | | }
    | |_^
    |
    = help: Tiger Style (Explicit Interfaces): replace same-type parameter clusters with named fields or an options struct Example: fn connect(opts: ConnectOptions) -> ...
    = note: see Tiger Style guide: Explicit Interfaces

error: 2 consecutive `&str` parameters are easy to swap by accident
   --> src/operator_contract.rs:319:1
    |
319 | / fn insert_spelling(
320 | |     spellings: &mut BTreeMap<String, String>,
321 | |     spelling: &str,
322 | |     canonical: &str,
...   |
331 | |     Ok(())
332 | | }
    | |_^
    |
    = help: Tiger Style (Explicit Interfaces): replace same-type parameter clusters with named fields or an options struct Example: fn connect(opts: ConnectOptions) -> ...
    = note: see Tiger Style guide: Explicit Interfaces

error: extreme sentinel fallback masks absence or failure
   --> src/protected_exec.rs:571:26
    |
571 |         assert!(count <= usize::try_from(MAX_SEED_EXECUTABLES).unwrap_or(usize::MAX));
    |                          ^^^^^^^^^^^^^^^^^^^^^^^^^^^^^^^^^^^^^^^^^^^^^^^^^^^^^^^^^^^
    |
    = help: Tiger Style (safety): branch explicitly, propagate the missing/error state, or emit tagged fallback text instead of <int>::MAX/<int>::MIN. Example: match u64::try_from(command_index) { Ok(i) => format!("recent_{i}"), Err(_) => "recent_missing_index".to_string() }
    = note: see Tiger Style guide: make invalid state explicit
    = note: `-D tigerstyle::sentinel-fallback` implied by `-D sentinel-fallback`
    = help: to override `-D sentinel-fallback` add `#[allow(tigerstyle::sentinel_fallback)]`

error: extreme sentinel fallback masks absence or failure
   --> src/protected_exec.rs:611:24
    |
611 |                 limit: u32::try_from(PLANNED_PRODUCED_ROOT_COUNT_MAX).unwrap_or(u32::MAX),
    |                        ^^^^^^^^^^^^^^^^^^^^^^^^^^^^^^^^^^^^^^^^^^^^^^^^^^^^^^^^^^^^^^^^^^
    |
    = help: Tiger Style (safety): branch explicitly, propagate the missing/error state, or emit tagged fallback text instead of <int>::MAX/<int>::MIN. Example: match u64::try_from(command_index) { Ok(i) => format!("recent_{i}"), Err(_) => "recent_missing_index".to_string() }
    = note: see Tiger Style guide: make invalid state explicit

error: unprotected unsigned addition may overflow
   --> src/protected_exec.rs:728:32
    |
728 |         assert_eq!(next_count, count + 1);
    |                                ^^^^^^^^^
    |
    = help: Tiger Style (Overflow Protection): use checked or saturating arithmetic when overflow would change behavior Example: let total = a.checked_add(b)?;
    = note: structured suggestion applicability: MaybeIncorrect
    = note: see Tiger Style guide: Overflow Protection
    = note: `-D tigerstyle::raw-arithmetic-overflow` implied by `-D raw-arithmetic-overflow`
    = help: to override `-D raw-arithmetic-overflow` add `#[allow(tigerstyle::raw_arithmetic_overflow)]`
help: replace with saturating addition
    |
728 -         assert_eq!(next_count, count + 1);
728 +         assert_eq!(next_count, (count).saturating_add(1));
    |

error: boolean binding `producer_allowed` should have a predicate prefix
   --> src/protected_exec.rs:741:13
    |
741 |         let producer_allowed = self
    |             ^^^^^^^^^^^^^^^^
    |
    = help: Tiger Style (Positive Predicates): name booleans as predicates so call sites read like questions Example: let is_ready = status == Ready;
    = note: structured suggestion applicability: MaybeIncorrect
    = note: see Tiger Style guide: Positive Predicates
help: rename binding to `is_producer_allowed`
    |
741 |         let is_producer_allowed = self
    |             +++

error: boolean binding `path_valid` should have a predicate prefix
   --> src/protected_exec.rs:745:13
    |
745 |         let path_valid = root.root.is_absolute()
    |             ^^^^^^^^^^
    |
    = help: Tiger Style (Positive Predicates): name booleans as predicates so call sites read like questions Example: let is_ready = status == Ready;
    = note: structured suggestion applicability: MaybeIncorrect
    = note: see Tiger Style guide: Positive Predicates
help: rename binding to `is_path_valid`
    |
745 |         let is_path_valid = root.root.is_absolute()
    |             +++

error: `usize` in public API — use `u32` or `u64` for cross-platform consistency
   --> src/protected_exec_seccomp.rs:152:9
    |
152 | /         pub fn wait_for_audit_quiescence(&self) -> Result<usize, ProtectedSeccompError> {
153 | |             wait_for_audit_quiescence(&self.audit_events)
154 | |         }
    | |_________^
    |
    = help: Tiger Style (Cross-Platform APIs): use fixed-width integers at API boundaries instead of `usize` or `isize` Example: pub fn get(index: u32) -> Option<&Item>
    = note: see Tiger Style guide: Explicit Types
    = note: `-D tigerstyle::usize-in-public-api` implied by `-D usize-in-public-api`
    = help: to override `-D usize-in-public-api` add `#[allow(tigerstyle::usize_in_public_api)]`

error: `Result` value silently discarded with `let _ = ...`
   --> src/protected_exec_seccomp.rs:527:17
    |
527 |                 let _ = send_response(listener_fd, notif.id, false);
    |                 ^^^^^^^^^^^^^^^^^^^^^^^^^^^^^^^^^^^^^^^^^^^^^^^^^^^^
    |
    = help: Tiger Style (Error Handling): handle fallible results explicitly with `?`, `match`, or an intentional logged drop Example: tx.send(msg)?;
    = note: see Tiger Style guide: Error Handling
    = note: `-D tigerstyle::ignored-result` implied by `-D ignored-result`
    = help: to override `-D ignored-result` add `#[allow(tigerstyle::ignored_result)]`

error: boolean binding `retryable` should have a predicate prefix
   --> src/protected_exec_seccomp.rs:968:17
    |
968 |             let retryable = error.raw_os_error() == Some(libc::EINTR);
    |                 ^^^^^^^^^
    |
    = help: Tiger Style (Positive Predicates): name booleans as predicates so call sites read like questions Example: let is_ready = status == Ready;
    = note: structured suggestion applicability: MaybeIncorrect
    = note: see Tiger Style guide: Positive Predicates
help: rename binding to `is_retryable`
    |
968 |             let is_retryable = error.raw_os_error() == Some(libc::EINTR);
    |                 +++

error: boolean binding `retries_remain` should have a predicate prefix
   --> src/protected_exec_seccomp.rs:969:17
    |
969 |             let retries_remain = attempt.saturating_add(1) < SEND_RESPONSE_EINTR_RETRY_COUNT_MAX;
    |                 ^^^^^^^^^^^^^^
    |
    = help: Tiger Style (Positive Predicates): name booleans as predicates so call sites read like questions Example: let is_ready = status == Ready;
    = note: structured suggestion applicability: MaybeIncorrect
    = note: see Tiger Style guide: Positive Predicates
help: rename binding to `is_retries_remain`
    |
969 |             let is_retries_remain = attempt.saturating_add(1) < SEND_RESPONSE_EINTR_RETRY_COUNT_MAX;
    |                 +++

error: could not compile `mantle` (lib) due to 36 previous errors
