waiting for another Nix process to finish fetching input 'git+file:///home/brittonr/git/OnixResearch/mantle/.pi/worktrees/repair-crunch-pipeline-tigerstyle'...
evaluating flake...
checking flake output 'packages'...
checking derivation packages.x86_64-linux.wasi-virt...
copying path '/nix/store/hhccdmpa2bhqbagn2zgmgrwjbcdinn55-source' from 'http://100.100.103.95:5000'...
warning: file 'nar/1pzq6dhayzd6kgyhjwqr1bwq468z36vp0al101havv6d0pw1fa40.nar?hash=hhccdmpa2bhqbagn2zgmgrwjbcdinn55' does not exist in binary cache 'http://100.100.103.95:5000'
waiting for another Nix process to finish fetching input 'github:ipetkov/crane/6c23998526351a53ce734f0ac84940da988ccef1?narHash=sha256-gCgX%2BAXN7K1gAIEqcLcZHxmC%2BQoZcwn9m6Z9r2Az%2BN8%3D'...
derivation evaluated to /nix/store/cacsszdc86gnw4lccv1kiwip8dljz8r9-wasi-virt-0.2.0.drv
checking derivation packages.x86_64-linux.default...
waiting for another Nix process to finish fetching input 'git+https://github.com/trailofbits/dylint?rev=0e0a71eefe6f01563d11acc6e1d7af1d505934a9&submodules=1'...
waiting for another Nix process to finish fetching input 'git+https://github.com/tvlfyi/wu-manber.git?rev=0d5b22bea136659f7de60b102a7030e0daaa503d&submodules=1'...
waiting for another Nix process to finish fetching input 'git+https://github.com/OnixResearch/nickel-export?rev=257fafc1c746f1faf156207043a4c826bfb16d49&submodules=1'...
derivation evaluated to /nix/store/pxj9lv18cdzfxhyw9x9q1yfn00904kjd-mantle-0.1.0.drv
checking derivation packages.x86_64-linux.crunch...
derivation evaluated to /nix/store/pxj9lv18cdzfxhyw9x9q1yfn00904kjd-mantle-0.1.0.drv
checking derivation packages.x86_64-linux.ast-grep-toolchain...
derivation evaluated to /nix/store/hwz43xm09gs5v38a4pfyc2dhs5n9h1pj-mantle-ast-grep-toolchain-0.42.1.drv
checking derivation packages.x86_64-linux.ast-grep-package-identity...
derivation evaluated to /nix/store/6f1xqfw3dc0hca3x412qqcgb4cca9d99-mantle-ast-grep-package-identity-smoke.drv
checking derivation packages.x86_64-linux.wasm-component-toolchain...
derivation evaluated to /nix/store/skwkzzc8khiw49fjp2l73d5m4x4m88y6-mantle-wasm-component-toolchain-v1.drv
checking derivation packages.x86_64-linux.wasm-component-toolchain-identity...
derivation evaluated to /nix/store/nrf64w472p89kb8q03zw8wf5hx0198c0-mantle-wasm-component-toolchain-identity.drv
checking derivation packages.x86_64-linux.wasm-component-toolchain-compatibility...
derivation evaluated to /nix/store/lax220sgd6bf2raarrl38cg9clbdgspm-mantle-wasm-component-toolchain-compatibility.drv
checking derivation packages.x86_64-linux.mantle-transcript-quality...
waiting for another Nix process to finish fetching input 'git+https://seed.radicle.garden/z4Tky6zvC8w4Y6c4YBzNxVbq5n752.git?rev=606489b5f40298181214bb76bc3457b607f225d9&submodules=1'...
waiting for another Nix process to finish fetching input 'git+ssh://git@github.com/OnixResearch/onix-artifact.git?rev=c932138d880ddf4c2967f4c024b489b5c0022bf1&submodules=1'...
waiting for another Nix process to finish fetching input 'git+https://seed.radicle.garden/zqhtZvsteJhxCJE96dMAZSZ9y1PX.git?rev=b0fd0103bc9eed2c1b6d852045959462d105d8f1&submodules=1'...
derivation evaluated to /nix/store/11ivpsq2x7yh9fplikn829qyan430b3v-mantle-transcript-quality-nextest-0.1.0.drv
checking derivation packages.x86_64-linux.release-nix-witness-quality...
derivation evaluated to /nix/store/vwmwh47im8dn4g52d5prnlsy74ngp0bn-crunch-release-nix-witness-quality-nextest-0.1.0.drv
checking derivation packages.x86_64-linux.check-store-retention-policy...
derivation evaluated to /nix/store/5xc5yw2mnizcln8b4f52fmgxb861s4z7-check-store-retention-policy.drv
checking derivation packages.x86_64-linux.check-store-overlay-policy...
derivation evaluated to /nix/store/358z0ygz6qib9gpgs79sp2llm0d3q2ls-check-store-overlay-policy.drv
checking derivation packages.x86_64-linux.oci-distribution-registry...
derivation evaluated to /nix/store/7h1b5w2s2gqhb0dgmiydw4xcl2blxnnv-distribution-3.1.0.drv
checking derivation packages.x86_64-linux.rustc-wrapper...
derivation evaluated to /nix/store/ak3xb4nhp5rgx8cghm6hs4rc81fdflzy-mantle-rustc-wrapper-0.1.0.drv
checking derivation packages.x86_64-linux.kernelscript-compiler...
derivation evaluated to /nix/store/z1dps3ryzhmn8iyx6jnpfyxfqlnzqpzq-ocaml5.2.1-kernelscript-0.1.2.drv
checking derivation packages.x86_64-linux.kernelscript-core-adapter...
derivation evaluated to /nix/store/7db7px3hfdviknb56vmb2i7yd44qh51j-crunch-kernelscript-adapter-0.1.0.drv
checking derivation packages.x86_64-linux.kernelscript-production...
derivation evaluated to /nix/store/0jry6zz40ch4bl7mcvp12js9l9ljwg8s-mantle-kernelscript-production-artifacts.drv
checking derivation packages.x86_64-linux.kernelscript-production-cohort...
derivation evaluated to /nix/store/ah8a51qpkc4j0yij63iaw4zdv6cvgyij-mantle-kernelscript-production-cohort.drv
checking derivation packages.x86_64-linux.kernelscript-production-shell...
derivation evaluated to /nix/store/2q9bvnraha2vfdhwn4kyx261j38229kn-mantle-kernelscript-production.drv
checking derivation packages.x86_64-linux.kernelscript-production-runtime-check...
derivation evaluated to /nix/store/lx9zawzq99m712b7ajgvfd0dwbqlkfm9-vm-test-run-mantle-kernelscript-production-runtime.drv
checking derivation packages.x86_64-linux.spacewasm-reference-bundle...
derivation evaluated to /nix/store/58mdyyk7wnymnnd7bzfakqrpi0b1ny59-mantle-spacewasm-reference-bundle-e24cf09355a90497148eb5029fdb8e3400bd63e3.drv
checking derivation packages.x86_64-linux.spacewasm-reference-bundler...
derivation evaluated to /nix/store/5zy41qxrhp4yi8s31fnvbvw1s3aibcpw-mantle-spacewasm-reference-bundler-0.1.0.drv
checking derivation packages.x86_64-linux.spacewasm-reference-evidence...
derivation evaluated to /nix/store/imiig80j09fxg2nv2qkyrw4zzmazj9j9-spacewasm-e24cf09355a90497148eb5029fdb8e3400bd63e3-evidence.drv
checking derivation packages.x86_64-linux.spacewasm-reference-rust-toolchain...
derivation evaluated to /nix/store/ib3maa2zj4d9ikmlx4x15xaiz9vxh55r-rust-minimal-1.91.1.drv
checking flake output 'apps'...
checking app 'apps.x86_64-linux.tigerstyle'...
warning: app 'apps.x86_64-linux.tigerstyle' lacks attribute 'meta'
checking flake output 'checks'...
checking derivation checks.x86_64-linux.tigerstyle...
derivation evaluated to /nix/store/8af21i20km2l4xqhv0n4ah6xhpdhg8pk-tigerstyle-consumer-check.drv
checking derivation checks.x86_64-linux.crunch...
derivation evaluated to /nix/store/pxj9lv18cdzfxhyw9x9q1yfn00904kjd-mantle-0.1.0.drv
checking derivation checks.x86_64-linux.ast-grep-package-identity...
derivation evaluated to /nix/store/6f1xqfw3dc0hca3x412qqcgb4cca9d99-mantle-ast-grep-package-identity-smoke.drv
checking derivation checks.x86_64-linux.wasm-component-toolchain-identity...
derivation evaluated to /nix/store/nrf64w472p89kb8q03zw8wf5hx0198c0-mantle-wasm-component-toolchain-identity.drv
checking derivation checks.x86_64-linux.wasm-component-toolchain-compatibility...
derivation evaluated to /nix/store/lax220sgd6bf2raarrl38cg9clbdgspm-mantle-wasm-component-toolchain-compatibility.drv
checking derivation checks.x86_64-linux.mantle-transcript-quality...
derivation evaluated to /nix/store/11ivpsq2x7yh9fplikn829qyan430b3v-mantle-transcript-quality-nextest-0.1.0.drv
checking derivation checks.x86_64-linux.release-nix-witness-quality...
derivation evaluated to /nix/store/vwmwh47im8dn4g52d5prnlsy74ngp0bn-crunch-release-nix-witness-quality-nextest-0.1.0.drv
checking derivation checks.x86_64-linux.kernelscript-production...
derivation evaluated to /nix/store/rc2d4ycxp9yp9ihii306dysbqpnjcdr5-mantle-kernelscript-production-structural-check.drv
checking derivation checks.x86_64-linux.spacewasm-reference-bundle...
derivation evaluated to /nix/store/58mdyyk7wnymnnd7bzfakqrpi0b1ny59-mantle-spacewasm-reference-bundle-e24cf09355a90497148eb5029fdb8e3400bd63e3.drv
checking derivation checks.x86_64-linux.bounded-tree-source-admission...
derivation evaluated to /nix/store/sqj6wdlyxcjnmh7i9byp170893y776jf-mantle-bounded-tree-source-admission.drv
checking derivation checks.x86_64-linux.transactional-reconciliation-source-admission...
derivation evaluated to /nix/store/fdm0bv3b0lpc7qjixc110hkzdkiz126v-mantle-transactional-reconciliation-source-admission.drv
checking derivation checks.x86_64-linux.bootstrap-blocker-inventory...
derivation evaluated to /nix/store/nlk4z4485hqnn40kydnvkwj3p73q5bla-bootstrap-blocker-inventory.drv
checking derivation checks.x86_64-linux.nickel-export-core-pin...
derivation evaluated to /nix/store/2p6b6gqm8pszxvsyvdfj7753y8vd2ynx-mantle-nickel-export-core-pin.drv
checking derivation checks.x86_64-linux.content-bound-requirement-source-closure...
derivation evaluated to /nix/store/ilwmrqxvzyk3mh7192rbf5i92lqgfj3m-mantle-content-bound-requirement-source-closure.drv
checking derivation checks.x86_64-linux.content-bound-requirement-evidence...
derivation evaluated to /nix/store/ib1nf1hwvjk6d53c2k3k1irhwd7q7dld-mantle-content-bound-requirement-evidence.drv
checking derivation checks.x86_64-linux.store-retention-policy...
derivation evaluated to /nix/store/8ialvins3xghjizsspl1rwgpn8as6hmn-mantle-store-retention-policy.drv
checking derivation checks.x86_64-linux.store-overlay-policy...
derivation evaluated to /nix/store/6g4100cz3qwmz675q19igqy2c5jazr7k-mantle-store-overlay-policy.drv
checking derivation checks.x86_64-linux.release-determinism-quality...
derivation evaluated to /nix/store/wlam8b3bxrkzam60rky69arv6kqc8lb4-crunch-release-determinism-quality-nextest-0.1.0.drv
checking derivation checks.x86_64-linux.artifact-auth-radicle-cutover...
derivation evaluated to /nix/store/xp398xv4fsfbv4k3ccrs8zfl5hrrcpcm-mantle-artifact-auth-radicle-cutover.drv
checking derivation checks.x86_64-linux.durable-file-publication-adoption...
derivation evaluated to /nix/store/hhn4n2736qyx02bizcvp3knqbvl6fi0a-mantle-durable-file-publication-adoption.drv
checking derivation checks.x86_64-linux.mantle-build-contract...
derivation evaluated to /nix/store/38sg2zyz1m000cb6lx3zsjzrkryyd5c1-mantle-test-0.1.0.drv
checking derivation checks.x86_64-linux.mantle-build-contract-wasm...
derivation evaluated to /nix/store/zdg22wdg846zz61jgv6lz08fr6q4x4s8-mantle-build-0.1.0.drv
checking derivation checks.x86_64-linux.mantle-build-contract-nickel...
derivation evaluated to /nix/store/7czzyfds49nbfjravdnj3577qii3h16n-mantle-build-contract-nickel.drv
checking derivation checks.x86_64-linux.nextest...
derivation evaluated to /nix/store/02havydbc7v83zb1bsz86qd3zbd6alxr-mantle-nextest-0.1.0.drv
checking derivation checks.x86_64-linux.clippy...
derivation evaluated to /nix/store/rlvasayi58i3k76v5g3bq8h3s5yca9r5-mantle-clippy-0.1.0.drv
checking derivation checks.x86_64-linux.fmt...
derivation evaluated to /nix/store/jmzdb8c0hdjnqa5vh900bdbmkdpwr167-mantle-fmt-0.1.0.drv
checking derivation checks.x86_64-linux.spacewasm-reference-profile...
derivation evaluated to /nix/store/l7afrlfqdkbk2kr6cc4b3cz71mfvyqgr-spacewasm-reference-profile-export.drv
checking derivation checks.x86_64-linux.spacewasm-reference-host-library...
derivation evaluated to /nix/store/w4jrclscwbypndanjqk3q80n0ms9vmq7-spacewasm-e24cf09355a90497148eb5029fdb8e3400bd63e3-host-library.drv
checking derivation checks.x86_64-linux.spacewasm-reference-wasm-library...
derivation evaluated to /nix/store/55qq4aiiy3kl1vn7m0m6bhbwkrj8viin-spacewasm-e24cf09355a90497148eb5029fdb8e3400bd63e3-wasm-library.drv
checking derivation checks.x86_64-linux.spacewasm-reference-host-runner...
derivation evaluated to /nix/store/nhq1j51vr6f2c3hyizpym9gqv7kdlyhg-spacewasm-e24cf09355a90497148eb5029fdb8e3400bd63e3-diagnostic-runner.drv
checking derivation checks.x86_64-linux.spacewasm-reference-upstream-unit-tests...
derivation evaluated to /nix/store/d32qk66pm2qmpp0dbjqsyv9v0qcyrn63-spacewasm-e24cf09355a90497148eb5029fdb8e3400bd63e3-unit-tests.drv
checking derivation checks.x86_64-linux.spacewasm-reference-spectest-address...
derivation evaluated to /nix/store/idj54q1da8w21x0c59p8ay7vxnh2gin6-spacewasm-e24cf09355a90497148eb5029fdb8e3400bd63e3-spectest-address.drv
checking derivation checks.x86_64-linux.spacewasm-reference-fixtures...
derivation evaluated to /nix/store/1i1y5ni7ivf7bnhdb2z8i0kpsbkl0x2j-spacewasm-e24cf09355a90497148eb5029fdb8e3400bd63e3-fixture-report.drv
checking derivation checks.x86_64-linux.spacewasm-reference-negative...
derivation evaluated to /nix/store/6p0ana9vradxplf1as1rb12n67am2gdr-mantle-spacewasm-reference-negative-check.drv
checking flake output 'devShells'...
checking derivation devShells.x86_64-linux.default...
waiting for another Nix process to finish fetching input 'git+ssh://git@github.com/OnixResearch/onix-artifact.git?rev=e41340bec587b6d049b5cc518ec7db925dde84be&submodules=1'...
derivation evaluated to /nix/store/36ihw433z62fxfz0c70fwpabxspk9861-nix-shell.drv
running 24 flake checks...
building '/nix/store/pxj9lv18cdzfxhyw9x9q1yfn00904kjd-mantle-0.1.0.drv' on 'ssh-ng://root@aspen1.local'...
building '/nix/store/xp398xv4fsfbv4k3ccrs8zfl5hrrcpcm-mantle-artifact-auth-radicle-cutover.drv' on 'ssh-ng://root@aspen1.local'...
building '/nix/store/sqj6wdlyxcjnmh7i9byp170893y776jf-mantle-bounded-tree-source-admission.drv' on 'ssh-ng://root@aspen1.local'...
building '/nix/store/zdg22wdg846zz61jgv6lz08fr6q4x4s8-mantle-build-0.1.0.drv' on 'ssh-ng://root@aspen1.local'...
building '/nix/store/7czzyfds49nbfjravdnj3577qii3h16n-mantle-build-contract-nickel.drv' on 'ssh-ng://root@aspen1.local'...
building '/nix/store/rlvasayi58i3k76v5g3bq8h3s5yca9r5-mantle-clippy-0.1.0.drv' on 'ssh-ng://root@aspen1.local'...
building '/nix/store/ib1nf1hwvjk6d53c2k3k1irhwd7q7dld-mantle-content-bound-requirement-evidence.drv' on 'ssh-ng://root@aspen1.local'...
building '/nix/store/ilwmrqxvzyk3mh7192rbf5i92lqgfj3m-mantle-content-bound-requirement-source-closure.drv' on 'ssh-ng://root@aspen1.local'...
building '/nix/store/hhn4n2736qyx02bizcvp3knqbvl6fi0a-mantle-durable-file-publication-adoption.drv' on 'ssh-ng://root@aspen1.local'...
building '/nix/store/jmzdb8c0hdjnqa5vh900bdbmkdpwr167-mantle-fmt-0.1.0.drv' on 'ssh-ng://root@aspen1.local'...
building '/nix/store/02havydbc7v83zb1bsz86qd3zbd6alxr-mantle-nextest-0.1.0.drv' on 'ssh-ng://root@aspen1.local'...
building '/nix/store/8ialvins3xghjizsspl1rwgpn8as6hmn-mantle-store-retention-policy.drv' on 'ssh-ng://root@aspen1.local'...
building '/nix/store/38sg2zyz1m000cb6lx3zsjzrkryyd5c1-mantle-test-0.1.0.drv' on 'ssh-ng://root@aspen1.local'...
building '/nix/store/fdm0bv3b0lpc7qjixc110hkzdkiz126v-mantle-transactional-reconciliation-source-admission.drv' on 'ssh-ng://root@aspen1.local'...
building '/nix/store/11ivpsq2x7yh9fplikn829qyan430b3v-mantle-transcript-quality-nextest-0.1.0.drv' on 'ssh-ng://root@aspen1.local'...
copying 87 paths...
copying path '/nix/store/3r2nwafkx9xha0y6xsd0w0557ba0c294-rust-src-1.96.0-nightly-2026-03-21-x86_64-unknown-linux-gnu' to 'ssh-ng://root@aspen1.local'...
copying path '/nix/store/a09v76b3128942n71iwjacy782a20fcy-clippy-preview-1.96.0-nightly-2026-03-21-x86_64-unknown-linux-gnu' to 'ssh-ng://root@aspen1.local'...
copying path '/nix/store/llk282jgbwjldijw3mvpvl1pq5gxq68s-llvm-tools-preview-1.96.0-nightly-2026-03-21-x86_64-unknown-linux-gnu' to 'ssh-ng://root@aspen1.local'...
copying path '/nix/store/m1mgcnfgl3mvafn946g33644clwqcl9d-rustc-dev-1.96.0-nightly-2026-03-21-x86_64-unknown-linux-gnu' to 'ssh-ng://root@aspen1.local'...
copying path '/nix/store/plshvwcnlnjddl772blynnnq1j8vrp6m-rust-docs-1.96.0-nightly-2026-03-21-x86_64-unknown-linux-gnu' to 'ssh-ng://root@aspen1.local'...
copying path '/nix/store/yd4r7ql7nslxd12mpq5hrndrf71c78sl-rust-std-1.96.0-nightly-2026-03-21-x86_64-unknown-linux-gnu' to 'ssh-ng://root@aspen1.local'...
copying path '/nix/store/1yvh3d6y3fj3xk2dgwczrp1dj5svd92c-rust-default-1.96.0-nightly-2026-03-21' to 'ssh-ng://root@aspen1.local'...
copying path '/nix/store/2z4h9397iqllf4vwp8mg8lgmcf0c1hd9-cargo-package-toml_writer-1.0.6+spec-1.1.0' to 'ssh-ng://root@aspen1.local'...
copying path '/nix/store/3fbffd24zq45k3g294mh599ld8sxfa3x-cargo-package-libloading-0.9.0' to 'ssh-ng://root@aspen1.local'...
copying path '/nix/store/3lxqy9xr0cd7pgzrkfhrc6mgb7p6blgk-cargo-package-zerotrie-0.2.3' to 'ssh-ng://root@aspen1.local'...
copying path '/nix/store/3vj5mzh1mkcalz4ciy8f5d8d3j5mlqz2-cargo-package-openssl-probe-0.1.6' to 'ssh-ng://root@aspen1.local'...
copying path '/nix/store/4dsch1v70h4578smi5rfarl3lg8jqni3-cargo-package-windows_x86_64_msvc-0.53.1' to 'ssh-ng://root@aspen1.local'...
copying path '/nix/store/50q86l95cfs0sn22vzz62rawib11xc3f-cargo-package-toml_parser-1.0.9+spec-1.1.0' to 'ssh-ng://root@aspen1.local'...
copying path '/nix/store/52dj0r93i8i9aswqim7jqvsg8zmqb9i4-cargo-package-idna-1.1.0' to 'ssh-ng://root@aspen1.local'...
copying path '/nix/store/57mn861izcsqq3cwa9xpqsz962l76dyp-cargo-package-smallvec-1.15.1' to 'ssh-ng://root@aspen1.local'...
copying path '/nix/store/5byifq7idwyxq5fql6c967jhn37mzslb-cargo-package-regex-automata-0.4.13' to 'ssh-ng://root@aspen1.local'...
copying path '/nix/store/6jy9vzq2sv9syvpd3b7inyh48bhckznw-cargo-package-toml_datetime-1.0.0+spec-1.1.0' to 'ssh-ng://root@aspen1.local'...
copying path '/nix/store/73c66vx70zk7xfwh1rjszhm12k513w4h-cargo-package-git2-0.20.4' to 'ssh-ng://root@aspen1.local'...
copying path '/nix/store/764w240r2kyrap6b0d06iwxqkhbrv7m3-cargo-package-zmij-1.0.16' to 'ssh-ng://root@aspen1.local'...
copying path '/nix/store/7aq5iry1xk0p8abycz72lki1nffcmwkv-cargo-package-zerovec-derive-0.11.2' to 'ssh-ng://root@aspen1.local'...
copying path '/nix/store/7g9v9ca5rpwqzk5dwygc985sh015vp39-cargo-package-socket2-0.6.2' to 'ssh-ng://root@aspen1.local'...
copying path '/nix/store/7vi44d685xv5jdfaalvyzmka3zvn8j8n-cargo-package-windows_x86_64_gnullvm-0.53.1' to 'ssh-ng://root@aspen1.local'...
copying path '/nix/store/9rhj3b7s4l68lqzszn9fqp2xg3vwllzs-cargo-package-stable_deref_trait-1.2.1' to 'ssh-ng://root@aspen1.local'...
copying path '/nix/store/a10dzki0qgr2w06zd0c2dp1rirpr7vsb-cargo-package-percent-encoding-2.3.2' to 'ssh-ng://root@aspen1.local'...
copying path '/nix/store/am1kyrc1hjjsa5xgklwzvfxiqzbgyf17-cargo-package-cargo-platform-0.3.2' to 'ssh-ng://root@aspen1.local'...
copying path '/nix/store/aw83v4g5xvvqql9gcx9ji46yv8r6z5rw-cargo-package-windows_aarch64_msvc-0.53.1' to 'ssh-ng://root@aspen1.local'...
copying path '/nix/store/bni8nfh0w9cgfvgf4gp00iflb2ds02j9-cargo-package-toml-1.0.6+spec-1.1.0' to 'ssh-ng://root@aspen1.local'...
copying path '/nix/store/bwvqbq1cd7af8capmslww7l1lvb7hiyl-cargo-package-zerofrom-derive-0.1.6' to 'ssh-ng://root@aspen1.local'...
copying path '/nix/store/c71m9bp4lalhfxcxz91dsmyhl6b01wxd-cargo-package-icu_locale_core-2.1.1' to 'ssh-ng://root@aspen1.local'...
copying path '/nix/store/cds3arvbayy3v523xfy9bam58rs80pr8-cargo-package-schannel-0.1.28' to 'ssh-ng://root@aspen1.local'...
copying path '/nix/store/cqjzbl5ppky1w0iykaamvjrnav7ksznb-cargo-package-icu_properties_data-2.1.2' to 'ssh-ng://root@aspen1.local'...
copying path '/nix/store/cs5a8n58d7xpbg5pyn2nwgbx978l9lf7-cargo-package-icu_normalizer_data-2.1.1' to 'ssh-ng://root@aspen1.local'...
copying path '/nix/store/cwd9gymyrjs1267wlmp4i9iyhk7qmbj1-cargo-package-vcpkg-0.2.15' to 'ssh-ng://root@aspen1.local'...
copying path '/nix/store/d25clqc3cvld132xb4y9a0dg43qjgam2-cargo-package-rustc_version-0.4.1' to 'ssh-ng://root@aspen1.local'...
copying path '/nix/store/d8y3g7jai2amnwqyad0my4lkxnm6bzc9-cargo-package-utf8_iter-1.0.4' to 'ssh-ng://root@aspen1.local'...
copying path '/nix/store/dxxsh5cdp07f1r56cihagch2xjbiibg4-cargo-package-windows_x86_64_gnu-0.53.1' to 'ssh-ng://root@aspen1.local'...
copying path '/nix/store/dygf90gqwc0h87z3z1d283rv1yw8g527-cargo-package-toml_edit-0.25.4+spec-1.1.0' to 'ssh-ng://root@aspen1.local'...
copying path '/nix/store/fdw7nplg4w0fbnysgq2rzpvigiip59s5-cargo-package-icu_normalizer-2.1.1' to 'ssh-ng://root@aspen1.local'...
copying path '/nix/store/ffnq9k71x1ril29vq1csj9xrmj3rvsl5-cargo-package-windows-sys-0.60.2' to 'ssh-ng://root@aspen1.local'...
copying path '/nix/store/fmyw0wqsiig5mqnv7mybdzgi7hfrlhg2-cargo-package-curl-sys-0.4.85+curl-8.18.0' to 'ssh-ng://root@aspen1.local'...
copying path '/nix/store/gikc3j23f20cpvclsn871n6sxcnysiwn-cargo-package-url-2.5.8' to 'ssh-ng://root@aspen1.local'...
copying path '/nix/store/gilk737v176alwf6w8f0xhrdr3jb3ig3-cargo-package-windows_aarch64_gnullvm-0.53.1' to 'ssh-ng://root@aspen1.local'...
copying path '/nix/store/if5j5bw0fqjcvilyjyxpdhxwia93cpan-cargo-package-cc-1.2.57' to 'ssh-ng://root@aspen1.local'...
copying path '/nix/store/iqlb1sas0bv046lipj4x0bj3rq8h6ww8-cargo-package-serde_spanned-1.0.4' to 'ssh-ng://root@aspen1.local'...
copying path '/nix/store/ivirikhjnfcqm3pkzr313w6blrimy41y-cargo-package-memchr-2.7.6' to 'ssh-ng://root@aspen1.local'...
copying path '/nix/store/j0i46qpsaqxiv8g5kw9xzky16sibxhw4-cargo-package-unicode-ident-1.0.22' to 'ssh-ng://root@aspen1.local'...
copying path '/nix/store/jpzzvj1vy7ji34jakvsn9mriv7n5wl15-cargo-package-icu_collections-2.1.1' to 'ssh-ng://root@aspen1.local'...
copying path '/nix/store/k6mx8nz876kkhl1plxc4hscfyp8mw0iw-cargo-package-icu_provider-2.1.1' to 'ssh-ng://root@aspen1.local'...
copying path '/nix/store/kxhdl1rdwnjirhqcfvnp30iaqp1jdppd-cargo-package-yoke-derive-0.8.1' to 'ssh-ng://root@aspen1.local'...
copying path '/nix/store/ldcnr5anx40xkl1w71lyr981kis3kfhb-cargo-package-openssl-sys-0.9.111' to 'ssh-ng://root@aspen1.local'...
copying path '/nix/store/mfbsl5miw5xa28rzw0bqkgbw4m7jsncb-cargo-package-camino-1.2.2' to 'ssh-ng://root@aspen1.local'...
copying path '/nix/store/mh4f745yig8946s9gk42rrgdaknr08sz-cargo-package-synstructure-0.13.2' to 'ssh-ng://root@aspen1.local'...
copying path '/nix/store/nddscgp9svq8mcqbq96gfz5k45fmmq8a-cargo-package-libssh2-sys-0.3.1' to 'ssh-ng://root@aspen1.local'...
copying path '/nix/store/nid3766j73ay6ljxr2dw9g0clpddkaz7-cargo-package-libgit2-sys-0.18.3+1.9.2' to 'ssh-ng://root@aspen1.local'...
copying path '/nix/store/pnnvr987libgcwp8ch62xrrfjrq7rpbn-cargo-package-libz-sys-1.1.23' to 'ssh-ng://root@aspen1.local'...
copying path '/nix/store/pwrnl39l859rrhgp5y5iv1l3vprb7fpb-cargo-package-windows_i686_gnullvm-0.53.1' to 'ssh-ng://root@aspen1.local'...
copying path '/nix/store/q86cgsl8rkn87qf8iq9s02bg8jsblm1w-cargo-package-idna_adapter-1.2.1' to 'ssh-ng://root@aspen1.local'...
copying path '/nix/store/qg8f4jh4pgv634qm55qydb95vzds9qv0-cargo-package-yoke-0.8.1' to 'ssh-ng://root@aspen1.local'...
copying path '/nix/store/r0xa5hpi49q4vgdr1yfcpmm0xm0v48fa-cargo-package-potential_utf-0.1.4' to 'ssh-ng://root@aspen1.local'...
copying path '/nix/store/r12fbn58652chmjil7dk15nv62cjldlj-cargo-package-windows_i686_gnu-0.53.1' to 'ssh-ng://root@aspen1.local'...
copying path '/nix/store/r3s85kp9h0kbg1g1dv9j0nprqqkj9223-cargo-package-r-efi-5.3.0' to 'ssh-ng://root@aspen1.local'...
copying path '/nix/store/ra9v5vmfcyj3sl85dhfgac1fvkdqsjv2-cargo-package-tinystr-0.8.2' to 'ssh-ng://root@aspen1.local'...
copying path '/nix/store/vapb09r1qp7y92ycg45gddlcd7wbb1cs-cargo-package-litemap-0.8.1' to 'ssh-ng://root@aspen1.local'...
copying path '/nix/store/vls739m03qlp4fmn44hqyykzabgr7vjd-cargo-package-icu_properties-2.1.2' to 'ssh-ng://root@aspen1.local'...
copying path '/nix/store/vpz19iqmsmvb29n04vm4p639mdgz6p25-cargo-package-regex-syntax-0.8.8' to 'ssh-ng://root@aspen1.local'...
copying path '/nix/store/vpzaq6v3z1x5c9kscrccd725aackryy0-cargo-package-form_urlencoded-1.2.2' to 'ssh-ng://root@aspen1.local'...
copying path '/nix/store/vxf9ianrjsm894x0i54kyas2csjrqqsm-cargo-package-getrandom-0.3.4' to 'ssh-ng://root@aspen1.local'...
copying path '/nix/store/w3aqq7lvr87k78ds6caj1v3bnqjjmw97-cargo-package-displaydoc-0.2.5' to 'ssh-ng://root@aspen1.local'...
copying path '/nix/store/w65fr7p7cx3v1cddvq257msfix3hdawx-cargo-package-curl-0.4.49' to 'ssh-ng://root@aspen1.local'...
copying path '/nix/store/ws4xwcx5wi5mjgrmds0iqw9zznn72mcw-cargo-package-windows-targets-0.53.5' to 'ssh-ng://root@aspen1.local'...
copying path '/nix/store/wss1d2lnfixdq42fs9igqy5a7jbw6bmy-cargo-package-pkg-config-0.3.32' to 'ssh-ng://root@aspen1.local'...
copying path '/nix/store/xs9g95yypp08hp41p75rkgcppyi7ka24-cargo-package-zerofrom-0.1.6' to 'ssh-ng://root@aspen1.local'...
copying path '/nix/store/yr4pz7jdsh607fhh167lrqrhmn6r8k3k-cargo-package-winnow-0.7.14' to 'ssh-ng://root@aspen1.local'...
copying path '/nix/store/zjkgw28vcfhhag4d8fah55qv5m1vphs0-cargo-package-writeable-0.6.2' to 'ssh-ng://root@aspen1.local'...
copying path '/nix/store/pccsm1wc9ryrshmvp1r47lcl2gwbvnp3-vendor-registry' to 'ssh-ng://root@aspen1.local'...
copying path '/nix/store/2kp7vvan00f54lf64xcv9h4p0pk9zirp-vendor-cargo-deps' to 'ssh-ng://root@aspen1.local'...
copying path '/nix/store/6m81rjbw52cpcq9apaivkjp1ddfb1kdy-cargo-octet-0.1.0' to 'ssh-ng://root@aspen1.local'...
copying path '/nix/store/pksglsjmbq10ils3p9sxs60sh3l7ahn2-rustup' to 'ssh-ng://root@aspen1.local'...
copying path '/nix/store/psn0v6x3wj3h2vgyi2s2x7rjpzlb5zrr-cargo' to 'ssh-ng://root@aspen1.local'...
copying path '/nix/store/rb8la66bp5kygvxgqfyw26p12qvvwl4i-octet-verus' to 'ssh-ng://root@aspen1.local'...
copying path '/nix/store/arsdclqr5dk7qd51ap89p50mvq4pc8bz-cargo-octet-runtime-path' to 'ssh-ng://root@aspen1.local'...
copying path '/nix/store/v685hxclxij36n3bcgal3xpv64q4bkqv-dylint-driver-5.0.0' to 'ssh-ng://root@aspen1.local'...
copying path '/nix/store/q1ch4lshmg6g7nyk6ybsndg6v0jzpgz5-octet-0.1.0' to 'ssh-ng://root@aspen1.local'...
copying path '/nix/store/wrnlj1dqpfbv6shvdxjnzw5jrf751yi3-octet-ui-library' to 'ssh-ng://root@aspen1.local'...
copying path '/nix/store/33wkvdjgdpjkmhk777yyszxh7aqvx7r9-cargo-octet-0.1.0' to 'ssh-ng://root@aspen1.local'...
copying path '/nix/store/550v6iyx990319rimf1iyy0x10r9ssfm-source' to 'ssh-ng://root@aspen1.local'...
building '/nix/store/8af21i20km2l4xqhv0n4ah6xhpdhg8pk-tigerstyle-consumer-check.drv' on 'ssh-ng://root@aspen1.local'...
building '/nix/store/wlam8b3bxrkzam60rky69arv6kqc8lb4-crunch-release-determinism-quality-nextest-0.1.0.drv'...
building '/nix/store/vwmwh47im8dn4g52d5prnlsy74ngp0bn-crunch-release-nix-witness-quality-nextest-0.1.0.drv'...
crunch-release-determinism-quality-nextest> Running phase: unpackPhase
crunch-release-determinism-quality-nextest> unpacking source archive /nix/store/550v6iyx990319rimf1iyy0x10r9ssfm-source
crunch-release-nix-witness-quality-nextest> Running phase: unpackPhase
crunch-release-nix-witness-quality-nextest> unpacking source archive /nix/store/550v6iyx990319rimf1iyy0x10r9ssfm-source
crunch-release-determinism-quality-nextest> source root is source
crunch-release-nix-witness-quality-nextest> source root is source
copying path '/nix/store/vp6wiz8hv30jr5q8gjqivg11h4pfpm64-mantle-wasm-component-toolchain-v1' to 'ssh-ng://root@aspen1.local'...
crunch-release-determinism-quality-nextest> Running phase: patchPhase
crunch-release-determinism-quality-nextest> Executing configureCargoCommonVars
crunch-release-determinism-quality-nextest> decompressing cargo artifacts from /nix/store/1s2zqd32p6kphd7dxf7iqf919jd8gsfm-mantle-deps-0.1.0/target.tar.zst to target
crunch-release-nix-witness-quality-nextest> Running phase: patchPhase
crunch-release-nix-witness-quality-nextest> Executing configureCargoCommonVars
crunch-release-nix-witness-quality-nextest> decompressing cargo artifacts from /nix/store/1s2zqd32p6kphd7dxf7iqf919jd8gsfm-mantle-deps-0.1.0/target.tar.zst to target
error: hash mismatch importing path '/nix/store/3r2nwafkx9xha0y6xsd0w0557ba0c294-rust-src-1.96.0-nightly-2026-03-21-x86_64-unknown-linux-gnu';
         specified: sha256-q/gu/3mAuLgNfJlxV/Sw1jttbi4PIBjN+XH0bGmB5NQ=
         got:       sha256-WTRv7eyiu+VOfb8+90cALNJrUa3uLwRFIaeEr+tAIjQ=
warning: killing stray builder process 2769796 ()...
warning: killing stray builder process 2769794 ()...
warning: killing stray builder process 2769905 ()...
warning: killing stray builder process 2769933 ()...
error: failed to build attribute 'checks.x86_64-linux.crunch', build of '/nix/store/pxj9lv18cdzfxhyw9x9q1yfn00904kjd-mantle-0.1.0.drv^*' failed: Cannot build '/nix/store/pxj9lv18cdzfxhyw9x9q1yfn00904kjd-mantle-0.1.0.drv'.
       Reason: builder failed with exit code 1.
       Output paths:
         /nix/store/xknyfknmfizxglj2b1rgynn5j6ggafqi-mantle-0.1.0
