waiting for another Nix process to finish fetching input 'git+file:///home/brittonr/git/OnixResearch/mantle/.pi/worktrees/repair-crunch-pipeline-tigerstyle'...
warning: /home/brittonr/git/OnixResearch/mantle/.pi/worktrees/repair-crunch-pipeline-tigerstyle/Cargo.toml: file `/home/brittonr/git/OnixResearch/mantle/.pi/worktrees/repair-crunch-pipeline-tigerstyle/src/main.rs` found to be present in multiple build targets:
  * `bin` target `crunch`
  * `bin` target `mantle`
    Checking crunch-attestation-core v0.1.0 (/home/brittonr/git/OnixResearch/mantle/.pi/worktrees/repair-crunch-pipeline-tigerstyle/crates/crunch-attestation-core)
    Checking snix-tracing v0.1.0 (/home/brittonr/git/OnixResearch/mantle/.pi/worktrees/repair-crunch-pipeline-tigerstyle/vendor/snix-tracing)
    Checking nix-compat v0.1.0 (/home/brittonr/git/OnixResearch/mantle/.pi/worktrees/repair-crunch-pipeline-tigerstyle/vendor/nix-compat)
    Checking fuse-backend-rs v0.12.0 (/home/brittonr/git/OnixResearch/mantle/.pi/worktrees/repair-crunch-pipeline-tigerstyle/vendor/fuse-backend-rs)
    Checking crunch-action-result-core v0.1.0 (/home/brittonr/git/OnixResearch/mantle/.pi/worktrees/repair-crunch-pipeline-tigerstyle/crates/crunch-action-result-core)
    Checking crunch-overlay-core v0.1.0 (/home/brittonr/git/OnixResearch/mantle/.pi/worktrees/repair-crunch-pipeline-tigerstyle/crates/crunch-overlay-core)
    Checking crunch-repair-core v0.1.0 (/home/brittonr/git/OnixResearch/mantle/.pi/worktrees/repair-crunch-pipeline-tigerstyle/crates/crunch-repair-core)
    Checking crunch-gc-core v0.1.0 (/home/brittonr/git/OnixResearch/mantle/.pi/worktrees/repair-crunch-pipeline-tigerstyle/crates/crunch-gc-core)
    Checking crunch-composition-core v0.1.0 (/home/brittonr/git/OnixResearch/mantle/.pi/worktrees/repair-crunch-pipeline-tigerstyle/crates/crunch-composition-core)
    Checking crunch-rust-cache-core v0.1.0 (/home/brittonr/git/OnixResearch/mantle/.pi/worktrees/repair-crunch-pipeline-tigerstyle/crates/crunch-rust-cache-core)
    Checking crunch-eval v0.1.0 (/home/brittonr/git/OnixResearch/mantle/.pi/worktrees/repair-crunch-pipeline-tigerstyle/crates/crunch-eval)
    Checking crunch-evaluation-stream-core v0.1.0 (/home/brittonr/git/OnixResearch/mantle/.pi/worktrees/repair-crunch-pipeline-tigerstyle/crates/crunch-evaluation-stream-core)
    Checking crunch-wasm-component-core v0.1.0 (/home/brittonr/git/OnixResearch/mantle/.pi/worktrees/repair-crunch-pipeline-tigerstyle/crates/crunch-wasm-component-core)
    Checking crunch-shell-core v0.1.0 (/home/brittonr/git/OnixResearch/mantle/.pi/worktrees/repair-crunch-pipeline-tigerstyle/crates/crunch-shell-core)
    Checking crunch-delta-core v0.1.0 (/home/brittonr/git/OnixResearch/mantle/.pi/worktrees/repair-crunch-pipeline-tigerstyle/crates/crunch-delta-core)
    Checking crunch-release-core v0.1.0 (/home/brittonr/git/OnixResearch/mantle/.pi/worktrees/repair-crunch-pipeline-tigerstyle/crates/crunch-release-core)
    Checking crunch-bootstrap-core v0.1.0 (/home/brittonr/git/OnixResearch/mantle/.pi/worktrees/repair-crunch-pipeline-tigerstyle/crates/crunch-bootstrap-core)
    Checking crunch-eval-budget-core v0.1.0 (/home/brittonr/git/OnixResearch/mantle/.pi/worktrees/repair-crunch-pipeline-tigerstyle/crates/crunch-eval-budget-core)
    Checking mantlepkgs-core v0.1.0 (/home/brittonr/git/OnixResearch/mantle/.pi/worktrees/repair-crunch-pipeline-tigerstyle/crates/mantlepkgs-core)
    Checking mantle-portable-client-core v0.1.0 (/home/brittonr/git/OnixResearch/mantle/.pi/worktrees/repair-crunch-pipeline-tigerstyle/crates/mantle-portable-client-core)
    Checking crunch-hardware-simulation-core v0.1.0 (/home/brittonr/git/OnixResearch/mantle/.pi/worktrees/repair-crunch-pipeline-tigerstyle/crates/crunch-hardware-simulation-core)
    Checking crunch-kernelscript-core v0.1.0 (/home/brittonr/git/OnixResearch/mantle/.pi/worktrees/repair-crunch-pipeline-tigerstyle/crates/crunch-kernelscript-core)
    Checking crunch-shell v0.1.0 (/home/brittonr/git/OnixResearch/mantle/.pi/worktrees/repair-crunch-pipeline-tigerstyle/crates/crunch-shell)
    Checking crunch-attestation v0.1.0 (/home/brittonr/git/OnixResearch/mantle/.pi/worktrees/repair-crunch-pipeline-tigerstyle/crates/crunch-attestation)
    Checking crunch-project-core v0.1.0 (/home/brittonr/git/OnixResearch/mantle/.pi/worktrees/repair-crunch-pipeline-tigerstyle/crates/crunch-project-core)
    Checking snix-castore v0.1.0 (/home/brittonr/git/OnixResearch/mantle/.pi/worktrees/repair-crunch-pipeline-tigerstyle/vendor/snix-castore)
    Checking crunch-hardware-simulation v0.1.0 (/home/brittonr/git/OnixResearch/mantle/.pi/worktrees/repair-crunch-pipeline-tigerstyle/crates/crunch-hardware-simulation)
    Checking crunch-nar v0.1.0 (/home/brittonr/git/OnixResearch/mantle/.pi/worktrees/repair-crunch-pipeline-tigerstyle/crates/crunch-nar)
    Checking crunch-glue v0.1.0 (/home/brittonr/git/OnixResearch/mantle/.pi/worktrees/repair-crunch-pipeline-tigerstyle/crates/crunch-glue)
    Checking crunch-wasm-component v0.1.0 (/home/brittonr/git/OnixResearch/mantle/.pi/worktrees/repair-crunch-pipeline-tigerstyle/crates/crunch-wasm-component)
    Checking crunch-project v0.1.0 (/home/brittonr/git/OnixResearch/mantle/.pi/worktrees/repair-crunch-pipeline-tigerstyle/crates/crunch-project)
    Checking snix-build v0.1.0 (/home/brittonr/git/OnixResearch/mantle/.pi/worktrees/repair-crunch-pipeline-tigerstyle/vendor/snix-build)
    Checking snix-store v0.1.0 (/home/brittonr/git/OnixResearch/mantle/.pi/worktrees/repair-crunch-pipeline-tigerstyle/vendor/snix-store)
    Checking crunch-store v0.1.0 (/home/brittonr/git/OnixResearch/mantle/.pi/worktrees/repair-crunch-pipeline-tigerstyle/crates/crunch-store)
    Checking crunch-rust-cache v0.1.0 (/home/brittonr/git/OnixResearch/mantle/.pi/worktrees/repair-crunch-pipeline-tigerstyle/crates/crunch-rust-cache)
    Checking crunch-build v0.1.0 (/home/brittonr/git/OnixResearch/mantle/.pi/worktrees/repair-crunch-pipeline-tigerstyle/crates/crunch-build)
    Checking crunch-delta v0.1.0 (/home/brittonr/git/OnixResearch/mantle/.pi/worktrees/repair-crunch-pipeline-tigerstyle/crates/crunch-delta)
    Checking crunch-rustc-wrapper v0.1.0 (/home/brittonr/git/OnixResearch/mantle/.pi/worktrees/repair-crunch-pipeline-tigerstyle/crates/crunch-rustc-wrapper)
    Checking crunch-pipeline v0.1.0 (/home/brittonr/git/OnixResearch/mantle/.pi/worktrees/repair-crunch-pipeline-tigerstyle/crates/crunch-pipeline)
    Checking mantle v0.1.0 (/home/brittonr/git/OnixResearch/mantle/.pi/worktrees/repair-crunch-pipeline-tigerstyle)
    Finished `dev` profile [unoptimized + debuginfo] target(s) in 1m 05s
