mantle-runtime-fingerprint {"schema":"mantle-runtime-fingerprint-v1","mantle_version":"0.1.0","command":"self-build","logical_store_prefix":"/mantle/store","physical_store_dir":"/nix/store","state_dir":"/home/brittonr/.local/state/crunch","json_mode":false,"verbosity_source":"verbose-flag","diagnostic_scope":"selected-runtime-context-only","hermeticity_mode":"strict","substitution_mode":"disabled","substituter_count":0,"signing_key_selected":false,"trusted_public_key_count":0,"trust_unsigned":false}
Generated signing key: crunch-leviathan-1 (/home/brittonr/mantle-runs/receipt-fix-v31/.source-built-fixed-point-v93-bound-linker-20260831.source-built-fixed-point-staging-3412854/native-state/signing-key)
[2m2026-08-31T16:25:26.017541Z[0m [32m INFO[0m [2mcrunch_store::handle[0m[2m:[0m blob service opened [3mpath[0m[2m=[0m/home/brittonr/mantle-runs/receipt-fix-v31/.source-built-fixed-point-v93-bound-linker-20260831.source-built-fixed-point-staging-3412854/native-state/blobs
[2m2026-08-31T16:25:26.017929Z[0m [32m INFO[0m [2mredb::db[0m[2m:[0m Opening database "FileBackend { lock_supported: true, file: File { fd: 13, path: \"/home/brittonr/mantle-runs/receipt-fix-v31/.source-built-fixed-point-v93-bound-linker-20260831.source-built-fixed-point-staging-3412854/native-state/directories.redb\", read: true, write: true } }"
[2m2026-08-31T16:25:26.033017Z[0m [33m WARN[0m [2mredb::db[0m[2m:[0m Database "FileBackend { lock_supported: true, file: File { fd: 13, path: \"/home/brittonr/mantle-runs/receipt-fix-v31/.source-built-fixed-point-v93-bound-linker-20260831.source-built-fixed-point-staging-3412854/native-state/directories.redb\", read: true, write: true } }" not shutdown cleanly. Repairing
[2m2026-08-31T16:25:26.044385Z[0m [32m INFO[0m [2mredb::db[0m[2m:[0m Opening database "FileBackend { lock_supported: true, file: File { fd: 14, path: \"/home/brittonr/mantle-runs/receipt-fix-v31/.source-built-fixed-point-v93-bound-linker-20260831.source-built-fixed-point-staging-3412854/native-state/pathinfo.redb\", read: true, write: true } }"
[2m2026-08-31T16:25:26.050024Z[0m [33m WARN[0m [2mredb::db[0m[2m:[0m Database "FileBackend { lock_supported: true, file: File { fd: 14, path: \"/home/brittonr/mantle-runs/receipt-fix-v31/.source-built-fixed-point-v93-bound-linker-20260831.source-built-fixed-point-staging-3412854/native-state/pathinfo.redb\", read: true, write: true } }" not shutdown cleanly. Repairing
[2m2026-08-31T16:25:26.061167Z[0m [32m INFO[0m [2mcrunch_store::handle[0m[2m:[0m PathInfo database opened [3mpath[0m[2m=[0m/home/brittonr/mantle-runs/receipt-fix-v31/.source-built-fixed-point-v93-bound-linker-20260831.source-built-fixed-point-staging-3412854/native-state/pathinfo.redb
[2m2026-08-31T16:25:27.489466Z[0m [32m INFO[0m [2mcrunch_store::handle[0m[2m:[0m blob service opened [3mpath[0m[2m=[0m/home/brittonr/mantle-runs/receipt-fix-v31/.source-built-fixed-point-v93-bound-linker-20260831.source-built-fixed-point-staging-3412854/native-state/blobs
[2m2026-08-31T16:25:27.489681Z[0m [32m INFO[0m [2mredb::db[0m[2m:[0m Opening database "FileBackend { lock_supported: true, file: File { fd: 13, path: \"/home/brittonr/mantle-runs/receipt-fix-v31/.source-built-fixed-point-v93-bound-linker-20260831.source-built-fixed-point-staging-3412854/native-state/directories.redb\", read: true, write: true } }"
[2m2026-08-31T16:25:27.489995Z[0m [32m INFO[0m [2mredb::db[0m[2m:[0m Found valid allocator state, full repair not needed
[2m2026-08-31T16:25:27.502496Z[0m [32m INFO[0m [2mredb::db[0m[2m:[0m Opening database "FileBackend { lock_supported: true, file: File { fd: 14, path: \"/home/brittonr/mantle-runs/receipt-fix-v31/.source-built-fixed-point-v93-bound-linker-20260831.source-built-fixed-point-staging-3412854/native-state/pathinfo.redb\", read: true, write: true } }"
[2m2026-08-31T16:25:27.502589Z[0m [32m INFO[0m [2mredb::db[0m[2m:[0m Found valid allocator state, full repair not needed
[2m2026-08-31T16:25:27.506352Z[0m [32m INFO[0m [2mcrunch_store::handle[0m[2m:[0m PathInfo database opened [3mpath[0m[2m=[0m/home/brittonr/mantle-runs/receipt-fix-v31/.source-built-fixed-point-v93-bound-linker-20260831.source-built-fixed-point-staging-3412854/native-state/pathinfo.redb
Admitted full-source provider /home/brittonr/mantle-runs/receipt-fix-v31/.source-built-fixed-point-v93-bound-linker-20260831.source-built-fixed-point-staging-3412854/native-store/kcvijyh0sibqcc4g9sqk694xyslzhpsx-full-source-seed-toolchain
  output_digest_blake3: 63d9bc23cfcc232726527c141132ea35bc7ef9adf4ed7a952b5baa62bd466ed9
  source_closure_blake3: 7a97f836c8daa3dc5cbdf51a2d6ca59e7b995debac22fe5d08c091e667828778
  metadata_digest_blake3: 50ac462f76ed2033a6d760a9271081351ccb9493e6d9cd796e7b6abdab02a826
  report: /home/brittonr/mantle-runs/receipt-fix-v31/.source-built-fixed-point-v93-bound-linker-20260831.source-built-fixed-point-staging-3412854/full-source-provider-admission.json
Materialized source-built native toolchain closure /home/brittonr/mantle-runs/receipt-fix-v31/.source-built-fixed-point-v93-bound-linker-20260831.source-built-fixed-point-staging-3412854/source-built-toolchain-closure.json
  members: 17
  policy_digest_blake3: d849059bc186470ec6e1ac60c7b640d499bf1682886527ade0675c6c4f07a87c
Cargo-free fixed-point: blocked
bundle: /home/brittonr/mantle-runs/receipt-fix-v31/.source-built-fixed-point-v93-bound-linker-20260831.source-built-fixed-point-staging-3412854/cargo-free-fixed-point
hermeticity_mode: strict
strict_proof_admission: true
error: build failed
source-built fixed-point proof failed closed: error: build failed
stage1 blocked: rust-plan exited with 1; preserved_attempt=/home/brittonr/mantle-runs/receipt-fix-v31/.source-built-fixed-point-v93-bound-linker-20260831.source-built-fixed-point-staging-3412854
