warning: /home/brittonr/git/OnixResearch/mantle/.pi/worktrees/source-built-receipt-finalization/Cargo.toml: file `/home/brittonr/git/OnixResearch/mantle/.pi/worktrees/source-built-receipt-finalization/src/main.rs` found to be present in multiple build targets:
  * `bin` target `crunch`
  * `bin` target `mantle`
   Compiling proc-macro2 v1.0.106
    Checking cfg-if v1.0.4
    Checking memchr v2.8.0
    Checking pin-project-lite v0.2.17
    Checking futures-core v0.3.32
    Checking subtle v2.6.1
    Checking itoa v1.0.18
    Checking typenum v1.20.1
    Checking once_cell v1.21.4
    Checking futures-io v0.3.32
    Checking futures-sink v0.3.32
   Compiling quote v1.0.45
   Compiling libc v0.2.186
   Compiling serde_core v1.0.228
   Compiling serde v1.0.228
   Compiling generic-array v0.14.7
    Checking smallvec v1.15.1
    Checking futures-task v0.3.32
    Checking slab v0.4.12
    Checking zeroize v1.8.2
    Checking stable_deref_trait v1.2.1
error[E0463]: can't find crate for `core`
  |
  = note: the `x86_64-unknown-linux-musl` target may not be installed
  = help: consider downloading the target with `rustup target add x86_64-unknown-linux-musl`
  = help: consider building the standard library from source with `cargo build -Zbuild-std`

For more information about this error, try `rustc --explain E0463`.
error: could not compile `pin-project-lite` (lib) due to 1 previous error
warning: build failed, waiting for other jobs to finish...
error: could not compile `cfg-if` (lib) due to 1 previous error
error: could not compile `memchr` (lib) due to 1 previous error
error: could not compile `futures-core` (lib) due to 1 previous error
error[E0463]: can't find crate for `std`
  |
  = note: the `x86_64-unknown-linux-musl` target may not be installed
  = help: consider downloading the target with `rustup target add x86_64-unknown-linux-musl`
  = help: consider building the standard library from source with `cargo build -Zbuild-std`

error: could not compile `subtle` (lib) due to 1 previous error
error: could not compile `once_cell` (lib) due to 1 previous error
error: could not compile `itoa` (lib) due to 1 previous error
error: could not compile `libc` (lib) due to 1 previous error
error: could not compile `futures-sink` (lib) due to 1 previous error
error: could not compile `futures-task` (lib) due to 1 previous error
error: could not compile `stable_deref_trait` (lib) due to 1 previous error
error: could not compile `slab` (lib) due to 1 previous error
error: could not compile `zeroize` (lib) due to 1 previous error
error: could not compile `futures-io` (lib) due to 1 previous error
error: could not compile `serde_core` (lib) due to 1 previous error
error: could not compile `smallvec` (lib) due to 1 previous error
error: could not compile `typenum` (lib) due to 1 previous error
exit_status=101
