mantle-runtime-fingerprint {"schema":"mantle-runtime-fingerprint-v1","mantle_version":"0.1.0","command":"self-build","logical_store_prefix":"/mantle/store","physical_store_dir":"/nix/store","state_dir":"/home/brittonr/.local/state/crunch","json_mode":false,"verbosity_source":"verbose-flag","diagnostic_scope":"selected-runtime-context-only","hermeticity_mode":"strict","substitution_mode":"disabled","substituter_count":0,"signing_key_selected":false,"trusted_public_key_count":0,"trust_unsigned":false}
Admitted full-source provider /home/brittonr/mantle-runs/receipt-fix-v31/source-built-native-prefix-v61-repaired-20260828/native-store/kcvijyh0sibqcc4g9sqk694xyslzhpsx-full-source-seed-toolchain
  output_digest_blake3: 63d9bc23cfcc232726527c141132ea35bc7ef9adf4ed7a952b5baa62bd466ed9
  source_closure_blake3: 7a97f836c8daa3dc5cbdf51a2d6ca59e7b995debac22fe5d08c091e667828778
  metadata_digest_blake3: 50ac462f76ed2033a6d760a9271081351ccb9493e6d9cd796e7b6abdab02a826
  report: /home/brittonr/mantle-runs/receipt-fix-v31/.source-built-fixed-point-v84-ptrace-supervised-20260829.source-built-fixed-point-staging-2155887/imported-native-provider-origin-revalidation.json
Admitted full-source provider /home/brittonr/mantle-runs/receipt-fix-v31/.source-built-fixed-point-v84-ptrace-supervised-20260829.source-built-fixed-point-staging-2155887/imported-native-prefix/native-store/kcvijyh0sibqcc4g9sqk694xyslzhpsx-full-source-seed-toolchain
  output_digest_blake3: 63d9bc23cfcc232726527c141132ea35bc7ef9adf4ed7a952b5baa62bd466ed9
  source_closure_blake3: 7a97f836c8daa3dc5cbdf51a2d6ca59e7b995debac22fe5d08c091e667828778
  metadata_digest_blake3: 50ac462f76ed2033a6d760a9271081351ccb9493e6d9cd796e7b6abdab02a826
  report: /home/brittonr/mantle-runs/receipt-fix-v31/.source-built-fixed-point-v84-ptrace-supervised-20260829.source-built-fixed-point-staging-2155887/imported-native-provider-revalidation.json
  acquired source mrustc-0.12.0 sha256=c1ba35f5fc5c4ca2952d9f5526e900dcb6632ea7fd4d71fa58029b3bb563ae56 extracted=/home/brittonr/mantle-runs/receipt-fix-v31/.source-built-fixed-point-v84-ptrace-supervised-20260829.source-built-fixed-point-staging-2155887/rust-provider-scratch/sources/mrustc-0.12.0 entries=696
  acquired source rust-1.90.0 sha256=799a9f9cba4ed5351e071048bcf6b5560755d9009648def33a407dd4961f9b7e extracted=/home/brittonr/mantle-runs/receipt-fix-v31/.source-built-fixed-point-v84-ptrace-supervised-20260829.source-built-fixed-point-staging-2155887/rust-provider-scratch/sources/rust-1.90.0 entries=279266
  first_stage_build_script: /home/brittonr/mantle-runs/receipt-fix-v31/.source-built-fixed-point-v84-ptrace-supervised-20260829.source-built-fixed-point-staging-2155887/rust-provider-scratch/run-mrustc-first-stage.sh
  first_stage_build_log: /home/brittonr/mantle-runs/receipt-fix-v31/.source-built-fixed-point-v84-ptrace-supervised-20260829.source-built-fixed-point-staging-2155887/rust-provider-scratch/mrustc-first-stage-build.log
  acquired source rust-1.91.1 sha256=38dce205d39f61571261f0444237a1ce9efecb970e760d8ec4d957af5b445723 extracted=/home/brittonr/mantle-runs/receipt-fix-v31/.source-built-fixed-point-v84-ptrace-supervised-20260829.source-built-fixed-point-staging-2155887/rust-provider-scratch/rustc-stage1-sources/rust-1.91.1 entries=290629
  rustc_stage1_build_script: /home/brittonr/mantle-runs/receipt-fix-v31/.source-built-fixed-point-v84-ptrace-supervised-20260829.source-built-fixed-point-staging-2155887/rust-provider-scratch/run-rustc-stage1.sh
  rustc_stage1_build_log: /home/brittonr/mantle-runs/receipt-fix-v31/.source-built-fixed-point-v84-ptrace-supervised-20260829.source-built-fixed-point-staging-2155887/rust-provider-scratch/rustc-stage1-build.log
error: build failed
source-built fixed-point proof failed closed: error: build failed
source-built fixed-point blocked: constructing full-source Rust provider: build: build: launch /home/brittonr/mantle-runs/receipt-fix-v31/.source-built-fixed-point-v84-ptrace-supervised-20260829.source-built-fixed-point-staging-2155887/rust-provider-scratch/run-rustc-stage1.sh: ptrace tracer loop failed: attaching ptrace supervisor failed: PTRACE_SETOPTIONS: No such process (os error 3); Rust provider action reconciliation also failed: build: Rust provider action authority blocked: waiting for Rust provider stage audit: ptrace tracer loop failed: attaching ptrace supervisor failed: PTRACE_SETOPTIONS: No such process (os error 3); preserved_attempt=/home/brittonr/mantle-runs/receipt-fix-v31/.source-built-fixed-point-v84-ptrace-supervised-20260829.source-built-fixed-point-staging-2155887
