$ nix develop -c rustfmt --check src/preserved_evidence_tree.rs src/source_built_fixed_point_receipt.rs
$ nix develop -c cargo test -p mantle --bin mantle preserved_evidence_tree
warning: /home/brittonr/git/OnixResearch/mantle/.pi/worktrees/source-built-receipt-finalization/Cargo.toml: file `/home/brittonr/git/OnixResearch/mantle/.pi/worktrees/source-built-receipt-finalization/src/main.rs` found to be present in multiple build targets:
  * `bin` target `crunch`
  * `bin` target `mantle`
    Finished `test` profile [unoptimized + debuginfo] target(s) in 0.32s
     Running unittests src/main.rs (/home/brittonr/.cargo-target/debug/deps/mantle-980b9d144f87916a)

running 2 tests
test preserved_evidence_tree::tests::opaque_links_are_observed_but_remain_rejected_as_sources ... ok
test preserved_evidence_tree::tests::evidence_profile_supports_more_entries_than_release_copy_policy ... ok

test result: ok. 2 passed; 0 failed; 0 ignored; 0 measured; 2399 filtered out; finished in 0.20s

$ nix develop -c cargo test -p mantle --bin mantle source_built_fixed_point_receipt
warning: /home/brittonr/git/OnixResearch/mantle/.pi/worktrees/source-built-receipt-finalization/Cargo.toml: file `/home/brittonr/git/OnixResearch/mantle/.pi/worktrees/source-built-receipt-finalization/src/main.rs` found to be present in multiple build targets:
  * `bin` target `crunch`
  * `bin` target `mantle`
    Finished `test` profile [unoptimized + debuginfo] target(s) in 0.22s
     Running unittests src/main.rs (/home/brittonr/.cargo-target/debug/deps/mantle-980b9d144f87916a)

running 6 tests
test source_built_fixed_point_receipt::tests::preserved_proof_bundle_fixture_fits_receipt_entry_policy ... ignored, requires a preserved source-built proof bundle
test source_built_fixed_point_receipt::tests::preserved_stagex_transition_tree_fixture_hashes_under_receipt_policy ... ignored, requires a preserved source-built StageX transition tree
test source_built_fixed_point_receipt::tests::provider_identity_digest_binds_each_declared_role ... ok
test source_built_fixed_point_receipt::tests::stage_evidence_rejects_fallbacks_and_duplicate_ids ... ok
test source_built_fixed_point_receipt::tests::bundle_digest_skips_declared_unreadable_scratch_but_rejects_unknown_unreadable_content ... ok
test source_built_fixed_point_receipt::tests::bundle_digest_excludes_only_self_referential_receipt_files ... ok

test result: ok. 4 passed; 0 failed; 2 ignored; 0 measured; 2395 filtered out; finished in 0.02s

$ nix develop -c cargo clippy -p mantle --bin mantle --no-deps -- -D warnings -A dead-code -A clippy::large-enum-variant
warning: /home/brittonr/git/OnixResearch/mantle/.pi/worktrees/source-built-receipt-finalization/Cargo.toml: file `/home/brittonr/git/OnixResearch/mantle/.pi/worktrees/source-built-receipt-finalization/src/main.rs` found to be present in multiple build targets:
  * `bin` target `crunch`
  * `bin` target `mantle`
   Compiling nix-compat v0.1.0 (/home/brittonr/git/OnixResearch/mantle/.pi/worktrees/source-built-receipt-finalization/vendor/nix-compat)
   Compiling fuse-backend-rs v0.12.0 (/home/brittonr/git/OnixResearch/mantle/.pi/worktrees/source-built-receipt-finalization/vendor/fuse-backend-rs)
    Checking crunch-attestation-core v0.1.0 (/home/brittonr/git/OnixResearch/mantle/.pi/worktrees/source-built-receipt-finalization/crates/crunch-attestation-core)
   Compiling nix-compat-derive v0.1.0 (/home/brittonr/git/OnixResearch/mantle/.pi/worktrees/source-built-receipt-finalization/vendor/nix-compat-derive)
   Compiling snix-castore v0.1.0 (/home/brittonr/git/OnixResearch/mantle/.pi/worktrees/source-built-receipt-finalization/vendor/snix-castore)
    Checking snix-tracing v0.1.0 (/home/brittonr/git/OnixResearch/mantle/.pi/worktrees/source-built-receipt-finalization/vendor/snix-tracing)
   Compiling snix-build v0.1.0 (/home/brittonr/git/OnixResearch/mantle/.pi/worktrees/source-built-receipt-finalization/vendor/snix-build)
   Compiling snix-store v0.1.0 (/home/brittonr/git/OnixResearch/mantle/.pi/worktrees/source-built-receipt-finalization/vendor/snix-store)
    Checking crunch-action-result-core v0.1.0 (/home/brittonr/git/OnixResearch/mantle/.pi/worktrees/source-built-receipt-finalization/crates/crunch-action-result-core)
    Checking crunch-overlay-core v0.1.0 (/home/brittonr/git/OnixResearch/mantle/.pi/worktrees/source-built-receipt-finalization/crates/crunch-overlay-core)
    Checking crunch-repair-core v0.1.0 (/home/brittonr/git/OnixResearch/mantle/.pi/worktrees/source-built-receipt-finalization/crates/crunch-repair-core)
    Checking crunch-gc-core v0.1.0 (/home/brittonr/git/OnixResearch/mantle/.pi/worktrees/source-built-receipt-finalization/crates/crunch-gc-core)
    Checking crunch-composition-core v0.1.0 (/home/brittonr/git/OnixResearch/mantle/.pi/worktrees/source-built-receipt-finalization/crates/crunch-composition-core)
    Checking crunch-rust-cache-core v0.1.0 (/home/brittonr/git/OnixResearch/mantle/.pi/worktrees/source-built-receipt-finalization/crates/crunch-rust-cache-core)
    Checking crunch-eval v0.1.0 (/home/brittonr/git/OnixResearch/mantle/.pi/worktrees/source-built-receipt-finalization/crates/crunch-eval)
    Checking crunch-wasm-component-core v0.1.0 (/home/brittonr/git/OnixResearch/mantle/.pi/worktrees/source-built-receipt-finalization/crates/crunch-wasm-component-core)
    Checking crunch-evaluation-stream-core v0.1.0 (/home/brittonr/git/OnixResearch/mantle/.pi/worktrees/source-built-receipt-finalization/crates/crunch-evaluation-stream-core)
    Checking crunch-shell-core v0.1.0 (/home/brittonr/git/OnixResearch/mantle/.pi/worktrees/source-built-receipt-finalization/crates/crunch-shell-core)
    Checking crunch-delta-core v0.1.0 (/home/brittonr/git/OnixResearch/mantle/.pi/worktrees/source-built-receipt-finalization/crates/crunch-delta-core)
    Checking crunch-release-core v0.1.0 (/home/brittonr/git/OnixResearch/mantle/.pi/worktrees/source-built-receipt-finalization/crates/crunch-release-core)
    Checking crunch-bootstrap-core v0.1.0 (/home/brittonr/git/OnixResearch/mantle/.pi/worktrees/source-built-receipt-finalization/crates/crunch-bootstrap-core)
    Checking mantlepkgs-core v0.1.0 (/home/brittonr/git/OnixResearch/mantle/.pi/worktrees/source-built-receipt-finalization/crates/mantlepkgs-core)
    Checking crunch-eval-budget-core v0.1.0 (/home/brittonr/git/OnixResearch/mantle/.pi/worktrees/source-built-receipt-finalization/crates/crunch-eval-budget-core)
    Checking mantle-portable-client-core v0.1.0 (/home/brittonr/git/OnixResearch/mantle/.pi/worktrees/source-built-receipt-finalization/crates/mantle-portable-client-core)
    Checking crunch-shell v0.1.0 (/home/brittonr/git/OnixResearch/mantle/.pi/worktrees/source-built-receipt-finalization/crates/crunch-shell)
    Checking crunch-attestation v0.1.0 (/home/brittonr/git/OnixResearch/mantle/.pi/worktrees/source-built-receipt-finalization/crates/crunch-attestation)
    Checking crunch-project-core v0.1.0 (/home/brittonr/git/OnixResearch/mantle/.pi/worktrees/source-built-receipt-finalization/crates/crunch-project-core)
    Checking crunch-wasm-component v0.1.0 (/home/brittonr/git/OnixResearch/mantle/.pi/worktrees/source-built-receipt-finalization/crates/crunch-wasm-component)
    Checking crunch-project v0.1.0 (/home/brittonr/git/OnixResearch/mantle/.pi/worktrees/source-built-receipt-finalization/crates/crunch-project)
    Checking crunch-nar v0.1.0 (/home/brittonr/git/OnixResearch/mantle/.pi/worktrees/source-built-receipt-finalization/crates/crunch-nar)
    Checking crunch-glue v0.1.0 (/home/brittonr/git/OnixResearch/mantle/.pi/worktrees/source-built-receipt-finalization/crates/crunch-glue)
    Checking crunch-store v0.1.0 (/home/brittonr/git/OnixResearch/mantle/.pi/worktrees/source-built-receipt-finalization/crates/crunch-store)
    Checking crunch-rust-cache v0.1.0 (/home/brittonr/git/OnixResearch/mantle/.pi/worktrees/source-built-receipt-finalization/crates/crunch-rust-cache)
    Checking crunch-build v0.1.0 (/home/brittonr/git/OnixResearch/mantle/.pi/worktrees/source-built-receipt-finalization/crates/crunch-build)
    Checking crunch-delta v0.1.0 (/home/brittonr/git/OnixResearch/mantle/.pi/worktrees/source-built-receipt-finalization/crates/crunch-delta)

thread 'rustc' (983736) panicked at /rustc-dev/c756124775121dea0e640652c5ee3c89e3dd0eb4/compiler/rustc_middle/src/query/on_disk_cache.rs:663:9:
cannot decode `AttrId` with `CacheDecoder`
stack backtrace:
   0:     0x7ffff49bf8bb - <<std[e6f27331f023ae41]::sys::backtrace::BacktraceLock>::print::DisplayBacktrace as core[109e66eb34fb8c82]::fmt::Display>::fmt
   1:     0x7ffff501dd88 - core[109e66eb34fb8c82]::fmt::write
   2:     0x7ffff49d6b86 - <std[e6f27331f023ae41]::sys::stdio::unix::Stderr as std[e6f27331f023ae41]::io::Write>::write_fmt
   3:     0x7ffff4995bb8 - std[e6f27331f023ae41]::panicking::default_hook::{closure#0}
   4:     0x7ffff49b2f23 - std[e6f27331f023ae41]::panicking::default_hook
   5:     0x7ffff39b5c2c - std[e6f27331f023ae41]::panicking::update_hook::<alloc[eb388bbecdd9eb12]::boxed::Box<rustc_driver_impl[dc7f9df789ba0473]::install_ice_hook::{closure#1}>>::{closure#0}
   6:     0x7ffff49b3202 - std[e6f27331f023ae41]::panicking::panic_with_hook
   7:     0x7ffff4995caa - std[e6f27331f023ae41]::panicking::panic_handler::{closure#0}
   8:     0x7ffff498c9b9 - std[e6f27331f023ae41]::sys::backtrace::__rust_end_short_backtrace::<std[e6f27331f023ae41]::panicking::panic_handler::{closure#0}, !>
   9:     0x7ffff49976dd - __rustc[35c91ab2531d24f9]::rust_begin_unwind
  10:     0x7ffff1beba1c - core[109e66eb34fb8c82]::panicking::panic_fmt
  11:     0x7ffff64f606d - <rustc_middle[892f238719cdef02]::query::on_disk_cache::OnDiskCache>::load_side_effect
  12:     0x7ffff64f75cd - <rustc_query_impl[7f414e36c042cbbb]::dep_kind_vtables::non_query::SideEffect::{closure#0} as core[109e66eb34fb8c82]::ops::function::FnOnce<(rustc_middle[892f238719cdef02]::ty::context::TyCtxt, rustc_middle[892f238719cdef02]::dep_graph::dep_node::DepNode, rustc_middle[892f238719cdef02]::dep_graph::serialized::SerializedDepNodeIndex)>>::call_once
  13:     0x7ffff50a4c34 - <rustc_middle[892f238719cdef02]::dep_graph::graph::DepGraphData>::try_mark_previous_green
  14:     0x7ffff50a1de9 - <rustc_middle[892f238719cdef02]::dep_graph::graph::DepGraph>::try_mark_green
  15:     0x7ffff50a1c2e - rustc_query_impl[7f414e36c042cbbb]::execution::ensure_can_skip_execution::<rustc_middle[892f238719cdef02]::query::caches::DefaultCache<rustc_span[dd82765e8bfac38d]::def_id::LocalModDefId, rustc_middle[892f238719cdef02]::query::erase::ErasedData<[u8; 0usize]>>>
  16:     0x7ffff5fa9974 - rustc_query_impl[7f414e36c042cbbb]::query_impl::check_mod_deathness::execute_query_incr::__rust_end_short_backtrace
  17:     0x7ffff5fa9423 - rustc_interface[4db99434440230c0]::passes::analysis::{closure#0}::{closure#0}::{closure#1}
  18:     0x7ffff5fa7de2 - rustc_data_structures[b3c083c117c274b3]::sync::parallel::par_fns
  19:     0x7ffff5fa7d7c - rustc_interface[4db99434440230c0]::passes::analysis::{closure#0}::{closure#0}
  20:     0x7ffff5fa7de2 - rustc_data_structures[b3c083c117c274b3]::sync::parallel::par_fns
  21:     0x7ffff50a5c23 - rustc_interface[4db99434440230c0]::passes::analysis
  22:     0x7ffff657857e - rustc_query_impl[7f414e36c042cbbb]::execution::try_execute_query::<rustc_middle[892f238719cdef02]::query::caches::SingleCache<rustc_middle[892f238719cdef02]::query::erase::ErasedData<[u8; 0usize]>>, true>
  23:     0x7ffff6577eea - rustc_query_impl[7f414e36c042cbbb]::query_impl::analysis::execute_query_incr::__rust_end_short_backtrace
  24:     0x7ffff624081e - rustc_interface[4db99434440230c0]::interface::run_compiler::<(), rustc_driver_impl[dc7f9df789ba0473]::run_compiler::{closure#0}>::{closure#1}
  25:     0x7ffff61f24be - std[e6f27331f023ae41]::sys::backtrace::__rust_begin_short_backtrace::<rustc_interface[4db99434440230c0]::util::run_in_thread_with_globals<rustc_interface[4db99434440230c0]::util::run_in_thread_pool_with_globals<rustc_interface[4db99434440230c0]::interface::run_compiler<(), rustc_driver_impl[dc7f9df789ba0473]::run_compiler::{closure#0}>::{closure#1}, ()>::{closure#0}, ()>::{closure#0}::{closure#0}, ()>
  26:     0x7ffff61f2d60 - <std[e6f27331f023ae41]::thread::lifecycle::spawn_unchecked<rustc_interface[4db99434440230c0]::util::run_in_thread_with_globals<rustc_interface[4db99434440230c0]::util::run_in_thread_pool_with_globals<rustc_interface[4db99434440230c0]::interface::run_compiler<(), rustc_driver_impl[dc7f9df789ba0473]::run_compiler::{closure#0}>::{closure#1}, ()>::{closure#0}, ()>::{closure#0}::{closure#0}, ()>::{closure#1} as core[109e66eb34fb8c82]::ops::function::FnOnce<()>>::call_once::{shim:vtable#0}
  27:     0x7ffff61f3c6c - <std[e6f27331f023ae41]::sys::thread::unix::Thread>::new::thread_start
  28:     0x7fffefc92d53 - start_thread
  29:     0x7fffefd1a63c - __clone3
  30:                0x0 - <unknown>

error: the compiler unexpectedly panicked. This is a bug

note: we would appreciate a bug report: https://github.com/rust-lang/rust-clippy/issues/new?template=ice.yml

note: please make sure that you have updated to the latest nightly

note: please attach the file at `/home/brittonr/git/OnixResearch/mantle/.pi/worktrees/source-built-receipt-finalization/rustc-ice-2026-08-20T07_44_08-983713.txt` to your bug report

note: rustc 1.96.0-nightly (c75612477 2026-04-07) running on x86_64-unknown-linux-gnu

note: compiler flags: --crate-type lib -C embed-bitcode=no -C debuginfo=2 -C linker=clang -C incremental=[REDACTED] -C link-arg=-fuse-ld=mold -C link-arg=-fuse-ld=mold -C link-arg=-Wl,--allow-multiple-definition -C link-arg=-fuse-ld=mold -C link-arg=-Wl,--allow-multiple-definition

note: some of the compiler flags provided by cargo are hidden

query stack during panic:
#0 [analysis] running analysis passes on crate `crunch_delta`
end of query stack
note: Clippy version: clippy 0.1.96 (c756124775 2026-04-07)

there was a panic while trying to force a dep node
try_mark_green dep node stack:
#0 check_mod_deathness(crunch_delta[bd04]::fixtures)
end of try_mark_green dep node stack
error: could not compile `crunch-delta` (lib)

Caused by:
  process didn't exit successfully: `/nix/store/vxvmwwfbxayncf8sjgv04ai3sxrz973n-cargo-rustc-kache-wrapper/bin/cargo-rustc-kache-wrapper /nix/store/1hz41jg6cc3py3szsn6cxw3m5p42r4fj-rust-default-1.96.0-nightly-2026-04-08/bin/clippy-driver rustc --crate-name crunch_delta --edition=2024 crates/crunch-delta/src/lib.rs --error-format=json --json=diagnostic-rendered-ansi,artifacts,future-incompat --crate-type lib --emit=dep-info,metadata -C embed-bitcode=no -C debuginfo=2 --check-cfg 'cfg(docsrs,test)' --check-cfg 'cfg(feature, values("experimental-vectorcdc"))' -C metadata=a1f058ff814d80a4 -C extra-filename=-a265bbb960005b25 --out-dir /home/brittonr/.cargo-target/debug/deps -C linker=clang -C incremental=/home/brittonr/.cargo-target/debug/incremental -L dependency=/home/brittonr/.cargo-target/debug/deps --extern async_trait=/home/brittonr/.cargo-target/debug/deps/libasync_trait-e33cd19db899d9e2.so --extern blake3=/home/brittonr/.cargo-target/debug/deps/libblake3-a73af6bd0b9d2b2b.rmeta --extern bytes=/home/brittonr/.cargo-target/debug/deps/libbytes-10c5d29e67e6e640.rmeta --extern crunch_delta_core=/home/brittonr/.cargo-target/debug/deps/libcrunch_delta_core-e1d231ca828409f2.rmeta --extern crunch_store=/home/brittonr/.cargo-target/debug/deps/libcrunch_store-4d88b44ef020898f.rmeta --extern ed25519_dalek=/home/brittonr/.cargo-target/debug/deps/libed25519_dalek-867142e01b05aa03.rmeta --extern futures=/home/brittonr/.cargo-target/debug/deps/libfutures-84029bd2e151f5af.rmeta --extern nix_compat=/home/brittonr/.cargo-target/debug/deps/libnix_compat-8c990cb1478eef1d.rmeta --extern serde=/home/brittonr/.cargo-target/debug/deps/libserde-f90c20e5f5a7526e.rmeta --extern serde_json=/home/brittonr/.cargo-target/debug/deps/libserde_json-3b402718ab0fbe24.rmeta --extern snix_castore=/home/brittonr/.cargo-target/debug/deps/libsnix_castore-6c207414749d4ea2.rmeta --extern snix_store=/home/brittonr/.cargo-target/debug/deps/libsnix_store-93381a8d43c2a287.rmeta --extern thiserror=/home/brittonr/.cargo-target/debug/deps/libthiserror-57e0c27142e2d5c2.rmeta --extern tokio=/home/brittonr/.cargo-target/debug/deps/libtokio-5b03dc22a7768a9c.rmeta --extern zstd=/home/brittonr/.cargo-target/debug/deps/libzstd-483f2dbe6efad857.rmeta -C link-arg=-fuse-ld=mold -C link-arg=-fuse-ld=mold -C link-arg=-Wl,--allow-multiple-definition -C link-arg=-fuse-ld=mold -C link-arg=-Wl,--allow-multiple-definition -L native=/home/brittonr/.cargo-target/debug/build/bzip2-sys-a40d421c168772eb/out/lib -L native=/home/brittonr/.cargo-target/debug/build/lzma-sys-3bf18215592fbbf1/out -L native=/home/brittonr/.cargo-target/debug/build/zstd-sys-aaaa709d351fcbda/out -L native=/home/brittonr/.cargo-target/debug/build/libmimalloc-sys-b66ba03310bbaf6a/out -L native=/home/brittonr/.cargo-target/debug/build/aws-lc-sys-81b2332704d1fcd7/out -L native=/home/brittonr/.cargo-target/debug/build/ring-9a0f8065ec53dc6b/out` (exit status: 101)
warning: build failed, waiting for other jobs to finish...
$ final rustfmt leaf check
copying path '/nix/store/hhccdmpa2bhqbagn2zgmgrwjbcdinn55-source' from 'http://100.100.103.95:5000'...
warning: file 'nar/1pzq6dhayzd6kgyhjwqr1bwq468z36vp0al101havv6d0pw1fa40.nar?hash=hhccdmpa2bhqbagn2zgmgrwjbcdinn55' does not exist in binary cache 'http://100.100.103.95:5000'
$ final git diff --check
