waiting for another Nix process to finish fetching input 'path:/home/brittonr/git/OnixResearch/cairn'...
waiting for another Nix process to finish fetching input 'path:/home/brittonr/git/OnixResearch/cairn'...
waiting for another Nix process to finish fetching input 'path:/home/brittonr/git/OnixResearch/cairn'...
waiting for another Nix process to finish fetching input 'path:/home/brittonr/git/OnixResearch/cairn'...
waiting for another Nix process to finish fetching input 'path:/home/brittonr/git/OnixResearch/cairn'...
waiting for another Nix process to finish fetching input 'path:/home/brittonr/git/OnixResearch/cairn'...
{
  "actions": [
    {
      "description": "merge delta spec into main specs: ./.cairn/changes/extract-build-planning-core/specs/build-scheduling/spec.md",
      "kind": "sync_delta_spec",
      "path": "./.cairn/changes/extract-build-planning-core/specs/build-scheduling/spec.md"
    },
    {
      "description": "merge delta spec into main specs: ./.cairn/changes/extract-build-planning-core/specs/realization-routing/spec.md",
      "kind": "sync_delta_spec",
      "path": "./.cairn/changes/extract-build-planning-core/specs/realization-routing/spec.md"
    }
  ],
  "blocked": false,
  "change": "extract-build-planning-core",
  "cross_repo_dependencies": {
    "blocked_count": 0,
    "dependency_count": 0,
    "input_hash": "4c32804db9c0d3309e48dd7148eb9f3d3e23f5cd4b0110d83a6fddd7d3046f09",
    "non_claims": [
      "dependency satisfaction proves presented receipt linkage only",
      "dependency satisfaction does not prove upstream correctness or remote trust",
      "dependency satisfaction does not prove downstream integration correctness or release eligibility"
    ],
    "policy_hash": "69891b1b46c1b38dad36043d5603ad45768bbeb4bc61ad10b72bc0cbabadb0d7",
    "receipt_hash": "6767ed8b14dd8f3564cacd001ffaea47a8049f223b6d42df429717fe3476d2f6",
    "rows": [],
    "satisfied_count": 0,
    "schema": "cairn.cross-repo-dependency-receipt.v1",
    "valid": true,
    "verdict": "PASS"
  },
  "cross_repo_evidence_issues": [],
  "delta_specs": [
    "./.cairn/changes/extract-build-planning-core/specs/build-scheduling/spec.md",
    "./.cairn/changes/extract-build-planning-core/specs/realization-routing/spec.md"
  ],
  "dry_run": false,
  "input_hash": "42c3f91e6887558352fade8b6220926f73b70e61beb3dca48ccda22eec3031ed",
  "layout": "cairn",
  "merge_preflight": {
    "documents": [
      {
        "accepted_before_exists": true,
        "accepted_before_hash": "68297fcfb0c707e555281c07d2a98f27b1f56269b3da1f57590d1d4fa5b9b5d6",
        "blocked": false,
        "changed": true,
        "delta_hash": "2cf2d0147fc82a4351cc5ebad55117fad1a09689bdd5ae8996e0b9362ee18078",
        "destination": ".cairn/specs/build-scheduling/spec.md",
        "diagnostics": [],
        "expected_after_hash": "25919cedfbcb6851fb2796599a938246e34547304c064afad0e3263830c50d4e",
        "operations": [
          {
            "block_hash": "c65fe9ed72b98b31a878b0691b2b12d103b8ed67595dea54c4dd38e2226f6053",
            "heading": "### Requirement: Concurrency policy uses explicit parallelism facts",
            "kind": "added",
            "requirement_id": "build_scheduling.explicit_parallelism_facts"
          }
        ],
        "outcomes": [
          {
            "kind": "added",
            "requirement_id": "build_scheduling.explicit_parallelism_facts",
            "state": "applied"
          }
        ],
        "source": ".cairn/changes/extract-build-planning-core/specs/build-scheduling/spec.md"
      },
      {
        "accepted_before_exists": true,
        "accepted_before_hash": "719a904608abc96825ed99c6eb7e119152a4d7fa3ba73d9d7a9c057978bf6278",
        "blocked": false,
        "changed": true,
        "delta_hash": "c56a0f93e8c86b59c34f589fe4a58da99aa1798485f7fc144c089195b509c2e3",
        "destination": ".cairn/specs/realization-routing/spec.md",
        "diagnostics": [],
        "expected_after_hash": "29202bf3ac9144978ef34297a1263c232ae2032311a9c1f82e63859e10b4f368",
        "operations": [
          {
            "block_hash": "e1810341ddca271ab2058f5c1da3e4dc240b33bc2bb37b0f4abeb810727b7075",
            "heading": "### Requirement: Route planning consumes explicit observations only",
            "kind": "added",
            "requirement_id": "realization_routing.explicit_observation_boundary"
          },
          {
            "block_hash": "23014711c4b4f7840fcb4d979cf83774467326f9dd851addbbc450899a225963",
            "heading": "### Requirement: Route plans remain separate from execution",
            "kind": "added",
            "requirement_id": "realization_routing.plan_execution_separation"
          },
          {
            "block_hash": "775638d9817177772e15e23437cc80b79e261eba440f061597d362b9e2ce8395",
            "heading": "### Requirement: Build-planning blockers are typed",
            "kind": "added",
            "requirement_id": "realization_routing.typed_planning_blockers"
          }
        ],
        "outcomes": [
          {
            "kind": "added",
            "requirement_id": "realization_routing.explicit_observation_boundary",
            "state": "applied"
          },
          {
            "kind": "added",
            "requirement_id": "realization_routing.plan_execution_separation",
            "state": "applied"
          },
          {
            "kind": "added",
            "requirement_id": "realization_routing.typed_planning_blockers",
            "state": "applied"
          }
        ],
        "source": ".cairn/changes/extract-build-planning-core/specs/realization-routing/spec.md"
      }
    ]
  },
  "mutated": true,
  "mutation_manifest": {
    "after": {
      "entries": [
        {
          "content_hash": "25919cedfbcb6851fb2796599a938246e34547304c064afad0e3263830c50d4e",
          "exists": true,
          "path": "./.cairn/specs/build-scheduling/spec.md"
        },
        {
          "content_hash": "29202bf3ac9144978ef34297a1263c232ae2032311a9c1f82e63859e10b4f368",
          "exists": true,
          "path": "./.cairn/specs/realization-routing/spec.md"
        }
      ],
      "manifest_hash": "a12a62c0afc43bf92b8fe64cc152a4b3925e34d8b10b3f175b398d7c86c2a0ef"
    },
    "before": {
      "entries": [
        {
          "content_hash": "68297fcfb0c707e555281c07d2a98f27b1f56269b3da1f57590d1d4fa5b9b5d6",
          "exists": true,
          "path": "./.cairn/specs/build-scheduling/spec.md"
        },
        {
          "content_hash": "719a904608abc96825ed99c6eb7e119152a4d7fa3ba73d9d7a9c057978bf6278",
          "exists": true,
          "path": "./.cairn/specs/realization-routing/spec.md"
        }
      ],
      "manifest_hash": "4a119fdc97fab33621848bce5e485be209ef658b56d8f4d08cf0f20aeef5439c"
    },
    "kind": "sync",
    "manifest_hash": "b2406d6330a3f7edd41a9b972e425c49ae5c362b83c4bf2d8c7c25d983b23f2c"
  },
  "plan_hash": "ab1649ad5d9e97fc2050461d0c6dee8d0c94450226e84ce8f9260288bae15594",
  "policy": "mantle-default",
  "policy_hash": "69891b1b46c1b38dad36043d5603ad45768bbeb4bc61ad10b72bc0cbabadb0d7",
  "reasons": [],
  "receipt_hash": "40e011601f3f49b6f0b2b2cc4fcf0d4499df48de089de2def6c0e044a6a7f327"
}
