$ nix run github:onixresearch/cairn/fb1a7403a7897f7fa161e0b3c5d86b4cf19e52f8 -- gate tasks prove-source-built-mantle-fixed-point --root .
{
  "change": "prove-source-built-mantle-fixed-point",
  "evidence_summary": {
    "docs_only": 0,
    "fixture": 0,
    "formal": 0,
    "mode": "advisory",
    "model": 0,
    "probe": 0,
    "property": 0
  },
  "input_hash": "661fbaa12d5796bcccbfa61271c653878c90d8a61b25f49b5172a4ecae2b2b85",
  "issues": [],
  "layout": "cairn",
  "policy": "mantle-default",
  "policy_hash": "810cfa56991a9d1f10038ca79bf9a7a0996a2ee756c4e62324f1cd3f8628c848",
  "receipt_hash": "ea6d5fa510221df8002b0750395c7f49581eb735f674bfcb061abf96d61f0f27",
  "stage": "tasks",
  "valid": true,
  "verdict": "PASS"
}
command_exit=0
