{
  "acceptance_ids": [],
  "change": "add-dynamic-plan-source-slices",
  "evidence_summary": {
    "docs_only": 0,
    "fixture": 0,
    "formal": 0,
    "mode": "advisory",
    "model": 0,
    "probe": 0,
    "property": 0
  },
  "input_hash": "4210484d050b61c1a81b9601f7152c03ec237ef18cf145c3e98740f5dfa1e611",
  "issues": [],
  "layout": "cairn",
  "non_claims": [
    "workflow state proves only the selected policy graph and observed structural artifact facts",
    "workflow instructions do not prove artifact truth, review quality, or implementation correctness",
    "workflow state does not satisfy proposal, design, tasks, sync, archive, evidence, or release gates",
    "workflow commands are read-only and do not create, edit, delete, or approve lifecycle artifacts"
  ],
  "policy": "mantle-default",
  "policy_hash": "10455600e4ec15e5afa2b7759c70856ed9a1dc4ed1e18b635b32ee3d33cc6b4b",
  "policy_selection": {
    "blake3": "31d095609943dd430aa8ab172cd1b8f5116550d41e5b1c8463b89875017e0d12",
    "installation_receipt": false,
    "locator": "cairn-policy/generated/cairn-policy.json",
    "source": "legacy_default"
  },
  "probe_evidence": null,
  "profile_identity_hash": "6d53fbd253c6b32613e1d51bd5a920263022fe3fba89769ffc408da256d8faad",
  "receipt_hash": "efaec8cf35a505328d21b0aaef58711322174167e19ee49fc3f4bd8777ce6b0b",
  "review_receipt_hashes": [],
  "spec_effect": "delta",
  "stage": "proposal",
  "substance": [
    {
      "checkbox_tasks": 0,
      "kind": "proposal",
      "malformed_dependency_markers": 0,
      "path": "./.cairn/changes/add-dynamic-plan-source-slices/proposal.md",
      "requirement_blocks": 0,
      "scenario_blocks": 0,
      "substantive_lines": 74,
      "substantive_requirement_blocks": 0,
      "substantive_tasks": 0,
      "task_done": 0,
      "task_in_progress": 0,
      "task_todo": 0
    }
  ],
  "task_ordering": null,
  "valid": true,
  "verdict": "PASS",
  "workflow_profile": "spec-driven",
  "workflow_profile_compatibility_fallback": false,
  "workflow_profile_source": "change_create",
  "workflow_profile_version": 1
}
