mantle-runtime-fingerprint {"schema":"mantle-runtime-fingerprint-v1","mantle_version":"0.1.0","command":"self-build","logical_store_prefix":"/mantle/store","physical_store_dir":"/nix/store","state_dir":"/home/brittonr/.local/state/crunch","json_mode":false,"verbosity_source":"verbose-flag","diagnostic_scope":"selected-runtime-context-only","hermeticity_mode":"strict","substitution_mode":"disabled","substituter_count":0,"signing_key_selected":false,"trusted_public_key_count":0,"trust_unsigned":false}
Generated signing key: crunch-leviathan-1 (/home/brittonr/mantle-runs/receipt-fix-v31/.source-built-fixed-point-v91-host-producer-20260831.source-built-fixed-point-staging-3399045/native-state/signing-key)
[2m2026-08-31T14:05:03.423526Z[0m [32m INFO[0m [2mcrunch_store::handle[0m[2m:[0m blob service opened [3mpath[0m[2m=[0m/home/brittonr/mantle-runs/receipt-fix-v31/.source-built-fixed-point-v91-host-producer-20260831.source-built-fixed-point-staging-3399045/native-state/blobs
[2m2026-08-31T14:05:03.424726Z[0m [32m INFO[0m [2mredb::db[0m[2m:[0m Opening database "FileBackend { lock_supported: true, file: File { fd: 13, path: \"/home/brittonr/mantle-runs/receipt-fix-v31/.source-built-fixed-point-v91-host-producer-20260831.source-built-fixed-point-staging-3399045/native-state/directories.redb\", read: true, write: true } }"
[2m2026-08-31T14:05:03.429362Z[0m [33m WARN[0m [2mredb::db[0m[2m:[0m Database "FileBackend { lock_supported: true, file: File { fd: 13, path: \"/home/brittonr/mantle-runs/receipt-fix-v31/.source-built-fixed-point-v91-host-producer-20260831.source-built-fixed-point-staging-3399045/native-state/directories.redb\", read: true, write: true } }" not shutdown cleanly. Repairing
[2m2026-08-31T14:05:03.435761Z[0m [32m INFO[0m [2mredb::db[0m[2m:[0m Opening database "FileBackend { lock_supported: true, file: File { fd: 14, path: \"/home/brittonr/mantle-runs/receipt-fix-v31/.source-built-fixed-point-v91-host-producer-20260831.source-built-fixed-point-staging-3399045/native-state/pathinfo.redb\", read: true, write: true } }"
[2m2026-08-31T14:05:03.439782Z[0m [33m WARN[0m [2mredb::db[0m[2m:[0m Database "FileBackend { lock_supported: true, file: File { fd: 14, path: \"/home/brittonr/mantle-runs/receipt-fix-v31/.source-built-fixed-point-v91-host-producer-20260831.source-built-fixed-point-staging-3399045/native-state/pathinfo.redb\", read: true, write: true } }" not shutdown cleanly. Repairing
[2m2026-08-31T14:05:03.445561Z[0m [32m INFO[0m [2mcrunch_store::handle[0m[2m:[0m PathInfo database opened [3mpath[0m[2m=[0m/home/brittonr/mantle-runs/receipt-fix-v31/.source-built-fixed-point-v91-host-producer-20260831.source-built-fixed-point-staging-3399045/native-state/pathinfo.redb
[2m2026-08-31T14:05:04.870365Z[0m [32m INFO[0m [2mcrunch_store::handle[0m[2m:[0m blob service opened [3mpath[0m[2m=[0m/home/brittonr/mantle-runs/receipt-fix-v31/.source-built-fixed-point-v91-host-producer-20260831.source-built-fixed-point-staging-3399045/native-state/blobs
[2m2026-08-31T14:05:04.870595Z[0m [32m INFO[0m [2mredb::db[0m[2m:[0m Opening database "FileBackend { lock_supported: true, file: File { fd: 13, path: \"/home/brittonr/mantle-runs/receipt-fix-v31/.source-built-fixed-point-v91-host-producer-20260831.source-built-fixed-point-staging-3399045/native-state/directories.redb\", read: true, write: true } }"
[2m2026-08-31T14:05:04.870869Z[0m [32m INFO[0m [2mredb::db[0m[2m:[0m Found valid allocator state, full repair not needed
[2m2026-08-31T14:05:04.876385Z[0m [32m INFO[0m [2mredb::db[0m[2m:[0m Opening database "FileBackend { lock_supported: true, file: File { fd: 14, path: \"/home/brittonr/mantle-runs/receipt-fix-v31/.source-built-fixed-point-v91-host-producer-20260831.source-built-fixed-point-staging-3399045/native-state/pathinfo.redb\", read: true, write: true } }"
[2m2026-08-31T14:05:04.876479Z[0m [32m INFO[0m [2mredb::db[0m[2m:[0m Found valid allocator state, full repair not needed
[2m2026-08-31T14:05:04.878900Z[0m [32m INFO[0m [2mcrunch_store::handle[0m[2m:[0m PathInfo database opened [3mpath[0m[2m=[0m/home/brittonr/mantle-runs/receipt-fix-v31/.source-built-fixed-point-v91-host-producer-20260831.source-built-fixed-point-staging-3399045/native-state/pathinfo.redb
Admitted full-source provider /home/brittonr/mantle-runs/receipt-fix-v31/.source-built-fixed-point-v91-host-producer-20260831.source-built-fixed-point-staging-3399045/native-store/kcvijyh0sibqcc4g9sqk694xyslzhpsx-full-source-seed-toolchain
  output_digest_blake3: 63d9bc23cfcc232726527c141132ea35bc7ef9adf4ed7a952b5baa62bd466ed9
  source_closure_blake3: 7a97f836c8daa3dc5cbdf51a2d6ca59e7b995debac22fe5d08c091e667828778
  metadata_digest_blake3: 50ac462f76ed2033a6d760a9271081351ccb9493e6d9cd796e7b6abdab02a826
  report: /home/brittonr/mantle-runs/receipt-fix-v31/.source-built-fixed-point-v91-host-producer-20260831.source-built-fixed-point-staging-3399045/full-source-provider-admission.json
Materialized source-built native toolchain closure /home/brittonr/mantle-runs/receipt-fix-v31/.source-built-fixed-point-v91-host-producer-20260831.source-built-fixed-point-staging-3399045/source-built-toolchain-closure.json
  members: 17
  policy_digest_blake3: e7dd230cd950af389124157514521fa43e5193273623b24372456cddf9a3bf35
Cargo-free fixed-point: blocked
bundle: /home/brittonr/mantle-runs/receipt-fix-v31/.source-built-fixed-point-v91-host-producer-20260831.source-built-fixed-point-staging-3399045/cargo-free-fixed-point
hermeticity_mode: strict
strict_proof_admission: true
error: build failed
source-built fixed-point proof failed closed: error: build failed
stage1 blocked: rust-plan exited with 1; preserved_attempt=/home/brittonr/mantle-runs/receipt-fix-v31/.source-built-fixed-point-v91-host-producer-20260831.source-built-fixed-point-staging-3399045
