mantle-runtime-fingerprint {"schema":"mantle-runtime-fingerprint-v1","mantle_version":"0.1.0","command":"self-build","logical_store_prefix":"/mantle/store","physical_store_dir":"/nix/store","state_dir":"/home/brittonr/.local/state/crunch","json_mode":false,"verbosity_source":"verbose-flag","diagnostic_scope":"selected-runtime-context-only","hermeticity_mode":"strict","substitution_mode":"disabled","substituter_count":0,"signing_key_selected":false,"trusted_public_key_count":0,"trust_unsigned":false}
Generated signing key: crunch-leviathan-1 (/home/brittonr/mantle-runs/receipt-fix-v31/.source-built-fixed-point-v88-sysroot-relocation-20260831.source-built-fixed-point-staging-3356531/native-state/signing-key)
[2m2026-08-31T06:15:07.619820Z[0m [32m INFO[0m [2mcrunch_store::handle[0m[2m:[0m blob service opened [3mpath[0m[2m=[0m/home/brittonr/mantle-runs/receipt-fix-v31/.source-built-fixed-point-v88-sysroot-relocation-20260831.source-built-fixed-point-staging-3356531/native-state/blobs
[2m2026-08-31T06:15:07.620350Z[0m [32m INFO[0m [2mredb::db[0m[2m:[0m Opening database "FileBackend { lock_supported: true, file: File { fd: 13, path: \"/home/brittonr/mantle-runs/receipt-fix-v31/.source-built-fixed-point-v88-sysroot-relocation-20260831.source-built-fixed-point-staging-3356531/native-state/directories.redb\", read: true, write: true } }"
[2m2026-08-31T06:15:07.634766Z[0m [33m WARN[0m [2mredb::db[0m[2m:[0m Database "FileBackend { lock_supported: true, file: File { fd: 13, path: \"/home/brittonr/mantle-runs/receipt-fix-v31/.source-built-fixed-point-v88-sysroot-relocation-20260831.source-built-fixed-point-staging-3356531/native-state/directories.redb\", read: true, write: true } }" not shutdown cleanly. Repairing
[2m2026-08-31T06:15:07.645268Z[0m [32m INFO[0m [2mredb::db[0m[2m:[0m Opening database "FileBackend { lock_supported: true, file: File { fd: 14, path: \"/home/brittonr/mantle-runs/receipt-fix-v31/.source-built-fixed-point-v88-sysroot-relocation-20260831.source-built-fixed-point-staging-3356531/native-state/pathinfo.redb\", read: true, write: true } }"
[2m2026-08-31T06:15:07.650620Z[0m [33m WARN[0m [2mredb::db[0m[2m:[0m Database "FileBackend { lock_supported: true, file: File { fd: 14, path: \"/home/brittonr/mantle-runs/receipt-fix-v31/.source-built-fixed-point-v88-sysroot-relocation-20260831.source-built-fixed-point-staging-3356531/native-state/pathinfo.redb\", read: true, write: true } }" not shutdown cleanly. Repairing
[2m2026-08-31T06:15:07.660527Z[0m [32m INFO[0m [2mcrunch_store::handle[0m[2m:[0m PathInfo database opened [3mpath[0m[2m=[0m/home/brittonr/mantle-runs/receipt-fix-v31/.source-built-fixed-point-v88-sysroot-relocation-20260831.source-built-fixed-point-staging-3356531/native-state/pathinfo.redb
[2m2026-08-31T06:15:09.316486Z[0m [32m INFO[0m [2mcrunch_store::handle[0m[2m:[0m blob service opened [3mpath[0m[2m=[0m/home/brittonr/mantle-runs/receipt-fix-v31/.source-built-fixed-point-v88-sysroot-relocation-20260831.source-built-fixed-point-staging-3356531/native-state/blobs
[2m2026-08-31T06:15:09.316852Z[0m [32m INFO[0m [2mredb::db[0m[2m:[0m Opening database "FileBackend { lock_supported: true, file: File { fd: 13, path: \"/home/brittonr/mantle-runs/receipt-fix-v31/.source-built-fixed-point-v88-sysroot-relocation-20260831.source-built-fixed-point-staging-3356531/native-state/directories.redb\", read: true, write: true } }"
[2m2026-08-31T06:15:09.317206Z[0m [32m INFO[0m [2mredb::db[0m[2m:[0m Found valid allocator state, full repair not needed
[2m2026-08-31T06:15:09.326049Z[0m [32m INFO[0m [2mredb::db[0m[2m:[0m Opening database "FileBackend { lock_supported: true, file: File { fd: 14, path: \"/home/brittonr/mantle-runs/receipt-fix-v31/.source-built-fixed-point-v88-sysroot-relocation-20260831.source-built-fixed-point-staging-3356531/native-state/pathinfo.redb\", read: true, write: true } }"
[2m2026-08-31T06:15:09.326150Z[0m [32m INFO[0m [2mredb::db[0m[2m:[0m Found valid allocator state, full repair not needed
[2m2026-08-31T06:15:09.329498Z[0m [32m INFO[0m [2mcrunch_store::handle[0m[2m:[0m PathInfo database opened [3mpath[0m[2m=[0m/home/brittonr/mantle-runs/receipt-fix-v31/.source-built-fixed-point-v88-sysroot-relocation-20260831.source-built-fixed-point-staging-3356531/native-state/pathinfo.redb
Admitted full-source provider /home/brittonr/mantle-runs/receipt-fix-v31/.source-built-fixed-point-v88-sysroot-relocation-20260831.source-built-fixed-point-staging-3356531/native-store/kcvijyh0sibqcc4g9sqk694xyslzhpsx-full-source-seed-toolchain
  output_digest_blake3: 63d9bc23cfcc232726527c141132ea35bc7ef9adf4ed7a952b5baa62bd466ed9
  source_closure_blake3: 7a97f836c8daa3dc5cbdf51a2d6ca59e7b995debac22fe5d08c091e667828778
  metadata_digest_blake3: 50ac462f76ed2033a6d760a9271081351ccb9493e6d9cd796e7b6abdab02a826
  report: /home/brittonr/mantle-runs/receipt-fix-v31/.source-built-fixed-point-v88-sysroot-relocation-20260831.source-built-fixed-point-staging-3356531/full-source-provider-admission.json
Materialized source-built native toolchain closure /home/brittonr/mantle-runs/receipt-fix-v31/.source-built-fixed-point-v88-sysroot-relocation-20260831.source-built-fixed-point-staging-3356531/source-built-toolchain-closure.json
  members: 17
  policy_digest_blake3: c3316adbd8822e72e1114bf41345bc0cfe3a666f15e809639a42bcc0f5e6624c
error: build failed
source-built fixed-point proof failed closed: error: build failed
source-built toolchain closure blocked: rustc compatibility probe failed under receipt-bound toolchain PATH; preserved_attempt=/home/brittonr/mantle-runs/receipt-fix-v31/.source-built-fixed-point-v88-sysroot-relocation-20260831.source-built-fixed-point-staging-3356531
