{
  "actions": [
    {
      "description": "merge delta spec into main specs: ./.cairn/changes/thin-cli-composition-root/specs/application-architecture/spec.md",
      "kind": "sync_delta_spec",
      "path": "./.cairn/changes/thin-cli-composition-root/specs/application-architecture/spec.md"
    }
  ],
  "blocked": false,
  "change": "thin-cli-composition-root",
  "cross_repo_dependencies": {
    "blocked_count": 0,
    "dependency_count": 0,
    "input_hash": "4c32804db9c0d3309e48dd7148eb9f3d3e23f5cd4b0110d83a6fddd7d3046f09",
    "non_claims": [
      "dependency satisfaction proves presented receipt linkage only",
      "dependency satisfaction does not prove upstream correctness or remote trust",
      "dependency satisfaction does not prove downstream integration correctness or release eligibility"
    ],
    "policy_hash": "69891b1b46c1b38dad36043d5603ad45768bbeb4bc61ad10b72bc0cbabadb0d7",
    "receipt_hash": "6767ed8b14dd8f3564cacd001ffaea47a8049f223b6d42df429717fe3476d2f6",
    "rows": [],
    "satisfied_count": 0,
    "schema": "cairn.cross-repo-dependency-receipt.v1",
    "valid": true,
    "verdict": "PASS"
  },
  "cross_repo_evidence_issues": [],
  "delta_specs": [
    "./.cairn/changes/thin-cli-composition-root/specs/application-architecture/spec.md"
  ],
  "dry_run": true,
  "input_hash": "654df6c87c45dba278bcc76160a24c8bd39bbeffa790660ce2ccd7553b8b18ec",
  "layout": "cairn",
  "merge_preflight": {
    "documents": [
      {
        "accepted_before_exists": false,
        "accepted_before_hash": "5d987ce842fce3362e4ab4cd8a6eb6d416dc32d5a468eb5784be121adb68ec09",
        "blocked": false,
        "changed": true,
        "delta_hash": "1deb8d8991540219968abaccae13dd4e54d67aa648ec024e9bb6959fe5d71b8c",
        "destination": ".cairn/specs/application-architecture/spec.md",
        "diagnostics": [],
        "expected_after_hash": "52d28c143e62c4f1f73fc02c1b330dd22d96c8faa4b0f00c791e27e7fd2dfb43",
        "operations": [
          {
            "block_hash": "2ba8a84c697f44caeba7f5930e82bbb8188a320f74d8533312457ea1c494b422",
            "heading": "### Requirement: The CLI composition root is mechanical",
            "kind": "added",
            "requirement_id": "application_architecture.thin_composition_root"
          },
          {
            "block_hash": "24ff6ebe3455ba9a52c78de715b52f57805d4a1393656ee688f0b928c19d5859",
            "heading": "### Requirement: Application operations own their ports and contracts",
            "kind": "added",
            "requirement_id": "application_architecture.application_owned_ports"
          },
          {
            "block_hash": "133c7f8039809074fac33d740310030f18ec895a111acb4a23cb153483cf36f9",
            "heading": "### Requirement: Errors retain ownership until presentation",
            "kind": "added",
            "requirement_id": "application_architecture.typed_error_ownership"
          },
          {
            "block_hash": "250973daa5a0f5325ca61fd2fe5a60692a7ac35c9eea6275bca710a249ef9615",
            "heading": "### Requirement: Effect plans and observations remain distinct",
            "kind": "added",
            "requirement_id": "application_architecture.effect_observation_boundary"
          },
          {
            "block_hash": "9082335d99644c315bca2ac9437ceee9e1939c32218f09d1bd78946898366382",
            "heading": "### Requirement: Application dependency direction is maintained",
            "kind": "added",
            "requirement_id": "application_architecture.dependency_guard"
          }
        ],
        "outcomes": [
          {
            "kind": "added",
            "requirement_id": "application_architecture.thin_composition_root",
            "state": "applied"
          },
          {
            "kind": "added",
            "requirement_id": "application_architecture.application_owned_ports",
            "state": "applied"
          },
          {
            "kind": "added",
            "requirement_id": "application_architecture.typed_error_ownership",
            "state": "applied"
          },
          {
            "kind": "added",
            "requirement_id": "application_architecture.effect_observation_boundary",
            "state": "applied"
          },
          {
            "kind": "added",
            "requirement_id": "application_architecture.dependency_guard",
            "state": "applied"
          }
        ],
        "source": ".cairn/changes/thin-cli-composition-root/specs/application-architecture/spec.md"
      }
    ]
  },
  "mutated": false,
  "mutation_manifest": null,
  "plan_hash": "222f4459c519300258502f8778fdf0de5afcc05bdafafae4ac8fa8a114d47e81",
  "policy": "mantle-default",
  "policy_hash": "69891b1b46c1b38dad36043d5603ad45768bbeb4bc61ad10b72bc0cbabadb0d7",
  "reasons": [],
  "receipt_hash": "a40c8155129d0239b25c64ee28c6b57e2fc611e27838d5c95eddc34f6421008c"
}
