{
  "schema": "crunch-build-report-v1",
  "file": "/home/brittonr/.cargo-target/mantle-v2-integrated-cli-PT7twP1R/fixtures/producer-one.ncl",
  "output_dir": "/home/brittonr/.cargo-target/mantle-v2-integrated-final-yzLA5LVP/store",
  "state_dir": "/home/brittonr/.cargo-target/mantle-v2-integrated-final-yzLA5LVP/state",
  "store_dir": "/mantle/store",
  "scheduler_policy": {
    "schema": "mantle-scheduling-policy-v1",
    "policy_id": "mantle-lazy-priority-v1",
    "preference_order": [
      "known-graph",
      "resource-fit",
      "locality-transfer"
    ],
    "aged_after_epochs": 4,
    "protected_after_epochs": 8
  },
  "hermeticity_mode": "practical",
  "hermeticity_audit_events": [],
  "build_environment_reports": [
    {
      "action_name": "v2-cli-producer-one",
      "digest_algorithm": "blake3",
      "digest_blake3": "109055d5582a8ac2eb4e722adb80a6dce72d13b192e875095fa8f613aaffbf60",
      "variable_count": 26,
      "rejections": []
    },
    {
      "action_name": "v2-cli-unit",
      "digest_algorithm": "blake3",
      "digest_blake3": "92b0b36039d0533a9738184cc208c241967deaf3741ffd3ab2e3e938017340b9",
      "variable_count": 25,
      "rejections": []
    }
  ],
  "network_policy_reports": [
    {
      "action_name": "v2-cli-producer-one",
      "mode": "offline",
      "result": "denied",
      "capability": null,
      "policy_basis": "ordinary derivation network access is denied by default",
      "audit_class": null,
      "fixed_output": null,
      "diagnostic": null
    },
    {
      "action_name": "v2-cli-unit",
      "mode": "offline",
      "result": "denied",
      "capability": null,
      "policy_basis": "ordinary derivation network access is denied by default",
      "audit_class": null,
      "fixed_output": null,
      "diagnostic": null
    }
  ],
  "workspace_reports": [],
  "action_result_reports": [
    {
      "schema": "mantle-action-result-runtime-report-v1",
      "phase": "discovery",
      "action_ref": "mantle-action://blake3/6148758ac87df36bfb464c13c39d3793817131f704d8306084d8047c4a48b46b",
      "disposition": "miss",
      "selected_result_ref": null,
      "selected_source_id": null,
      "selected_source_class": null,
      "trust_basis": [],
      "conflict_class": null,
      "candidate_decisions": [],
      "publication_result_refs": [],
      "diagnostics": [],
      "non_claims": [
        "ca-mapping-presence-is-not-output-trust",
        "executor-correctness",
        "index-presence-is-not-output-trust"
      ]
    },
    {
      "schema": "mantle-action-result-runtime-report-v1",
      "phase": "publication",
      "action_ref": "mantle-action://blake3/6148758ac87df36bfb464c13c39d3793817131f704d8306084d8047c4a48b46b",
      "disposition": "published",
      "selected_result_ref": null,
      "selected_source_id": null,
      "selected_source_class": null,
      "trust_basis": [],
      "conflict_class": null,
      "candidate_decisions": [],
      "publication_result_refs": [
        "mantle-action-result://blake3/56583c9ef81307e05e6467afcdd8e3c9d5bab4f2999cd852f86cf5dcff69f98e"
      ],
      "diagnostics": [],
      "non_claims": [
        "ca-mapping-presence-is-not-output-trust",
        "executor-correctness",
        "index-presence-is-not-output-trust"
      ]
    },
    {
      "schema": "mantle-action-result-runtime-report-v1",
      "phase": "discovery",
      "action_ref": "mantle-action://blake3/bda2d5c749f0ecd058a93389a3a5a9cd8e3302972941cde78747561072a0533f",
      "disposition": "miss",
      "selected_result_ref": null,
      "selected_source_id": null,
      "selected_source_class": null,
      "trust_basis": [],
      "conflict_class": null,
      "candidate_decisions": [],
      "publication_result_refs": [],
      "diagnostics": [],
      "non_claims": [
        "ca-mapping-presence-is-not-output-trust",
        "executor-correctness",
        "index-presence-is-not-output-trust"
      ]
    },
    {
      "schema": "mantle-action-result-runtime-report-v1",
      "phase": "publication",
      "action_ref": "mantle-action://blake3/bda2d5c749f0ecd058a93389a3a5a9cd8e3302972941cde78747561072a0533f",
      "disposition": "published",
      "selected_result_ref": null,
      "selected_source_id": null,
      "selected_source_class": null,
      "trust_basis": [],
      "conflict_class": null,
      "candidate_decisions": [],
      "publication_result_refs": [
        "mantle-action-result://blake3/b284800f10df9df2bb35cda6e54809fb74971e3b89a2b27eab68431f625f0474"
      ],
      "diagnostics": [],
      "non_claims": [
        "ca-mapping-presence-is-not-output-trust",
        "executor-correctness",
        "index-presence-is-not-output-trust"
      ]
    }
  ],
  "native_dynamic_plans": [
    {
      "mode": "native",
      "producer_key": "/nix/store/7dmbxknbi3rzr5l1rbcc370sf4439rny-v2-cli-producer-one.drv",
      "output_name": "plan",
      "plan_artifact_path": "/mantle/store/da45313ars57sfvd8s2wdbvfgnplvjrp-v2-cli-producer-one-plan",
      "raw_artifact_digest": "d4a118a868c787dadeb16de95d073d84d362a1e3ed720c70aebb8f04cd196f39",
      "canonical_plan_digest": "d85db681cc36cb16a851cad3a5cfb6bb219f675e1d5baf46687986768e619fbd",
      "accepted_unit_ids": [
        "unit.main"
      ],
      "source_slices": [
        {
          "source_id": "src.main",
          "producer_output": "sources",
          "subpath": "package",
          "declared_nar_blake3": "85b54411643cbcae7a4474c95e91fc66f29b72ccd9411906dac32b04637c6a35",
          "observed_nar_blake3": "85b54411643cbcae7a4474c95e91fc66f29b72ccd9411906dac32b04637c6a35",
          "admitted_store_path": "/mantle/store/pgr4dlvr8na9ilwi252zhz76pycg82r7-v2-cli-package",
          "disposition": "admitted"
        }
      ],
      "rejection_reason": null,
      "scheduler_action": "registered-roots"
    }
  ],
  "scheduler_priority_decisions": [
    {
      "schema": "mantle-priority-decision-v1",
      "policy_id": "mantle-lazy-priority-v1",
      "policy_digest_blake3": "93aa5a487a960b14e51707f3c8d230253db9562dafc7b314b5ecc056a07ddd58",
      "scheduling_epoch": 1,
      "selected_goal_key_blake3": "81f6649f3cdf46fdb693b62bb7e19f1a22c4ebd0a81e808dc886a7b211d3c0c2",
      "competing_goal_count": 1,
      "candidate_snapshot_digest_blake3": "d9777d2b1fef61d8d471541c99b8d437b183d223b11a7cd52ab8e7ea5dfc19e3",
      "runner_up": null,
      "known_graph_basis": "known-graph",
      "history_basis": "structural-fallback-missing",
      "history_snapshot_digest_blake3": null,
      "operator_policy_class": "ordinary",
      "starvation_class": "fresh",
      "age_epochs": 1,
      "known_critical_path_nodes": 1,
      "known_critical_path_work_units": 1,
      "blocked_root_count": 1,
      "blocked_root_count_saturated": false,
      "resource_fit_class": "unknown",
      "content_locality_class": "unknown",
      "transfer_cost_class": "unknown",
      "selection_reason": "sole-candidate",
      "stable_tie_break_class": "stable-goal-key",
      "claim_scope": "configured-known-fact-ordering",
      "non_claims": [
        "global-optimality",
        "future-graph-knowledge",
        "execution-success",
        "output-trust",
        "release-reproducibility"
      ]
    },
    {
      "schema": "mantle-priority-decision-v1",
      "policy_id": "mantle-lazy-priority-v1",
      "policy_digest_blake3": "93aa5a487a960b14e51707f3c8d230253db9562dafc7b314b5ecc056a07ddd58",
      "scheduling_epoch": 2,
      "selected_goal_key_blake3": "344a36ee3ecf785bd650f2c2a4595687a5f0adaa7d008810c930e9b01c8a2219",
      "competing_goal_count": 1,
      "candidate_snapshot_digest_blake3": "6d411ea6abf25139dc5c1e308f59df4ec524df3103b3acc124f0a67302f7f329",
      "runner_up": null,
      "known_graph_basis": "known-graph",
      "history_basis": "structural-fallback-missing",
      "history_snapshot_digest_blake3": null,
      "operator_policy_class": "ordinary",
      "starvation_class": "fresh",
      "age_epochs": 1,
      "known_critical_path_nodes": 1,
      "known_critical_path_work_units": 1,
      "blocked_root_count": 1,
      "blocked_root_count_saturated": false,
      "resource_fit_class": "unknown",
      "content_locality_class": "unknown",
      "transfer_cost_class": "unknown",
      "selection_reason": "sole-candidate",
      "stable_tie_break_class": "stable-goal-key",
      "claim_scope": "configured-known-fact-ordering",
      "non_claims": [
        "global-optimality",
        "future-graph-knowledge",
        "execution-success",
        "output-trust",
        "release-reproducibility"
      ]
    }
  ],
  "overlay_base_generations": [],
  "store_layer_selections": [
    {
      "store_path": "pgr4dlvr8na9ilwi252zhz76pycg82r7-v2-cli-package",
      "selected_layer": "overlay",
      "shadows": []
    },
    {
      "store_path": "pzjzvwsvmia0bpfyhgr3zqcarapc7wcn-v2-cli-tool",
      "selected_layer": "overlay",
      "shadows": []
    }
  ],
  "remote_telemetry_events": [
    {
      "schema": "mantle-remote-telemetry-event-v1",
      "category": "assignment",
      "phase": "assigned",
      "result": "accepted",
      "route": "not-applicable",
      "retry": "none",
      "transfer": "none",
      "reason": "priority-selected",
      "capability": "unknown",
      "measurement": "candidate-count",
      "value": 1,
      "non_claim": "diagnostic runtime events do not prove compiler correctness, source reproducibility, release eligibility, CI success, or physical-target determinism"
    },
    {
      "schema": "mantle-remote-telemetry-event-v1",
      "category": "assignment",
      "phase": "assigned",
      "result": "accepted",
      "route": "not-applicable",
      "retry": "none",
      "transfer": "none",
      "reason": "priority-selected",
      "capability": "unknown",
      "measurement": "candidate-count",
      "value": 1,
      "non_claim": "diagnostic runtime events do not prove compiler correctness, source reproducibility, release eligibility, CI success, or physical-target determinism"
    }
  ],
  "frontend_artifact_attestations": [],
  "ast_grep_structural_evidence": [],
  "ast_grep_structural_evidence_diagnostics": [
    {
      "label": "v2-cli-producer-one",
      "output_name": "out",
      "evidence_path": "/home/brittonr/.cargo-target/mantle-v2-integrated-final-yzLA5LVP/store/0i51ps3hyrhjw82ynj1hdlc5whczm199-v2-cli-producer-one/share/mantle/ast-grep-structural-evidence.json",
      "blocker_class": "ast-grep-evidence-read-error",
      "message": "opening parent capability for ast-grep structural evidence at /home/brittonr/.cargo-target/mantle-v2-integrated-final-yzLA5LVP/store/0i51ps3hyrhjw82ynj1hdlc5whczm199-v2-cli-producer-one/share/mantle/ast-grep-structural-evidence.json: capability root path component is not a directory: 0i51ps3hyrhjw82ynj1hdlc5whczm199-v2-cli-producer-one",
      "next_action": "regenerate share/mantle/ast-grep-structural-evidence.json with the pinned ast-grep toolchain and current BLAKE3 identities"
    },
    {
      "label": "v2-cli-producer-one",
      "output_name": "plan",
      "evidence_path": "/home/brittonr/.cargo-target/mantle-v2-integrated-final-yzLA5LVP/store/da45313ars57sfvd8s2wdbvfgnplvjrp-v2-cli-producer-one-plan/share/mantle/ast-grep-structural-evidence.json",
      "blocker_class": "ast-grep-evidence-read-error",
      "message": "opening parent capability for ast-grep structural evidence at /home/brittonr/.cargo-target/mantle-v2-integrated-final-yzLA5LVP/store/da45313ars57sfvd8s2wdbvfgnplvjrp-v2-cli-producer-one-plan/share/mantle/ast-grep-structural-evidence.json: capability root path component is not a directory: da45313ars57sfvd8s2wdbvfgnplvjrp-v2-cli-producer-one-plan",
      "next_action": "regenerate share/mantle/ast-grep-structural-evidence.json with the pinned ast-grep toolchain and current BLAKE3 identities"
    },
    {
      "label": "v2-cli-unit.drv",
      "output_name": "out",
      "evidence_path": "/home/brittonr/.cargo-target/mantle-v2-integrated-final-yzLA5LVP/store/3zra9almjivspp1hnh2b1nyhggb7aaz0-v2-cli-unit/share/mantle/ast-grep-structural-evidence.json",
      "blocker_class": "ast-grep-evidence-read-error",
      "message": "opening parent capability for ast-grep structural evidence at /home/brittonr/.cargo-target/mantle-v2-integrated-final-yzLA5LVP/store/3zra9almjivspp1hnh2b1nyhggb7aaz0-v2-cli-unit/share/mantle/ast-grep-structural-evidence.json: capability root path component is not a directory: 3zra9almjivspp1hnh2b1nyhggb7aaz0-v2-cli-unit",
      "next_action": "regenerate share/mantle/ast-grep-structural-evidence.json with the pinned ast-grep toolchain and current BLAKE3 identities"
    }
  ],
  "cargo_build_evidence": [],
  "cargo_build_evidence_diagnostics": [],
  "diagnostic_persistence_failures": [],
  "counts": {
    "succeeded_total": 2,
    "built_total": 2,
    "cached_total": 0,
    "failed_total": 0
  },
  "outcomes": [
    {
      "drv_key": "/mantle/store/7dmbxknbi3rzr5l1rbcc370sf4439rny-v2-cli-producer-one.drv",
      "label": "v2-cli-producer-one",
      "cached": false,
      "log_file": "/home/brittonr/.cargo-target/mantle-v2-integrated-final-yzLA5LVP/state/logs/7dmbxknbi3rzr5l1rbcc370sf4439rny-v2-cli-producer-one.drv.log",
      "outputs": [
        {
          "name": "out",
          "path": "/home/brittonr/.cargo-target/mantle-v2-integrated-final-yzLA5LVP/store/0i51ps3hyrhjw82ynj1hdlc5whczm199-v2-cli-producer-one",
          "artifact_attestation": {
            "logical_path": "/mantle/store/0i51ps3hyrhjw82ynj1hdlc5whczm199-v2-cli-producer-one",
            "path": "/home/brittonr/.cargo-target/mantle-v2-integrated-final-yzLA5LVP/state/attestations/artifacts/f01c0c8311429ab60d0043b6cbd4bfade6c6aafa96e1521deebc051c47b1ca20.json"
          }
        },
        {
          "name": "plan",
          "path": "/home/brittonr/.cargo-target/mantle-v2-integrated-final-yzLA5LVP/store/da45313ars57sfvd8s2wdbvfgnplvjrp-v2-cli-producer-one-plan",
          "artifact_attestation": {
            "logical_path": "/mantle/store/da45313ars57sfvd8s2wdbvfgnplvjrp-v2-cli-producer-one-plan",
            "path": "/home/brittonr/.cargo-target/mantle-v2-integrated-final-yzLA5LVP/state/attestations/artifacts/c7e4a8239e182d23cdea4e6d31b468249b2741256d33dc412d4ddebcbb24685e.json"
          }
        },
        {
          "name": "sources",
          "path": "/home/brittonr/.cargo-target/mantle-v2-integrated-final-yzLA5LVP/store/ri20cax9fghi7bzbhc4qankbxnjzy4wr-v2-cli-producer-one-sources",
          "artifact_attestation": {
            "logical_path": "/mantle/store/ri20cax9fghi7bzbhc4qankbxnjzy4wr-v2-cli-producer-one-sources",
            "path": "/home/brittonr/.cargo-target/mantle-v2-integrated-final-yzLA5LVP/state/attestations/artifacts/b7ee11f8c8523c7d617bd994706ba827e19dba1e6e8e714c310ebd6da2683e97.json"
          }
        }
      ]
    },
    {
      "drv_key": "/mantle/store/7kkfk95lgzwmqrsajd3vqa5r1nj9dffc-v2-cli-unit.drv",
      "label": "v2-cli-unit.drv",
      "cached": false,
      "log_file": "/home/brittonr/.cargo-target/mantle-v2-integrated-final-yzLA5LVP/state/logs/7kkfk95lgzwmqrsajd3vqa5r1nj9dffc-v2-cli-unit.drv.log",
      "outputs": [
        {
          "name": "out",
          "path": "/home/brittonr/.cargo-target/mantle-v2-integrated-final-yzLA5LVP/store/3zra9almjivspp1hnh2b1nyhggb7aaz0-v2-cli-unit",
          "artifact_attestation": {
            "logical_path": "/mantle/store/3zra9almjivspp1hnh2b1nyhggb7aaz0-v2-cli-unit",
            "path": "/home/brittonr/.cargo-target/mantle-v2-integrated-final-yzLA5LVP/state/attestations/artifacts/67dade6d68c89f8231303c3fd7a4f5c8f98ebae833f384a0e1e5a8f690ade93f.json"
          }
        }
      ]
    }
  ],
  "failed": [],
  "fod_mismatches": []
}
