$ cargo test -p mantle --bin mantle remote_build::tests::concurrent_resource_dispatches_commit_once_and_never_overcommit --offline -- --exact --nocapture # run 1
warning: Cargo.toml: file `/home/brittonr/git/OnixResearch/mantle/.pi/worktrees/drain-evidence-driven-resource-policy/src/main.rs` found to be present in multiple build targets:
  * `bin` target `crunch`
  * `bin` target `mantle`
warning: `mantle` (manifest) generated 1 warning
    Blocking waiting for file lock on package cache
    Blocking waiting for file lock on package cache
    Finished `test` profile [unoptimized + debuginfo] target(s) in 0.72s
warning: the following packages contain code that will be rejected by a future version of Rust: n0-future v0.3.2, nix v0.29.0, nix v0.31.3, proc-macro-error2 v2.0.1
note: to see what the problems were, use the option `--future-incompat-report`, or run `cargo report future-incompatibilities --id 1`
     Running unittests src/main.rs (/tmp/mantle-resource-policy-target/debug/deps/mantle-2ef67efb1f324bc8)

running 1 test
test remote_build::tests::concurrent_resource_dispatches_commit_once_and_never_overcommit ... ok

test result: ok. 1 passed; 0 failed; 0 ignored; 0 measured; 2625 filtered out; finished in 0.01s

$ cargo test -p mantle --bin mantle remote_build::tests::concurrent_resource_dispatches_commit_once_and_never_overcommit --offline -- --exact --nocapture # run 2
warning: Cargo.toml: file `/home/brittonr/git/OnixResearch/mantle/.pi/worktrees/drain-evidence-driven-resource-policy/src/main.rs` found to be present in multiple build targets:
  * `bin` target `crunch`
  * `bin` target `mantle`
warning: `mantle` (manifest) generated 1 warning
    Finished `test` profile [unoptimized + debuginfo] target(s) in 0.33s
warning: the following packages contain code that will be rejected by a future version of Rust: n0-future v0.3.2, nix v0.29.0, nix v0.31.3, proc-macro-error2 v2.0.1
note: to see what the problems were, use the option `--future-incompat-report`, or run `cargo report future-incompatibilities --id 1`
     Running unittests src/main.rs (/tmp/mantle-resource-policy-target/debug/deps/mantle-2ef67efb1f324bc8)

running 1 test
test remote_build::tests::concurrent_resource_dispatches_commit_once_and_never_overcommit ... ok

test result: ok. 1 passed; 0 failed; 0 ignored; 0 measured; 2625 filtered out; finished in 0.02s

$ cargo test -p mantle --bin mantle remote_build::tests::concurrent_resource_dispatches_commit_once_and_never_overcommit --offline -- --exact --nocapture # run 3
warning: Cargo.toml: file `/home/brittonr/git/OnixResearch/mantle/.pi/worktrees/drain-evidence-driven-resource-policy/src/main.rs` found to be present in multiple build targets:
  * `bin` target `crunch`
  * `bin` target `mantle`
warning: `mantle` (manifest) generated 1 warning
    Finished `test` profile [unoptimized + debuginfo] target(s) in 0.34s
warning: the following packages contain code that will be rejected by a future version of Rust: n0-future v0.3.2, nix v0.29.0, nix v0.31.3, proc-macro-error2 v2.0.1
note: to see what the problems were, use the option `--future-incompat-report`, or run `cargo report future-incompatibilities --id 1`
     Running unittests src/main.rs (/tmp/mantle-resource-policy-target/debug/deps/mantle-2ef67efb1f324bc8)

running 1 test
test remote_build::tests::concurrent_resource_dispatches_commit_once_and_never_overcommit ... ok

test result: ok. 1 passed; 0 failed; 0 ignored; 0 measured; 2625 filtered out; finished in 0.01s

$ cairn validate --root .
{
  "change_issues": [],
  "changes": 3,
  "cross_repo_dependencies": [],
  "cross_repo_evidence_issues": [],
  "findings": [],
  "issues": [],
  "layout": "cairn",
  "policy": "mantle-default",
  "profile_issues": [],
  "resolution": {
    "diagnostics": [],
    "locator_consulted": false,
    "registry_lookup": "local_locator_only",
    "selected": {
      "project_identity": null,
      "root": ".",
      "source": "explicit_root",
      "store_id": null,
      "store_identity": null
    },
    "valid": true
  },
  "spec_findings": [],
  "spec_issues": [],
  "spec_substance": [
    {
      "path": "./.cairn/changes/add-dev-cache-cross-run-resume/specs/source-built-fixed-point-improved-iteration/spec.md",
      "requirement_blocks": 2,
      "scenario_blocks": 5,
      "substantive_requirement_blocks": 2
    },
    {
      "path": "./.cairn/changes/add-evidence-driven-resource-policy/specs/remote-builds/spec.md",
      "requirement_blocks": 7,
      "scenario_blocks": 15,
      "substantive_requirement_blocks": 7
    },
    {
      "path": "./.cairn/changes/verify-remote-admission-with-trellis/specs/remote-builds/spec.md",
      "requirement_blocks": 5,
      "scenario_blocks": 10,
      "substantive_requirement_blocks": 5
    },
    {
      "path": "./.cairn/specs/application-architecture/spec.md",
      "requirement_blocks": 5,
      "scenario_blocks": 10,
      "substantive_requirement_blocks": 5
    },
    {
      "path": "./.cairn/specs/artifact-auth-adoption/spec.md",
      "requirement_blocks": 9,
      "scenario_blocks": 15,
      "substantive_requirement_blocks": 9
    },
    {
      "path": "./.cairn/specs/artifact-auth-operational-receipt/spec.md",
      "requirement_blocks": 6,
      "scenario_blocks": 10,
      "substantive_requirement_blocks": 6
    },
    {
      "path": "./.cairn/specs/artifact-auth-shell-verification/spec.md",
      "requirement_blocks": 5,
      "scenario_blocks": 5,
      "substantive_requirement_blocks": 5
    },
    {
      "path": "./.cairn/specs/bootstrap-inventory/spec.md",
      "requirement_blocks": 24,
      "scenario_blocks": 94,
      "substantive_requirement_blocks": 24
    },
    {
      "path": "./.cairn/specs/bounded-tree-adoption/spec.md",
      "requirement_blocks": 6,
      "scenario_blocks": 12,
      "substantive_requirement_blocks": 6
    },
    {
      "path": "./.cairn/specs/build-correctness/spec.md",
      "requirement_blocks": 47,
      "scenario_blocks": 112,
      "substantive_requirement_blocks": 47
    },
    {
      "path": "./.cairn/specs/build-interchange/spec.md",
      "requirement_blocks": 6,
      "scenario_blocks": 10,
      "substantive_requirement_blocks": 6
    },
    {
      "path": "./.cairn/specs/build-scheduling/spec.md",
      "requirement_blocks": 8,
      "scenario_blocks": 19,
      "substantive_requirement_blocks": 8
    },
    {
      "path": "./.cairn/specs/build-tool-boundary/spec.md",
      "requirement_blocks": 9,
      "scenario_blocks": 23,
      "substantive_requirement_blocks": 9
    },
    {
      "path": "./.cairn/specs/cache-substitution/spec.md",
      "requirement_blocks": 9,
      "scenario_blocks": 36,
      "substantive_requirement_blocks": 9
    },
    {
      "path": "./.cairn/specs/cairn-input/spec.md",
      "requirement_blocks": 2,
      "scenario_blocks": 2,
      "substantive_requirement_blocks": 2
    },
    {
      "path": "./.cairn/specs/composition-roots/spec.md",
      "requirement_blocks": 9,
      "scenario_blocks": 22,
      "substantive_requirement_blocks": 9
    },
    {
      "path": "./.cairn/specs/durable-file-publication-adoption/spec.md",
      "requirement_blocks": 7,
      "scenario_blocks": 16,
      "substantive_requirement_blocks": 7
    },
    {
      "path": "./.cairn/specs/durable-publication-promotion/spec.md",
      "requirement_blocks": 4,
      "scenario_blocks": 8,
      "substantive_requirement_blocks": 4
    },
    {
      "path": "./.cairn/specs/durable-publication-validation/spec.md",
      "requirement_blocks": 5,
      "scenario_blocks": 10,
      "substantive_requirement_blocks": 5
    },
    {
      "path": "./.cairn/specs/dynamic-derivation-admission/spec.md",
      "requirement_blocks": 6,
      "scenario_blocks": 12,
      "substantive_requirement_blocks": 6
    },
    {
      "path": "./.cairn/specs/evaluation-performance/spec.md",
      "requirement_blocks": 8,
      "scenario_blocks": 16,
      "substantive_requirement_blocks": 8
    },
    {
      "path": "./.cairn/specs/evaluation-streaming/spec.md",
      "requirement_blocks": 10,
      "scenario_blocks": 22,
      "substantive_requirement_blocks": 10
    },
    {
      "path": "./.cairn/specs/examples/spec.md",
      "requirement_blocks": 11,
      "scenario_blocks": 24,
      "substantive_requirement_blocks": 11
    },
    {
      "path": "./.cairn/specs/external-batch-dispatchers/spec.md",
      "requirement_blocks": 9,
      "scenario_blocks": 18,
      "substantive_requirement_blocks": 9
    },
    {
      "path": "./.cairn/specs/fix-nix-producer/spec.md",
      "requirement_blocks": 8,
      "scenario_blocks": 16,
      "substantive_requirement_blocks": 8
    },
    {
      "path": "./.cairn/specs/flake-source-inventory/spec.md",
      "requirement_blocks": 1,
      "scenario_blocks": 1,
      "substantive_requirement_blocks": 1
    },
    {
      "path": "./.cairn/specs/foreign-derivation-import/spec.md",
      "requirement_blocks": 45,
      "scenario_blocks": 134,
      "substantive_requirement_blocks": 45
    },
    {
      "path": "./.cairn/specs/gcc40-bridge/spec.md",
      "requirement_blocks": 2,
      "scenario_blocks": 6,
      "substantive_requirement_blocks": 2
    },
    {
      "path": "./.cairn/specs/hardware-simulation-builds/spec.md",
      "requirement_blocks": 9,
      "scenario_blocks": 17,
      "substantive_requirement_blocks": 9
    },
    {
      "path": "./.cairn/specs/i386-tinycc27/spec.md",
      "requirement_blocks": 1,
      "scenario_blocks": 4,
      "substantive_requirement_blocks": 1
    },
    {
      "path": "./.cairn/specs/immutable-release-pointer/spec.md",
      "requirement_blocks": 5,
      "scenario_blocks": 7,
      "substantive_requirement_blocks": 5
    },
    {
      "path": "./.cairn/specs/kani-toolchain-evidence/spec.md",
      "requirement_blocks": 7,
      "scenario_blocks": 11,
      "substantive_requirement_blocks": 7
    },
    {
      "path": "./.cairn/specs/kernel-bundle-oci/spec.md",
      "requirement_blocks": 14,
      "scenario_blocks": 30,
      "substantive_requirement_blocks": 14
    },
    {
      "path": "./.cairn/specs/kernelscript-experiment/spec.md",
      "requirement_blocks": 8,
      "scenario_blocks": 14,
      "substantive_requirement_blocks": 8
    },
    {
      "path": "./.cairn/specs/machine-artifact-contracts/spec.md",
      "requirement_blocks": 9,
      "scenario_blocks": 9,
      "substantive_requirement_blocks": 9
    },
    {
      "path": "./.cairn/specs/mantlepkgs-catalog-structure/spec.md",
      "requirement_blocks": 7,
      "scenario_blocks": 13,
      "substantive_requirement_blocks": 7
    },
    {
      "path": "./.cairn/specs/mantlepkgs-impact-evidence/spec.md",
      "requirement_blocks": 7,
      "scenario_blocks": 13,
      "substantive_requirement_blocks": 7
    },
    {
      "path": "./.cairn/specs/mantlepkgs-update-plans/spec.md",
      "requirement_blocks": 8,
      "scenario_blocks": 15,
      "substantive_requirement_blocks": 8
    },
    {
      "path": "./.cairn/specs/mantlepkgs-version-resolution/spec.md",
      "requirement_blocks": 8,
      "scenario_blocks": 15,
      "substantive_requirement_blocks": 8
    },
    {
      "path": "./.cairn/specs/mantlepkgs/spec.md",
      "requirement_blocks": 8,
      "scenario_blocks": 16,
      "substantive_requirement_blocks": 8
    },
    {
      "path": "./.cairn/specs/nickel-export-infrastructure/spec.md",
      "requirement_blocks": 6,
      "scenario_blocks": 12,
      "substantive_requirement_blocks": 6
    },
    {
      "path": "./.cairn/specs/nickel-toolchain/spec.md",
      "requirement_blocks": 6,
      "scenario_blocks": 9,
      "substantive_requirement_blocks": 6
    },
    {
      "path": "./.cairn/specs/nix-producer-adapter/spec.md",
      "requirement_blocks": 13,
      "scenario_blocks": 29,
      "substantive_requirement_blocks": 13
    },
    {
      "path": "./.cairn/specs/operator-diagnostics/spec.md",
      "requirement_blocks": 18,
      "scenario_blocks": 42,
      "substantive_requirement_blocks": 18
    },
    {
      "path": "./.cairn/specs/portable-build-receipts/spec.md",
      "requirement_blocks": 7,
      "scenario_blocks": 14,
      "substantive_requirement_blocks": 7
    },
    {
      "path": "./.cairn/specs/project-workflows/spec.md",
      "requirement_blocks": 25,
      "scenario_blocks": 83,
      "substantive_requirement_blocks": 25
    },
    {
      "path": "./.cairn/specs/realization-routing/spec.md",
      "requirement_blocks": 20,
      "scenario_blocks": 42,
      "substantive_requirement_blocks": 20
    },
    {
      "path": "./.cairn/specs/reconciliation-pilot/spec.md",
      "requirement_blocks": 2,
      "scenario_blocks": 2,
      "substantive_requirement_blocks": 2
    },
    {
      "path": "./.cairn/specs/release-provenance/spec.md",
      "requirement_blocks": 78,
      "scenario_blocks": 120,
      "substantive_requirement_blocks": 78
    },
    {
      "path": "./.cairn/specs/remote-builds/spec.md",
      "requirement_blocks": 56,
      "scenario_blocks": 152,
      "substantive_requirement_blocks": 56
    },
    {
      "path": "./.cairn/specs/rust-package-planning/spec.md",
      "requirement_blocks": 149,
      "scenario_blocks": 494,
      "substantive_requirement_blocks": 149
    },
    {
      "path": "./.cairn/specs/rustc-cache-adapter/spec.md",
      "requirement_blocks": 6,
      "scenario_blocks": 16,
      "substantive_requirement_blocks": 6
    },
    {
      "path": "./.cairn/specs/source-built-fixed-point-improved-iteration/spec.md",
      "requirement_blocks": 3,
      "scenario_blocks": 7,
      "substantive_requirement_blocks": 3
    },
    {
      "path": "./.cairn/specs/source-transports/spec.md",
      "requirement_blocks": 17,
      "scenario_blocks": 36,
      "substantive_requirement_blocks": 17
    },
    {
      "path": "./.cairn/specs/spacewasm-reference-materialization/spec.md",
      "requirement_blocks": 9,
      "scenario_blocks": 16,
      "substantive_requirement_blocks": 9
    },
    {
      "path": "./.cairn/specs/store-lifecycle/spec.md",
      "requirement_blocks": 24,
      "scenario_blocks": 48,
      "substantive_requirement_blocks": 24
    },
    {
      "path": "./.cairn/specs/store-transports/spec.md",
      "requirement_blocks": 16,
      "scenario_blocks": 46,
      "substantive_requirement_blocks": 16
    },
    {
      "path": "./.cairn/specs/vendored-snix-integration/spec.md",
      "requirement_blocks": 4,
      "scenario_blocks": 11,
      "substantive_requirement_blocks": 4
    },
    {
      "path": "./.cairn/specs/verification-evidence/spec.md",
      "requirement_blocks": 60,
      "scenario_blocks": 181,
      "substantive_requirement_blocks": 60
    },
    {
      "path": "./.cairn/specs/wasm-component-builds/spec.md",
      "requirement_blocks": 14,
      "scenario_blocks": 25,
      "substantive_requirement_blocks": 14
    }
  ],
  "specs_validated": 60,
  "substance": [
    {
      "checkbox_tasks": 0,
      "kind": "design",
      "malformed_dependency_markers": 0,
      "path": "./.cairn/changes/add-dev-cache-cross-run-resume/design.md",
      "requirement_blocks": 0,
      "scenario_blocks": 0,
      "substantive_lines": 14,
      "substantive_requirement_blocks": 0,
      "substantive_tasks": 0,
      "task_done": 0,
      "task_in_progress": 0,
      "task_todo": 0
    },
    {
      "checkbox_tasks": 0,
      "kind": "proposal",
      "malformed_dependency_markers": 0,
      "path": "./.cairn/changes/add-dev-cache-cross-run-resume/proposal.md",
      "requirement_blocks": 0,
      "scenario_blocks": 0,
      "substantive_lines": 13,
      "substantive_requirement_blocks": 0,
      "substantive_tasks": 0,
      "task_done": 0,
      "task_in_progress": 0,
      "task_todo": 0
    },
    {
      "checkbox_tasks": 0,
      "kind": "delta_spec",
      "malformed_dependency_markers": 0,
      "path": "./.cairn/changes/add-dev-cache-cross-run-resume/specs/source-built-fixed-point-improved-iteration/spec.md",
      "requirement_blocks": 2,
      "scenario_blocks": 5,
      "substantive_lines": 26,
      "substantive_requirement_blocks": 2,
      "substantive_tasks": 0,
      "task_done": 0,
      "task_in_progress": 0,
      "task_todo": 0
    },
    {
      "checkbox_tasks": 8,
      "kind": "tasks",
      "malformed_dependency_markers": 0,
      "path": "./.cairn/changes/add-dev-cache-cross-run-resume/tasks.md",
      "requirement_blocks": 0,
      "scenario_blocks": 0,
      "substantive_lines": 8,
      "substantive_requirement_blocks": 0,
      "substantive_tasks": 8,
      "task_done": 0,
      "task_in_progress": 0,
      "task_todo": 8
    },
    {
      "checkbox_tasks": 0,
      "kind": "design",
      "malformed_dependency_markers": 0,
      "path": "./.cairn/changes/add-evidence-driven-resource-policy/design.md",
      "requirement_blocks": 0,
      "scenario_blocks": 0,
      "substantive_lines": 40,
      "substantive_requirement_blocks": 0,
      "substantive_tasks": 0,
      "task_done": 0,
      "task_in_progress": 0,
      "task_todo": 0
    },
    {
      "checkbox_tasks": 0,
      "kind": "proposal",
      "malformed_dependency_markers": 0,
      "path": "./.cairn/changes/add-evidence-driven-resource-policy/proposal.md",
      "requirement_blocks": 0,
      "scenario_blocks": 0,
      "substantive_lines": 22,
      "substantive_requirement_blocks": 0,
      "substantive_tasks": 0,
      "task_done": 0,
      "task_in_progress": 0,
      "task_todo": 0
    },
    {
      "checkbox_tasks": 0,
      "kind": "delta_spec",
      "malformed_dependency_markers": 0,
      "path": "./.cairn/changes/add-evidence-driven-resource-policy/specs/remote-builds/spec.md",
      "requirement_blocks": 7,
      "scenario_blocks": 15,
      "substantive_lines": 66,
      "substantive_requirement_blocks": 7,
      "substantive_tasks": 0,
      "task_done": 0,
      "task_in_progress": 0,
      "task_todo": 0
    },
    {
      "checkbox_tasks": 33,
      "kind": "tasks",
      "malformed_dependency_markers": 0,
      "path": "./.cairn/changes/add-evidence-driven-resource-policy/tasks.md",
      "requirement_blocks": 0,
      "scenario_blocks": 0,
      "substantive_lines": 33,
      "substantive_requirement_blocks": 0,
      "substantive_tasks": 33,
      "task_done": 0,
      "task_in_progress": 0,
      "task_todo": 33
    },
    {
      "checkbox_tasks": 0,
      "kind": "design",
      "malformed_dependency_markers": 0,
      "path": "./.cairn/changes/verify-remote-admission-with-trellis/design.md",
      "requirement_blocks": 0,
      "scenario_blocks": 0,
      "substantive_lines": 29,
      "substantive_requirement_blocks": 0,
      "substantive_tasks": 0,
      "task_done": 0,
      "task_in_progress": 0,
      "task_todo": 0
    },
    {
      "checkbox_tasks": 0,
      "kind": "proposal",
      "malformed_dependency_markers": 0,
      "path": "./.cairn/changes/verify-remote-admission-with-trellis/proposal.md",
      "requirement_blocks": 0,
      "scenario_blocks": 0,
      "substantive_lines": 21,
      "substantive_requirement_blocks": 0,
      "substantive_tasks": 0,
      "task_done": 0,
      "task_in_progress": 0,
      "task_todo": 0
    },
    {
      "checkbox_tasks": 0,
      "kind": "delta_spec",
      "malformed_dependency_markers": 0,
      "path": "./.cairn/changes/verify-remote-admission-with-trellis/specs/remote-builds/spec.md",
      "requirement_blocks": 5,
      "scenario_blocks": 10,
      "substantive_lines": 45,
      "substantive_requirement_blocks": 5,
      "substantive_tasks": 0,
      "task_done": 0,
      "task_in_progress": 0,
      "task_todo": 0
    },
    {
      "checkbox_tasks": 19,
      "kind": "tasks",
      "malformed_dependency_markers": 0,
      "path": "./.cairn/changes/verify-remote-admission-with-trellis/tasks.md",
      "requirement_blocks": 0,
      "scenario_blocks": 0,
      "substantive_lines": 19,
      "substantive_requirement_blocks": 0,
      "substantive_tasks": 19,
      "task_done": 0,
      "task_in_progress": 0,
      "task_todo": 19
    }
  ],
  "substance_findings": [],
  "substance_issues": [],
  "valid": true,
  "workflow_profiles": [
    {
      "acceptance_ids": [],
      "non_claims": [
        "workflow state proves only the selected policy graph and observed structural artifact facts",
        "workflow instructions do not prove artifact truth, review quality, or implementation correctness",
        "workflow state does not satisfy proposal, design, tasks, sync, archive, evidence, or release gates",
        "workflow commands are read-only and do not create, edit, delete, or approve lifecycle artifacts"
      ],
      "profile_identity_hash": "973f8623237ff98c0ae1ede3912647cbdcfcab067706513efb1adef97fe2a203",
      "review_receipt_hashes": [],
      "spec_effect": "delta",
      "workflow_profile": "spec-driven",
      "workflow_profile_compatibility_fallback": false,
      "workflow_profile_source": "change_create",
      "workflow_profile_version": 1
    }
  ]
}
$ cairn gate proposal add-evidence-driven-resource-policy --root .
{
  "change": "add-evidence-driven-resource-policy",
  "evidence_summary": {
    "docs_only": 0,
    "fixture": 0,
    "formal": 0,
    "mode": "advisory",
    "model": 0,
    "probe": 0,
    "property": 0
  },
  "input_hash": "2a00db29d6ceb3b5c3539fb5c7200184831b3fdae555bac9220959481f69fd12",
  "issues": [],
  "layout": "cairn",
  "policy": "mantle-default",
  "policy_hash": "acf9eb63eba35b8dfa98a4cdefca99088de442d8a20548ea3ab81a127b7b2746",
  "probe_evidence": null,
  "receipt_hash": "dab90d26f484fa41401081a45fff0d1e5ead298f78192d57b04504598fd6ac60",
  "stage": "proposal",
  "substance": [
    {
      "checkbox_tasks": 0,
      "kind": "proposal",
      "malformed_dependency_markers": 0,
      "path": "./.cairn/changes/add-evidence-driven-resource-policy/proposal.md",
      "requirement_blocks": 0,
      "scenario_blocks": 0,
      "substantive_lines": 22,
      "substantive_requirement_blocks": 0,
      "substantive_tasks": 0,
      "task_done": 0,
      "task_in_progress": 0,
      "task_todo": 0
    }
  ],
  "task_ordering": null,
  "valid": true,
  "verdict": "PASS"
}
$ cairn gate design add-evidence-driven-resource-policy --root .
{
  "change": "add-evidence-driven-resource-policy",
  "evidence_summary": {
    "docs_only": 0,
    "fixture": 0,
    "formal": 0,
    "mode": "advisory",
    "model": 0,
    "probe": 0,
    "property": 0
  },
  "input_hash": "5ae23bc57449930a8d45b3dbd9719cbafbf986462a36030ce86475d296a2e2a2",
  "issues": [],
  "layout": "cairn",
  "policy": "mantle-default",
  "policy_hash": "acf9eb63eba35b8dfa98a4cdefca99088de442d8a20548ea3ab81a127b7b2746",
  "probe_evidence": null,
  "receipt_hash": "e0d5f4e6c0aa395065e918940478822669b108ddb90b739835fb7ffd99bfa568",
  "stage": "design",
  "substance": [
    {
      "checkbox_tasks": 0,
      "kind": "design",
      "malformed_dependency_markers": 0,
      "path": "./.cairn/changes/add-evidence-driven-resource-policy/design.md",
      "requirement_blocks": 0,
      "scenario_blocks": 0,
      "substantive_lines": 40,
      "substantive_requirement_blocks": 0,
      "substantive_tasks": 0,
      "task_done": 0,
      "task_in_progress": 0,
      "task_todo": 0
    },
    {
      "checkbox_tasks": 0,
      "kind": "proposal",
      "malformed_dependency_markers": 0,
      "path": "./.cairn/changes/add-evidence-driven-resource-policy/proposal.md",
      "requirement_blocks": 0,
      "scenario_blocks": 0,
      "substantive_lines": 22,
      "substantive_requirement_blocks": 0,
      "substantive_tasks": 0,
      "task_done": 0,
      "task_in_progress": 0,
      "task_todo": 0
    },
    {
      "checkbox_tasks": 0,
      "kind": "delta_spec",
      "malformed_dependency_markers": 0,
      "path": "./.cairn/changes/add-evidence-driven-resource-policy/specs/remote-builds/spec.md",
      "requirement_blocks": 7,
      "scenario_blocks": 15,
      "substantive_lines": 66,
      "substantive_requirement_blocks": 7,
      "substantive_tasks": 0,
      "task_done": 0,
      "task_in_progress": 0,
      "task_todo": 0
    }
  ],
  "task_ordering": null,
  "valid": true,
  "verdict": "PASS"
}
