copying path '/nix/store/hhccdmpa2bhqbagn2zgmgrwjbcdinn55-source' from 'http://100.100.103.95:5000'...
warning: file 'nar/1pzq6dhayzd6kgyhjwqr1bwq468z36vp0al101havv6d0pw1fa40.nar?hash=hhccdmpa2bhqbagn2zgmgrwjbcdinn55' does not exist in binary cache 'http://100.100.103.95:5000'
warning: method `as_str` is never used
  --> src/remote_nominal.rs:55:20
   |
50 |         impl $name {
   |         ---------- method in this implementation
...
55 |             pub fn as_str(&self) -> &str {
   |                    ^^^^^^
...
62 | remote_id!(RemoteRequestId);
   | --------------------------- in this macro invocation
   |
   = note: `#[warn(dead_code)]` (part of `#[warn(unused)]`) on by default
   = note: this warning originates in the macro `remote_id` (in Nightly builds, run with -Z macro-backtrace for more info)

warning: method `as_str` is never used
  --> src/remote_nominal.rs:55:20
   |
50 |         impl $name {
   |         ---------- method in this implementation
...
55 |             pub fn as_str(&self) -> &str {
   |                    ^^^^^^
...
63 | remote_id!(RemoteProtocolSessionId);
   | ----------------------------------- in this macro invocation
   |
   = note: this warning originates in the macro `remote_id` (in Nightly builds, run with -Z macro-backtrace for more info)

config/operator-command-descriptors.json /tmp/nix-shell.KeaWHF/tmp.YBR7MdaII2/descriptors.json differ: byte 14936, line 705
