warning: /home/brittonr/git/OnixResearch/mantle/.pi/worktrees/source-built-receipt-finalization/Cargo.toml: file `/home/brittonr/git/OnixResearch/mantle/.pi/worktrees/source-built-receipt-finalization/src/main.rs` found to be present in multiple build targets:
  * `bin` target `crunch`
  * `bin` target `mantle`
    Finished `test` profile [unoptimized + debuginfo] target(s) in 0.82s
     Running unittests src/main.rs (/home/brittonr/.cargo-target/debug/deps/mantle-89263e91c19d52cc)

running 66 tests
test source_built_fixed_point_receipt::tests::preserved_proof_bundle_fixture_fits_receipt_entry_policy ... ignored, requires a preserved source-built proof bundle
test source_built_fixed_point_receipt::tests::preserved_stagex_transition_tree_fixture_hashes_under_receipt_policy ... ignored, requires a preserved source-built StageX transition tree
test source_built_fixed_point_receipt::tests::restored_stage_origin_requires_provider_role_and_complete_checkpoint_link ... ok
test source_built_fixed_point::tests::rejects_out_of_range_resource_bounds ... ok
test source_built_fixed_point::tests::rejects_imported_provider_as_source_authority ... ok
test source_built_fixed_point::tests::rejects_missing_required_source_role ... ok
test source_built_fixed_point::tests::rejects_practical_or_fallback_policy ... ok
test source_built_fixed_point::tests::rejects_host_orchestration_for_stage2 ... ok
test source_built_fixed_point_dev_cache::tests::fast_fail_reports_exact_matched_prior_digest_or_proceeds ... ok
test source_built_fixed_point_dev_cache::tests::ordered_policy_digests_are_distinct_and_stable ... ok
test source_built_fixed_point_shell::tests::disk_capacity_accepts_sufficient_space_and_rejects_shortfall ... ok
test source_built_fixed_point_receipt::tests::stage_evidence_rejects_fallbacks_and_duplicate_ids ... ok
test source_built_fixed_point::tests::plans_complete_source_built_fixed_point_authority ... ok
test source_built_fixed_point_dev_cache::tests::stage_marker_trusts_only_exact_plan_stage_and_digest_match ... ok
test source_built_fixed_point_dev_cache::tests::provider_cache_rejects_stale_or_mismatched_digests_as_hard_miss ... ok
test source_built_fixed_point_shell::tests::conventional_native_chain_is_cut_over_to_fresh_stagex_authority ... ok
test source_built_fixed_point_receipt::tests::bundle_digest_skips_declared_unreadable_scratch_but_rejects_unknown_unreadable_content ... ok
test source_built_fixed_point::tests::rejects_nonempty_initial_output_authority ... ok
test source_built_fixed_point_receipt::tests::bundle_digest_excludes_only_self_referential_receipt_files ... ok
test source_built_fixed_point_checkpoint::tests::promoted_checkpoint_rejects_changed_relevant_policy_and_forbidden_events ... ok
test source_built_fixed_point_shell::tests::projects_and_imports_retained_stagex_transition_handoff ... ignored, requires retained completed StageX transition
test source_built_fixed_point_checkpoint::tests::promoted_checkpoint_rejects_wrong_semantic_provider_identity ... ok
test source_built_fixed_point_checkpoint::tests::promoted_checkpoint_rejects_dev_origin_and_changed_payload ... ok
test source_built_fixed_point_receipt::tests::provider_identity_digest_binds_each_declared_role ... ok
test source_built_fixed_point::tests::rejects_invalid_expected_native_provider_digest ... ok
test source_built_fixed_point_shell::tests::last_published_source_digest_reads_latest_receipt_binding ... ok
test source_built_fixed_point_dev_cache::tests::provider_cache_key_is_stable_and_digest_sensitive ... ok
test source_built_fixed_point_shell::tests::open_file_descriptor_limit_planning_is_bounded_and_fail_closed ... ok
test source_built_fixed_point_shell::tests::open_file_descriptor_limit_child ... ok
test source_built_fixed_point_shell::tests::policy_digests_are_domain_separated_and_stable ... ok
test source_built_fixed_point_shell::tests::options_reject_existing_output_and_malformed_digests ... ok
test source_built_fixed_point_shell::tests::preparation_failure_status_preserves_blocker_without_inventing_plan_identity ... ok
test source_built_fixed_point_shell::tests::native_build_failure_summary_preserves_offline_blockers_and_rejects_malformed_output ... ok
test source_built_fixed_point_shell::tests::stagex_provider_cache_reuses_only_the_same_normalized_payload ... ok
test source_built_fixed_point_shell::tests::stagex_provider_handoff_accepts_only_expected_normalized_identity ... ok
test source_built_fixed_point_shell::tests::stagex_native_handoff_uses_only_the_fresh_reserved_provider_path ... ok
test source_built_fixed_point_dev_cache::tests::provider_cache_lookup_accepts_only_exact_receipt_validated_entry ... ok
test source_built_fixed_point::tests::plan_is_stable_across_source_input_order ... ok
test source_built_fixed_point_shell::tests::success_alias_transaction_updates_both_or_neither ... ok

thread '<unnamed>' (2287569) panicked at src/source_built_fixed_point_shell.rs:3421:72:
controlled worker panic
note: run with `RUST_BACKTRACE=1` environment variable to display a backtrace
test source_built_fixed_point::tests::rejects_stale_plan_digest ... ok
test source_built_fixed_point_checkpoint::tests::promoted_checkpoint_accepts_exact_stage_authority_and_payloads ... ok
test source_built_fixed_point_checkpoint::tests::provider_lookup_ignores_later_mantle_source_but_tracks_provider_sources ... ok
Generated signing key: crunch-britton-desktop-1 (/tmp/nix-shell.P78VVa/.tmpHmfL19/state/signing-key)
test source_built_fixed_point_shell::tests::adopt_cached_provider_subtrees_copies_and_returns_observation ... ok
test source_built_fixed_point_shell::tests::isolated_exec_worker_returns_values_and_reports_invalid_completion ... ok
test source_built_fixed_point_shell::tests::materialized_source_records_preserve_bound_union_and_allow_profile_bound_fetches ... ok
test source_built_fixed_point_shell::tests::store_seed_is_disabled_without_cache_flag ... ok
test source_built_fixed_point_shell::tests::native_build_command_is_strict_offline_and_substitution_free ... ok
test source_built_fixed_point_shell::tests::checkpoint_import_rejects_running_attempt_status ... ok
test source_built_fixed_point_shell::tests::materialized_vendor_inputs_are_checked_before_construction ... ok
test source_built_fixed_point_shell::tests::dev_cache_adoption_requires_validated_entry_and_present_subtrees ... ok
test source_built_fixed_point_shell::tests::publication_rolls_bundle_back_when_alias_transaction_fails ... ok
test source_bundle::tests::source_built_fixed_point_profile_rejects_missing_native_source_closure ... ok
test source_bundle::tests::source_built_fixed_point_profile_rejects_provider_manifest_substitution ... ok
test source_built_fixed_point_shell::tests::imported_provider_authority_accepts_legacy_plan_only_with_matching_recipe_projection ... ok
test source_built_fixed_point_shell::tests::stage_marker_write_read_and_reject_mutation ... ok
test source_built_fixed_point_shell::tests::missing_stagex_transition_handoff_input_leaves_destination_absent ... ok
test source_bundle::tests::source_built_fixed_point_profile_rejects_missing_native_manifest_authority ... ok
test source_built_fixed_point_checkpoint_shell::tests::promoted_checkpoint_rejects_modified_payload_and_partial_candidate ... ok
test source_built_fixed_point_shell::tests::open_file_descriptor_limit_is_enforced_in_a_subprocess ... ok
test tests::self_build_cli_accepts_source_built_fixed_point_authority ... ok
test source_built_fixed_point_shell::tests::stagex_transition_handoff_projects_only_declared_runtime_outputs ... ok
test source_built_fixed_point_shell::tests::dev_handoff_reuses_only_an_identical_persistent_tree ... ok
test source_built_fixed_point_shell::tests::store_service_registration_adopts_real_provider_and_is_observable ... ok
test source_built_fixed_point_checkpoint_shell::tests::promoted_checkpoint_publishes_idempotently_and_restores_into_fresh_paths ... ok
test source_bundle::tests::source_built_fixed_point_profile_carries_sources_without_provider_outputs ... ok
test source_bundle::tests::source_built_fixed_point_hydration_pins_all_sources_and_publishes_only_vendor ... ok

test result: ok. 63 passed; 0 failed; 3 ignored; 0 measured; 2356 filtered out; finished in 0.98s

