{
  "change": "add-promoted-source-built-proof-checkpoints",
  "evidence_summary": {
    "docs_only": 0,
    "fixture": 0,
    "formal": 0,
    "mode": "advisory",
    "model": 0,
    "probe": 0,
    "property": 0
  },
  "input_hash": "0af5be12d3a83cea69ba296ef4c37791ca6d7ec7c444cce5546951a8bf14836c",
  "issues": [],
  "layout": "cairn",
  "policy": "mantle-default",
  "policy_hash": "da1a3911e526d17f6b767ed1b59f736d22eeaf2796eedf61ee477765bf393acd",
  "probe_evidence": {
    "declarations_present": false,
    "probes": []
  },
  "receipt_hash": "08a08d0a9cc8722ee7fdf0ffaaa4fc195f4e588df127b7488a3ead05bded0fc4",
  "stage": "tasks",
  "substance": [
    {
      "checkbox_tasks": 0,
      "kind": "design",
      "malformed_dependency_markers": 0,
      "path": "/tmp/mantle-canonical-cairn-check/.cairn/changes/add-promoted-source-built-proof-checkpoints/design.md",
      "requirement_blocks": 0,
      "scenario_blocks": 0,
      "substantive_lines": 31,
      "substantive_requirement_blocks": 0,
      "substantive_tasks": 0,
      "task_done": 0,
      "task_in_progress": 0,
      "task_todo": 0
    },
    {
      "checkbox_tasks": 0,
      "kind": "proposal",
      "malformed_dependency_markers": 0,
      "path": "/tmp/mantle-canonical-cairn-check/.cairn/changes/add-promoted-source-built-proof-checkpoints/proposal.md",
      "requirement_blocks": 0,
      "scenario_blocks": 0,
      "substantive_lines": 18,
      "substantive_requirement_blocks": 0,
      "substantive_tasks": 0,
      "task_done": 0,
      "task_in_progress": 0,
      "task_todo": 0
    },
    {
      "checkbox_tasks": 0,
      "kind": "delta_spec",
      "malformed_dependency_markers": 0,
      "path": "/tmp/mantle-canonical-cairn-check/.cairn/changes/add-promoted-source-built-proof-checkpoints/specs/bootstrap-inventory/spec.md",
      "requirement_blocks": 1,
      "scenario_blocks": 6,
      "substantive_lines": 28,
      "substantive_requirement_blocks": 1,
      "substantive_tasks": 0,
      "task_done": 0,
      "task_in_progress": 0,
      "task_todo": 0
    },
    {
      "checkbox_tasks": 10,
      "kind": "tasks",
      "malformed_dependency_markers": 0,
      "path": "/tmp/mantle-canonical-cairn-check/.cairn/changes/add-promoted-source-built-proof-checkpoints/tasks.md",
      "requirement_blocks": 0,
      "scenario_blocks": 0,
      "substantive_lines": 16,
      "substantive_requirement_blocks": 0,
      "substantive_tasks": 10,
      "task_done": 8,
      "task_in_progress": 0,
      "task_todo": 2
    }
  ],
  "valid": true,
  "verdict": "PASS"
}
