.cairn/changes/close-full-check-blockers/evidence/full-check-2026-09-01/cairn-gate-design.log: OK
.cairn/changes/close-full-check-blockers/evidence/full-check-2026-09-01/cairn-gate-design.status: OK
.cairn/changes/close-full-check-blockers/evidence/full-check-2026-09-01/cairn-gate-proposal.log: OK
.cairn/changes/close-full-check-blockers/evidence/full-check-2026-09-01/cairn-gate-proposal.status: OK
.cairn/changes/close-full-check-blockers/evidence/full-check-2026-09-01/cairn-gate-tasks.log: OK
.cairn/changes/close-full-check-blockers/evidence/full-check-2026-09-01/cairn-gate-tasks.status: OK
.cairn/changes/close-full-check-blockers/evidence/full-check-2026-09-01/cairn-tracey.log: OK
.cairn/changes/close-full-check-blockers/evidence/full-check-2026-09-01/cairn-tracey.status: OK
.cairn/changes/close-full-check-blockers/evidence/full-check-2026-09-01/cairn-validate.log: OK
.cairn/changes/close-full-check-blockers/evidence/full-check-2026-09-01/cairn-validate.status: OK
.cairn/changes/close-full-check-blockers/evidence/full-check-2026-09-01/clippy.log: OK
.cairn/changes/close-full-check-blockers/evidence/full-check-2026-09-01/clippy.status: OK
.cairn/changes/close-full-check-blockers/evidence/full-check-2026-09-01/core-tests.log: OK
.cairn/changes/close-full-check-blockers/evidence/full-check-2026-09-01/core-tests.status: OK
.cairn/changes/close-full-check-blockers/evidence/full-check-2026-09-01/durable-publication-current.log: OK
.cairn/changes/close-full-check-blockers/evidence/full-check-2026-09-01/durable-publication-current.status: OK
.cairn/changes/close-full-check-blockers/evidence/full-check-2026-09-01/durable-publication-stale.log: OK
.cairn/changes/close-full-check-blockers/evidence/full-check-2026-09-01/durable-publication-stale.status: OK
.cairn/changes/close-full-check-blockers/evidence/full-check-2026-09-01/focused-nix.log: OK
.cairn/changes/close-full-check-blockers/evidence/full-check-2026-09-01/focused-nix.status: OK
.cairn/changes/close-full-check-blockers/evidence/full-check-2026-09-01/formatting.log: OK
.cairn/changes/close-full-check-blockers/evidence/full-check-2026-09-01/formatting.status: OK
.cairn/changes/close-full-check-blockers/evidence/full-check-2026-09-01/git-diff-check.log: OK
.cairn/changes/close-full-check-blockers/evidence/full-check-2026-09-01/git-diff-check.status: OK
.cairn/changes/close-full-check-blockers/evidence/full-check-2026-09-01/inventory-baseline.json: OK
.cairn/changes/close-full-check-blockers/evidence/full-check-2026-09-01/inventory-baseline.md: OK
.cairn/changes/close-full-check-blockers/evidence/full-check-2026-09-01/inventory.command.txt: OK
.cairn/changes/close-full-check-blockers/evidence/full-check-2026-09-01/inventory.json: OK
.cairn/changes/close-full-check-blockers/evidence/full-check-2026-09-01/inventory.log: OK
.cairn/changes/close-full-check-blockers/evidence/full-check-2026-09-01/inventory.md: OK
.cairn/changes/close-full-check-blockers/evidence/full-check-2026-09-01/inventory.status: OK
.cairn/changes/close-full-check-blockers/evidence/full-check-2026-09-01/missing-b3sum.json: OK
.cairn/changes/close-full-check-blockers/evidence/full-check-2026-09-01/missing-b3sum.log: OK
.cairn/changes/close-full-check-blockers/evidence/full-check-2026-09-01/missing-b3sum.md: OK
.cairn/changes/close-full-check-blockers/evidence/full-check-2026-09-01/missing-b3sum.status: OK
.cairn/changes/close-full-check-blockers/evidence/full-check-2026-09-01/nix-flake-local.log: OK
.cairn/changes/close-full-check-blockers/evidence/full-check-2026-09-01/nix-flake-local.status: OK
.cairn/changes/close-full-check-blockers/evidence/full-check-2026-09-01/nix-flake-ordinary.log: OK
.cairn/changes/close-full-check-blockers/evidence/full-check-2026-09-01/nix-flake-ordinary.status: OK
.cairn/changes/close-full-check-blockers/evidence/full-check-2026-09-01/nix-inventory.log: OK
.cairn/changes/close-full-check-blockers/evidence/full-check-2026-09-01/nix-inventory.status: OK
.cairn/changes/close-full-check-blockers/evidence/full-check-2026-09-01/nix-no-build.log: OK
.cairn/changes/close-full-check-blockers/evidence/full-check-2026-09-01/nix-no-build.status: OK
.cairn/changes/close-full-check-blockers/evidence/full-check-2026-09-01/root-clippy.log: OK
.cairn/changes/close-full-check-blockers/evidence/full-check-2026-09-01/root-clippy.status: OK
.cairn/changes/close-full-check-blockers/evidence/full-check-2026-09-01/spacewasm-api-failure.log: OK
.cairn/changes/close-full-check-blockers/evidence/full-check-2026-09-01/spacewasm-api-failure.status: OK
.cairn/changes/close-full-check-blockers/evidence/full-check-2026-09-01/spacewasm-crane-build.log: OK
.cairn/changes/close-full-check-blockers/evidence/full-check-2026-09-01/spacewasm-crane-build.status: OK
.cairn/changes/close-full-check-blockers/evidence/full-check-2026-09-01/spacewasm-crane-rebuild.log: OK
.cairn/changes/close-full-check-blockers/evidence/full-check-2026-09-01/spacewasm-crane-rebuild.status: OK
.cairn/changes/close-full-check-blockers/evidence/full-check-2026-09-01/store-blocker-ordinary-summary.txt: OK
.cairn/changes/close-full-check-blockers/evidence/full-check-2026-09-01/store-blocker-summary.txt: OK
.cairn/changes/close-full-check-blockers/evidence/full-check-2026-09-01/summary.md: OK
.cairn/changes/close-full-check-blockers/evidence/full-check-2026-09-01/tamper.json: OK
.cairn/changes/close-full-check-blockers/evidence/full-check-2026-09-01/tamper.log: OK
.cairn/changes/close-full-check-blockers/evidence/full-check-2026-09-01/tamper.md: OK
.cairn/changes/close-full-check-blockers/evidence/full-check-2026-09-01/tamper.status: OK
.cairn/changes/close-full-check-blockers/evidence/full-check-2026-09-01/tigerstyle-store-blocker.log: OK
.cairn/changes/close-full-check-blockers/evidence/full-check-2026-09-01/tigerstyle-store-blocker.status: OK
.cairn/changes/close-full-check-blockers/evidence/full-check-2026-09-01/wasm-toolchain-rebuild.log: OK
.cairn/changes/close-full-check-blockers/evidence/full-check-2026-09-01/wasm-toolchain-rebuild.status: OK
