copying path '/nix/store/hhccdmpa2bhqbagn2zgmgrwjbcdinn55-source' from 'http://100.100.103.95:5000'...
warning: file 'nar/1pzq6dhayzd6kgyhjwqr1bwq468z36vp0al101havv6d0pw1fa40.nar?hash=hhccdmpa2bhqbagn2zgmgrwjbcdinn55' does not exist in binary cache 'http://100.100.103.95:5000'
warning: /home/brittonr/git/OnixResearch/mantle/.pi/worktrees/close-full-check-blockers/Cargo.toml: file `/home/brittonr/git/OnixResearch/mantle/.pi/worktrees/close-full-check-blockers/src/main.rs` found to be present in multiple build targets:
  * `bin` target `crunch`
  * `bin` target `mantle`
    Checking serde_json v1.0.149
    Checking blake3 v1.8.2
    Checking mantle-portable-client-core v0.1.0 (/home/brittonr/git/OnixResearch/mantle/.pi/worktrees/close-full-check-blockers/crates/mantle-portable-client-core)
    Checking mantle-build-contract v0.1.0 (/home/brittonr/git/OnixResearch/mantle/.pi/worktrees/close-full-check-blockers/crates/mantle-build-contract)
    Checking crunch-composition-core v0.1.0 (/home/brittonr/git/OnixResearch/mantle/.pi/worktrees/close-full-check-blockers/crates/crunch-composition-core)
    Checking crunch-overlay-core v0.1.0 (/home/brittonr/git/OnixResearch/mantle/.pi/worktrees/close-full-check-blockers/crates/crunch-overlay-core)
    Checking crunch-eval-budget-core v0.1.0 (/home/brittonr/git/OnixResearch/mantle/.pi/worktrees/close-full-check-blockers/crates/crunch-eval-budget-core)
    Checking crunch-gc-core v0.1.0 (/home/brittonr/git/OnixResearch/mantle/.pi/worktrees/close-full-check-blockers/crates/crunch-gc-core)
    Checking nix-compat v0.1.0 (/home/brittonr/git/OnixResearch/mantle/.pi/worktrees/close-full-check-blockers/vendor/nix-compat)
    Checking object_store v0.14.0
    Checking mantlepkgs-core v0.1.0 (/home/brittonr/git/OnixResearch/mantle/.pi/worktrees/close-full-check-blockers/crates/mantlepkgs-core)
    Checking crunch-release-core v0.1.0 (/home/brittonr/git/OnixResearch/mantle/.pi/worktrees/close-full-check-blockers/crates/crunch-release-core)
    Checking crunch-nar v0.1.0 (/home/brittonr/git/OnixResearch/mantle/.pi/worktrees/close-full-check-blockers/crates/crunch-nar)
    Checking snix-castore v0.1.0 (/home/brittonr/git/OnixResearch/mantle/.pi/worktrees/close-full-check-blockers/vendor/snix-castore)
    Checking snix-store v0.1.0 (/home/brittonr/git/OnixResearch/mantle/.pi/worktrees/close-full-check-blockers/vendor/snix-store)
    Finished `dev` profile [unoptimized + debuginfo] target(s) in 6.17s
warning: /home/brittonr/git/OnixResearch/mantle/.pi/worktrees/close-full-check-blockers/Cargo.toml: file `/home/brittonr/git/OnixResearch/mantle/.pi/worktrees/close-full-check-blockers/src/main.rs` found to be present in multiple build targets:
  * `bin` target `crunch`
  * `bin` target `mantle`
    Finished `dev` profile [unoptimized + debuginfo] target(s) in 0.24s
