$ nix run path:/home/brittonr/git/OnixResearch/cairn#cairn -- gate tasks verify-remote-admission-with-trellis --root .
{
  "change": "verify-remote-admission-with-trellis",
  "evidence_summary": {
    "docs_only": 0,
    "fixture": 0,
    "formal": 0,
    "mode": "advisory",
    "model": 0,
    "probe": 0,
    "property": 0
  },
  "input_hash": "5409f0c1d05d8e8badf66eda21bb9c3597b50fccb2c1c11efcb79cc092c6c4ef",
  "issues": [],
  "layout": "cairn",
  "policy": "mantle-default",
  "policy_hash": "acf9eb63eba35b8dfa98a4cdefca99088de442d8a20548ea3ab81a127b7b2746",
  "probe_evidence": {
    "declarations_present": false,
    "probes": []
  },
  "receipt_hash": "e6fda0a927a7c155b8a703164587b292022b01518ca8c469d47486a01acd6819",
  "stage": "tasks",
  "substance": [
    {
      "checkbox_tasks": 0,
      "kind": "design",
      "malformed_dependency_markers": 0,
      "path": "./.cairn/changes/verify-remote-admission-with-trellis/design.md",
      "requirement_blocks": 0,
      "scenario_blocks": 0,
      "substantive_lines": 29,
      "substantive_requirement_blocks": 0,
      "substantive_tasks": 0,
      "task_done": 0,
      "task_in_progress": 0,
      "task_todo": 0
    },
    {
      "checkbox_tasks": 0,
      "kind": "proposal",
      "malformed_dependency_markers": 0,
      "path": "./.cairn/changes/verify-remote-admission-with-trellis/proposal.md",
      "requirement_blocks": 0,
      "scenario_blocks": 0,
      "substantive_lines": 21,
      "substantive_requirement_blocks": 0,
      "substantive_tasks": 0,
      "task_done": 0,
      "task_in_progress": 0,
      "task_todo": 0
    },
    {
      "checkbox_tasks": 0,
      "kind": "delta_spec",
      "malformed_dependency_markers": 0,
      "path": "./.cairn/changes/verify-remote-admission-with-trellis/specs/remote-builds/spec.md",
      "requirement_blocks": 5,
      "scenario_blocks": 10,
      "substantive_lines": 45,
      "substantive_requirement_blocks": 5,
      "substantive_tasks": 0,
      "task_done": 0,
      "task_in_progress": 0,
      "task_todo": 0
    },
    {
      "checkbox_tasks": 19,
      "kind": "tasks",
      "malformed_dependency_markers": 0,
      "path": "./.cairn/changes/verify-remote-admission-with-trellis/tasks.md",
      "requirement_blocks": 0,
      "scenario_blocks": 0,
      "substantive_lines": 19,
      "substantive_requirement_blocks": 0,
      "substantive_tasks": 19,
      "task_done": 0,
      "task_in_progress": 0,
      "task_todo": 19
    }
  ],
  "task_ordering": {
    "active": false,
    "edges": [],
    "issues": [],
    "nodes": [],
    "order": [],
    "ready_tasks": [],
    "valid": true
  },
  "valid": true,
  "verdict": "PASS"
}
