copying path '/nix/store/hhccdmpa2bhqbagn2zgmgrwjbcdinn55-source' from 'http://100.100.103.95:5000'...
warning: file 'nar/1pzq6dhayzd6kgyhjwqr1bwq468z36vp0al101havv6d0pw1fa40.nar?hash=hhccdmpa2bhqbagn2zgmgrwjbcdinn55' does not exist in binary cache 'http://100.100.103.95:5000'
error: contract broken by a value
       extra field `allow_local_build`
   ┌─ /home/brittonr/git/OnixResearch/mantle/.pi/worktrees/drain-adopt-nickel-1-17-cohort/config/foreign-cache-closure/tests/invalid-unknown-field.ncl:4:1
   │
 4 │ (policy & { allow_local_build = true }) | Contracts.CacheClosurePolicy
   │ ^^^^^^^^^^^^^^^^^^^^^^^^^^^^^^^^^^^^^^^   ---------------------------- expected type
   │ │
   │ applied to this expression
   │
   ┌─ <unknown> (generated by evaluation):1:1
   │
 1 │ ╭ {
 2 │ │   allow_local_build = true,
 3 │ │   max_depth | PositiveInteger = 128,
 4 │ │   max_nar_bytes | PositiveInteger = 8589934592,
   · │
 9 │ │     = 'mantle-foreign-cache-closure-policy-v1,
10 │ │ }
   │ ╰─' evaluated to this value
   │
   = Have you misspelled a field?
   = The record contract might also be too strict. By default, record contracts exclude any field which is not listed.
     Append `, ..` at the end of the record contract, as in `{some_field | SomeContract, ..}`, to make it accept extra fields.

error: contract broken by the value of `max_paths`
  ┌─ /home/brittonr/git/OnixResearch/mantle/.pi/worktrees/drain-adopt-nickel-1-17-cohort/config/foreign-cache-closure/contracts.ncl:5:15
  │
5 │   max_paths | PositiveInteger,
  │               --------------- expected type
  │
  ┌─ /home/brittonr/git/OnixResearch/mantle/.pi/worktrees/drain-adopt-nickel-1-17-cohort/config/foreign-cache-closure/tests/invalid-zero-limit.ncl:5:15
  │
5 │   max_paths = 0,
  │               ^ applied to this expression

error: contract broken by the value of `target_prefix`
   ┌─ /home/brittonr/git/OnixResearch/mantle/.pi/worktrees/drain-adopt-nickel-1-17-cohort/config/foreign-cache-closure/contracts.ncl:23:19
   │
23 │   target_prefix | NixStorePrefix,
   │                   -------------- expected type
   │
   ┌─ /home/brittonr/git/OnixResearch/mantle/.pi/worktrees/drain-adopt-nickel-1-17-cohort/config/foreign-cache-closure/tests/invalid-preserve-prefix.ncl:5:19
   │
 5 │   target_prefix = "/mantle/store",
   │                   ^^^^^^^^^^^^^^^ applied to this expression
   │
   ┌─ <unknown> (generated by evaluation):1:1
   │
 1 │ "/mantle/store"
   │ --------------- evaluated to this value

error: contract broken by a value
       extra field `ambient_host_fallback`
   ┌─ /home/brittonr/git/OnixResearch/mantle/.pi/worktrees/drain-adopt-nickel-1-17-cohort/config/foreign-provenance-audit/tests/invalid-unknown-field.ncl:4:1
   │
 4 │ (policy & { ambient_host_fallback = true })
   │ ^^^^^^^^^^^^^^^^^^^^^^^^^^^^^^^^^^^^^^^^^^^ applied to this expression
 5 │ | Contracts.AuditPolicy
   │   --------------------- expected type
   │
   ┌─ <unknown> (generated by evaluation):1:1
   │
 1 │ ╭ {
 2 │ │   allowed_profile_paths | Array AbsoluteLexicalPath = %<closure@0x7ffe5bb141e0>,
 3 │ │   ambient_host_fallback = true,
 4 │ │   max_blob_bytes | PositiveInteger = 67108864,
   · │
20 │ │     = %<closure@0x7ffe5bb141e0>,
21 │ │ }
   │ ╰─' evaluated to this value
   │
   = Have you misspelled a field?
   = The record contract might also be too strict. By default, record contracts exclude any field which is not listed.
     Append `, ..` at the end of the record contract, as in `{some_field | SomeContract, ..}`, to make it accept extra fields.

error: contract broken by the value of `max_nodes`
   ┌─ /home/brittonr/git/OnixResearch/mantle/.pi/worktrees/drain-adopt-nickel-1-17-cohort/config/foreign-provenance-audit/contracts.ncl:21:15
   │
21 │   max_nodes | PositiveInteger,
   │               --------------- expected type
   │
   ┌─ /home/brittonr/git/OnixResearch/mantle/.pi/worktrees/drain-adopt-nickel-1-17-cohort/config/foreign-provenance-audit/tests/invalid-zero-limit.ncl:6:15
   │
 6 │   max_nodes = 0,
   │               ^ applied to this expression

error: contract broken by a value
       extra field `ambient_shell`
   ┌─ /home/brittonr/git/OnixResearch/mantle/.pi/worktrees/drain-adopt-nickel-1-17-cohort/config/foreign-execution-profiles/tests/invalid-unknown-field.ncl:3:1
   │
 3 │ (profile & { ambient_shell = "/bin/sh" })
   │ ^^^^^^^^^^^^^^^^^^^^^^^^^^^^^^^^^^^^^^^^^ applied to this expression
 4 │   | Contracts.ExecutionProfile
   │     -------------------------- expected type
   │
   ┌─ <unknown> (generated by evaluation):1:1
   │
 1 │ ╭ {
 2 │ │   allow_setid | FalseOnly = false,
 3 │ │   ambient_shell = %<closure@0x7ffc97d29060>,
 4 │ │   environment_mode | DeclaredEnvironment = %<closure@0x7ffc97d29060>,
   · │
19 │ │   writable_prefixes | Array NonEmptyString = %<closure@0x7ffc97d29060>,
20 │ │ }
   │ ╰─' evaluated to this value
   │
   = Have you misspelled a field?
   = The record contract might also be too strict. By default, record contracts exclude any field which is not listed.
     Append `, ..` at the end of the record contract, as in `{some_field | SomeContract, ..}`, to make it accept extra fields.

error: non mergeable terms
   ┌─ /home/brittonr/git/OnixResearch/mantle/.pi/worktrees/drain-adopt-nickel-1-17-cohort/config/foreign-execution-profiles/guix.ncl:19:17
   │
19 │   allow_setid = false,
   │                 ^^^^^ cannot merge this expression
   │
   ┌─ /home/brittonr/git/OnixResearch/mantle/.pi/worktrees/drain-adopt-nickel-1-17-cohort/config/foreign-execution-profiles/tests/invalid-setid.ncl:3:28
   │
 3 │ (profile & { allow_setid = true })
   │ ---------------------------^^^^---
   │ │                          │
   │ │                          with this expression
   │ originally merged here
   │
   = Merge operands have the same merge priority but they can't be combined.
   = Both values are of type Bool but they aren't equal.
   = Bool values can only be merged if they are equal
