{
  "acceptance_ids": [],
  "actions": [
    {
      "description": "move active change to archive: add-dynamic-plan-source-slices",
      "kind": "archive_change",
      "path": "./.cairn/changes/add-dynamic-plan-source-slices"
    }
  ],
  "blocked": false,
  "change": "add-dynamic-plan-source-slices",
  "cross_repo_dependencies": {
    "blocked_count": 0,
    "dependency_count": 0,
    "input_hash": "f21f4eaa3329e82b19274d2be16caa3ca84bdbb2c0b7e841a963c56ed6c9bfd3",
    "non_claims": [
      "dependency satisfaction proves presented receipt linkage only",
      "dependency satisfaction does not prove upstream correctness or remote trust",
      "dependency satisfaction does not prove downstream integration correctness or release eligibility"
    ],
    "policy_hash": "10455600e4ec15e5afa2b7759c70856ed9a1dc4ed1e18b635b32ee3d33cc6b4b",
    "receipt_hash": "132031deca491569258b65d57267b6b6809127ab0b785b5b90312d02db26dbfa",
    "rows": [],
    "satisfied_count": 0,
    "schema": "cairn.cross-repo-dependency-receipt.v1",
    "valid": true,
    "verdict": "PASS"
  },
  "cross_repo_evidence_issues": [],
  "dry_run": true,
  "input_hash": "ff46eae1fe1e5402fbada08c2fa89ce909cc8fb908939186a710e485a88db224",
  "layout": "cairn",
  "mutated": false,
  "mutation_manifest": null,
  "non_claims": [
    "workflow state proves only the selected policy graph and observed structural artifact facts",
    "workflow instructions do not prove artifact truth, review quality, or implementation correctness",
    "workflow state does not satisfy proposal, design, tasks, sync, archive, evidence, or release gates",
    "workflow commands are read-only and do not create, edit, delete, or approve lifecycle artifacts"
  ],
  "plan_hash": "a3a3a87c8c32497a1985ee3ee531660f32dbf5da9cf96e08a46aea296a1e8b23",
  "policy": "mantle-default",
  "policy_hash": "10455600e4ec15e5afa2b7759c70856ed9a1dc4ed1e18b635b32ee3d33cc6b4b",
  "profile_identity_hash": "946383014cd2f1429f62f3eb1f1c42c4493c612e502189cf799677648a6c3e27",
  "reasons": [],
  "receipt_hash": "689c5c3d284c85cabca7b8b484011970467bed82316eda286867958152863396",
  "review_receipt_hashes": [],
  "spec_effect": "delta",
  "workflow_profile": "spec-driven",
  "workflow_profile_compatibility_fallback": false,
  "workflow_profile_source": "change_create",
  "workflow_profile_version": 1
}
