{
  "acceptance_ids": [],
  "change": "add-dynamic-plan-source-slices",
  "evidence_summary": {
    "docs_only": 0,
    "fixture": 0,
    "formal": 0,
    "mode": "advisory",
    "model": 0,
    "probe": 0,
    "property": 0
  },
  "input_hash": "b0534cdd38b1c51587513ee413ba318f31b9c3af820e6a483f400167f1749917",
  "issues": [],
  "layout": "cairn",
  "non_claims": [
    "workflow state proves only the selected policy graph and observed structural artifact facts",
    "workflow instructions do not prove artifact truth, review quality, or implementation correctness",
    "workflow state does not satisfy proposal, design, tasks, sync, archive, evidence, or release gates",
    "workflow commands are read-only and do not create, edit, delete, or approve lifecycle artifacts"
  ],
  "policy": "mantle-default",
  "policy_hash": "10455600e4ec15e5afa2b7759c70856ed9a1dc4ed1e18b635b32ee3d33cc6b4b",
  "policy_selection": {
    "blake3": "31d095609943dd430aa8ab172cd1b8f5116550d41e5b1c8463b89875017e0d12",
    "installation_receipt": false,
    "locator": "cairn-policy/generated/cairn-policy.json",
    "source": "legacy_default"
  },
  "probe_evidence": {
    "declarations_present": false,
    "probes": []
  },
  "profile_identity_hash": "946383014cd2f1429f62f3eb1f1c42c4493c612e502189cf799677648a6c3e27",
  "receipt_hash": "e5ab298560c40473eed070404a033eaae4c2fdbddb4f4e792aa366ff8e6b9f7b",
  "review_receipt_hashes": [],
  "spec_effect": "delta",
  "stage": "tasks",
  "substance": [
    {
      "checkbox_tasks": 0,
      "kind": "design",
      "malformed_dependency_markers": 0,
      "path": "./.cairn/changes/add-dynamic-plan-source-slices/design.md",
      "requirement_blocks": 0,
      "scenario_blocks": 0,
      "substantive_lines": 91,
      "substantive_requirement_blocks": 0,
      "substantive_tasks": 0,
      "task_done": 0,
      "task_in_progress": 0,
      "task_todo": 0
    },
    {
      "checkbox_tasks": 0,
      "kind": "proposal",
      "malformed_dependency_markers": 0,
      "path": "./.cairn/changes/add-dynamic-plan-source-slices/proposal.md",
      "requirement_blocks": 0,
      "scenario_blocks": 0,
      "substantive_lines": 74,
      "substantive_requirement_blocks": 0,
      "substantive_tasks": 0,
      "task_done": 0,
      "task_in_progress": 0,
      "task_todo": 0
    },
    {
      "checkbox_tasks": 0,
      "kind": "delta_spec",
      "malformed_dependency_markers": 0,
      "path": "./.cairn/changes/add-dynamic-plan-source-slices/specs/dynamic-plan-source-slices/spec.md",
      "requirement_blocks": 5,
      "scenario_blocks": 12,
      "substantive_lines": 47,
      "substantive_requirement_blocks": 5,
      "substantive_tasks": 0,
      "task_done": 0,
      "task_in_progress": 0,
      "task_todo": 0
    },
    {
      "checkbox_tasks": 16,
      "kind": "tasks",
      "malformed_dependency_markers": 0,
      "path": "./.cairn/changes/add-dynamic-plan-source-slices/tasks.md",
      "requirement_blocks": 0,
      "scenario_blocks": 0,
      "substantive_lines": 29,
      "substantive_requirement_blocks": 0,
      "substantive_tasks": 16,
      "task_done": 16,
      "task_in_progress": 0,
      "task_todo": 0
    }
  ],
  "task_ordering": {
    "active": false,
    "edges": [],
    "issues": [],
    "nodes": [],
    "order": [],
    "ready_tasks": [],
    "valid": true
  },
  "valid": true,
  "verdict": "PASS",
  "workflow_profile": "spec-driven",
  "workflow_profile_compatibility_fallback": false,
  "workflow_profile_source": "change_create",
  "workflow_profile_version": 1
}
