.cairn/archive/2026-09-01-repair-crunch-store-tigerstyle/evidence/store-repair-2026-09-01/archive-note.md: OK
.cairn/archive/2026-09-01-repair-crunch-store-tigerstyle/evidence/store-repair-2026-09-01/cairn-gate-design.log: OK
.cairn/archive/2026-09-01-repair-crunch-store-tigerstyle/evidence/store-repair-2026-09-01/cairn-gate-design.status: OK
.cairn/archive/2026-09-01-repair-crunch-store-tigerstyle/evidence/store-repair-2026-09-01/cairn-gate-proposal.log: OK
.cairn/archive/2026-09-01-repair-crunch-store-tigerstyle/evidence/store-repair-2026-09-01/cairn-gate-proposal.status: OK
.cairn/archive/2026-09-01-repair-crunch-store-tigerstyle/evidence/store-repair-2026-09-01/cairn-gate-tasks.log: OK
.cairn/archive/2026-09-01-repair-crunch-store-tigerstyle/evidence/store-repair-2026-09-01/cairn-gate-tasks.status: OK
.cairn/archive/2026-09-01-repair-crunch-store-tigerstyle/evidence/store-repair-2026-09-01/cairn-tracey.log: OK
.cairn/archive/2026-09-01-repair-crunch-store-tigerstyle/evidence/store-repair-2026-09-01/cairn-tracey.status: OK
.cairn/archive/2026-09-01-repair-crunch-store-tigerstyle/evidence/store-repair-2026-09-01/cairn-validate.log: OK
.cairn/archive/2026-09-01-repair-crunch-store-tigerstyle/evidence/store-repair-2026-09-01/cairn-validate.status: OK
.cairn/archive/2026-09-01-repair-crunch-store-tigerstyle/evidence/store-repair-2026-09-01/clippy.command.txt: OK
.cairn/archive/2026-09-01-repair-crunch-store-tigerstyle/evidence/store-repair-2026-09-01/clippy.log: OK
.cairn/archive/2026-09-01-repair-crunch-store-tigerstyle/evidence/store-repair-2026-09-01/clippy.status: OK
.cairn/archive/2026-09-01-repair-crunch-store-tigerstyle/evidence/store-repair-2026-09-01/crunch-store-findings.status: OK
.cairn/archive/2026-09-01-repair-crunch-store-tigerstyle/evidence/store-repair-2026-09-01/crunch-store-findings.txt: OK
.cairn/archive/2026-09-01-repair-crunch-store-tigerstyle/evidence/store-repair-2026-09-01/focused-tiger.command.txt: OK
.cairn/archive/2026-09-01-repair-crunch-store-tigerstyle/evidence/store-repair-2026-09-01/focused-tiger.log: OK
.cairn/archive/2026-09-01-repair-crunch-store-tigerstyle/evidence/store-repair-2026-09-01/focused-tiger.status: OK
.cairn/archive/2026-09-01-repair-crunch-store-tigerstyle/evidence/store-repair-2026-09-01/formatting.command.txt: OK
.cairn/archive/2026-09-01-repair-crunch-store-tigerstyle/evidence/store-repair-2026-09-01/formatting.log: OK
.cairn/archive/2026-09-01-repair-crunch-store-tigerstyle/evidence/store-repair-2026-09-01/formatting.status: OK
.cairn/archive/2026-09-01-repair-crunch-store-tigerstyle/evidence/store-repair-2026-09-01/full-local.command.txt: OK
.cairn/archive/2026-09-01-repair-crunch-store-tigerstyle/evidence/store-repair-2026-09-01/full-local-crunch-store-findings.status: OK
.cairn/archive/2026-09-01-repair-crunch-store-tigerstyle/evidence/store-repair-2026-09-01/full-local-crunch-store-findings.txt: OK
.cairn/archive/2026-09-01-repair-crunch-store-tigerstyle/evidence/store-repair-2026-09-01/full-local.log: OK
.cairn/archive/2026-09-01-repair-crunch-store-tigerstyle/evidence/store-repair-2026-09-01/full-local.status: OK
.cairn/archive/2026-09-01-repair-crunch-store-tigerstyle/evidence/store-repair-2026-09-01/full-local-summary.txt: OK
.cairn/archive/2026-09-01-repair-crunch-store-tigerstyle/evidence/store-repair-2026-09-01/full-ordinary.command.txt: OK
.cairn/archive/2026-09-01-repair-crunch-store-tigerstyle/evidence/store-repair-2026-09-01/full-ordinary-crunch-store-findings.status: OK
.cairn/archive/2026-09-01-repair-crunch-store-tigerstyle/evidence/store-repair-2026-09-01/full-ordinary-crunch-store-findings.txt: OK
.cairn/archive/2026-09-01-repair-crunch-store-tigerstyle/evidence/store-repair-2026-09-01/full-ordinary.log: OK
.cairn/archive/2026-09-01-repair-crunch-store-tigerstyle/evidence/store-repair-2026-09-01/full-ordinary.status: OK
.cairn/archive/2026-09-01-repair-crunch-store-tigerstyle/evidence/store-repair-2026-09-01/full-ordinary-summary.txt: OK
.cairn/archive/2026-09-01-repair-crunch-store-tigerstyle/evidence/store-repair-2026-09-01/git-diff-check.log: OK
.cairn/archive/2026-09-01-repair-crunch-store-tigerstyle/evidence/store-repair-2026-09-01/git-diff-check.status: OK
.cairn/archive/2026-09-01-repair-crunch-store-tigerstyle/evidence/store-repair-2026-09-01/git-status-before-archive.log: OK
.cairn/archive/2026-09-01-repair-crunch-store-tigerstyle/evidence/store-repair-2026-09-01/integration-no-run.command.txt: OK
.cairn/archive/2026-09-01-repair-crunch-store-tigerstyle/evidence/store-repair-2026-09-01/integration-no-run.log: OK
.cairn/archive/2026-09-01-repair-crunch-store-tigerstyle/evidence/store-repair-2026-09-01/integration-no-run.status: OK
.cairn/archive/2026-09-01-repair-crunch-store-tigerstyle/evidence/store-repair-2026-09-01/mantle-check.log: OK
.cairn/archive/2026-09-01-repair-crunch-store-tigerstyle/evidence/store-repair-2026-09-01/mantle-check.status: OK
.cairn/archive/2026-09-01-repair-crunch-store-tigerstyle/evidence/store-repair-2026-09-01/new-suppression-findings.log: OK
.cairn/archive/2026-09-01-repair-crunch-store-tigerstyle/evidence/store-repair-2026-09-01/new-suppression-findings.status: OK
.cairn/archive/2026-09-01-repair-crunch-store-tigerstyle/evidence/store-repair-2026-09-01/next-tiger-blocker-summary.txt: OK
.cairn/archive/2026-09-01-repair-crunch-store-tigerstyle/evidence/store-repair-2026-09-01/nix-no-build.command.txt: OK
.cairn/archive/2026-09-01-repair-crunch-store-tigerstyle/evidence/store-repair-2026-09-01/nix-no-build.log: OK
.cairn/archive/2026-09-01-repair-crunch-store-tigerstyle/evidence/store-repair-2026-09-01/nix-no-build.status: OK
.cairn/archive/2026-09-01-repair-crunch-store-tigerstyle/evidence/store-repair-2026-09-01/post-archive-diff-check.log: OK
.cairn/archive/2026-09-01-repair-crunch-store-tigerstyle/evidence/store-repair-2026-09-01/post-archive-diff-check.status: OK
.cairn/archive/2026-09-01-repair-crunch-store-tigerstyle/evidence/store-repair-2026-09-01/post-archive-status.log: OK
.cairn/archive/2026-09-01-repair-crunch-store-tigerstyle/evidence/store-repair-2026-09-01/post-archive-tracey.log: OK
.cairn/archive/2026-09-01-repair-crunch-store-tigerstyle/evidence/store-repair-2026-09-01/post-archive-tracey.status: OK
.cairn/archive/2026-09-01-repair-crunch-store-tigerstyle/evidence/store-repair-2026-09-01/post-archive-validate.log: OK
.cairn/archive/2026-09-01-repair-crunch-store-tigerstyle/evidence/store-repair-2026-09-01/post-archive-validate.status: OK
.cairn/archive/2026-09-01-repair-crunch-store-tigerstyle/evidence/store-repair-2026-09-01/post-change-tests.command.txt: OK
.cairn/archive/2026-09-01-repair-crunch-store-tigerstyle/evidence/store-repair-2026-09-01/post-change-tests.log: OK
.cairn/archive/2026-09-01-repair-crunch-store-tigerstyle/evidence/store-repair-2026-09-01/post-change-tests.status: OK
.cairn/archive/2026-09-01-repair-crunch-store-tigerstyle/evidence/store-repair-2026-09-01/repository-crunch-store-findings.status: OK
.cairn/archive/2026-09-01-repair-crunch-store-tigerstyle/evidence/store-repair-2026-09-01/repository-crunch-store-findings.txt: OK
.cairn/archive/2026-09-01-repair-crunch-store-tigerstyle/evidence/store-repair-2026-09-01/repository-tiger.command.txt: OK
.cairn/archive/2026-09-01-repair-crunch-store-tigerstyle/evidence/store-repair-2026-09-01/repository-tiger.log: OK
.cairn/archive/2026-09-01-repair-crunch-store-tigerstyle/evidence/store-repair-2026-09-01/repository-tiger.status: OK
.cairn/archive/2026-09-01-repair-crunch-store-tigerstyle/evidence/store-repair-2026-09-01/summary.md: OK
