copying path '/nix/store/hhccdmpa2bhqbagn2zgmgrwjbcdinn55-source' from 'http://100.100.103.95:5000'...
warning: file 'nar/1pzq6dhayzd6kgyhjwqr1bwq468z36vp0al101havv6d0pw1fa40.nar?hash=hhccdmpa2bhqbagn2zgmgrwjbcdinn55' does not exist in binary cache 'http://100.100.103.95:5000'
warning: /home/brittonr/git/OnixResearch/mantle/.pi/worktrees/repair-crunch-store-tigerstyle/Cargo.toml: file `/home/brittonr/git/OnixResearch/mantle/.pi/worktrees/repair-crunch-store-tigerstyle/src/main.rs` found to be present in multiple build targets:
  * `bin` target `crunch`
  * `bin` target `mantle`
    Checking crunch-attestation-core v0.1.0 (/home/brittonr/git/OnixResearch/mantle/.pi/worktrees/repair-crunch-store-tigerstyle/crates/crunch-attestation-core)
    Checking crunch-nar v0.1.0 (/home/brittonr/git/OnixResearch/mantle/.pi/worktrees/repair-crunch-store-tigerstyle/crates/crunch-nar)
    Checking crunch-action-result-core v0.1.0 (/home/brittonr/git/OnixResearch/mantle/.pi/worktrees/repair-crunch-store-tigerstyle/crates/crunch-action-result-core)
    Checking crunch-gc-core v0.1.0 (/home/brittonr/git/OnixResearch/mantle/.pi/worktrees/repair-crunch-store-tigerstyle/crates/crunch-gc-core)
    Checking crunch-repair-core v0.1.0 (/home/brittonr/git/OnixResearch/mantle/.pi/worktrees/repair-crunch-store-tigerstyle/crates/crunch-repair-core)
    Checking crunch-composition-core v0.1.0 (/home/brittonr/git/OnixResearch/mantle/.pi/worktrees/repair-crunch-store-tigerstyle/crates/crunch-composition-core)
    Checking crunch-overlay-core v0.1.0 (/home/brittonr/git/OnixResearch/mantle/.pi/worktrees/repair-crunch-store-tigerstyle/crates/crunch-overlay-core)
    Checking crunch-rust-cache-core v0.1.0 (/home/brittonr/git/OnixResearch/mantle/.pi/worktrees/repair-crunch-store-tigerstyle/crates/crunch-rust-cache-core)
    Checking crunch-eval v0.1.0 (/home/brittonr/git/OnixResearch/mantle/.pi/worktrees/repair-crunch-store-tigerstyle/crates/crunch-eval)
    Checking crunch-evaluation-stream-core v0.1.0 (/home/brittonr/git/OnixResearch/mantle/.pi/worktrees/repair-crunch-store-tigerstyle/crates/crunch-evaluation-stream-core)
    Checking crunch-wasm-component-core v0.1.0 (/home/brittonr/git/OnixResearch/mantle/.pi/worktrees/repair-crunch-store-tigerstyle/crates/crunch-wasm-component-core)
    Checking crunch-shell-core v0.1.0 (/home/brittonr/git/OnixResearch/mantle/.pi/worktrees/repair-crunch-store-tigerstyle/crates/crunch-shell-core)
    Checking crunch-delta-core v0.1.0 (/home/brittonr/git/OnixResearch/mantle/.pi/worktrees/repair-crunch-store-tigerstyle/crates/crunch-delta-core)
    Checking crunch-release-core v0.1.0 (/home/brittonr/git/OnixResearch/mantle/.pi/worktrees/repair-crunch-store-tigerstyle/crates/crunch-release-core)
    Checking mantlepkgs-core v0.1.0 (/home/brittonr/git/OnixResearch/mantle/.pi/worktrees/repair-crunch-store-tigerstyle/crates/mantlepkgs-core)
    Checking crunch-eval-budget-core v0.1.0 (/home/brittonr/git/OnixResearch/mantle/.pi/worktrees/repair-crunch-store-tigerstyle/crates/crunch-eval-budget-core)
    Checking mantle-portable-client-core v0.1.0 (/home/brittonr/git/OnixResearch/mantle/.pi/worktrees/repair-crunch-store-tigerstyle/crates/mantle-portable-client-core)
    Checking crunch-spacewasm-core v0.1.0 (/home/brittonr/git/OnixResearch/mantle/.pi/worktrees/repair-crunch-store-tigerstyle/crates/crunch-spacewasm-core)
    Checking crunch-kernelscript-core v0.1.0 (/home/brittonr/git/OnixResearch/mantle/.pi/worktrees/repair-crunch-store-tigerstyle/crates/crunch-kernelscript-core)
    Checking crunch-hardware-simulation-core v0.1.0 (/home/brittonr/git/OnixResearch/mantle/.pi/worktrees/repair-crunch-store-tigerstyle/crates/crunch-hardware-simulation-core)
    Checking mantle-build-contract v0.1.0 (/home/brittonr/git/OnixResearch/mantle/.pi/worktrees/repair-crunch-store-tigerstyle/crates/mantle-build-contract)
    Checking crunch-shell v0.1.0 (/home/brittonr/git/OnixResearch/mantle/.pi/worktrees/repair-crunch-store-tigerstyle/crates/crunch-shell)
    Checking crunch-attestation v0.1.0 (/home/brittonr/git/OnixResearch/mantle/.pi/worktrees/repair-crunch-store-tigerstyle/crates/crunch-attestation)
    Checking crunch-project-core v0.1.0 (/home/brittonr/git/OnixResearch/mantle/.pi/worktrees/repair-crunch-store-tigerstyle/crates/crunch-project-core)
    Checking crunch-spacewasm v0.1.0 (/home/brittonr/git/OnixResearch/mantle/.pi/worktrees/repair-crunch-store-tigerstyle/crates/crunch-spacewasm)
    Checking crunch-hardware-simulation v0.1.0 (/home/brittonr/git/OnixResearch/mantle/.pi/worktrees/repair-crunch-store-tigerstyle/crates/crunch-hardware-simulation)
    Checking crunch-store v0.1.0 (/home/brittonr/git/OnixResearch/mantle/.pi/worktrees/repair-crunch-store-tigerstyle/crates/crunch-store)
    Checking crunch-glue v0.1.0 (/home/brittonr/git/OnixResearch/mantle/.pi/worktrees/repair-crunch-store-tigerstyle/crates/crunch-glue)
    Checking crunch-kernelscript-adapter v0.1.0 (/home/brittonr/git/OnixResearch/mantle/.pi/worktrees/repair-crunch-store-tigerstyle/crates/crunch-kernelscript-adapter)
    Checking crunch-wasm-component v0.1.0 (/home/brittonr/git/OnixResearch/mantle/.pi/worktrees/repair-crunch-store-tigerstyle/crates/crunch-wasm-component)
    Checking crunch-project v0.1.0 (/home/brittonr/git/OnixResearch/mantle/.pi/worktrees/repair-crunch-store-tigerstyle/crates/crunch-project)
    Checking crunch-rust-cache v0.1.0 (/home/brittonr/git/OnixResearch/mantle/.pi/worktrees/repair-crunch-store-tigerstyle/crates/crunch-rust-cache)
    Checking crunch-build v0.1.0 (/home/brittonr/git/OnixResearch/mantle/.pi/worktrees/repair-crunch-store-tigerstyle/crates/crunch-build)
    Checking crunch-delta v0.1.0 (/home/brittonr/git/OnixResearch/mantle/.pi/worktrees/repair-crunch-store-tigerstyle/crates/crunch-delta)
    Checking crunch-rustc-wrapper v0.1.0 (/home/brittonr/git/OnixResearch/mantle/.pi/worktrees/repair-crunch-store-tigerstyle/crates/crunch-rustc-wrapper)
error: function `rename_noreplace` has 0 assertion(s) in 20 lines (need 2+)
    --> crates/crunch-rustc-wrapper/src/lib.rs:1571:79
     |
1571 |   fn rename_noreplace(source: &Path, destination: &Path) -> std::io::Result<()> {
     |  _______________________________________________________________________________^
1572 | |     let source = CString::new(source.as_os_str().as_bytes())
1573 | |         .map_err(|_| std::io::Error::from(std::io::ErrorKind::InvalidInput))?;
1574 | |     let destination = CString::new(destination.as_os_str().as_bytes())
...    |
1594 | |     Err(std::io::Error::last_os_error())
1595 | | }
     | |_^
     |
     = help: Tiger Style (Assertion Density): add enough assertions to make local invariants visible near the logic they defend
     = note: see Tiger Style guide: Assertion Density
     = note: `-D tigerstyle::assertion-density` implied by `-D assertion-density`
     = help: to override `-D assertion-density` add `#[allow(tigerstyle::assertion_density)]`

error: `report` looks like a quantity but has no unit suffix
   --> crates/crunch-build/src/build_request.rs:239:9
    |
239 |     let report = environment_policy::success_report(action_name, &environment_vars);
    |         ^^^^^^
    |
    = help: Tiger Style (Unit Suffixes): put the unit in the name of numeric quantities Example: timeout_ms
    = note: structured suggestion applicability: HasPlaceholders
    = note: see Tiger Style guide: Unit Suffixes
    = note: `-D tigerstyle::numeric-units` implied by `-D numeric-units`
    = help: to override `-D numeric-units` add `#[allow(tigerstyle::numeric_units)]`
help: rename with an explicit unit suffix like `_ms`, `_secs`, or `_bytes`
    |
239 |     let report_<unit> = environment_policy::success_report(action_name, &environment_vars);
    |               +++++++

error: function `validate_structured_output_names` has 0 assertion(s) in 21 lines (need 2+)
   --> crates/crunch-build/src/build_request.rs:548:31
    |
548 |   ) -> Result<(), crate::Error> {
    |  _______________________________^
549 | |     let names = declared_outputs
550 | |         .as_array()
551 | |         .ok_or_else(|| crate::Error::Store("Nix structured attribute outputs must be an array".to_string()))?;
...   |
567 | |     Ok(())
568 | | }
    | |_^
    |
    = help: Tiger Style (Assertion Density): add enough assertions to make local invariants visible near the logic they defend
    = note: see Tiger Style guide: Assertion Density
    = note: `-D tigerstyle::assertion-density` implied by `-D assertion-density`
    = help: to override `-D assertion-density` add `#[allow(tigerstyle::assertion_density)]`

error: function `render_structured_attrs_shell` has 0 assertion(s) in 50 lines (need 2+)
   --> crates/crunch-build/src/build_request.rs:617:94
    |
617 |   fn render_structured_attrs_shell(attrs: &serde_json::Value) -> Result<Vec<u8>, crate::Error> {
    |  ______________________________________________________________________________________________^
618 | |     let object = attrs
619 | |         .as_object()
620 | |         .ok_or_else(|| crate::Error::Store("Nix structured attributes must be a JSON object".to_string()))?;
...   |
665 | |     Ok(rendered.into_bytes())
666 | | }
    | |_^
    |
    = help: Tiger Style (Assertion Density): add enough assertions to make local invariants visible near the logic they defend
    = note: see Tiger Style guide: Assertion Density

error: function `validate_execution_profile` has 0 assertion(s) in 36 lines (need 2+)
   --> crates/crunch-build/src/execution_profile.rs:212:100
    |
212 |   pub fn validate_execution_profile(profile: &ExecutionProfile) -> Result<(), ExecutionProfileError> {
    |  ____________________________________________________________________________________________________^
213 | |     if profile.schema != EXECUTION_PROFILE_SCHEMA {
214 | |         return Err(ExecutionProfileError::UnsupportedSchema);
...   |
246 | |     Ok(())
247 | | }
    | |_^
    |
    = help: Tiger Style (Assertion Density): add enough assertions to make local invariants visible near the logic they defend
    = note: see Tiger Style guide: Assertion Density

error: function `validate_environment` has 0 assertion(s) in 33 lines (need 2+)
   --> crates/crunch-build/src/execution_profile.rs:261:90
    |
261 |   fn validate_environment(profile: &ExecutionProfile) -> Result<(), ExecutionProfileError> {
    |  __________________________________________________________________________________________^
262 | |     if profile.fixed_environment.len() > MAX_PROFILE_ENVIRONMENT_VARIABLES {
263 | |         return Err(ExecutionProfileError::CollectionLimit {
264 | |             field: "fixed_environment",
...   |
292 | |     Ok(())
293 | | }
    | |_^
    |
    = help: Tiger Style (Assertion Density): add enough assertions to make local invariants visible near the logic they defend
    = note: see Tiger Style guide: Assertion Density

error: condition has 3 boolean operators
   --> crates/crunch-build/src/execution_profile.rs:273:12
    |
273 |           if key.is_empty()
    |  ____________^
274 | |             || key.len() > MAX_PROFILE_ENVIRONMENT_KEY_BYTES
275 | |             || key.contains('=')
276 | |             || key.bytes().any(|byte| byte == 0)
    | |________________________________________________^
    |
    = help: Tiger Style (Condition Decomposition): break multi-part conditions into named predicates or nested guards Example: if is_leader { if has_quorum { ... } }
    = note: see Tiger Style guide: Condition Decomposition
    = note: `-D tigerstyle::compound-condition` implied by `-D compound-condition`
    = help: to override `-D compound-condition` add `#[allow(tigerstyle::compound_condition)]`

error: could not compile `crunch-rustc-wrapper` (lib) due to 1 previous error
warning: build failed, waiting for other jobs to finish...
error: unprotected unsigned multiplication may overflow
  --> crates/crunch-build/src/build_request.rs:65:43
   |
65 | const MAX_STRUCTURED_ATTRS_BYTES: usize = MAX_STRUCTURED_ATTRS_KIBIBYTES * KIBIBYTE_BYTES;
   |                                           ^^^^^^^^^^^^^^^^^^^^^^^^^^^^^^^^^^^^^^^^^^^^^^^
   |
   = help: Tiger Style (Overflow Protection): use checked or saturating arithmetic when overflow would change behavior Example: let total = a.checked_add(b)?;
   = note: structured suggestion applicability: MaybeIncorrect
   = note: see Tiger Style guide: Overflow Protection
   = note: `-D tigerstyle::raw-arithmetic-overflow` implied by `-D raw-arithmetic-overflow`
   = help: to override `-D raw-arithmetic-overflow` add `#[allow(tigerstyle::raw_arithmetic_overflow)]`
help: replace with saturating multiplication
   |
65 - const MAX_STRUCTURED_ATTRS_BYTES: usize = MAX_STRUCTURED_ATTRS_KIBIBYTES * KIBIBYTE_BYTES;
65 + const MAX_STRUCTURED_ATTRS_BYTES: usize = (MAX_STRUCTURED_ATTRS_KIBIBYTES).saturating_mul(KIBIBYTE_BYTES);
   |

error: function has 6 parameters (limit: 5) — consider an options struct
   --> crates/crunch-build/src/build_request.rs:409:1
    |
409 | / pub(crate) fn build_request_from_environment(
410 | |     derivation: &Derivation,
411 | |     inputs: &BTreeMap<StorePath<String>, Node>,
412 | |     store_dir: &str,
...   |
457 | |     })
458 | | }
    | |_^
    |
    = help: Tiger Style (Simple Interfaces): group many parameters into a named options struct instead of a long positional signature Example: fn connect(opts: ConnectOptions) -> ...
    = note: see Tiger Style guide: Explicit Interfaces
    = note: `-D tigerstyle::too-many-parameters` implied by `-D too-many-parameters`
    = help: to override `-D too-many-parameters` add `#[allow(tigerstyle::too_many_parameters)]`

error: boolean binding `in_active_store` should have a predicate prefix
   --> crates/crunch-build/src/build_request.rs:588:13
    |
588 |         let in_active_store = path.strip_prefix(store_dir).is_some_and(|suffix| suffix.starts_with('/'));
    |             ^^^^^^^^^^^^^^^
    |
    = help: Tiger Style (Positive Predicates): name booleans as predicates so call sites read like questions Example: let is_ready = status == Ready;
    = note: structured suggestion applicability: MaybeIncorrect
    = note: see Tiger Style guide: Positive Predicates
    = note: `-D tigerstyle::bool-naming` implied by `-D bool-naming`
    = help: to override `-D bool-naming` add `#[allow(tigerstyle::bool_naming)]`
help: rename binding to `is_in_active_store`
    |
588 |         let is_in_active_store = path.strip_prefix(store_dir).is_some_and(|suffix| suffix.starts_with('/'));
    |             +++

error: function calls itself recursively
   --> crates/crunch-build/src/build_request.rs:609:39
    |
609 |                 canonical.insert(key, canonicalize_json_value(value));
    |                                       ^^^^^^^^^^^^^^^^^^^^^^^^^^^^^^
    |
    = help: Tiger Style (Simple Control Flow): prefer explicit iteration or work queues over self-recursive control flow Example: while let Some(item) = stack.pop() { ... }
    = note: see Tiger Style guide: Simple Control Flow
    = note: `-D tigerstyle::no-recursion` implied by `-D no-recursion`
    = help: to override `-D no-recursion` add `#[allow(tigerstyle::no_recursion)]`

error: `.expect()` in production code will panic on failure
   --> crates/crunch-build/src/build_request.rs:641:36
    |
641 |                 rendered.push_str(&shell_scalar(value).expect("validated scalar"));
    |                                    ^^^^^^^^^^^^^^^^^^^^^^^^^^^^^^^^^^^^^^^^^^^^^^
    |
    = help: Tiger Style (Error Handling): propagate or handle absence explicitly instead of panicking with `unwrap` or `expect` Example: let value = maybe?;
    = note: see Tiger Style guide: Error Handling
    = note: `-D tigerstyle::no-unwrap` implied by `-D no-unwrap`
    = help: to override `-D no-unwrap` add `#[allow(tigerstyle::no_unwrap)]`

error: `.expect()` in production code will panic on failure
   --> crates/crunch-build/src/build_request.rs:659:36
    |
659 |                 rendered.push_str(&shell_scalar(value).expect("validated scalar"));
    |                                    ^^^^^^^^^^^^^^^^^^^^^^^^^^^^^^^^^^^^^^^^^^^^^^
    |
    = help: Tiger Style (Error Handling): propagate or handle absence explicitly instead of panicking with `unwrap` or `expect` Example: let value = maybe?;
    = note: see Tiger Style guide: Error Handling

error: `panic!` will abort the process on execution
  --> crates/crunch-build/src/ca_plan.rs:70:33
   |
70 |         .unwrap_or_else(|error| panic!("invalid CA output-name request: {}", error.as_str()));
   |                                 ^^^^^^^^^^^^^^^^^^^^^^^^^^^^^^^^^^^^^^^^^^^^^^^^^^^^^^^^^^^^
   |
   = help: Tiger Style (Fail Fast Correctly): return errors or prove exhaustiveness instead of panicking in production code Example: return Err(Error::invalid_state());
   = note: see Tiger Style guide: Error Handling / Panics
   = note: `-D tigerstyle::no-panic` implied by `-D no-panic`
   = help: to override `-D no-panic` add `#[allow(tigerstyle::no_panic)]`

error: `panic!` will abort the process on execution
   --> crates/crunch-build/src/ca_plan.rs:125:33
    |
125 |         .unwrap_or_else(|error| panic!("invalid derivation name: {}", error.as_str()));
    |                                 ^^^^^^^^^^^^^^^^^^^^^^^^^^^^^^^^^^^^^^^^^^^^^^^^^^^^^
    |
    = help: Tiger Style (Fail Fast Correctly): return errors or prove exhaustiveness instead of panicking in production code Example: return Err(Error::invalid_state());
    = note: see Tiger Style guide: Error Handling / Panics

error: `panic!` will abort the process on execution
   --> crates/crunch-build/src/ca_plan.rs:136:69
    |
136 |                 crate::OutputName::new(name).unwrap_or_else(|error| panic!("invalid output name: {}", error.as_str()));
    |                                                                     ^^^^^^^^^^^^^^^^^^^^^^^^^^^^^^^^^^^^^^^^^^^^^^^^^
    |
    = help: Tiger Style (Fail Fast Correctly): return errors or prove exhaustiveness instead of panicking in production code Example: return Err(Error::invalid_state());
    = note: see Tiger Style guide: Error Handling / Panics

error: 2 consecutive `&str` parameters are easy to swap by accident
   --> crates/crunch-build/src/execution_profile.rs:315:1
    |
315 | / fn validate_clean_relative_path(field: &'static str, path: &str) -> Result<(), ExecutionProfileError> {
316 | |     let valid = !path.is_empty()
317 | |         && path.len() <= MAX_PROFILE_PATH_BYTES
318 | |         && Path::new(path).components().all(|component| matches!(component, Component::Normal(_)));
...   |
325 | |     Ok(())
326 | | }
    | |_^
    |
    = help: Tiger Style (Explicit Interfaces): replace same-type parameter clusters with named fields or an options struct Example: fn connect(opts: ConnectOptions) -> ...
    = note: see Tiger Style guide: Explicit Interfaces
    = note: `-D tigerstyle::ambiguous-params` implied by `-D ambiguous-params`
    = help: to override `-D ambiguous-params` add `#[allow(tigerstyle::ambiguous_params)]`

error: boolean binding `valid` should have a predicate prefix
   --> crates/crunch-build/src/execution_profile.rs:316:9
    |
316 |     let valid = !path.is_empty()
    |         ^^^^^
    |
    = help: Tiger Style (Positive Predicates): name booleans as predicates so call sites read like questions Example: let is_ready = status == Ready;
    = note: structured suggestion applicability: MaybeIncorrect
    = note: see Tiger Style guide: Positive Predicates
help: rename binding to `is_valid`
    |
316 |     let is_valid = !path.is_empty()
    |         +++

error: function has 6 parameters (limit: 5) — consider an options struct
   --> crates/crunch-build/src/registry.rs:183:5
    |
183 | /     pub fn insert_with_execution_profile(
184 | |         &mut self,
185 | |         drv_path: StorePath<String>,
186 | |         hdm: [u8; 32],
...   |
207 | |         Ok(())
208 | |     }
    | |_____^
    |
    = help: Tiger Style (Simple Interfaces): group many parameters into a named options struct instead of a long positional signature Example: fn connect(opts: ConnectOptions) -> ...
    = note: see Tiger Style guide: Explicit Interfaces

error: function has 6 parameters (limit: 5) — consider an options struct
    --> crates/crunch-build/src/worker.rs:2021:5
     |
2021 | /     fn propagate_failure(
2022 | |         &mut self,
2023 | |         drv_key: &str,
2024 | |         origin_drv_key: &str,
...    |
2060 | |         Ok(())
2061 | |     }
     | |_____^
     |
     = help: Tiger Style (Simple Interfaces): group many parameters into a named options struct instead of a long positional signature Example: fn connect(opts: ConnectOptions) -> ...
     = note: see Tiger Style guide: Explicit Interfaces

error: could not compile `crunch-build` (lib) due to 19 previous errors
