## fix/repair-crunch-store-tigerstyle-20260901...origin/main [ahead 4]
 D .cairn/changes/repair-crunch-store-tigerstyle/design.md
 D .cairn/changes/repair-crunch-store-tigerstyle/evidence/baseline-2026-09-01/focused-tiger-baseline.log
 D .cairn/changes/repair-crunch-store-tigerstyle/evidence/baseline-2026-09-01/focused-tiger-baseline.status
 D .cairn/changes/repair-crunch-store-tigerstyle/evidence/baseline-2026-09-01/pre-change-tests.log
 D .cairn/changes/repair-crunch-store-tigerstyle/evidence/baseline-2026-09-01/pre-change-tests.status
 D .cairn/changes/repair-crunch-store-tigerstyle/evidence/baseline-2026-09-01/repository-tiger-baseline.log
 D .cairn/changes/repair-crunch-store-tigerstyle/evidence/baseline-2026-09-01/repository-tiger-baseline.status
 D .cairn/changes/repair-crunch-store-tigerstyle/evidence/baseline-2026-09-01/summary.md
 D .cairn/changes/repair-crunch-store-tigerstyle/evidence/store-repair-2026-09-01/blake3-check.log
 D .cairn/changes/repair-crunch-store-tigerstyle/evidence/store-repair-2026-09-01/blake3-check.status
 D .cairn/changes/repair-crunch-store-tigerstyle/evidence/store-repair-2026-09-01/blake3-manifest.txt
 D .cairn/changes/repair-crunch-store-tigerstyle/evidence/store-repair-2026-09-01/cairn-gate-design.log
 D .cairn/changes/repair-crunch-store-tigerstyle/evidence/store-repair-2026-09-01/cairn-gate-design.status
 D .cairn/changes/repair-crunch-store-tigerstyle/evidence/store-repair-2026-09-01/cairn-gate-proposal.log
 D .cairn/changes/repair-crunch-store-tigerstyle/evidence/store-repair-2026-09-01/cairn-gate-proposal.status
 D .cairn/changes/repair-crunch-store-tigerstyle/evidence/store-repair-2026-09-01/cairn-gate-tasks.log
 D .cairn/changes/repair-crunch-store-tigerstyle/evidence/store-repair-2026-09-01/cairn-gate-tasks.status
 D .cairn/changes/repair-crunch-store-tigerstyle/evidence/store-repair-2026-09-01/cairn-tracey.log
 D .cairn/changes/repair-crunch-store-tigerstyle/evidence/store-repair-2026-09-01/cairn-tracey.status
 D .cairn/changes/repair-crunch-store-tigerstyle/evidence/store-repair-2026-09-01/cairn-validate.log
 D .cairn/changes/repair-crunch-store-tigerstyle/evidence/store-repair-2026-09-01/cairn-validate.status
 D .cairn/changes/repair-crunch-store-tigerstyle/evidence/store-repair-2026-09-01/clippy.command.txt
 D .cairn/changes/repair-crunch-store-tigerstyle/evidence/store-repair-2026-09-01/clippy.log
 D .cairn/changes/repair-crunch-store-tigerstyle/evidence/store-repair-2026-09-01/clippy.status
 D .cairn/changes/repair-crunch-store-tigerstyle/evidence/store-repair-2026-09-01/crunch-store-findings.status
 D .cairn/changes/repair-crunch-store-tigerstyle/evidence/store-repair-2026-09-01/crunch-store-findings.txt
 D .cairn/changes/repair-crunch-store-tigerstyle/evidence/store-repair-2026-09-01/focused-tiger.command.txt
 D .cairn/changes/repair-crunch-store-tigerstyle/evidence/store-repair-2026-09-01/focused-tiger.log
 D .cairn/changes/repair-crunch-store-tigerstyle/evidence/store-repair-2026-09-01/focused-tiger.status
 D .cairn/changes/repair-crunch-store-tigerstyle/evidence/store-repair-2026-09-01/formatting.command.txt
 D .cairn/changes/repair-crunch-store-tigerstyle/evidence/store-repair-2026-09-01/formatting.log
 D .cairn/changes/repair-crunch-store-tigerstyle/evidence/store-repair-2026-09-01/formatting.status
 D .cairn/changes/repair-crunch-store-tigerstyle/evidence/store-repair-2026-09-01/full-local-crunch-store-findings.status
 D .cairn/changes/repair-crunch-store-tigerstyle/evidence/store-repair-2026-09-01/full-local-crunch-store-findings.txt
 D .cairn/changes/repair-crunch-store-tigerstyle/evidence/store-repair-2026-09-01/full-local-summary.txt
 D .cairn/changes/repair-crunch-store-tigerstyle/evidence/store-repair-2026-09-01/full-local.command.txt
 D .cairn/changes/repair-crunch-store-tigerstyle/evidence/store-repair-2026-09-01/full-local.log
 D .cairn/changes/repair-crunch-store-tigerstyle/evidence/store-repair-2026-09-01/full-local.status
 D .cairn/changes/repair-crunch-store-tigerstyle/evidence/store-repair-2026-09-01/full-ordinary-crunch-store-findings.status
 D .cairn/changes/repair-crunch-store-tigerstyle/evidence/store-repair-2026-09-01/full-ordinary-crunch-store-findings.txt
 D .cairn/changes/repair-crunch-store-tigerstyle/evidence/store-repair-2026-09-01/full-ordinary-summary.txt
 D .cairn/changes/repair-crunch-store-tigerstyle/evidence/store-repair-2026-09-01/full-ordinary.command.txt
 D .cairn/changes/repair-crunch-store-tigerstyle/evidence/store-repair-2026-09-01/full-ordinary.log
 D .cairn/changes/repair-crunch-store-tigerstyle/evidence/store-repair-2026-09-01/full-ordinary.status
 D .cairn/changes/repair-crunch-store-tigerstyle/evidence/store-repair-2026-09-01/git-diff-check.log
 D .cairn/changes/repair-crunch-store-tigerstyle/evidence/store-repair-2026-09-01/git-diff-check.status
 D .cairn/changes/repair-crunch-store-tigerstyle/evidence/store-repair-2026-09-01/git-status-before-archive.log
 D .cairn/changes/repair-crunch-store-tigerstyle/evidence/store-repair-2026-09-01/integration-no-run.command.txt
 D .cairn/changes/repair-crunch-store-tigerstyle/evidence/store-repair-2026-09-01/integration-no-run.log
 D .cairn/changes/repair-crunch-store-tigerstyle/evidence/store-repair-2026-09-01/integration-no-run.status
 D .cairn/changes/repair-crunch-store-tigerstyle/evidence/store-repair-2026-09-01/mantle-check.log
 D .cairn/changes/repair-crunch-store-tigerstyle/evidence/store-repair-2026-09-01/mantle-check.status
 D .cairn/changes/repair-crunch-store-tigerstyle/evidence/store-repair-2026-09-01/new-suppression-findings.log
 D .cairn/changes/repair-crunch-store-tigerstyle/evidence/store-repair-2026-09-01/new-suppression-findings.status
 D .cairn/changes/repair-crunch-store-tigerstyle/evidence/store-repair-2026-09-01/next-tiger-blocker-summary.txt
 D .cairn/changes/repair-crunch-store-tigerstyle/evidence/store-repair-2026-09-01/nix-no-build.command.txt
 D .cairn/changes/repair-crunch-store-tigerstyle/evidence/store-repair-2026-09-01/nix-no-build.log
 D .cairn/changes/repair-crunch-store-tigerstyle/evidence/store-repair-2026-09-01/nix-no-build.status
 D .cairn/changes/repair-crunch-store-tigerstyle/evidence/store-repair-2026-09-01/post-change-tests.command.txt
 D .cairn/changes/repair-crunch-store-tigerstyle/evidence/store-repair-2026-09-01/post-change-tests.log
 D .cairn/changes/repair-crunch-store-tigerstyle/evidence/store-repair-2026-09-01/post-change-tests.status
 D .cairn/changes/repair-crunch-store-tigerstyle/evidence/store-repair-2026-09-01/repository-crunch-store-findings.status
 D .cairn/changes/repair-crunch-store-tigerstyle/evidence/store-repair-2026-09-01/repository-crunch-store-findings.txt
 D .cairn/changes/repair-crunch-store-tigerstyle/evidence/store-repair-2026-09-01/repository-tiger.command.txt
 D .cairn/changes/repair-crunch-store-tigerstyle/evidence/store-repair-2026-09-01/repository-tiger.log
 D .cairn/changes/repair-crunch-store-tigerstyle/evidence/store-repair-2026-09-01/repository-tiger.status
 D .cairn/changes/repair-crunch-store-tigerstyle/evidence/store-repair-2026-09-01/summary.md
 D .cairn/changes/repair-crunch-store-tigerstyle/evidence/validation.md
 D .cairn/changes/repair-crunch-store-tigerstyle/metadata.json
 D .cairn/changes/repair-crunch-store-tigerstyle/proposal.md
 D .cairn/changes/repair-crunch-store-tigerstyle/specs/store-lifecycle/spec.md
 D .cairn/changes/repair-crunch-store-tigerstyle/tasks.md
 M .cairn/specs/store-lifecycle/spec.md
?? .cairn/archive/2026-09-01-repair-crunch-store-tigerstyle/
