{
  "schema": "mantle-full-bootstrap-parity-verification-v1",
  "status": "complete",
  "bundle_manifest_identity_blake3": "a02a91cafa78adfa95592887e5d3729eceeca18f1cf634c4bc1ca016d5399dfb",
  "source_commit": "af4b2d147d3b9fd0c216d3b1f6d11da1e043b810",
  "source_blake3": "15b71ba2760c5cac25739ff0aca03026af8fa77b275d2656dc363e0e69976d1e",
  "selected_provider_kind": "full-source",
  "parity_axes": [
    "live-bootstrap",
    "guix",
    "stagex"
  ],
  "native_row_count": 5,
  "adapter_count": 5,
  "planned_actions": 1914,
  "matched_actions": 1914,
  "observed_events": 478870,
  "matched_events": 478870,
  "local_only": true,
  "witness_policy": "not-selected",
  "witness_sidecar_count": 0,
  "blockers": [],
  "non_claims": [
    "compiler-correctness",
    "seed-correctness",
    "kernel-isolation",
    "independent-rebuild-agreement",
    "bit-for-bit-release-reproducibility",
    "deployment-success",
    "full-cargo-compatibility"
  ],
  "verification_identity_blake3": "de1b3f03c62b3cf90b5c33f964efdb72a9b0165537beadbf0880f3469cb6c538"
}