mantle-runtime-fingerprint {"schema":"mantle-runtime-fingerprint-v1","mantle_version":"0.1.0","command":"self-build","logical_store_prefix":"/mantle/store","physical_store_dir":"/nix/store","state_dir":"/home/brittonr/.local/state/crunch","json_mode":false,"verbosity_source":"verbose-flag","diagnostic_scope":"selected-runtime-context-only","hermeticity_mode":"strict","substitution_mode":"disabled","substituter_count":0,"signing_key_selected":false,"trusted_public_key_count":0,"trust_unsigned":false}
[2m2026-08-22T04:01:47.851571Z[0m [32m INFO[0m [2mredb::db[0m[2m:[0m Opening database "InMemoryBackend(RwLock { data: [], poisoned: false, .. })"
[2m2026-08-22T04:01:47.853703Z[0m [33m WARN[0m [2mredb::db[0m[2m:[0m Database "InMemoryBackend(RwLock { data: [], poisoned: false, .. })" not shutdown cleanly. Repairing
[2m2026-08-22T04:01:47.969323Z[0m [32m INFO[0m [2mredb::db[0m[2m:[0m Opening database "InMemoryBackend(RwLock { data: [], poisoned: false, .. })"
[2m2026-08-22T04:01:47.971354Z[0m [33m WARN[0m [2mredb::db[0m[2m:[0m Database "InMemoryBackend(RwLock { data: [], poisoned: false, .. })" not shutdown cleanly. Repairing
[2m2026-08-22T04:26:52.468398Z[0m [32m INFO[0m [2mredb::db[0m[2m:[0m Opening database "InMemoryBackend(RwLock { data: [], poisoned: false, .. })"
[2m2026-08-22T04:26:52.470449Z[0m [33m WARN[0m [2mredb::db[0m[2m:[0m Database "InMemoryBackend(RwLock { data: [], poisoned: false, .. })" not shutdown cleanly. Repairing
[2m2026-08-22T04:26:52.611193Z[0m [32m INFO[0m [2mredb::db[0m[2m:[0m Opening database "InMemoryBackend(RwLock { data: [], poisoned: false, .. })"
[2m2026-08-22T04:26:52.613259Z[0m [33m WARN[0m [2mredb::db[0m[2m:[0m Database "InMemoryBackend(RwLock { data: [], poisoned: false, .. })" not shutdown cleanly. Repairing
[2m2026-08-22T04:45:21.725922Z[0m [32m INFO[0m [2mredb::db[0m[2m:[0m Opening database "InMemoryBackend(RwLock { data: [], poisoned: false, .. })"
[2m2026-08-22T04:45:21.727947Z[0m [33m WARN[0m [2mredb::db[0m[2m:[0m Database "InMemoryBackend(RwLock { data: [], poisoned: false, .. })" not shutdown cleanly. Repairing
[2m2026-08-22T04:45:25.641461Z[0m [32m INFO[0m [2mredb::db[0m[2m:[0m Opening database "InMemoryBackend(RwLock { data: [], poisoned: false, .. })"
[2m2026-08-22T04:45:25.643474Z[0m [33m WARN[0m [2mredb::db[0m[2m:[0m Database "InMemoryBackend(RwLock { data: [], poisoned: false, .. })" not shutdown cleanly. Repairing
[2m2026-08-22T04:45:27.528940Z[0m [32m INFO[0m [2mredb::db[0m[2m:[0m Opening database "InMemoryBackend(RwLock { data: [], poisoned: false, .. })"
[2m2026-08-22T04:45:27.530964Z[0m [33m WARN[0m [2mredb::db[0m[2m:[0m Database "InMemoryBackend(RwLock { data: [], poisoned: false, .. })" not shutdown cleanly. Repairing
[2m2026-08-22T04:45:28.931248Z[0m [32m INFO[0m [2mredb::db[0m[2m:[0m Opening database "InMemoryBackend(RwLock { data: [], poisoned: false, .. })"
[2m2026-08-22T04:45:28.933297Z[0m [33m WARN[0m [2mredb::db[0m[2m:[0m Database "InMemoryBackend(RwLock { data: [], poisoned: false, .. })" not shutdown cleanly. Repairing
[2m2026-08-22T04:45:30.326714Z[0m [32m INFO[0m [2mredb::db[0m[2m:[0m Opening database "InMemoryBackend(RwLock { data: [], poisoned: false, .. })"
[2m2026-08-22T04:45:30.328741Z[0m [33m WARN[0m [2mredb::db[0m[2m:[0m Database "InMemoryBackend(RwLock { data: [], poisoned: false, .. })" not shutdown cleanly. Repairing
[2m2026-08-22T04:45:32.019872Z[0m [32m INFO[0m [2mredb::db[0m[2m:[0m Opening database "InMemoryBackend(RwLock { data: [], poisoned: false, .. })"
[2m2026-08-22T04:45:32.022234Z[0m [33m WARN[0m [2mredb::db[0m[2m:[0m Database "InMemoryBackend(RwLock { data: [], poisoned: false, .. })" not shutdown cleanly. Repairing
[2m2026-08-22T04:45:33.769686Z[0m [32m INFO[0m [2mredb::db[0m[2m:[0m Opening database "InMemoryBackend(RwLock { data: [], poisoned: false, .. })"
[2m2026-08-22T04:45:33.771752Z[0m [33m WARN[0m [2mredb::db[0m[2m:[0m Database "InMemoryBackend(RwLock { data: [], poisoned: false, .. })" not shutdown cleanly. Repairing
[2m2026-08-22T04:45:43.485065Z[0m [32m INFO[0m [2mredb::db[0m[2m:[0m Opening database "InMemoryBackend(RwLock { data: [], poisoned: false, .. })"
[2m2026-08-22T04:45:43.487126Z[0m [33m WARN[0m [2mredb::db[0m[2m:[0m Database "InMemoryBackend(RwLock { data: [], poisoned: false, .. })" not shutdown cleanly. Repairing
[2m2026-08-22T04:45:49.720351Z[0m [32m INFO[0m [2mredb::db[0m[2m:[0m Opening database "InMemoryBackend(RwLock { data: [], poisoned: false, .. })"
[2m2026-08-22T04:45:49.722370Z[0m [33m WARN[0m [2mredb::db[0m[2m:[0m Database "InMemoryBackend(RwLock { data: [], poisoned: false, .. })" not shutdown cleanly. Repairing
[2m2026-08-22T04:45:51.041017Z[0m [32m INFO[0m [2mredb::db[0m[2m:[0m Opening database "InMemoryBackend(RwLock { data: [], poisoned: false, .. })"
[2m2026-08-22T04:45:51.043066Z[0m [33m WARN[0m [2mredb::db[0m[2m:[0m Database "InMemoryBackend(RwLock { data: [], poisoned: false, .. })" not shutdown cleanly. Repairing
[2m2026-08-22T04:45:55.661956Z[0m [32m INFO[0m [2mredb::db[0m[2m:[0m Opening database "InMemoryBackend(RwLock { data: [], poisoned: false, .. })"
[2m2026-08-22T04:45:55.663981Z[0m [33m WARN[0m [2mredb::db[0m[2m:[0m Database "InMemoryBackend(RwLock { data: [], poisoned: false, .. })" not shutdown cleanly. Repairing
[2m2026-08-22T04:46:27.670209Z[0m [32m INFO[0m [2mredb::db[0m[2m:[0m Opening database "InMemoryBackend(RwLock { data: [], poisoned: false, .. })"
[2m2026-08-22T04:46:27.672244Z[0m [33m WARN[0m [2mredb::db[0m[2m:[0m Database "InMemoryBackend(RwLock { data: [], poisoned: false, .. })" not shutdown cleanly. Repairing
[2m2026-08-22T04:46:29.734051Z[0m [32m INFO[0m [2mredb::db[0m[2m:[0m Opening database "InMemoryBackend(RwLock { data: [], poisoned: false, .. })"
[2m2026-08-22T04:46:29.736079Z[0m [33m WARN[0m [2mredb::db[0m[2m:[0m Database "InMemoryBackend(RwLock { data: [], poisoned: false, .. })" not shutdown cleanly. Repairing
[2m2026-08-22T04:46:31.223049Z[0m [32m INFO[0m [2mredb::db[0m[2m:[0m Opening database "InMemoryBackend(RwLock { data: [], poisoned: false, .. })"
[2m2026-08-22T04:46:31.225078Z[0m [33m WARN[0m [2mredb::db[0m[2m:[0m Database "InMemoryBackend(RwLock { data: [], poisoned: false, .. })" not shutdown cleanly. Repairing
[2m2026-08-22T04:46:32.555039Z[0m [32m INFO[0m [2mredb::db[0m[2m:[0m Opening database "InMemoryBackend(RwLock { data: [], poisoned: false, .. })"
[2m2026-08-22T04:46:32.557057Z[0m [33m WARN[0m [2mredb::db[0m[2m:[0m Database "InMemoryBackend(RwLock { data: [], poisoned: false, .. })" not shutdown cleanly. Repairing
[2m2026-08-22T04:46:34.861162Z[0m [32m INFO[0m [2mredb::db[0m[2m:[0m Opening database "InMemoryBackend(RwLock { data: [], poisoned: false, .. })"
[2m2026-08-22T04:46:34.863184Z[0m [33m WARN[0m [2mredb::db[0m[2m:[0m Database "InMemoryBackend(RwLock { data: [], poisoned: false, .. })" not shutdown cleanly. Repairing
[2m2026-08-22T04:46:37.589927Z[0m [32m INFO[0m [2mredb::db[0m[2m:[0m Opening database "InMemoryBackend(RwLock { data: [], poisoned: false, .. })"
[2m2026-08-22T04:46:37.591984Z[0m [33m WARN[0m [2mredb::db[0m[2m:[0m Database "InMemoryBackend(RwLock { data: [], poisoned: false, .. })" not shutdown cleanly. Repairing
[2m2026-08-22T04:46:51.368550Z[0m [32m INFO[0m [2mredb::db[0m[2m:[0m Opening database "InMemoryBackend(RwLock { data: [], poisoned: false, .. })"
[2m2026-08-22T04:46:51.371139Z[0m [33m WARN[0m [2mredb::db[0m[2m:[0m Database "InMemoryBackend(RwLock { data: [], poisoned: false, .. })" not shutdown cleanly. Repairing
Generated signing key: crunch-leviathan-1 (/home/brittonr/mantle-runs/receipt-fix-v31/.source-built-fixed-point-v37-binutils-middle-closure-20260821.source-built-fixed-point-staging-3859936/native-state/signing-key)
[2m2026-08-22T05:04:24.654681Z[0m [32m INFO[0m [2mcrunch_store::handle[0m[2m:[0m blob service opened [3mpath[0m[2m=[0m/home/brittonr/mantle-runs/receipt-fix-v31/.source-built-fixed-point-v37-binutils-middle-closure-20260821.source-built-fixed-point-staging-3859936/native-state/blobs
[2m2026-08-22T05:04:24.655139Z[0m [32m INFO[0m [2mredb::db[0m[2m:[0m Opening database "FileBackend { lock_supported: true, file: File { fd: 11, path: \"/home/brittonr/mantle-runs/receipt-fix-v31/.source-built-fixed-point-v37-binutils-middle-closure-20260821.source-built-fixed-point-staging-3859936/native-state/directories.redb\", read: true, write: true } }"
[2m2026-08-22T05:04:24.701907Z[0m [33m WARN[0m [2mredb::db[0m[2m:[0m Database "FileBackend { lock_supported: true, file: File { fd: 11, path: \"/home/brittonr/mantle-runs/receipt-fix-v31/.source-built-fixed-point-v37-binutils-middle-closure-20260821.source-built-fixed-point-staging-3859936/native-state/directories.redb\", read: true, write: true } }" not shutdown cleanly. Repairing
[2m2026-08-22T05:04:24.706741Z[0m [32m INFO[0m [2mredb::db[0m[2m:[0m Opening database "FileBackend { lock_supported: true, file: File { fd: 12, path: \"/home/brittonr/mantle-runs/receipt-fix-v31/.source-built-fixed-point-v37-binutils-middle-closure-20260821.source-built-fixed-point-staging-3859936/native-state/pathinfo.redb\", read: true, write: true } }"
[2m2026-08-22T05:04:24.708898Z[0m [33m WARN[0m [2mredb::db[0m[2m:[0m Database "FileBackend { lock_supported: true, file: File { fd: 12, path: \"/home/brittonr/mantle-runs/receipt-fix-v31/.source-built-fixed-point-v37-binutils-middle-closure-20260821.source-built-fixed-point-staging-3859936/native-state/pathinfo.redb\", read: true, write: true } }" not shutdown cleanly. Repairing
[2m2026-08-22T05:04:24.712478Z[0m [32m INFO[0m [2mcrunch_store::handle[0m[2m:[0m PathInfo database opened [3mpath[0m[2m=[0m/home/brittonr/mantle-runs/receipt-fix-v31/.source-built-fixed-point-v37-binutils-middle-closure-20260821.source-built-fixed-point-staging-3859936/native-state/pathinfo.redb
[2m2026-08-22T05:04:27.762063Z[0m [32m INFO[0m [2mcrunch_store::handle[0m[2m:[0m blob service opened [3mpath[0m[2m=[0m/home/brittonr/mantle-runs/receipt-fix-v31/.source-built-fixed-point-v37-binutils-middle-closure-20260821.source-built-fixed-point-staging-3859936/native-state/blobs
[2m2026-08-22T05:04:27.762377Z[0m [32m INFO[0m [2mredb::db[0m[2m:[0m Opening database "FileBackend { lock_supported: true, file: File { fd: 15, path: \"/home/brittonr/mantle-runs/receipt-fix-v31/.source-built-fixed-point-v37-binutils-middle-closure-20260821.source-built-fixed-point-staging-3859936/native-state/directories.redb\", read: true, write: true } }"
[2m2026-08-22T05:04:27.762694Z[0m [32m INFO[0m [2mredb::db[0m[2m:[0m Found valid allocator state, full repair not needed
[2m2026-08-22T05:04:27.767267Z[0m [32m INFO[0m [2mredb::db[0m[2m:[0m Opening database "FileBackend { lock_supported: true, file: File { fd: 16, path: \"/home/brittonr/mantle-runs/receipt-fix-v31/.source-built-fixed-point-v37-binutils-middle-closure-20260821.source-built-fixed-point-staging-3859936/native-state/pathinfo.redb\", read: true, write: true } }"
[2m2026-08-22T05:04:27.767369Z[0m [32m INFO[0m [2mredb::db[0m[2m:[0m Found valid allocator state, full repair not needed
[2m2026-08-22T05:04:27.768831Z[0m [32m INFO[0m [2mcrunch_store::handle[0m[2m:[0m PathInfo database opened [3mpath[0m[2m=[0m/home/brittonr/mantle-runs/receipt-fix-v31/.source-built-fixed-point-v37-binutils-middle-closure-20260821.source-built-fixed-point-staging-3859936/native-state/pathinfo.redb
Admitted full-source provider /home/brittonr/mantle-runs/receipt-fix-v31/.source-built-fixed-point-v37-binutils-middle-closure-20260821.source-built-fixed-point-staging-3859936/native-store/kcvijyh0sibqcc4g9sqk694xyslzhpsx-full-source-seed-toolchain
  output_digest_blake3: 63d9bc23cfcc232726527c141132ea35bc7ef9adf4ed7a952b5baa62bd466ed9
  source_closure_blake3: 7a97f836c8daa3dc5cbdf51a2d6ca59e7b995debac22fe5d08c091e667828778
  metadata_digest_blake3: 50ac462f76ed2033a6d760a9271081351ccb9493e6d9cd796e7b6abdab02a826
  report: /home/brittonr/mantle-runs/receipt-fix-v31/.source-built-fixed-point-v37-binutils-middle-closure-20260821.source-built-fixed-point-staging-3859936/full-source-provider-admission.json
  acquired source mrustc-0.12.0 sha256=c1ba35f5fc5c4ca2952d9f5526e900dcb6632ea7fd4d71fa58029b3bb563ae56 extracted=/home/brittonr/mantle-runs/receipt-fix-v31/.source-built-fixed-point-v37-binutils-middle-closure-20260821.source-built-fixed-point-staging-3859936/rust-provider-scratch/sources/mrustc-0.12.0 entries=696
  acquired source rust-1.90.0 sha256=799a9f9cba4ed5351e071048bcf6b5560755d9009648def33a407dd4961f9b7e extracted=/home/brittonr/mantle-runs/receipt-fix-v31/.source-built-fixed-point-v37-binutils-middle-closure-20260821.source-built-fixed-point-staging-3859936/rust-provider-scratch/sources/rust-1.90.0 entries=279266
  first_stage_build_script: /home/brittonr/mantle-runs/receipt-fix-v31/.source-built-fixed-point-v37-binutils-middle-closure-20260821.source-built-fixed-point-staging-3859936/rust-provider-scratch/run-mrustc-first-stage.sh
  first_stage_build_log: /home/brittonr/mantle-runs/receipt-fix-v31/.source-built-fixed-point-v37-binutils-middle-closure-20260821.source-built-fixed-point-staging-3859936/rust-provider-scratch/mrustc-first-stage-build.log
  acquired source rust-1.91.1 sha256=38dce205d39f61571261f0444237a1ce9efecb970e760d8ec4d957af5b445723 extracted=/home/brittonr/mantle-runs/receipt-fix-v31/.source-built-fixed-point-v37-binutils-middle-closure-20260821.source-built-fixed-point-staging-3859936/rust-provider-scratch/rustc-stage1-sources/rust-1.91.1 entries=290629
  rustc_stage1_build_script: /home/brittonr/mantle-runs/receipt-fix-v31/.source-built-fixed-point-v37-binutils-middle-closure-20260821.source-built-fixed-point-staging-3859936/rust-provider-scratch/run-rustc-stage1.sh
  rustc_stage1_build_log: /home/brittonr/mantle-runs/receipt-fix-v31/.source-built-fixed-point-v37-binutils-middle-closure-20260821.source-built-fixed-point-staging-3859936/rust-provider-scratch/rustc-stage1-build.log
  acquired source rust-1.92.0 sha256=9e0d2ca75c7e275fdc758255bf4b03afb3d65d1543602746907c933b6901c3b8 extracted=/home/brittonr/mantle-runs/receipt-fix-v31/.source-built-fixed-point-v37-binutils-middle-closure-20260821.source-built-fixed-point-staging-3859936/rust-provider-scratch/rustc-stage1-chain/rust-1.92.0-stage1/rustc-stage1-sources/rust-1.92.0 entries=298197
  rustc_stage1_build_script: /home/brittonr/mantle-runs/receipt-fix-v31/.source-built-fixed-point-v37-binutils-middle-closure-20260821.source-built-fixed-point-staging-3859936/rust-provider-scratch/rustc-stage1-chain/rust-1.92.0-stage1/run-rustc-stage1.sh
  rustc_stage1_build_log: /home/brittonr/mantle-runs/receipt-fix-v31/.source-built-fixed-point-v37-binutils-middle-closure-20260821.source-built-fixed-point-staging-3859936/rust-provider-scratch/rustc-stage1-chain/rust-1.92.0-stage1/rustc-stage1-build.log
  acquired source rust-1.93.1 sha256=4c230a44b3d9c9f3cef950943719f8380058d27c91fda5e36a9a947ef013e01f extracted=/home/brittonr/mantle-runs/receipt-fix-v31/.source-built-fixed-point-v37-binutils-middle-closure-20260821.source-built-fixed-point-staging-3859936/rust-provider-scratch/rustc-stage1-chain/rust-1.93.1-stage1/rustc-stage1-sources/rust-1.93.1 entries=301572
  rustc_stage1_build_script: /home/brittonr/mantle-runs/receipt-fix-v31/.source-built-fixed-point-v37-binutils-middle-closure-20260821.source-built-fixed-point-staging-3859936/rust-provider-scratch/rustc-stage1-chain/rust-1.93.1-stage1/run-rustc-stage1.sh
  rustc_stage1_build_log: /home/brittonr/mantle-runs/receipt-fix-v31/.source-built-fixed-point-v37-binutils-middle-closure-20260821.source-built-fixed-point-staging-3859936/rust-provider-scratch/rustc-stage1-chain/rust-1.93.1-stage1/rustc-stage1-build.log
  acquired source rust-1.94.0 sha256=b83f921cd3f321ff614f9c06a8b870d89299fc02888b48a5549683a36823474c extracted=/home/brittonr/mantle-runs/receipt-fix-v31/.source-built-fixed-point-v37-binutils-middle-closure-20260821.source-built-fixed-point-staging-3859936/rust-provider-scratch/rustc-final/rustc-final-sources/rust-1.94.0 entries=304388
  rustc_final_build_script: /home/brittonr/mantle-runs/receipt-fix-v31/.source-built-fixed-point-v37-binutils-middle-closure-20260821.source-built-fixed-point-staging-3859936/rust-provider-scratch/rustc-final/run-rustc-final.sh
  rustc_final_build_log: /home/brittonr/mantle-runs/receipt-fix-v31/.source-built-fixed-point-v37-binutils-middle-closure-20260821.source-built-fixed-point-staging-3859936/rust-provider-scratch/rustc-final/rustc-final-build.log
Rust source provider recipe: /home/brittonr/mantle-runs/receipt-fix-v31/.source-built-fixed-point-v37-binutils-middle-closure-20260821.source-built-fixed-point-staging-3859936/inputs/mantle-source/bootstrap/rust-source.ncl
  recipe_digest_blake3: 3e89919c0d6ec9f171700e932caa4c44625424c235b6b822d4f2d1cce2dcb113
  route_plan: /home/brittonr/mantle-runs/receipt-fix-v31/.source-built-fixed-point-v37-binutils-middle-closure-20260821.source-built-fixed-point-staging-3859936/inputs/mantle-source/bootstrap/rust-source-musl-host-plan.ncl
  route_plan_digest_blake3: 58c6ea33a72121463d8e1e71310f60562f63528385b6cd2b86d98e8d37b2281c
  route_policy_digest_blake3: 66a76c43410fabbbd3747a64f3715506acfe7034220e81e3b564dd5fd97e935a
  planned_output: /home/brittonr/mantle-runs/receipt-fix-v31/.source-built-fixed-point-v37-binutils-middle-closure-20260821.source-built-fixed-point-staging-3859936/rust-provider
  planned_scratch: /home/brittonr/mantle-runs/receipt-fix-v31/.source-built-fixed-point-v37-binutils-middle-closure-20260821.source-built-fixed-point-staging-3859936/rust-provider-scratch
  first_stage_id: mrustc-to-rust-1.90.0
  first_stage_script: /home/brittonr/mantle-runs/receipt-fix-v31/.source-built-fixed-point-v37-binutils-middle-closure-20260821.source-built-fixed-point-staging-3859936/rust-provider-scratch/run-mrustc-first-stage.sh
  first_stage_plan: /home/brittonr/mantle-runs/receipt-fix-v31/.source-built-fixed-point-v37-binutils-middle-closure-20260821.source-built-fixed-point-staging-3859936/rust-provider-scratch/mrustc-first-stage-plan.json
  first_stage_sources: /home/brittonr/mantle-runs/receipt-fix-v31/.source-built-fixed-point-v37-binutils-middle-closure-20260821.source-built-fixed-point-staging-3859936/rust-provider-scratch/mrustc-first-stage-sources.json
  first_stage_build: /home/brittonr/mantle-runs/receipt-fix-v31/.source-built-fixed-point-v37-binutils-middle-closure-20260821.source-built-fixed-point-staging-3859936/rust-provider-scratch/mrustc-first-stage-build.json
  first_stage_build_log: /home/brittonr/mantle-runs/receipt-fix-v31/.source-built-fixed-point-v37-binutils-middle-closure-20260821.source-built-fixed-point-staging-3859936/rust-provider-scratch/mrustc-first-stage-build.log
  first_stage_provider_candidate: /home/brittonr/mantle-runs/receipt-fix-v31/.source-built-fixed-point-v37-binutils-middle-closure-20260821.source-built-fixed-point-staging-3859936/rust-provider-scratch/mrustc-first-stage-provider-candidate
  first_stage_provider_candidate_manifest: /home/brittonr/mantle-runs/receipt-fix-v31/.source-built-fixed-point-v37-binutils-middle-closure-20260821.source-built-fixed-point-staging-3859936/rust-provider-scratch/mrustc-first-stage-provider-candidate.json
  first_stage_provider_candidate_smoke: /home/brittonr/mantle-runs/receipt-fix-v31/.source-built-fixed-point-v37-binutils-middle-closure-20260821.source-built-fixed-point-staging-3859936/rust-provider-scratch/mrustc-first-stage-provider-candidate-smoke/smoke.json
  rustc_stage1_id: rust-1.91.1-stage1
  rustc_stage1_plan: /home/brittonr/mantle-runs/receipt-fix-v31/.source-built-fixed-point-v37-binutils-middle-closure-20260821.source-built-fixed-point-staging-3859936/rust-provider-scratch/rustc-stage1-plan.json
  rustc_stage1_sources: /home/brittonr/mantle-runs/receipt-fix-v31/.source-built-fixed-point-v37-binutils-middle-closure-20260821.source-built-fixed-point-staging-3859936/rust-provider-scratch/rustc-stage1-sources.json
  rustc_stage1_build: /home/brittonr/mantle-runs/receipt-fix-v31/.source-built-fixed-point-v37-binutils-middle-closure-20260821.source-built-fixed-point-staging-3859936/rust-provider-scratch/rustc-stage1-build.json
  rustc_stage1_build_log: /home/brittonr/mantle-runs/receipt-fix-v31/.source-built-fixed-point-v37-binutils-middle-closure-20260821.source-built-fixed-point-staging-3859936/rust-provider-scratch/rustc-stage1-build.log
  rustc_stage1_provider_candidate: /home/brittonr/mantle-runs/receipt-fix-v31/.source-built-fixed-point-v37-binutils-middle-closure-20260821.source-built-fixed-point-staging-3859936/rust-provider-scratch/rustc-stage1-provider-candidate
  rustc_stage1_provider_candidate_manifest: /home/brittonr/mantle-runs/receipt-fix-v31/.source-built-fixed-point-v37-binutils-middle-closure-20260821.source-built-fixed-point-staging-3859936/rust-provider-scratch/rustc-stage1-provider-candidate.json
  rustc_stage1_provider_candidate_smoke: /home/brittonr/mantle-runs/receipt-fix-v31/.source-built-fixed-point-v37-binutils-middle-closure-20260821.source-built-fixed-point-staging-3859936/rust-provider-scratch/rustc-stage1-provider-candidate-smoke/smoke.json
  rustc_stage1_id: rust-1.92.0-stage1
  rustc_stage1_plan: /home/brittonr/mantle-runs/receipt-fix-v31/.source-built-fixed-point-v37-binutils-middle-closure-20260821.source-built-fixed-point-staging-3859936/rust-provider-scratch/rustc-stage1-chain/rust-1.92.0-stage1/rustc-stage1-plan.json
  rustc_stage1_sources: /home/brittonr/mantle-runs/receipt-fix-v31/.source-built-fixed-point-v37-binutils-middle-closure-20260821.source-built-fixed-point-staging-3859936/rust-provider-scratch/rustc-stage1-chain/rust-1.92.0-stage1/rustc-stage1-sources.json
  rustc_stage1_build: /home/brittonr/mantle-runs/receipt-fix-v31/.source-built-fixed-point-v37-binutils-middle-closure-20260821.source-built-fixed-point-staging-3859936/rust-provider-scratch/rustc-stage1-chain/rust-1.92.0-stage1/rustc-stage1-build.json
  rustc_stage1_build_log: /home/brittonr/mantle-runs/receipt-fix-v31/.source-built-fixed-point-v37-binutils-middle-closure-20260821.source-built-fixed-point-staging-3859936/rust-provider-scratch/rustc-stage1-chain/rust-1.92.0-stage1/rustc-stage1-build.log
  rustc_stage1_provider_candidate: /home/brittonr/mantle-runs/receipt-fix-v31/.source-built-fixed-point-v37-binutils-middle-closure-20260821.source-built-fixed-point-staging-3859936/rust-provider-scratch/rustc-stage1-chain/rust-1.92.0-stage1/rustc-stage1-provider-candidate
  rustc_stage1_provider_candidate_manifest: /home/brittonr/mantle-runs/receipt-fix-v31/.source-built-fixed-point-v37-binutils-middle-closure-20260821.source-built-fixed-point-staging-3859936/rust-provider-scratch/rustc-stage1-chain/rust-1.92.0-stage1/rustc-stage1-provider-candidate.json
  rustc_stage1_provider_candidate_smoke: /home/brittonr/mantle-runs/receipt-fix-v31/.source-built-fixed-point-v37-binutils-middle-closure-20260821.source-built-fixed-point-staging-3859936/rust-provider-scratch/rustc-stage1-chain/rust-1.92.0-stage1/rustc-stage1-provider-candidate-smoke/smoke.json
  rustc_stage1_id: rust-1.93.1-stage1
  rustc_stage1_plan: /home/brittonr/mantle-runs/receipt-fix-v31/.source-built-fixed-point-v37-binutils-middle-closure-20260821.source-built-fixed-point-staging-3859936/rust-provider-scratch/rustc-stage1-chain/rust-1.93.1-stage1/rustc-stage1-plan.json
  rustc_stage1_sources: /home/brittonr/mantle-runs/receipt-fix-v31/.source-built-fixed-point-v37-binutils-middle-closure-20260821.source-built-fixed-point-staging-3859936/rust-provider-scratch/rustc-stage1-chain/rust-1.93.1-stage1/rustc-stage1-sources.json
  rustc_stage1_build: /home/brittonr/mantle-runs/receipt-fix-v31/.source-built-fixed-point-v37-binutils-middle-closure-20260821.source-built-fixed-point-staging-3859936/rust-provider-scratch/rustc-stage1-chain/rust-1.93.1-stage1/rustc-stage1-build.json
  rustc_stage1_build_log: /home/brittonr/mantle-runs/receipt-fix-v31/.source-built-fixed-point-v37-binutils-middle-closure-20260821.source-built-fixed-point-staging-3859936/rust-provider-scratch/rustc-stage1-chain/rust-1.93.1-stage1/rustc-stage1-build.log
  rustc_stage1_provider_candidate: /home/brittonr/mantle-runs/receipt-fix-v31/.source-built-fixed-point-v37-binutils-middle-closure-20260821.source-built-fixed-point-staging-3859936/rust-provider-scratch/rustc-stage1-chain/rust-1.93.1-stage1/rustc-stage1-provider-candidate
  rustc_stage1_provider_candidate_manifest: /home/brittonr/mantle-runs/receipt-fix-v31/.source-built-fixed-point-v37-binutils-middle-closure-20260821.source-built-fixed-point-staging-3859936/rust-provider-scratch/rustc-stage1-chain/rust-1.93.1-stage1/rustc-stage1-provider-candidate.json
  rustc_stage1_provider_candidate_smoke: /home/brittonr/mantle-runs/receipt-fix-v31/.source-built-fixed-point-v37-binutils-middle-closure-20260821.source-built-fixed-point-staging-3859936/rust-provider-scratch/rustc-stage1-chain/rust-1.93.1-stage1/rustc-stage1-provider-candidate-smoke/smoke.json
  rustc_final_id: rust-1.94.0-final
  rustc_final_plan: /home/brittonr/mantle-runs/receipt-fix-v31/.source-built-fixed-point-v37-binutils-middle-closure-20260821.source-built-fixed-point-staging-3859936/rust-provider-scratch/rustc-final/rustc-final-plan.json
  rustc_final_sources: /home/brittonr/mantle-runs/receipt-fix-v31/.source-built-fixed-point-v37-binutils-middle-closure-20260821.source-built-fixed-point-staging-3859936/rust-provider-scratch/rustc-final/rustc-final-sources.json
  rustc_final_build: /home/brittonr/mantle-runs/receipt-fix-v31/.source-built-fixed-point-v37-binutils-middle-closure-20260821.source-built-fixed-point-staging-3859936/rust-provider-scratch/rustc-final/rustc-final-build.json
  rustc_final_build_log: /home/brittonr/mantle-runs/receipt-fix-v31/.source-built-fixed-point-v37-binutils-middle-closure-20260821.source-built-fixed-point-staging-3859936/rust-provider-scratch/rustc-final/rustc-final-build.log
  rustc_final_provider_candidate: /home/brittonr/mantle-runs/receipt-fix-v31/.source-built-fixed-point-v37-binutils-middle-closure-20260821.source-built-fixed-point-staging-3859936/rust-provider-scratch/rustc-final/rustc-final-provider-candidate
  rustc_final_provider_candidate_manifest: /home/brittonr/mantle-runs/receipt-fix-v31/.source-built-fixed-point-v37-binutils-middle-closure-20260821.source-built-fixed-point-staging-3859936/rust-provider-scratch/rustc-final/rustc-final-provider-candidate.json
  rustc_final_provider_candidate_smoke: /home/brittonr/mantle-runs/receipt-fix-v31/.source-built-fixed-point-v37-binutils-middle-closure-20260821.source-built-fixed-point-staging-3859936/rust-provider-scratch/rustc-final/rustc-final-provider-candidate-smoke/smoke.json
Materialized source-built native toolchain closure /home/brittonr/mantle-runs/receipt-fix-v31/.source-built-fixed-point-v37-binutils-middle-closure-20260821.source-built-fixed-point-staging-3859936/source-built-toolchain-closure.json
  members: 17
  policy_digest_blake3: 691f3669917ecfe0371179fc371729bb3172dd31ee9e9ae8de4dfccab137f346
Cargo-free fixed-point: blocked
bundle: /home/brittonr/mantle-runs/receipt-fix-v31/.source-built-fixed-point-v37-binutils-middle-closure-20260821.source-built-fixed-point-staging-3859936/cargo-free-fixed-point
hermeticity_mode: strict
strict_proof_admission: true
error: build failed
source-built fixed-point proof failed closed: error: build failed
stage1 blocked: topology execution status was blocked; classification=blocked-unit; blocked unit classified with blocker class rustc-failed; unit=native:23519c95622cc3b6f710c2cfcc65f674a3fdb2fb4c2b2c8bf2677c9ee61569da:path+native#mantle@0.1.0:mantle:bin:build; package=path+native#mantle@0.1.0; role=target; triple=x86_64-unknown-linux-musl; target_kind=bin; predecessor_status=success; blocker_class=rustc-failed; preserved_attempt=/home/brittonr/mantle-runs/receipt-fix-v31/.source-built-fixed-point-v37-binutils-middle-closure-20260821.source-built-fixed-point-staging-3859936
