$ git rev-parse HEAD
62940810416e5cd061c9af6b79826c12b08e1158
$ git rev-parse origin/main
50120c1dff95c654e8823cf9ae09edb8e03b9661
$ cargo fmt --check -p crunch-radiance-reference-core -p mantle
$ cargo test -p crunch-radiance-reference-core --lib --tests --offline
warning: Cargo.toml: file `/home/brittonr/git/OnixResearch/mantle/.pi/worktrees/drain-radiance-bootstrap-reference/src/main.rs` found to be present in multiple build targets:
  * `bin` target `crunch`
  * `bin` target `mantle`
warning: `mantle` (manifest) generated 1 warning
    Finished `test` profile [unoptimized + debuginfo] target(s) in 0.09s
     Running unittests src/lib.rs (/tmp/mantle-rad-diag-target/debug/deps/crunch_radiance_reference_core-a5e88781c5fdad91)

running 14 tests
test tests::admission::exact_revisions_are_sha256_width_and_not_interchangeable ... ok
test tests::admission::exact_stage_plan_requires_both_routes_and_immediate_predecessors ... ok
test tests::admission::source_cohort_rejects_revision_content_and_license_drift ... ok
test tests::admission::exact_source_cohort_is_sorted_deterministic_and_admitted ... ok
test tests::verification::link_runtime_tool_observations_are_required_and_bounded ... ok
test tests::verification::correctness_and_seed_trust_fields_cannot_enter_wire_receipt ... ok
test tests::verification::divergent_route_fixed_points_remain_valid_bounded_evidence ... ok
test tests::verification::matching_routes_produce_an_admitted_receipt ... ok
test tests::verification::route_nonconvergence_rejects_receipt ... ok
test tests::verification::denied_execution_and_nonzero_exit_reject_receipt ... ok
test tests::verification::predecessor_or_launcher_substitution_rejects_lineage ... ok
test tests::verification::receipt_identity_is_tamper_evident ... ok
test tests::verification::publication_path_digest_and_bytes_are_exact ... ok
test tests::verification::live_fetch_fallback_substitution_and_ambient_discovery_reject ... ok

test result: ok. 14 passed; 0 failed; 0 ignored; 0 measured; 0 filtered out; finished in 0.02s

$ cargo test -p mantle --bin mantle radiance:: --offline
warning: Cargo.toml: file `/home/brittonr/git/OnixResearch/mantle/.pi/worktrees/drain-radiance-bootstrap-reference/src/main.rs` found to be present in multiple build targets:
  * `bin` target `crunch`
  * `bin` target `mantle`
warning: `mantle` (manifest) generated 1 warning
   Compiling nix-compat v0.1.0 (/home/brittonr/git/OnixResearch/mantle/.pi/worktrees/drain-radiance-bootstrap-reference/vendor/nix-compat)
   Compiling crunch-eval v0.1.0 (/home/brittonr/git/OnixResearch/mantle/.pi/worktrees/drain-radiance-bootstrap-reference/crates/crunch-eval)
   Compiling snix-store v0.1.0 (/home/brittonr/git/OnixResearch/mantle/.pi/worktrees/drain-radiance-bootstrap-reference/vendor/snix-store)
   Compiling crunch-nar v0.1.0 (/home/brittonr/git/OnixResearch/mantle/.pi/worktrees/drain-radiance-bootstrap-reference/crates/crunch-nar)
   Compiling crunch-glue v0.1.0 (/home/brittonr/git/OnixResearch/mantle/.pi/worktrees/drain-radiance-bootstrap-reference/crates/crunch-glue)
   Compiling crunch-store v0.1.0 (/home/brittonr/git/OnixResearch/mantle/.pi/worktrees/drain-radiance-bootstrap-reference/crates/crunch-store)
   Compiling crunch-build v0.1.0 (/home/brittonr/git/OnixResearch/mantle/.pi/worktrees/drain-radiance-bootstrap-reference/crates/crunch-build)
   Compiling crunch-rust-cache v0.1.0 (/home/brittonr/git/OnixResearch/mantle/.pi/worktrees/drain-radiance-bootstrap-reference/crates/crunch-rust-cache)
   Compiling crunch-delta v0.1.0 (/home/brittonr/git/OnixResearch/mantle/.pi/worktrees/drain-radiance-bootstrap-reference/crates/crunch-delta)
   Compiling crunch-rustc-wrapper v0.1.0 (/home/brittonr/git/OnixResearch/mantle/.pi/worktrees/drain-radiance-bootstrap-reference/crates/crunch-rustc-wrapper)
   Compiling crunch-pipeline v0.1.0 (/home/brittonr/git/OnixResearch/mantle/.pi/worktrees/drain-radiance-bootstrap-reference/crates/crunch-pipeline)
   Compiling mantle v0.1.0 (/home/brittonr/git/OnixResearch/mantle/.pi/worktrees/drain-radiance-bootstrap-reference)
    Finished `test` profile [unoptimized + debuginfo] target(s) in 1m 15s
warning: the following packages contain code that will be rejected by a future version of Rust: n0-future v0.3.2, nix v0.29.0, nix v0.31.3, proc-macro-error2 v2.0.1
note: to see what the problems were, use the option `--future-incompat-report`, or run `cargo report future-incompatibilities --id 1`
     Running unittests src/main.rs (/tmp/mantle-rad-diag-target/debug/deps/mantle-2ef67efb1f324bc8)

running 8 tests
test radiance::runtime::network::tests::program_allows_only_local_socket_creation ... ok
test radiance::runtime::network::tests::program_kills_wrong_arch_and_traps_io_uring ... ok
test radiance::tests::digest_and_role_admission_reject_malformed_values ... ok
test radiance::tests::embedded_profile_binds_the_exact_three_source_cohort ... ok
test radiance::tests::proof_request_requires_absent_output_and_explicit_executables ... ok
test radiance::tests::protected_audit_matches_receipt_tools_and_rejects_digest_drift ... ok
test radiance::tests::cli_requires_the_explicit_compiler_driver_for_proof ... ok
test radiance::tests::checkout_admission_accepts_sha256_and_rejects_sha1 ... ok

test result: ok. 8 passed; 0 failed; 0 ignored; 0 measured; 2618 filtered out; finished in 0.01s

$ cargo clippy -p crunch-radiance-reference-core --all-targets --all-features --offline -- -D warnings
warning: Cargo.toml: file `/home/brittonr/git/OnixResearch/mantle/.pi/worktrees/drain-radiance-bootstrap-reference/src/main.rs` found to be present in multiple build targets:
  * `bin` target `crunch`
  * `bin` target `mantle`
warning: `mantle` (manifest) generated 1 warning
    Finished `dev` profile [unoptimized + debuginfo] target(s) in 0.11s
$ cargo clippy -p mantle --bin mantle --offline -- -D warnings
warning: Cargo.toml: file `/home/brittonr/git/OnixResearch/mantle/.pi/worktrees/drain-radiance-bootstrap-reference/src/main.rs` found to be present in multiple build targets:
  * `bin` target `crunch`
  * `bin` target `mantle`
warning: `mantle` (manifest) generated 1 warning
   Compiling fuse-backend-rs v0.12.0 (/home/brittonr/git/OnixResearch/mantle/.pi/worktrees/drain-radiance-bootstrap-reference/vendor/fuse-backend-rs)
   Compiling nix-compat v0.1.0 (/home/brittonr/git/OnixResearch/mantle/.pi/worktrees/drain-radiance-bootstrap-reference/vendor/nix-compat)
    Checking crunch-attestation-core v0.1.0 (/home/brittonr/git/OnixResearch/mantle/.pi/worktrees/drain-radiance-bootstrap-reference/crates/crunch-attestation-core)
   Compiling nix-compat-derive v0.1.0 (/home/brittonr/git/OnixResearch/mantle/.pi/worktrees/drain-radiance-bootstrap-reference/vendor/nix-compat-derive)
   Compiling snix-castore v0.1.0 (/home/brittonr/git/OnixResearch/mantle/.pi/worktrees/drain-radiance-bootstrap-reference/vendor/snix-castore)
    Checking snix-tracing v0.1.0 (/home/brittonr/git/OnixResearch/mantle/.pi/worktrees/drain-radiance-bootstrap-reference/vendor/snix-tracing)
   Compiling snix-build v0.1.0 (/home/brittonr/git/OnixResearch/mantle/.pi/worktrees/drain-radiance-bootstrap-reference/vendor/snix-build)
   Compiling snix-store v0.1.0 (/home/brittonr/git/OnixResearch/mantle/.pi/worktrees/drain-radiance-bootstrap-reference/vendor/snix-store)
    Checking crunch-action-result-core v0.1.0 (/home/brittonr/git/OnixResearch/mantle/.pi/worktrees/drain-radiance-bootstrap-reference/crates/crunch-action-result-core)
    Checking crunch-gc-core v0.1.0 (/home/brittonr/git/OnixResearch/mantle/.pi/worktrees/drain-radiance-bootstrap-reference/crates/crunch-gc-core)
    Checking crunch-repair-core v0.1.0 (/home/brittonr/git/OnixResearch/mantle/.pi/worktrees/drain-radiance-bootstrap-reference/crates/crunch-repair-core)
    Checking crunch-composition-core v0.1.0 (/home/brittonr/git/OnixResearch/mantle/.pi/worktrees/drain-radiance-bootstrap-reference/crates/crunch-composition-core)
    Checking crunch-overlay-core v0.1.0 (/home/brittonr/git/OnixResearch/mantle/.pi/worktrees/drain-radiance-bootstrap-reference/crates/crunch-overlay-core)
    Checking crunch-remote-core v0.1.0 (/home/brittonr/git/OnixResearch/mantle/.pi/worktrees/drain-radiance-bootstrap-reference/crates/crunch-remote-core)
    Checking crunch-rust-cache-core v0.1.0 (/home/brittonr/git/OnixResearch/mantle/.pi/worktrees/drain-radiance-bootstrap-reference/crates/crunch-rust-cache-core)
    Checking crunch-source-core v0.1.0 (/home/brittonr/git/OnixResearch/mantle/.pi/worktrees/drain-radiance-bootstrap-reference/crates/crunch-source-core)
    Checking crunch-eval v0.1.0 (/home/brittonr/git/OnixResearch/mantle/.pi/worktrees/drain-radiance-bootstrap-reference/crates/crunch-eval)
    Checking mantle-rust-plan-core v0.1.0 (/home/brittonr/git/OnixResearch/mantle/.pi/worktrees/drain-radiance-bootstrap-reference/crates/mantle-rust-plan-core)
    Checking crunch-evaluation-stream-core v0.1.0 (/home/brittonr/git/OnixResearch/mantle/.pi/worktrees/drain-radiance-bootstrap-reference/crates/crunch-evaluation-stream-core)
    Checking crunch-build-planning-core v0.1.0 (/home/brittonr/git/OnixResearch/mantle/.pi/worktrees/drain-radiance-bootstrap-reference/crates/crunch-build-planning-core)
    Checking crunch-wasm-component-core v0.1.0 (/home/brittonr/git/OnixResearch/mantle/.pi/worktrees/drain-radiance-bootstrap-reference/crates/crunch-wasm-component-core)
    Checking mantle-application-core v0.1.0 (/home/brittonr/git/OnixResearch/mantle/.pi/worktrees/drain-radiance-bootstrap-reference/crates/mantle-application-core)
    Checking crunch-shell-core v0.1.0 (/home/brittonr/git/OnixResearch/mantle/.pi/worktrees/drain-radiance-bootstrap-reference/crates/crunch-shell-core)
    Checking crunch-delta-core v0.1.0 (/home/brittonr/git/OnixResearch/mantle/.pi/worktrees/drain-radiance-bootstrap-reference/crates/crunch-delta-core)
    Checking mantlepkgs-core v0.1.0 (/home/brittonr/git/OnixResearch/mantle/.pi/worktrees/drain-radiance-bootstrap-reference/crates/mantlepkgs-core)
    Checking crunch-bootstrap-core v0.1.0 (/home/brittonr/git/OnixResearch/mantle/.pi/worktrees/drain-radiance-bootstrap-reference/crates/crunch-bootstrap-core)
    Checking crunch-eval-budget-core v0.1.0 (/home/brittonr/git/OnixResearch/mantle/.pi/worktrees/drain-radiance-bootstrap-reference/crates/crunch-eval-budget-core)
    Checking mantle-portable-client-core v0.1.0 (/home/brittonr/git/OnixResearch/mantle/.pi/worktrees/drain-radiance-bootstrap-reference/crates/mantle-portable-client-core)
    Checking crunch-shell v0.1.0 (/home/brittonr/git/OnixResearch/mantle/.pi/worktrees/drain-radiance-bootstrap-reference/crates/crunch-shell)
    Checking mantle-application v0.1.0 (/home/brittonr/git/OnixResearch/mantle/.pi/worktrees/drain-radiance-bootstrap-reference/crates/mantle-application)
    Checking crunch-radiance-reference-core v0.1.0 (/home/brittonr/git/OnixResearch/mantle/.pi/worktrees/drain-radiance-bootstrap-reference/crates/crunch-radiance-reference-core)
    Checking crunch-release-core v0.1.0 (/home/brittonr/git/OnixResearch/mantle/.pi/worktrees/drain-radiance-bootstrap-reference/crates/crunch-release-core)
    Checking crunch-attestation v0.1.0 (/home/brittonr/git/OnixResearch/mantle/.pi/worktrees/drain-radiance-bootstrap-reference/crates/crunch-attestation)
    Checking crunch-project-core v0.1.0 (/home/brittonr/git/OnixResearch/mantle/.pi/worktrees/drain-radiance-bootstrap-reference/crates/crunch-project-core)
    Checking mantle-rust-plan v0.1.0 (/home/brittonr/git/OnixResearch/mantle/.pi/worktrees/drain-radiance-bootstrap-reference/crates/mantle-rust-plan)
    Checking crunch-remote v0.1.0 (/home/brittonr/git/OnixResearch/mantle/.pi/worktrees/drain-radiance-bootstrap-reference/crates/crunch-remote)
error: useless conversion to the same type: `u64`
   --> vendor/fuse-backend-rs/src/api/vfs/sync_io.rs:262:48
    |
262 |                 .map(|(h, opt, passthrough)| (h.map(Into::into), opt, passthrough)),
    |                                                ^^^^^^^^^^^^^^^^ help: consider removing
    |
    = help: for further information visit https://rust-lang.github.io/rust-clippy/master/index.html#useless_conversion
    = note: `-D clippy::useless-conversion` implied by `-D warnings`
    = help: to override `-D warnings` add `#[allow(clippy::useless_conversion)]`

error: useless conversion to the same type: `u64`
   --> vendor/fuse-backend-rs/src/api/vfs/sync_io.rs:417:88
    |
417 |             (Right(fs), idata) => fs.opendir(ctx, idata.ino(), flags).map(|(h, opt)| (h.map(Into::into), opt)),
    |                                                                                        ^^^^^^^^^^^^^^^^ help: consider removing
    |
    = help: for further information visit https://rust-lang.github.io/rust-clippy/master/index.html#useless_conversion

error: this can be `std::io::Error::other(_)`
   --> vendor/fuse-backend-rs/src/api/vfs/mod.rs:530:24
    |
530 |               return Err(Error::new(
    |  ________________________^
531 | |                 ErrorKind::Other,
532 | |                 format!("Inode number {inode} too large, max supported {VFS_MAX_INO}"),
533 | |             ));
    | |_____________^
    |
    = help: for further information visit https://rust-lang.github.io/rust-clippy/master/index.html#io_other_error
    = note: `-D clippy::io-other-error` implied by `-D warnings`
    = help: to override `-D warnings` add `#[allow(clippy::io_other_error)]`
help: use `std::io::Error::other`
    |
530 ~             return Err(Error::other(
531 ~                 format!("Inode number {inode} too large, max supported {VFS_MAX_INO}"),
    |

error: this can be `std::io::Error::other(_)`
   --> vendor/fuse-backend-rs/src/api/vfs/mod.rs:608:13
    |
608 |         Err(Error::new(ErrorKind::Other, "vfs maximum mountpoints reached"))
    |             ^^^^^^^^^^^^^^^^^^^^^^^^^^^^^^^^^^^^^^^^^^^^^^^^^^^^^^^^^^^^^^^
    |
    = help: for further information visit https://rust-lang.github.io/rust-clippy/master/index.html#io_other_error
help: use `std::io::Error::other`
    |
608 -         Err(Error::new(ErrorKind::Other, "vfs maximum mountpoints reached"))
608 +         Err(Error::other("vfs maximum mountpoints reached"))
    |

error: manual case-insensitive ASCII comparison
   --> vendor/fuse-backend-rs/src/api/filesystem/overlay.rs:143:46
    |
143 |                         if buf.len() == 1 && buf[0].to_ascii_lowercase() == b'y' {
    |                                              ^^^^^^^^^^^^^^^^^^^^^^^^^^^^^^^^^^^
    |
    = help: for further information visit https://rust-lang.github.io/rust-clippy/master/index.html#manual_ignore_case_cmp
    = note: `-D clippy::manual-ignore-case-cmp` implied by `-D warnings`
    = help: to override `-D warnings` add `#[allow(clippy::manual_ignore_case_cmp)]`
help: consider using `.eq_ignore_ascii_case()` instead
    |
143 -                         if buf.len() == 1 && buf[0].to_ascii_lowercase() == b'y' {
143 +                         if buf.len() == 1 && buf[0].eq_ignore_ascii_case(&b'y') {
    |

error: usage of a legacy numeric constant
   --> vendor/fuse-backend-rs/src/api/filesystem/mod.rs:252:35
    |
252 |             match self.read_to(f, ::std::usize::MAX, off) {
    |                                   ^^^^^^^^^^^^^^^^^
    |
    = help: for further information visit https://rust-lang.github.io/rust-clippy/master/index.html#legacy_numeric_constants
    = note: `-D clippy::legacy-numeric-constants` implied by `-D warnings`
    = help: to override `-D warnings` add `#[allow(clippy::legacy_numeric_constants)]`
help: use the associated constant instead
    |
252 -             match self.read_to(f, ::std::usize::MAX, off) {
252 +             match self.read_to(f, usize::MAX, off) {
    |

error: usage of a legacy numeric constant
   --> vendor/fuse-backend-rs/src/api/filesystem/mod.rs:323:38
    |
323 |             match self.write_from(f, ::std::usize::MAX, off) {
    |                                      ^^^^^^^^^^^^^^^^^
    |
    = help: for further information visit https://rust-lang.github.io/rust-clippy/master/index.html#legacy_numeric_constants
help: use the associated constant instead
    |
323 -             match self.write_from(f, ::std::usize::MAX, off) {
323 +             match self.write_from(f, usize::MAX, off) {
    |

error: usage of a legacy numeric constant
   --> vendor/fuse-backend-rs/src/api/server/sync_io.rs:664:37
    |
664 |                     max_background: ::std::u16::MAX,
    |                                     ^^^^^^^^^^^^^^^
    |
    = help: for further information visit https://rust-lang.github.io/rust-clippy/master/index.html#legacy_numeric_constants
help: use the associated constant instead
    |
664 -                     max_background: ::std::u16::MAX,
664 +                     max_background: u16::MAX,
    |

error: usage of a legacy numeric constant
   --> vendor/fuse-backend-rs/src/api/server/sync_io.rs:665:44
    |
665 |                     congestion_threshold: (::std::u16::MAX / 4) * 3,
    |                                            ^^^^^^^^^^^^^^^
    |
    = help: for further information visit https://rust-lang.github.io/rust-clippy/master/index.html#legacy_numeric_constants
help: use the associated constant instead
    |
665 -                     congestion_threshold: (::std::u16::MAX / 4) * 3,
665 +                     congestion_threshold: (u16::MAX / 4) * 3,
    |

error: usage of a legacy numeric constant
    --> vendor/fuse-backend-rs/src/api/server/sync_io.rs:1160:23
     |
1160 |     if d.name.len() > ::std::u32::MAX as usize {
     |                       ^^^^^^^^^^^^^^^
     |
     = help: for further information visit https://rust-lang.github.io/rust-clippy/master/index.html#legacy_numeric_constants
help: use the associated constant instead
     |
1160 -     if d.name.len() > ::std::u32::MAX as usize {
1160 +     if d.name.len() > u32::MAX as usize {
     |

error: this can be `std::io::Error::other(_)`
  --> vendor/fuse-backend-rs/src/overlayfs/inode_store.rs:51:13
   |
51 |         Err(Error::new(ErrorKind::Other, format!("maximum inode number {} reached", VFS_MAX_INO)))
   |             ^^^^^^^^^^^^^^^^^^^^^^^^^^^^^^^^^^^^^^^^^^^^^^^^^^^^^^^^^^^^^^^^^^^^^^^^^^^^^^^^^^^^^
   |
   = help: for further information visit https://rust-lang.github.io/rust-clippy/master/index.html#io_other_error
help: use `std::io::Error::other`
   |
51 -         Err(Error::new(ErrorKind::Other, format!("maximum inode number {} reached", VFS_MAX_INO)))
51 +         Err(Error::other(format!("maximum inode number {} reached", VFS_MAX_INO)))
   |

error: called `unwrap` on `result` after checking its variant with `is_ok`
  --> vendor/fuse-backend-rs/src/overlayfs/sync_io.rs:85:43
   |
84 |         if result.is_ok() {
   |         ----------------- help: try: `if let Ok(<item>) = &result`
85 |             trace!("LOOKUP result: {:?}", result.as_ref().unwrap());
   |                                           ^^^^^^^^^^^^^^^^^^^^^^^^
   |
   = help: for further information visit https://rust-lang.github.io/rust-clippy/master/index.html#unnecessary_unwrap
   = note: `-D clippy::unnecessary-unwrap` implied by `-D warnings`
   = help: to override `-D warnings` add `#[allow(clippy::unnecessary_unwrap)]`

error: this can be `std::io::Error::other(_)`
   --> vendor/fuse-backend-rs/src/overlayfs/sync_io.rs:327:28
    |
327 |                 return Err(Error::new(ErrorKind::Other, "no handle"));
    |                            ^^^^^^^^^^^^^^^^^^^^^^^^^^^^^^^^^^^^^^^^^
    |
    = help: for further information visit https://rust-lang.github.io/rust-clippy/master/index.html#io_other_error
help: use `std::io::Error::other`
    |
327 -                 return Err(Error::new(ErrorKind::Other, "no handle"));
327 +                 return Err(Error::other("no handle"));
    |

error: match can be simplified with `.unwrap_or_default()`
   --> vendor/fuse-backend-rs/src/overlayfs/mod.rs:259:32
    |
259 |               Ok((handle, _)) => match handle {
    |  ________________________________^
260 | |                 Some(h) => h,
261 | |                 _ => 0,
262 | |             },
    | |_____________^ help: ascribe the type u64 and replace your expression with: `handle.unwrap_or_default()`
    |
    = help: for further information visit https://rust-lang.github.io/rust-clippy/master/index.html#manual_unwrap_or_default
    = note: `-D clippy::manual-unwrap-or-default` implied by `-D warnings`
    = help: to override `-D warnings` add `#[allow(clippy::manual_unwrap_or_default)]`

error: this `if` can be collapsed into the outer `match`
   --> vendor/fuse-backend-rs/src/overlayfs/mod.rs:267:25
    |
267 | /                         if raw_error == libc::ENOSYS {
268 | |                             // We can still call readdir with inode if opendir is not supported in this layer.
269 | |                             0
270 | |                         } else {
271 | |                             return Err(e);
272 | |                         }
    | |_________________________^
    |
    = help: for further information visit https://rust-lang.github.io/rust-clippy/master/index.html#collapsible_match
    = note: `-D clippy::collapsible-match` implied by `-D warnings`
    = help: to override `-D warnings` add `#[allow(clippy::collapsible_match)]`
help: collapse nested if block
    |
266 ~                     Some(raw_error)
267 ~                         if raw_error == libc::ENOSYS => {
268 |                             // We can still call readdir with inode if opendir is not supported in this layer.
269 |                             0
270 ~                         }
    |

error: you seem to want to iterate on a map's values
   --> vendor/fuse-backend-rs/src/overlayfs/mod.rs:562:27
    |
562 |         for (_, child) in self.childrens.lock().unwrap().iter() {
    |                           ^^^^^^^^^^^^^^^^^^^^^^^^^^^^^^^^^^^^^
    |
    = help: for further information visit https://rust-lang.github.io/rust-clippy/master/index.html#for_kv_map
    = note: `-D clippy::for-kv-map` implied by `-D warnings`
    = help: to override `-D warnings` add `#[allow(clippy::for_kv_map)]`
help: use the corresponding method
    |
562 -         for (_, child) in self.childrens.lock().unwrap().iter() {
562 +         for child in self.childrens.lock().unwrap().values() {
    |

error: the variable `counter` is used as a loop counter
   --> vendor/fuse-backend-rs/src/overlayfs/mod.rs:596:9
    |
596 |         for ri in self.real_inodes.lock().unwrap().iter() {
    |         ^^^^^^^^^^^^^^^^^^^^^^^^^^^^^^^^^^^^^^^^^^^^^^^^^ help: consider using: `for (counter, ri) in (1..).zip(self.real_inodes.lock().unwrap().iter())`
    |
    = help: for further information visit https://rust-lang.github.io/rust-clippy/master/index.html#explicit_counter_loop
    = note: `-D clippy::explicit-counter-loop` implied by `-D warnings`
    = help: to override `-D warnings` add `#[allow(clippy::explicit_counter_loop)]`

error: this can be `std::io::Error::other(_)`
   --> vendor/fuse-backend-rs/src/overlayfs/mod.rs:673:24
    |
673 |             return Err(Error::new(ErrorKind::Other, "no parent?"));
    |                        ^^^^^^^^^^^^^^^^^^^^^^^^^^^^^^^^^^^^^^^^^^
    |
    = help: for further information visit https://rust-lang.github.io/rust-clippy/master/index.html#io_other_error
help: use `std::io::Error::other`
    |
673 -             return Err(Error::new(ErrorKind::Other, "no parent?"));
673 +             return Err(Error::other("no parent?"));
    |

error: this can be `std::io::Error::other(_)`
   --> vendor/fuse-backend-rs/src/overlayfs/mod.rs:779:25
    |
779 |               None => Err(Error::new(
    |  _________________________^
780 | |                 ErrorKind::Other,
781 | |                 format!("BUG: dangling OverlayInode {} without any backend inode", self.inode),
782 | |             )),
    | |_____________^
    |
    = help: for further information visit https://rust-lang.github.io/rust-clippy/master/index.html#io_other_error
help: use `std::io::Error::other`
    |
779 ~             None => Err(Error::other(
780 ~                 format!("BUG: dangling OverlayInode {} without any backend inode", self.inode),
    |

error: this can be `std::io::Error::other(_)`
    --> vendor/fuse-backend-rs/src/overlayfs/mod.rs:1058:59
     |
1058 |                 let real_inode = all_inodes.first().ok_or(Error::new(ErrorKind::Other, "backend inode not found"))?;
     |                                                           ^^^^^^^^^^^^^^^^^^^^^^^^^^^^^^^^^^^^^^^^^^^^^^^^^^^^^^^
     |
     = help: for further information visit https://rust-lang.github.io/rust-clippy/master/index.html#io_other_error
help: use `std::io::Error::other`
     |
1058 -                 let real_inode = all_inodes.first().ok_or(Error::new(ErrorKind::Other, "backend inode not found"))?;
1058 +                 let real_inode = all_inodes.first().ok_or(Error::other("backend inode not found"))?;
     |

error: you seem to want to iterate on a map's values
    --> vendor/fuse-backend-rs/src/overlayfs/mod.rs:1108:27
     |
1108 |         for (_, child) in ovl_inode.childrens.lock().unwrap().iter() {
     |                           ^^^^^^^^^^^^^^^^^^^^^^^^^^^^^^^^^^^^^^^^^^
     |
     = help: for further information visit https://rust-lang.github.io/rust-clippy/master/index.html#for_kv_map
help: use the corresponding method
     |
1108 -         for (_, child) in ovl_inode.childrens.lock().unwrap().iter() {
1108 +         for child in ovl_inode.childrens.lock().unwrap().values() {
     |

error: explicit call to `.into_iter()` in function argument accepting `IntoIterator`
    --> vendor/fuse-backend-rs/src/overlayfs/mod.rs:1121:53
     |
1121 |         for (index, (name, child)) in (0_u64..).zip(childrens.into_iter()) {
     |                                                     ^^^^^^^^^^^^^^^^^^^^^
     |
note: this parameter accepts any `IntoIterator`, so you don't need to call `.into_iter()`
    --> /home/brittonr/.rustup/toolchains/nightly-x86_64-unknown-linux-gnu/lib/rustlib/src/rust/library/core/src/iter/traits/iterator.rs:632:12
     |
 632 |         U: IntoIterator,
     |            ^^^^^^^^^^^^
     = help: for further information visit https://rust-lang.github.io/rust-clippy/master/index.html#useless_conversion
help: consider removing the `.into_iter()`
     |
1121 -         for (index, (name, child)) in (0_u64..).zip(childrens.into_iter()) {
1121 +         for (index, (name, child)) in (0_u64..).zip(childrens) {
     |

error: this can be `std::io::Error::other(_)`
    --> vendor/fuse-backend-rs/src/overlayfs/mod.rs:1614:24
     |
1614 |             return Err(Error::new(ErrorKind::Other, "no parent?"));
     |                        ^^^^^^^^^^^^^^^^^^^^^^^^^^^^^^^^^^^^^^^^^^
     |
     = help: for further information visit https://rust-lang.github.io/rust-clippy/master/index.html#io_other_error
help: use `std::io::Error::other`
     |
1614 -             return Err(Error::new(ErrorKind::Other, "no parent?"));
1614 +             return Err(Error::other("no parent?"));
     |

error: this can be `std::io::Error::other(_)`
    --> vendor/fuse-backend-rs/src/overlayfs/mod.rs:1654:24
     |
1654 |             return Err(Error::new(ErrorKind::Other, "no parent?"));
     |                        ^^^^^^^^^^^^^^^^^^^^^^^^^^^^^^^^^^^^^^^^^^
     |
     = help: for further information visit https://rust-lang.github.io/rust-clippy/master/index.html#io_other_error
help: use `std::io::Error::other`
     |
1654 -             return Err(Error::new(ErrorKind::Other, "no parent?"));
1654 +             return Err(Error::other("no parent?"));
     |

error: iterating on a map's values
    --> vendor/fuse-backend-rs/src/overlayfs/mod.rs:1893:20
     |
1893 |         let iter = node.childrens.lock().unwrap().iter().map(|(_, v)| v.clone()).collect::<Vec<_>>();
     |                    ^^^^^^^^^^^^^^^^^^^^^^^^^^^^^^^^^^^^^^^^^^^^^^^^^^^^^^^^^^^^^ help: try: `node.childrens.lock().unwrap().values().map(|v| v.clone())`
     |
     = help: for further information visit https://rust-lang.github.io/rust-clippy/master/index.html#iter_kv_map
     = note: `-D clippy::iter-kv-map` implied by `-D warnings`
     = help: to override `-D warnings` add `#[allow(clippy::iter_kv_map)]`

error: doc list item without indentation
   --> vendor/fuse-backend-rs/src/passthrough/config.rs:165:9
    |
165 |     /// to N Bytes.
    |         ^
    |
    = help: if this is supposed to be its own paragraph, add a blank line
    = help: for further information visit https://rust-lang.github.io/rust-clippy/master/index.html#doc_lazy_continuation
    = note: `-D clippy::doc-lazy-continuation` implied by `-D warnings`
    = help: to override `-D warnings` add `#[allow(clippy::doc_lazy_continuation)]`
help: indent this line
    |
165 |     ///   to N Bytes.
    |         ++

error: called `unwrap` on `handle` after checking its variant with `is_some`
   --> vendor/fuse-backend-rs/src/passthrough/sync_io.rs:236:42
    |
234 |         if !self.no_open.load(Ordering::Relaxed) && handle.is_some() {
    |                                                     ---------------- the check is happening here
235 |             // Safe as we just checked handle
236 |             let hd = self.handle_map.get(handle.unwrap(), inode)?;
    |                                          ^^^^^^^^^^^^^^^
    |
    = help: try using `match`
    = help: for further information visit https://rust-lang.github.io/rust-clippy/master/index.html#unnecessary_unwrap

error: unneeded late initialization
   --> vendor/fuse-backend-rs/src/passthrough/sync_io.rs:226:9
    |
226 |         let st;
    |         ^^^^^^^
    |
    = help: for further information visit https://rust-lang.github.io/rust-clippy/master/index.html#needless_late_init
    = note: `-D clippy::needless-late-init` implied by `-D warnings`
    = help: to override `-D warnings` add `#[allow(clippy::needless_late_init)]`
help: move the declaration `st` here and remove the assignments from the branches
    |
226 ~
227 |         let data = self.inode_map.get(inode).map_err(|e| {
...
233 |         // this case correctly.
234 ~         let st = if !self.no_open.load(Ordering::Relaxed) && handle.is_some() {
235 |             // Safe as we just checked handle
236 |             let hd = self.handle_map.get(handle.unwrap(), inode)?;
237 ~             stat_fd(hd.get_file(), None)
238 |         } else {
239 ~             data.handle.stat()
240 ~         };
    |

error: using `map` over `inspect`
   --> vendor/fuse-backend-rs/src/passthrough/sync_io.rs:466:41
    |
466 |             add_entry(dir_entry, entry).map(|r| {
    |                                         ^^^
    |
    = help: for further information visit https://rust-lang.github.io/rust-clippy/master/index.html#manual_inspect
    = note: `-D clippy::manual-inspect` implied by `-D warnings`
    = help: to override `-D warnings` add `#[allow(clippy::manual_inspect)]`
help: try
    |
466 ~             add_entry(dir_entry, entry).inspect(|&r| {
467 |                 // true when size is not large enough to hold entry.
...
471 |                     self.forget_one(&mut inodes, ino, 1);
472 ~                 }
    |

error: this can be `std::io::Error::other(_)`
  --> vendor/fuse-backend-rs/src/passthrough/util.rs:61:36
   |
61 |                           return Err(io::Error::new(
   |  ____________________________________^
62 | |                             io::ErrorKind::Other,
63 | |                             "the number of combinations of dev and mntid exceeds 255",
64 | |                         ));
   | |_________________________^
   |
   = help: for further information visit https://rust-lang.github.io/rust-clippy/master/index.html#io_other_error
help: use `std::io::Error::other`
   |
61 ~                         return Err(io::Error::other(
62 ~                             "the number of combinations of dev and mntid exceeds 255",
   |

error: this can be `std::io::Error::other(_)`
  --> vendor/fuse-backend-rs/src/passthrough/util.rs:77:28
   |
77 |                 return Err(io::Error::new(io::ErrorKind::Other, format!("the virtual inode excess {}", MAX_HOST_INO)));
   |                            ^^^^^^^^^^^^^^^^^^^^^^^^^^^^^^^^^^^^^^^^^^^^^^^^^^^^^^^^^^^^^^^^^^^^^^^^^^^^^^^^^^^^^^^^^^
   |
   = help: for further information visit https://rust-lang.github.io/rust-clippy/master/index.html#io_other_error
help: use `std::io::Error::other`
   |
77 -                 return Err(io::Error::new(io::ErrorKind::Other, format!("the virtual inode excess {}", MAX_HOST_INO)));
77 +                 return Err(io::Error::other(format!("the virtual inode excess {}", MAX_HOST_INO)));
   |

error: this can be `std::io::Error::other(_)`
   --> vendor/fuse-backend-rs/src/passthrough/mod.rs:677:36
    |
677 |                           return Err(io::Error::new(
    |  ____________________________________^
678 | |                             io::ErrorKind::Other,
679 | |                             format!("max inode number reached: {VFS_MAX_INO}"),
680 | |                         ));
    | |_________________________^
    |
    = help: for further information visit https://rust-lang.github.io/rust-clippy/master/index.html#io_other_error
help: use `std::io::Error::other`
    |
677 ~                         return Err(io::Error::other(
678 ~                             format!("max inode number reached: {VFS_MAX_INO}"),
    |

error: length comparison to zero
   --> vendor/fuse-backend-rs/src/transport/fusedev/mod.rs:256:34
    |
256 |         assert!(self.buffered || self.buf.len() == 0);
    |                                  ^^^^^^^^^^^^^^^^^^^ help: using `is_empty` is clearer and more explicit: `self.buf.is_empty()`
    |
    = help: for further information visit https://rust-lang.github.io/rust-clippy/master/index.html#len_zero
    = note: `-D clippy::len-zero` implied by `-D warnings`
    = help: to override `-D warnings` add `#[allow(clippy::len_zero)]`

error: this can be `std::io::Error::other(_)`
   --> vendor/fuse-backend-rs/src/transport/fusedev/mod.rs:270:13
    |
270 |             io::Error::new(io::ErrorKind::Other, format!("{e}"))
    |             ^^^^^^^^^^^^^^^^^^^^^^^^^^^^^^^^^^^^^^^^^^^^^^^^^^^^
    |
    = help: for further information visit https://rust-lang.github.io/rust-clippy/master/index.html#io_other_error
help: use `std::io::Error::other`
    |
270 -             io::Error::new(io::ErrorKind::Other, format!("{e}"))
270 +             io::Error::other(format!("{e}"))
    |

error: using `map` over `inspect`
   --> vendor/fuse-backend-rs/src/transport/fusedev/mod.rs:283:43
    |
283 |             Self::do_write(self.fd, data).map(|x| {
    |                                           ^^^
    |
    = help: for further information visit https://rust-lang.github.io/rust-clippy/master/index.html#manual_inspect
help: try
    |
283 ~             Self::do_write(self.fd, data).inspect(|&x| {
284 ~                 self.account_written(x);
    |

error: using `map` over `inspect`
   --> vendor/fuse-backend-rs/src/transport/fusedev/mod.rs:305:18
    |
305 |                 .map(|x| {
    |                  ^^^
    |
    = help: for further information visit https://rust-lang.github.io/rust-clippy/master/index.html#manual_inspect
help: try
    |
305 ~                 .inspect(|&x| {
306 ~                     self.account_written(x);
    |

error: this can be `std::io::Error::other(_)`
   --> vendor/fuse-backend-rs/src/transport/fusedev/mod.rs:311:21
    |
311 |                     io::Error::new(io::ErrorKind::Other, format!("{e}"))
    |                     ^^^^^^^^^^^^^^^^^^^^^^^^^^^^^^^^^^^^^^^^^^^^^^^^^^^^
    |
    = help: for further information visit https://rust-lang.github.io/rust-clippy/master/index.html#io_other_error
help: use `std::io::Error::other`
    |
311 -                     io::Error::new(io::ErrorKind::Other, format!("{e}"))
311 +                     io::Error::other(format!("{e}"))
    |

error: this can be `std::io::Error::other(_)`
   --> vendor/fuse-backend-rs/src/transport/fusedev/mod.rs:319:13
    |
319 |         Err(io::Error::new(io::ErrorKind::Other, "Writer does not support flush buffer."))
    |             ^^^^^^^^^^^^^^^^^^^^^^^^^^^^^^^^^^^^^^^^^^^^^^^^^^^^^^^^^^^^^^^^^^^^^^^^^^^^^
    |
    = help: for further information visit https://rust-lang.github.io/rust-clippy/master/index.html#io_other_error
help: use `std::io::Error::other`
    |
319 -         Err(io::Error::new(io::ErrorKind::Other, "Writer does not support flush buffer."))
319 +         Err(io::Error::other("Writer does not support flush buffer."))
    |

error: could not compile `fuse-backend-rs` (lib) due to 38 previous errors
warning: build failed, waiting for other jobs to finish...
error: redundant reference in `format!` argument
   --> vendor/nix-compat/src/nixhash/ca_hash.rs:193:66
    |
193 |                 map.serialize_entry("hashAlgo", &format!("r:{}", &h.algo()))?;
    |                                                                  ^^^^^^^^^ help: remove the redundant `&`: `h.algo()`
    |
    = help: for further information visit https://rust-lang.github.io/rust-clippy/master/index.html#useless_borrows_in_formatting
    = note: `-D clippy::useless-borrows-in-formatting` implied by `-D warnings`
    = help: to override `-D warnings` add `#[allow(clippy::useless_borrows_in_formatting)]`

error: could not compile `nix-compat` (lib) due to 1 previous error
