$ git rev-parse HEAD
62940810416e5cd061c9af6b79826c12b08e1158
$ git rev-parse origin/main
50120c1dff95c654e8823cf9ae09edb8e03b9661
$ cargo fmt --check -p crunch-radiance-reference-core -p mantle
$ cargo test -p crunch-radiance-reference-core --lib --tests --offline
warning: Cargo.toml: file `/home/brittonr/git/OnixResearch/mantle/.pi/worktrees/drain-radiance-bootstrap-reference/src/main.rs` found to be present in multiple build targets:
  * `bin` target `crunch`
  * `bin` target `mantle`
warning: `mantle` (manifest) generated 1 warning
    Finished `test` profile [unoptimized + debuginfo] target(s) in 0.11s
     Running unittests src/lib.rs (/tmp/mantle-rad-diag-target/debug/deps/crunch_radiance_reference_core-a5e88781c5fdad91)

running 14 tests
test tests::admission::exact_revisions_are_sha256_width_and_not_interchangeable ... ok
test tests::admission::exact_stage_plan_requires_both_routes_and_immediate_predecessors ... ok
test tests::admission::source_cohort_rejects_revision_content_and_license_drift ... ok
test tests::admission::exact_source_cohort_is_sorted_deterministic_and_admitted ... ok
test tests::verification::route_nonconvergence_rejects_receipt ... ok
test tests::verification::correctness_and_seed_trust_fields_cannot_enter_wire_receipt ... ok
test tests::verification::link_runtime_tool_observations_are_required_and_bounded ... ok
test tests::verification::divergent_route_fixed_points_remain_valid_bounded_evidence ... ok
test tests::verification::matching_routes_produce_an_admitted_receipt ... ok
test tests::verification::denied_execution_and_nonzero_exit_reject_receipt ... ok
test tests::verification::receipt_identity_is_tamper_evident ... ok
test tests::verification::predecessor_or_launcher_substitution_rejects_lineage ... ok
test tests::verification::publication_path_digest_and_bytes_are_exact ... ok
test tests::verification::live_fetch_fallback_substitution_and_ambient_discovery_reject ... ok

test result: ok. 14 passed; 0 failed; 0 ignored; 0 measured; 0 filtered out; finished in 0.02s

$ cargo test -p mantle --bin mantle radiance:: --offline
warning: Cargo.toml: file `/home/brittonr/git/OnixResearch/mantle/.pi/worktrees/drain-radiance-bootstrap-reference/src/main.rs` found to be present in multiple build targets:
  * `bin` target `crunch`
  * `bin` target `mantle`
warning: `mantle` (manifest) generated 1 warning
    Finished `test` profile [unoptimized + debuginfo] target(s) in 0.19s
warning: the following packages contain code that will be rejected by a future version of Rust: n0-future v0.3.2, nix v0.29.0, nix v0.31.3, proc-macro-error2 v2.0.1
note: to see what the problems were, use the option `--future-incompat-report`, or run `cargo report future-incompatibilities --id 1`
     Running unittests src/main.rs (/tmp/mantle-rad-diag-target/debug/deps/mantle-2ef67efb1f324bc8)

running 8 tests
test radiance::runtime::network::tests::program_allows_only_local_socket_creation ... ok
test radiance::runtime::network::tests::program_kills_wrong_arch_and_traps_io_uring ... ok
test radiance::tests::digest_and_role_admission_reject_malformed_values ... ok
test radiance::tests::embedded_profile_binds_the_exact_three_source_cohort ... ok
test radiance::tests::proof_request_requires_absent_output_and_explicit_executables ... ok
test radiance::tests::protected_audit_matches_receipt_tools_and_rejects_digest_drift ... ok
test radiance::tests::checkout_admission_accepts_sha256_and_rejects_sha1 ... ok
test radiance::tests::cli_requires_the_explicit_compiler_driver_for_proof ... ok

test result: ok. 8 passed; 0 failed; 0 ignored; 0 measured; 2618 filtered out; finished in 0.01s

$ cargo clippy -p crunch-radiance-reference-core --all-targets --all-features --offline -- -D warnings
warning: Cargo.toml: file `/home/brittonr/git/OnixResearch/mantle/.pi/worktrees/drain-radiance-bootstrap-reference/src/main.rs` found to be present in multiple build targets:
  * `bin` target `crunch`
  * `bin` target `mantle`
warning: `mantle` (manifest) generated 1 warning
    Finished `dev` profile [unoptimized + debuginfo] target(s) in 0.09s
$ cargo clippy -p mantle --bin mantle --no-deps --offline -- -D warnings
warning: Cargo.toml: file `/home/brittonr/git/OnixResearch/mantle/.pi/worktrees/drain-radiance-bootstrap-reference/src/main.rs` found to be present in multiple build targets:
  * `bin` target `crunch`
  * `bin` target `mantle`
warning: `mantle` (manifest) generated 1 warning
   Compiling fuse-backend-rs v0.12.0 (/home/brittonr/git/OnixResearch/mantle/.pi/worktrees/drain-radiance-bootstrap-reference/vendor/fuse-backend-rs)
   Compiling nix-compat v0.1.0 (/home/brittonr/git/OnixResearch/mantle/.pi/worktrees/drain-radiance-bootstrap-reference/vendor/nix-compat)
    Checking crunch-attestation-core v0.1.0 (/home/brittonr/git/OnixResearch/mantle/.pi/worktrees/drain-radiance-bootstrap-reference/crates/crunch-attestation-core)
   Compiling nix-compat-derive v0.1.0 (/home/brittonr/git/OnixResearch/mantle/.pi/worktrees/drain-radiance-bootstrap-reference/vendor/nix-compat-derive)
   Compiling snix-castore v0.1.0 (/home/brittonr/git/OnixResearch/mantle/.pi/worktrees/drain-radiance-bootstrap-reference/vendor/snix-castore)
    Checking snix-tracing v0.1.0 (/home/brittonr/git/OnixResearch/mantle/.pi/worktrees/drain-radiance-bootstrap-reference/vendor/snix-tracing)
   Compiling snix-store v0.1.0 (/home/brittonr/git/OnixResearch/mantle/.pi/worktrees/drain-radiance-bootstrap-reference/vendor/snix-store)
   Compiling snix-build v0.1.0 (/home/brittonr/git/OnixResearch/mantle/.pi/worktrees/drain-radiance-bootstrap-reference/vendor/snix-build)
    Checking crunch-action-result-core v0.1.0 (/home/brittonr/git/OnixResearch/mantle/.pi/worktrees/drain-radiance-bootstrap-reference/crates/crunch-action-result-core)
    Checking crunch-gc-core v0.1.0 (/home/brittonr/git/OnixResearch/mantle/.pi/worktrees/drain-radiance-bootstrap-reference/crates/crunch-gc-core)
    Checking crunch-repair-core v0.1.0 (/home/brittonr/git/OnixResearch/mantle/.pi/worktrees/drain-radiance-bootstrap-reference/crates/crunch-repair-core)
    Checking crunch-composition-core v0.1.0 (/home/brittonr/git/OnixResearch/mantle/.pi/worktrees/drain-radiance-bootstrap-reference/crates/crunch-composition-core)
    Checking crunch-overlay-core v0.1.0 (/home/brittonr/git/OnixResearch/mantle/.pi/worktrees/drain-radiance-bootstrap-reference/crates/crunch-overlay-core)
    Checking crunch-remote-core v0.1.0 (/home/brittonr/git/OnixResearch/mantle/.pi/worktrees/drain-radiance-bootstrap-reference/crates/crunch-remote-core)
    Checking crunch-rust-cache-core v0.1.0 (/home/brittonr/git/OnixResearch/mantle/.pi/worktrees/drain-radiance-bootstrap-reference/crates/crunch-rust-cache-core)
    Checking crunch-source-core v0.1.0 (/home/brittonr/git/OnixResearch/mantle/.pi/worktrees/drain-radiance-bootstrap-reference/crates/crunch-source-core)
    Checking crunch-eval v0.1.0 (/home/brittonr/git/OnixResearch/mantle/.pi/worktrees/drain-radiance-bootstrap-reference/crates/crunch-eval)
    Checking mantle-application-core v0.1.0 (/home/brittonr/git/OnixResearch/mantle/.pi/worktrees/drain-radiance-bootstrap-reference/crates/mantle-application-core)
    Checking mantle-rust-plan-core v0.1.0 (/home/brittonr/git/OnixResearch/mantle/.pi/worktrees/drain-radiance-bootstrap-reference/crates/mantle-rust-plan-core)
    Checking crunch-evaluation-stream-core v0.1.0 (/home/brittonr/git/OnixResearch/mantle/.pi/worktrees/drain-radiance-bootstrap-reference/crates/crunch-evaluation-stream-core)
    Checking crunch-build-planning-core v0.1.0 (/home/brittonr/git/OnixResearch/mantle/.pi/worktrees/drain-radiance-bootstrap-reference/crates/crunch-build-planning-core)
    Checking crunch-wasm-component-core v0.1.0 (/home/brittonr/git/OnixResearch/mantle/.pi/worktrees/drain-radiance-bootstrap-reference/crates/crunch-wasm-component-core)
    Checking crunch-shell-core v0.1.0 (/home/brittonr/git/OnixResearch/mantle/.pi/worktrees/drain-radiance-bootstrap-reference/crates/crunch-shell-core)
    Checking crunch-delta-core v0.1.0 (/home/brittonr/git/OnixResearch/mantle/.pi/worktrees/drain-radiance-bootstrap-reference/crates/crunch-delta-core)
    Checking mantlepkgs-core v0.1.0 (/home/brittonr/git/OnixResearch/mantle/.pi/worktrees/drain-radiance-bootstrap-reference/crates/mantlepkgs-core)
    Checking crunch-bootstrap-core v0.1.0 (/home/brittonr/git/OnixResearch/mantle/.pi/worktrees/drain-radiance-bootstrap-reference/crates/crunch-bootstrap-core)
    Checking crunch-eval-budget-core v0.1.0 (/home/brittonr/git/OnixResearch/mantle/.pi/worktrees/drain-radiance-bootstrap-reference/crates/crunch-eval-budget-core)
    Checking mantle-portable-client-core v0.1.0 (/home/brittonr/git/OnixResearch/mantle/.pi/worktrees/drain-radiance-bootstrap-reference/crates/mantle-portable-client-core)
    Checking mantle-application v0.1.0 (/home/brittonr/git/OnixResearch/mantle/.pi/worktrees/drain-radiance-bootstrap-reference/crates/mantle-application)
    Checking crunch-shell v0.1.0 (/home/brittonr/git/OnixResearch/mantle/.pi/worktrees/drain-radiance-bootstrap-reference/crates/crunch-shell)
    Checking crunch-radiance-reference-core v0.1.0 (/home/brittonr/git/OnixResearch/mantle/.pi/worktrees/drain-radiance-bootstrap-reference/crates/crunch-radiance-reference-core)
    Checking crunch-release-core v0.1.0 (/home/brittonr/git/OnixResearch/mantle/.pi/worktrees/drain-radiance-bootstrap-reference/crates/crunch-release-core)
    Checking mantle-rust-plan v0.1.0 (/home/brittonr/git/OnixResearch/mantle/.pi/worktrees/drain-radiance-bootstrap-reference/crates/mantle-rust-plan)
    Checking crunch-attestation v0.1.0 (/home/brittonr/git/OnixResearch/mantle/.pi/worktrees/drain-radiance-bootstrap-reference/crates/crunch-attestation)
    Checking crunch-project-core v0.1.0 (/home/brittonr/git/OnixResearch/mantle/.pi/worktrees/drain-radiance-bootstrap-reference/crates/crunch-project-core)
    Checking crunch-remote v0.1.0 (/home/brittonr/git/OnixResearch/mantle/.pi/worktrees/drain-radiance-bootstrap-reference/crates/crunch-remote)
    Checking crunch-nar v0.1.0 (/home/brittonr/git/OnixResearch/mantle/.pi/worktrees/drain-radiance-bootstrap-reference/crates/crunch-nar)
    Checking crunch-glue v0.1.0 (/home/brittonr/git/OnixResearch/mantle/.pi/worktrees/drain-radiance-bootstrap-reference/crates/crunch-glue)
    Checking crunch-store v0.1.0 (/home/brittonr/git/OnixResearch/mantle/.pi/worktrees/drain-radiance-bootstrap-reference/crates/crunch-store)
    Checking crunch-wasm-component v0.1.0 (/home/brittonr/git/OnixResearch/mantle/.pi/worktrees/drain-radiance-bootstrap-reference/crates/crunch-wasm-component)
    Checking crunch-project v0.1.0 (/home/brittonr/git/OnixResearch/mantle/.pi/worktrees/drain-radiance-bootstrap-reference/crates/crunch-project)
    Checking crunch-rust-cache v0.1.0 (/home/brittonr/git/OnixResearch/mantle/.pi/worktrees/drain-radiance-bootstrap-reference/crates/crunch-rust-cache)
    Checking crunch-build v0.1.0 (/home/brittonr/git/OnixResearch/mantle/.pi/worktrees/drain-radiance-bootstrap-reference/crates/crunch-build)
    Checking crunch-delta v0.1.0 (/home/brittonr/git/OnixResearch/mantle/.pi/worktrees/drain-radiance-bootstrap-reference/crates/crunch-delta)
    Checking crunch-rustc-wrapper v0.1.0 (/home/brittonr/git/OnixResearch/mantle/.pi/worktrees/drain-radiance-bootstrap-reference/crates/crunch-rustc-wrapper)
    Checking crunch-pipeline v0.1.0 (/home/brittonr/git/OnixResearch/mantle/.pi/worktrees/drain-radiance-bootstrap-reference/crates/crunch-pipeline)
    Checking mantle v0.1.0 (/home/brittonr/git/OnixResearch/mantle/.pi/worktrees/drain-radiance-bootstrap-reference)
    Finished `dev` profile [unoptimized + debuginfo] target(s) in 29.98s
warning: the following packages contain code that will be rejected by a future version of Rust: n0-future v0.3.2, nix v0.29.0, nix v0.31.3, proc-macro-error2 v2.0.1
note: to see what the problems were, use the option `--future-incompat-report`, or run `cargo report future-incompatibilities --id 1`
$ cargo build -p mantle --bin mantle --offline
warning: Cargo.toml: file `/home/brittonr/git/OnixResearch/mantle/.pi/worktrees/drain-radiance-bootstrap-reference/src/main.rs` found to be present in multiple build targets:
  * `bin` target `crunch`
  * `bin` target `mantle`
warning: `mantle` (manifest) generated 1 warning
   Compiling crunch-eval v0.1.0 (/home/brittonr/git/OnixResearch/mantle/.pi/worktrees/drain-radiance-bootstrap-reference/crates/crunch-eval)
   Compiling crunch-pipeline v0.1.0 (/home/brittonr/git/OnixResearch/mantle/.pi/worktrees/drain-radiance-bootstrap-reference/crates/crunch-pipeline)
   Compiling mantle v0.1.0 (/home/brittonr/git/OnixResearch/mantle/.pi/worktrees/drain-radiance-bootstrap-reference)
    Finished `dev` profile [unoptimized + debuginfo] target(s) in 53.71s
warning: the following packages contain code that will be rejected by a future version of Rust: n0-future v0.3.2, nix v0.29.0, nix v0.31.3, proc-macro-error2 v2.0.1
note: to see what the problems were, use the option `--future-incompat-report`, or run `cargo report future-incompatibilities --id 1`
$ merged mantle replay verification
{
  "schema": "mantle-radiance-reference-proof-report-v1",
  "disposition": "match",
  "receipt_blake3": "da80e6d4f2fbf4adb82aabfaeef37e4f61e8a628024d999672458f0589e571c9",
  "source_bundle_blake3": "21f962ce6bf2ba89cbd94758d95abe8418cbafc243cdc81a146693d00f2539f4",
  "source_cohort_blake3": "80c82a016b6232aa4f8002624fa2fe6296ad3aac9fcf738fdbbad6c424993d4b",
  "plan_blake3": "c633f5936848ae2ecf29a462a9b6d1e58d0e0658ac872065cbee13d456505cc2",
  "protected_execution_audit_blake3": "2da1ee4274c085598aef78258cbaec4fc84cc764d80db469356c198160dd004e",
  "fixed_point_blake3": "a06905539bd81c9581218ca648e98fb7a55c5a7e79847b6c840181a3e2605b07",
  "fixed_point_bytes": 1285492,
  "output_path": "/tmp/mantle-radiance-live-proof-v16",
  "proof_time_network_requests": 0,
  "proof_success": true,
  "non_claim": "radiance-reference-records-bounded-source-lineage-execution-and-convergence-facts-without-proving-compiler-correctness-seed-trust-semantic-equivalence-or-universal-reproducibility"
}
$ cargo -Zscript --offline scripts/check-machine-schema-contracts.rs
machine schema contract check failed: root JSON producer family coverage rejected:
  - registry [schema] source:src/remote_gateway.rs: root JSON serialization source has no inventory family decision
  - registry [schema] source:src/remote_gateway_api.rs: root JSON serialization source has no inventory family decision
