$ git rev-parse HEAD
62940810416e5cd061c9af6b79826c12b08e1158
$ git rev-parse origin/main
50120c1dff95c654e8823cf9ae09edb8e03b9661
$ cargo fmt --check -p crunch-radiance-reference-core -p mantle
$ cargo test -p crunch-radiance-reference-core --lib --tests --offline
warning: Cargo.toml: file `/home/brittonr/git/OnixResearch/mantle/.pi/worktrees/drain-radiance-bootstrap-reference/src/main.rs` found to be present in multiple build targets:
  * `bin` target `crunch`
  * `bin` target `mantle`
warning: `mantle` (manifest) generated 1 warning
    Finished `test` profile [unoptimized + debuginfo] target(s) in 0.10s
     Running unittests src/lib.rs (/tmp/mantle-rad-diag-target/debug/deps/crunch_radiance_reference_core-a5e88781c5fdad91)

running 14 tests
test tests::admission::exact_revisions_are_sha256_width_and_not_interchangeable ... ok
test tests::admission::exact_stage_plan_requires_both_routes_and_immediate_predecessors ... ok
test tests::admission::source_cohort_rejects_revision_content_and_license_drift ... ok
test tests::admission::exact_source_cohort_is_sorted_deterministic_and_admitted ... ok
test tests::verification::correctness_and_seed_trust_fields_cannot_enter_wire_receipt ... ok
test tests::verification::route_nonconvergence_rejects_receipt ... ok
test tests::verification::link_runtime_tool_observations_are_required_and_bounded ... ok
test tests::verification::divergent_route_fixed_points_remain_valid_bounded_evidence ... ok
test tests::verification::matching_routes_produce_an_admitted_receipt ... ok
test tests::verification::denied_execution_and_nonzero_exit_reject_receipt ... ok
test tests::verification::predecessor_or_launcher_substitution_rejects_lineage ... ok
test tests::verification::receipt_identity_is_tamper_evident ... ok
test tests::verification::publication_path_digest_and_bytes_are_exact ... ok
test tests::verification::live_fetch_fallback_substitution_and_ambient_discovery_reject ... ok

test result: ok. 14 passed; 0 failed; 0 ignored; 0 measured; 0 filtered out; finished in 0.02s

$ cargo test -p mantle --bin mantle radiance:: --offline
warning: Cargo.toml: file `/home/brittonr/git/OnixResearch/mantle/.pi/worktrees/drain-radiance-bootstrap-reference/src/main.rs` found to be present in multiple build targets:
  * `bin` target `crunch`
  * `bin` target `mantle`
warning: `mantle` (manifest) generated 1 warning
   Compiling mantle v0.1.0 (/home/brittonr/git/OnixResearch/mantle/.pi/worktrees/drain-radiance-bootstrap-reference)
    Finished `test` profile [unoptimized + debuginfo] target(s) in 58.43s
warning: the following packages contain code that will be rejected by a future version of Rust: n0-future v0.3.2, nix v0.29.0, nix v0.31.3, proc-macro-error2 v2.0.1
note: to see what the problems were, use the option `--future-incompat-report`, or run `cargo report future-incompatibilities --id 1`
     Running unittests src/main.rs (/tmp/mantle-rad-diag-target/debug/deps/mantle-2ef67efb1f324bc8)

running 8 tests
test radiance::runtime::network::tests::program_kills_wrong_arch_and_traps_io_uring ... ok
test radiance::runtime::network::tests::program_allows_only_local_socket_creation ... ok
test radiance::tests::digest_and_role_admission_reject_malformed_values ... ok
test radiance::tests::embedded_profile_binds_the_exact_three_source_cohort ... ok
test radiance::tests::proof_request_requires_absent_output_and_explicit_executables ... ok
test radiance::tests::protected_audit_matches_receipt_tools_and_rejects_digest_drift ... ok
test radiance::tests::checkout_admission_accepts_sha256_and_rejects_sha1 ... ok
test radiance::tests::cli_requires_the_explicit_compiler_driver_for_proof ... ok

test result: ok. 8 passed; 0 failed; 0 ignored; 0 measured; 2618 filtered out; finished in 0.01s

$ cargo test -p mantle --bin mantle remote_gateway --offline
warning: Cargo.toml: file `/home/brittonr/git/OnixResearch/mantle/.pi/worktrees/drain-radiance-bootstrap-reference/src/main.rs` found to be present in multiple build targets:
  * `bin` target `crunch`
  * `bin` target `mantle`
warning: `mantle` (manifest) generated 1 warning
    Finished `test` profile [unoptimized + debuginfo] target(s) in 0.19s
warning: the following packages contain code that will be rejected by a future version of Rust: n0-future v0.3.2, nix v0.29.0, nix v0.31.3, proc-macro-error2 v2.0.1
note: to see what the problems were, use the option `--future-incompat-report`, or run `cargo report future-incompatibilities --id 1`
     Running unittests src/main.rs (/tmp/mantle-rad-diag-target/debug/deps/mantle-2ef67efb1f324bc8)

running 20 tests
test remote_gateway::tests::metadata_names_only_implemented_store_operations_and_non_claims ... ok
test remote_gateway::tests::transport_trust_override_flags_fail_closed ... ok
test remote_gateway_api::tests::cursor_key_length_is_exact_constant ... ok
test remote_gateway::tests::gateway_json_authority_input_rejects_symlink ... ok
test remote_gateway::tests::onixos_private_remote_farm_fixture_is_admitted ... ok
test remote_gateway_api::tests::non_claim_excludes_build_correctness_promotion ... ok
test remote_gateway::tests::private_operator_status_is_redacted_and_ready ... ok
test remote_gateway::tests::selected_policy_rejects_api_message_above_its_lower_bound ... ok
test remote_gateway_api::tests::idempotency_lookup_uses_subject_scope_and_key_not_derived_attempt_id ... ok
test remote_gateway_api::tests::adapter_state_rejects_duplicate_idempotency_scope ... ok
test remote_gateway::tests::versioned_api_denies_missing_capability_before_shell_effects ... ok
test remote_gateway_api::tests::unknown_public_attempt_fails_before_coordinator_access ... ok
test remote_gateway_api::tests::verifier_context_mismatch_fails_closed ... ok
test remote_gateway::tests::planning_wire_rejects_unknown_fields_without_echoing_secret_material ... ok
test remote_gateway::tests::versioned_api_plan_is_pure_and_redacted ... ok
test remote_gateway_api::tests::dispatch_wire_rejects_unknown_fields_without_echoing_secret_material ... ok
test remote_gateway_api::tests::selected_dispatch_and_cursor_bounds_fail_before_effects ... ok
test remote_gateway::tests::nix_gateway_query_missing_path_uses_real_store_service ... ok
test cli_application::tests::remote_gateway_cli_routes_client_and_server_actions_through_new_owners ... ok
test remote_gateway_api::tests::durable_dispatch_recovers_duplicate_and_deduplicates_cancellation_completion ... ok

test result: ok. 20 passed; 0 failed; 0 ignored; 0 measured; 2606 filtered out; finished in 0.01s

$ cargo clippy -p crunch-radiance-reference-core --all-targets --all-features --offline -- -D warnings
warning: Cargo.toml: file `/home/brittonr/git/OnixResearch/mantle/.pi/worktrees/drain-radiance-bootstrap-reference/src/main.rs` found to be present in multiple build targets:
  * `bin` target `crunch`
  * `bin` target `mantle`
warning: `mantle` (manifest) generated 1 warning
    Finished `dev` profile [unoptimized + debuginfo] target(s) in 0.10s
$ cargo clippy -p mantle --bin mantle --no-deps --offline -- -D warnings
warning: Cargo.toml: file `/home/brittonr/git/OnixResearch/mantle/.pi/worktrees/drain-radiance-bootstrap-reference/src/main.rs` found to be present in multiple build targets:
  * `bin` target `crunch`
  * `bin` target `mantle`
warning: `mantle` (manifest) generated 1 warning
    Checking mantle v0.1.0 (/home/brittonr/git/OnixResearch/mantle/.pi/worktrees/drain-radiance-bootstrap-reference)
    Finished `dev` profile [unoptimized + debuginfo] target(s) in 9.04s
warning: the following packages contain code that will be rejected by a future version of Rust: n0-future v0.3.2, nix v0.29.0, nix v0.31.3, proc-macro-error2 v2.0.1
note: to see what the problems were, use the option `--future-incompat-report`, or run `cargo report future-incompatibilities --id 1`
$ cargo build -p mantle --bin mantle --offline
warning: Cargo.toml: file `/home/brittonr/git/OnixResearch/mantle/.pi/worktrees/drain-radiance-bootstrap-reference/src/main.rs` found to be present in multiple build targets:
  * `bin` target `crunch`
  * `bin` target `mantle`
warning: `mantle` (manifest) generated 1 warning
   Compiling mantle v0.1.0 (/home/brittonr/git/OnixResearch/mantle/.pi/worktrees/drain-radiance-bootstrap-reference)
    Finished `dev` profile [unoptimized + debuginfo] target(s) in 48.11s
warning: the following packages contain code that will be rejected by a future version of Rust: n0-future v0.3.2, nix v0.29.0, nix v0.31.3, proc-macro-error2 v2.0.1
note: to see what the problems were, use the option `--future-incompat-report`, or run `cargo report future-incompatibilities --id 1`
$ merged mantle replay verification
{
  "schema": "mantle-radiance-reference-proof-report-v1",
  "disposition": "match",
  "receipt_blake3": "da80e6d4f2fbf4adb82aabfaeef37e4f61e8a628024d999672458f0589e571c9",
  "source_bundle_blake3": "21f962ce6bf2ba89cbd94758d95abe8418cbafc243cdc81a146693d00f2539f4",
  "source_cohort_blake3": "80c82a016b6232aa4f8002624fa2fe6296ad3aac9fcf738fdbbad6c424993d4b",
  "plan_blake3": "c633f5936848ae2ecf29a462a9b6d1e58d0e0658ac872065cbee13d456505cc2",
  "protected_execution_audit_blake3": "2da1ee4274c085598aef78258cbaec4fc84cc764d80db469356c198160dd004e",
  "fixed_point_blake3": "a06905539bd81c9581218ca648e98fb7a55c5a7e79847b6c840181a3e2605b07",
  "fixed_point_bytes": 1285492,
  "output_path": "/tmp/mantle-radiance-live-proof-v16",
  "proof_time_network_requests": 0,
  "proof_success": true,
  "non_claim": "radiance-reference-records-bounded-source-lineage-execution-and-convergence-facts-without-proving-compiler-correctness-seed-trust-semantic-equivalence-or-universal-reproducibility"
}
$ cargo -Zscript --offline scripts/check-machine-schema-contracts.rs
machine schema contract check: PASS (30 contracted, 64 classified)
$ cargo -Zscript --offline scripts/check-radiance-reference-architecture.rs --root .
Radiance reference architecture verified: findings=0 negative-fixtures=10
$ cairn validate --root .
{
  "change_issues": [],
  "changes": 3,
  "cross_repo_dependencies": [],
  "cross_repo_evidence_issues": [],
  "findings": [],
  "issues": [],
  "layout": "cairn",
  "policy": "mantle-default",
  "profile_issues": [],
  "resolution": {
    "diagnostics": [],
    "locator_consulted": false,
    "registry_lookup": "local_locator_only",
    "selected": {
      "project_identity": null,
      "root": ".",
      "source": "explicit_root",
      "store_id": null,
      "store_identity": null
    },
    "valid": true
  },
  "spec_findings": [],
  "spec_issues": [],
  "spec_substance": [
    {
      "path": "./.cairn/changes/add-dev-cache-cross-run-resume/specs/source-built-fixed-point-improved-iteration/spec.md",
      "requirement_blocks": 2,
      "scenario_blocks": 5,
      "substantive_requirement_blocks": 2
    },
    {
      "path": "./.cairn/changes/add-evidence-driven-resource-policy/specs/remote-builds/spec.md",
      "requirement_blocks": 7,
      "scenario_blocks": 15,
      "substantive_requirement_blocks": 7
    },
    {
      "path": "./.cairn/changes/verify-remote-admission-with-trellis/specs/remote-builds/spec.md",
      "requirement_blocks": 5,
      "scenario_blocks": 10,
      "substantive_requirement_blocks": 5
    },
    {
      "path": "./.cairn/specs/application-architecture/spec.md",
      "requirement_blocks": 5,
      "scenario_blocks": 10,
      "substantive_requirement_blocks": 5
    },
    {
      "path": "./.cairn/specs/artifact-auth-adoption/spec.md",
      "requirement_blocks": 9,
      "scenario_blocks": 15,
      "substantive_requirement_blocks": 9
    },
    {
      "path": "./.cairn/specs/artifact-auth-operational-receipt/spec.md",
      "requirement_blocks": 6,
      "scenario_blocks": 10,
      "substantive_requirement_blocks": 6
    },
    {
      "path": "./.cairn/specs/artifact-auth-shell-verification/spec.md",
      "requirement_blocks": 5,
      "scenario_blocks": 5,
      "substantive_requirement_blocks": 5
    },
    {
      "path": "./.cairn/specs/bootstrap-inventory/spec.md",
      "requirement_blocks": 24,
      "scenario_blocks": 94,
      "substantive_requirement_blocks": 24
    },
    {
      "path": "./.cairn/specs/bounded-tree-adoption/spec.md",
      "requirement_blocks": 6,
      "scenario_blocks": 12,
      "substantive_requirement_blocks": 6
    },
    {
      "path": "./.cairn/specs/build-correctness/spec.md",
      "requirement_blocks": 47,
      "scenario_blocks": 112,
      "substantive_requirement_blocks": 47
    },
    {
      "path": "./.cairn/specs/build-interchange/spec.md",
      "requirement_blocks": 6,
      "scenario_blocks": 10,
      "substantive_requirement_blocks": 6
    },
    {
      "path": "./.cairn/specs/build-scheduling/spec.md",
      "requirement_blocks": 8,
      "scenario_blocks": 19,
      "substantive_requirement_blocks": 8
    },
    {
      "path": "./.cairn/specs/build-tool-boundary/spec.md",
      "requirement_blocks": 9,
      "scenario_blocks": 23,
      "substantive_requirement_blocks": 9
    },
    {
      "path": "./.cairn/specs/cache-substitution/spec.md",
      "requirement_blocks": 9,
      "scenario_blocks": 36,
      "substantive_requirement_blocks": 9
    },
    {
      "path": "./.cairn/specs/cairn-input/spec.md",
      "requirement_blocks": 2,
      "scenario_blocks": 2,
      "substantive_requirement_blocks": 2
    },
    {
      "path": "./.cairn/specs/composition-roots/spec.md",
      "requirement_blocks": 9,
      "scenario_blocks": 22,
      "substantive_requirement_blocks": 9
    },
    {
      "path": "./.cairn/specs/durable-file-publication-adoption/spec.md",
      "requirement_blocks": 7,
      "scenario_blocks": 16,
      "substantive_requirement_blocks": 7
    },
    {
      "path": "./.cairn/specs/durable-publication-promotion/spec.md",
      "requirement_blocks": 4,
      "scenario_blocks": 8,
      "substantive_requirement_blocks": 4
    },
    {
      "path": "./.cairn/specs/durable-publication-validation/spec.md",
      "requirement_blocks": 5,
      "scenario_blocks": 10,
      "substantive_requirement_blocks": 5
    },
    {
      "path": "./.cairn/specs/dynamic-derivation-admission/spec.md",
      "requirement_blocks": 6,
      "scenario_blocks": 12,
      "substantive_requirement_blocks": 6
    },
    {
      "path": "./.cairn/specs/evaluation-performance/spec.md",
      "requirement_blocks": 8,
      "scenario_blocks": 16,
      "substantive_requirement_blocks": 8
    },
    {
      "path": "./.cairn/specs/evaluation-streaming/spec.md",
      "requirement_blocks": 10,
      "scenario_blocks": 22,
      "substantive_requirement_blocks": 10
    },
    {
      "path": "./.cairn/specs/examples/spec.md",
      "requirement_blocks": 11,
      "scenario_blocks": 24,
      "substantive_requirement_blocks": 11
    },
    {
      "path": "./.cairn/specs/external-batch-dispatchers/spec.md",
      "requirement_blocks": 9,
      "scenario_blocks": 18,
      "substantive_requirement_blocks": 9
    },
    {
      "path": "./.cairn/specs/fix-nix-producer/spec.md",
      "requirement_blocks": 8,
      "scenario_blocks": 16,
      "substantive_requirement_blocks": 8
    },
    {
      "path": "./.cairn/specs/flake-source-inventory/spec.md",
      "requirement_blocks": 1,
      "scenario_blocks": 1,
      "substantive_requirement_blocks": 1
    },
    {
      "path": "./.cairn/specs/foreign-derivation-import/spec.md",
      "requirement_blocks": 45,
      "scenario_blocks": 134,
      "substantive_requirement_blocks": 45
    },
    {
      "path": "./.cairn/specs/gcc40-bridge/spec.md",
      "requirement_blocks": 2,
      "scenario_blocks": 6,
      "substantive_requirement_blocks": 2
    },
    {
      "path": "./.cairn/specs/hardware-simulation-builds/spec.md",
      "requirement_blocks": 9,
      "scenario_blocks": 17,
      "substantive_requirement_blocks": 9
    },
    {
      "path": "./.cairn/specs/i386-tinycc27/spec.md",
      "requirement_blocks": 1,
      "scenario_blocks": 4,
      "substantive_requirement_blocks": 1
    },
    {
      "path": "./.cairn/specs/immutable-release-pointer/spec.md",
      "requirement_blocks": 5,
      "scenario_blocks": 7,
      "substantive_requirement_blocks": 5
    },
    {
      "path": "./.cairn/specs/kani-toolchain-evidence/spec.md",
      "requirement_blocks": 7,
      "scenario_blocks": 11,
      "substantive_requirement_blocks": 7
    },
    {
      "path": "./.cairn/specs/kernel-bundle-oci/spec.md",
      "requirement_blocks": 14,
      "scenario_blocks": 30,
      "substantive_requirement_blocks": 14
    },
    {
      "path": "./.cairn/specs/kernelscript-experiment/spec.md",
      "requirement_blocks": 8,
      "scenario_blocks": 14,
      "substantive_requirement_blocks": 8
    },
    {
      "path": "./.cairn/specs/machine-artifact-contracts/spec.md",
      "requirement_blocks": 9,
      "scenario_blocks": 9,
      "substantive_requirement_blocks": 9
    },
    {
      "path": "./.cairn/specs/mantlepkgs-catalog-structure/spec.md",
      "requirement_blocks": 7,
      "scenario_blocks": 13,
      "substantive_requirement_blocks": 7
    },
    {
      "path": "./.cairn/specs/mantlepkgs-impact-evidence/spec.md",
      "requirement_blocks": 7,
      "scenario_blocks": 13,
      "substantive_requirement_blocks": 7
    },
    {
      "path": "./.cairn/specs/mantlepkgs-update-plans/spec.md",
      "requirement_blocks": 8,
      "scenario_blocks": 15,
      "substantive_requirement_blocks": 8
    },
    {
      "path": "./.cairn/specs/mantlepkgs-version-resolution/spec.md",
      "requirement_blocks": 8,
      "scenario_blocks": 15,
      "substantive_requirement_blocks": 8
    },
    {
      "path": "./.cairn/specs/mantlepkgs/spec.md",
      "requirement_blocks": 8,
      "scenario_blocks": 16,
      "substantive_requirement_blocks": 8
    },
    {
      "path": "./.cairn/specs/nickel-export-infrastructure/spec.md",
      "requirement_blocks": 6,
      "scenario_blocks": 12,
      "substantive_requirement_blocks": 6
    },
    {
      "path": "./.cairn/specs/nickel-toolchain/spec.md",
      "requirement_blocks": 6,
      "scenario_blocks": 9,
      "substantive_requirement_blocks": 6
    },
    {
      "path": "./.cairn/specs/nix-producer-adapter/spec.md",
      "requirement_blocks": 13,
      "scenario_blocks": 29,
      "substantive_requirement_blocks": 13
    },
    {
      "path": "./.cairn/specs/operator-diagnostics/spec.md",
      "requirement_blocks": 18,
      "scenario_blocks": 42,
      "substantive_requirement_blocks": 18
    },
    {
      "path": "./.cairn/specs/portable-build-receipts/spec.md",
      "requirement_blocks": 7,
      "scenario_blocks": 14,
      "substantive_requirement_blocks": 7
    },
    {
      "path": "./.cairn/specs/project-workflows/spec.md",
      "requirement_blocks": 25,
      "scenario_blocks": 83,
      "substantive_requirement_blocks": 25
    },
    {
      "path": "./.cairn/specs/realization-routing/spec.md",
      "requirement_blocks": 20,
      "scenario_blocks": 42,
      "substantive_requirement_blocks": 20
    },
    {
      "path": "./.cairn/specs/reconciliation-pilot/spec.md",
      "requirement_blocks": 2,
      "scenario_blocks": 2,
      "substantive_requirement_blocks": 2
    },
    {
      "path": "./.cairn/specs/release-provenance/spec.md",
      "requirement_blocks": 78,
      "scenario_blocks": 120,
      "substantive_requirement_blocks": 78
    },
    {
      "path": "./.cairn/specs/remote-builds/spec.md",
      "requirement_blocks": 56,
      "scenario_blocks": 152,
      "substantive_requirement_blocks": 56
    },
    {
      "path": "./.cairn/specs/rust-package-planning/spec.md",
      "requirement_blocks": 149,
      "scenario_blocks": 494,
      "substantive_requirement_blocks": 149
    },
    {
      "path": "./.cairn/specs/rustc-cache-adapter/spec.md",
      "requirement_blocks": 6,
      "scenario_blocks": 16,
      "substantive_requirement_blocks": 6
    },
    {
      "path": "./.cairn/specs/source-built-fixed-point-improved-iteration/spec.md",
      "requirement_blocks": 3,
      "scenario_blocks": 7,
      "substantive_requirement_blocks": 3
    },
    {
      "path": "./.cairn/specs/source-transports/spec.md",
      "requirement_blocks": 17,
      "scenario_blocks": 36,
      "substantive_requirement_blocks": 17
    },
    {
      "path": "./.cairn/specs/spacewasm-reference-materialization/spec.md",
      "requirement_blocks": 9,
      "scenario_blocks": 16,
      "substantive_requirement_blocks": 9
    },
    {
      "path": "./.cairn/specs/store-lifecycle/spec.md",
      "requirement_blocks": 24,
      "scenario_blocks": 48,
      "substantive_requirement_blocks": 24
    },
    {
      "path": "./.cairn/specs/store-transports/spec.md",
      "requirement_blocks": 16,
      "scenario_blocks": 46,
      "substantive_requirement_blocks": 16
    },
    {
      "path": "./.cairn/specs/vendored-snix-integration/spec.md",
      "requirement_blocks": 4,
      "scenario_blocks": 11,
      "substantive_requirement_blocks": 4
    },
    {
      "path": "./.cairn/specs/verification-evidence/spec.md",
      "requirement_blocks": 60,
      "scenario_blocks": 181,
      "substantive_requirement_blocks": 60
    },
    {
      "path": "./.cairn/specs/wasm-component-builds/spec.md",
      "requirement_blocks": 14,
      "scenario_blocks": 25,
      "substantive_requirement_blocks": 14
    }
  ],
  "specs_validated": 60,
  "substance": [
    {
      "checkbox_tasks": 0,
      "kind": "design",
      "malformed_dependency_markers": 0,
      "path": "./.cairn/changes/add-dev-cache-cross-run-resume/design.md",
      "requirement_blocks": 0,
      "scenario_blocks": 0,
      "substantive_lines": 14,
      "substantive_requirement_blocks": 0,
      "substantive_tasks": 0,
      "task_done": 0,
      "task_in_progress": 0,
      "task_todo": 0
    },
    {
      "checkbox_tasks": 0,
      "kind": "proposal",
      "malformed_dependency_markers": 0,
      "path": "./.cairn/changes/add-dev-cache-cross-run-resume/proposal.md",
      "requirement_blocks": 0,
      "scenario_blocks": 0,
      "substantive_lines": 13,
      "substantive_requirement_blocks": 0,
      "substantive_tasks": 0,
      "task_done": 0,
      "task_in_progress": 0,
      "task_todo": 0
    },
    {
      "checkbox_tasks": 0,
      "kind": "delta_spec",
      "malformed_dependency_markers": 0,
      "path": "./.cairn/changes/add-dev-cache-cross-run-resume/specs/source-built-fixed-point-improved-iteration/spec.md",
      "requirement_blocks": 2,
      "scenario_blocks": 5,
      "substantive_lines": 26,
      "substantive_requirement_blocks": 2,
      "substantive_tasks": 0,
      "task_done": 0,
      "task_in_progress": 0,
      "task_todo": 0
    },
    {
      "checkbox_tasks": 8,
      "kind": "tasks",
      "malformed_dependency_markers": 0,
      "path": "./.cairn/changes/add-dev-cache-cross-run-resume/tasks.md",
      "requirement_blocks": 0,
      "scenario_blocks": 0,
      "substantive_lines": 8,
      "substantive_requirement_blocks": 0,
      "substantive_tasks": 8,
      "task_done": 0,
      "task_in_progress": 0,
      "task_todo": 8
    },
    {
      "checkbox_tasks": 0,
      "kind": "design",
      "malformed_dependency_markers": 0,
      "path": "./.cairn/changes/add-evidence-driven-resource-policy/design.md",
      "requirement_blocks": 0,
      "scenario_blocks": 0,
      "substantive_lines": 40,
      "substantive_requirement_blocks": 0,
      "substantive_tasks": 0,
      "task_done": 0,
      "task_in_progress": 0,
      "task_todo": 0
    },
    {
      "checkbox_tasks": 0,
      "kind": "proposal",
      "malformed_dependency_markers": 0,
      "path": "./.cairn/changes/add-evidence-driven-resource-policy/proposal.md",
      "requirement_blocks": 0,
      "scenario_blocks": 0,
      "substantive_lines": 22,
      "substantive_requirement_blocks": 0,
      "substantive_tasks": 0,
      "task_done": 0,
      "task_in_progress": 0,
      "task_todo": 0
    },
    {
      "checkbox_tasks": 0,
      "kind": "delta_spec",
      "malformed_dependency_markers": 0,
      "path": "./.cairn/changes/add-evidence-driven-resource-policy/specs/remote-builds/spec.md",
      "requirement_blocks": 7,
      "scenario_blocks": 15,
      "substantive_lines": 66,
      "substantive_requirement_blocks": 7,
      "substantive_tasks": 0,
      "task_done": 0,
      "task_in_progress": 0,
      "task_todo": 0
    },
    {
      "checkbox_tasks": 33,
      "kind": "tasks",
      "malformed_dependency_markers": 0,
      "path": "./.cairn/changes/add-evidence-driven-resource-policy/tasks.md",
      "requirement_blocks": 0,
      "scenario_blocks": 0,
      "substantive_lines": 33,
      "substantive_requirement_blocks": 0,
      "substantive_tasks": 33,
      "task_done": 0,
      "task_in_progress": 0,
      "task_todo": 33
    },
    {
      "checkbox_tasks": 0,
      "kind": "design",
      "malformed_dependency_markers": 0,
      "path": "./.cairn/changes/verify-remote-admission-with-trellis/design.md",
      "requirement_blocks": 0,
      "scenario_blocks": 0,
      "substantive_lines": 29,
      "substantive_requirement_blocks": 0,
      "substantive_tasks": 0,
      "task_done": 0,
      "task_in_progress": 0,
      "task_todo": 0
    },
    {
      "checkbox_tasks": 0,
      "kind": "proposal",
      "malformed_dependency_markers": 0,
      "path": "./.cairn/changes/verify-remote-admission-with-trellis/proposal.md",
      "requirement_blocks": 0,
      "scenario_blocks": 0,
      "substantive_lines": 21,
      "substantive_requirement_blocks": 0,
      "substantive_tasks": 0,
      "task_done": 0,
      "task_in_progress": 0,
      "task_todo": 0
    },
    {
      "checkbox_tasks": 0,
      "kind": "delta_spec",
      "malformed_dependency_markers": 0,
      "path": "./.cairn/changes/verify-remote-admission-with-trellis/specs/remote-builds/spec.md",
      "requirement_blocks": 5,
      "scenario_blocks": 10,
      "substantive_lines": 45,
      "substantive_requirement_blocks": 5,
      "substantive_tasks": 0,
      "task_done": 0,
      "task_in_progress": 0,
      "task_todo": 0
    },
    {
      "checkbox_tasks": 19,
      "kind": "tasks",
      "malformed_dependency_markers": 0,
      "path": "./.cairn/changes/verify-remote-admission-with-trellis/tasks.md",
      "requirement_blocks": 0,
      "scenario_blocks": 0,
      "substantive_lines": 19,
      "substantive_requirement_blocks": 0,
      "substantive_tasks": 19,
      "task_done": 0,
      "task_in_progress": 0,
      "task_todo": 19
    }
  ],
  "substance_findings": [],
  "substance_issues": [],
  "valid": true,
  "workflow_profiles": [
    {
      "acceptance_ids": [],
      "non_claims": [
        "workflow state proves only the selected policy graph and observed structural artifact facts",
        "workflow instructions do not prove artifact truth, review quality, or implementation correctness",
        "workflow state does not satisfy proposal, design, tasks, sync, archive, evidence, or release gates",
        "workflow commands are read-only and do not create, edit, delete, or approve lifecycle artifacts"
      ],
      "profile_identity_hash": "973f8623237ff98c0ae1ede3912647cbdcfcab067706513efb1adef97fe2a203",
      "review_receipt_hashes": [],
      "spec_effect": "delta",
      "workflow_profile": "spec-driven",
      "workflow_profile_compatibility_fallback": false,
      "workflow_profile_source": "change_create",
      "workflow_profile_version": 1
    }
  ]
}
$ cairn tracey coverage --root .
traceability coverage ok: 157/157 referenced (profile mantle-default)
$ git diff --check
