## fix/close-mantle-full-check-blockers-20260901...origin/main [ahead 6]
 D .cairn/changes/close-full-check-blockers/design.md
 D .cairn/changes/close-full-check-blockers/evidence/full-check-2026-09-01/blake3-check.log
 D .cairn/changes/close-full-check-blockers/evidence/full-check-2026-09-01/blake3-check.status
 D .cairn/changes/close-full-check-blockers/evidence/full-check-2026-09-01/blake3-manifest.txt
 D .cairn/changes/close-full-check-blockers/evidence/full-check-2026-09-01/cairn-gate-design.log
 D .cairn/changes/close-full-check-blockers/evidence/full-check-2026-09-01/cairn-gate-design.status
 D .cairn/changes/close-full-check-blockers/evidence/full-check-2026-09-01/cairn-gate-proposal.log
 D .cairn/changes/close-full-check-blockers/evidence/full-check-2026-09-01/cairn-gate-proposal.status
 D .cairn/changes/close-full-check-blockers/evidence/full-check-2026-09-01/cairn-gate-tasks.log
 D .cairn/changes/close-full-check-blockers/evidence/full-check-2026-09-01/cairn-gate-tasks.status
 D .cairn/changes/close-full-check-blockers/evidence/full-check-2026-09-01/cairn-tracey.log
 D .cairn/changes/close-full-check-blockers/evidence/full-check-2026-09-01/cairn-tracey.status
 D .cairn/changes/close-full-check-blockers/evidence/full-check-2026-09-01/cairn-validate.log
 D .cairn/changes/close-full-check-blockers/evidence/full-check-2026-09-01/cairn-validate.status
 D .cairn/changes/close-full-check-blockers/evidence/full-check-2026-09-01/clippy.log
 D .cairn/changes/close-full-check-blockers/evidence/full-check-2026-09-01/clippy.status
 D .cairn/changes/close-full-check-blockers/evidence/full-check-2026-09-01/core-tests.log
 D .cairn/changes/close-full-check-blockers/evidence/full-check-2026-09-01/core-tests.status
 D .cairn/changes/close-full-check-blockers/evidence/full-check-2026-09-01/durable-publication-current.log
 D .cairn/changes/close-full-check-blockers/evidence/full-check-2026-09-01/durable-publication-current.status
 D .cairn/changes/close-full-check-blockers/evidence/full-check-2026-09-01/durable-publication-stale.log
 D .cairn/changes/close-full-check-blockers/evidence/full-check-2026-09-01/durable-publication-stale.status
 D .cairn/changes/close-full-check-blockers/evidence/full-check-2026-09-01/focused-nix.log
 D .cairn/changes/close-full-check-blockers/evidence/full-check-2026-09-01/focused-nix.status
 D .cairn/changes/close-full-check-blockers/evidence/full-check-2026-09-01/formatting.log
 D .cairn/changes/close-full-check-blockers/evidence/full-check-2026-09-01/formatting.status
 D .cairn/changes/close-full-check-blockers/evidence/full-check-2026-09-01/git-diff-check.log
 D .cairn/changes/close-full-check-blockers/evidence/full-check-2026-09-01/git-diff-check.status
 D .cairn/changes/close-full-check-blockers/evidence/full-check-2026-09-01/git-status-before-archive.log
 D .cairn/changes/close-full-check-blockers/evidence/full-check-2026-09-01/inventory-baseline.json
 D .cairn/changes/close-full-check-blockers/evidence/full-check-2026-09-01/inventory-baseline.md
 D .cairn/changes/close-full-check-blockers/evidence/full-check-2026-09-01/inventory.command.txt
 D .cairn/changes/close-full-check-blockers/evidence/full-check-2026-09-01/inventory.json
 D .cairn/changes/close-full-check-blockers/evidence/full-check-2026-09-01/inventory.log
 D .cairn/changes/close-full-check-blockers/evidence/full-check-2026-09-01/inventory.md
 D .cairn/changes/close-full-check-blockers/evidence/full-check-2026-09-01/inventory.status
 D .cairn/changes/close-full-check-blockers/evidence/full-check-2026-09-01/missing-b3sum.json
 D .cairn/changes/close-full-check-blockers/evidence/full-check-2026-09-01/missing-b3sum.log
 D .cairn/changes/close-full-check-blockers/evidence/full-check-2026-09-01/missing-b3sum.md
 D .cairn/changes/close-full-check-blockers/evidence/full-check-2026-09-01/missing-b3sum.status
 D .cairn/changes/close-full-check-blockers/evidence/full-check-2026-09-01/nix-flake-local.log
 D .cairn/changes/close-full-check-blockers/evidence/full-check-2026-09-01/nix-flake-local.status
 D .cairn/changes/close-full-check-blockers/evidence/full-check-2026-09-01/nix-flake-ordinary.log
 D .cairn/changes/close-full-check-blockers/evidence/full-check-2026-09-01/nix-flake-ordinary.status
 D .cairn/changes/close-full-check-blockers/evidence/full-check-2026-09-01/nix-inventory.log
 D .cairn/changes/close-full-check-blockers/evidence/full-check-2026-09-01/nix-inventory.status
 D .cairn/changes/close-full-check-blockers/evidence/full-check-2026-09-01/nix-no-build.log
 D .cairn/changes/close-full-check-blockers/evidence/full-check-2026-09-01/nix-no-build.status
 D .cairn/changes/close-full-check-blockers/evidence/full-check-2026-09-01/root-clippy.log
 D .cairn/changes/close-full-check-blockers/evidence/full-check-2026-09-01/root-clippy.status
 D .cairn/changes/close-full-check-blockers/evidence/full-check-2026-09-01/spacewasm-api-failure.log
 D .cairn/changes/close-full-check-blockers/evidence/full-check-2026-09-01/spacewasm-api-failure.status
 D .cairn/changes/close-full-check-blockers/evidence/full-check-2026-09-01/spacewasm-crane-build.log
 D .cairn/changes/close-full-check-blockers/evidence/full-check-2026-09-01/spacewasm-crane-build.status
 D .cairn/changes/close-full-check-blockers/evidence/full-check-2026-09-01/spacewasm-crane-rebuild.log
 D .cairn/changes/close-full-check-blockers/evidence/full-check-2026-09-01/spacewasm-crane-rebuild.status
 D .cairn/changes/close-full-check-blockers/evidence/full-check-2026-09-01/store-blocker-ordinary-summary.txt
 D .cairn/changes/close-full-check-blockers/evidence/full-check-2026-09-01/store-blocker-summary.txt
 D .cairn/changes/close-full-check-blockers/evidence/full-check-2026-09-01/summary.md
 D .cairn/changes/close-full-check-blockers/evidence/full-check-2026-09-01/tamper.json
 D .cairn/changes/close-full-check-blockers/evidence/full-check-2026-09-01/tamper.log
 D .cairn/changes/close-full-check-blockers/evidence/full-check-2026-09-01/tamper.md
 D .cairn/changes/close-full-check-blockers/evidence/full-check-2026-09-01/tamper.status
 D .cairn/changes/close-full-check-blockers/evidence/full-check-2026-09-01/tigerstyle-store-blocker.log
 D .cairn/changes/close-full-check-blockers/evidence/full-check-2026-09-01/tigerstyle-store-blocker.status
 D .cairn/changes/close-full-check-blockers/evidence/full-check-2026-09-01/wasm-toolchain-rebuild.log
 D .cairn/changes/close-full-check-blockers/evidence/full-check-2026-09-01/wasm-toolchain-rebuild.status
 D .cairn/changes/close-full-check-blockers/evidence/validation.md
 D .cairn/changes/close-full-check-blockers/proposal.md
 D .cairn/changes/close-full-check-blockers/specs/bootstrap-inventory/spec.md
 D .cairn/changes/close-full-check-blockers/tasks.md
 M .cairn/specs/bootstrap-inventory/spec.md
?? .cairn/archive/2026-09-01-close-full-check-blockers/
