these 26 derivations will be built:
  /nix/store/p7a0jjrmj4kaq7v69bicr1hbmg5r802k-crate-wasmprinter-0.220.1.tar.gz.drv
  /nix/store/1zmsw6qmxw4xg20my7h10y6gf2khzxyq-wasmprinter-0.220.1.drv
  /nix/store/2d6aq6zpr1sagi0j0jv1r3vddqwmc5dp-spacewasm-source-e24cf09355a90497148eb5029fdb8e3400bd63e3.drv
  /nix/store/3bxfh21i669li25rfj0g59mlgz8xkm4r-crate-wasm-encoder-0.220.1.tar.gz.drv
  /nix/store/83kl614f3sb2xvcia542qrwb8j6l4p0g-wasm-encoder-0.220.1.drv
  /nix/store/ffx0nvpjb2fjhplla3g86yr1r9x1yz5j-jiff-0.2.28.drv
  /nix/store/nrkdlpvdc3nxy3ddifi439c9jv13drq4-crate-wasmparser-0.220.1.tar.gz.drv
  /nix/store/innkm55mnw49g0s3knykx17hvja8w02r-wasmparser-0.220.1.drv
  /nix/store/vlyis2iwzph8hrnisccivqprvz98k8rx-crate-wasm-smith-0.220.1.tar.gz.drv
  /nix/store/nfb2jvqrar4kcia1mm49v8f52qp1kjsl-wasm-smith-0.220.1.drv
  /nix/store/vs8n8n619nihwbd6vbkd286326k3wsks-jiff-static-0.2.28.drv
  /nix/store/zypz4v4qqh5vsikxnyzvzjhnwb98hfgp-cargo-vendor-dir.drv
  /nix/store/lpf1s4c4v6v77588vjj2arxkmr13ckcg-spacewasm-offline-cargo-config.toml.drv
  /nix/store/xv1a7k2m125vv3003ii3gf2ymwygly2x-spacewasm-e24cf09355a90497148eb5029fdb8e3400bd63e3-diagnostic-runner.drv
  /nix/store/77xymn526iq43h5ggnckzw6id3znjk5x-spacewasm-e24cf09355a90497148eb5029fdb8e3400bd63e3-fixture-report.drv
  /nix/store/b5pnd8m8xmnfgfgdxchr639gvgcl7yp9-spacewasm-e24cf09355a90497148eb5029fdb8e3400bd63e3-spectest-address.drv
  /nix/store/dnkxlgzysy7ijnyzbhpjlvgy33djkydp-spacewasm-rust-1.91.1-toolchain-artifacts.drv
  /nix/store/f7ghaq9l9f7jfvkipzq3mfqzpj716riv-spacewasm-e24cf09355a90497148eb5029fdb8e3400bd63e3-wasm-library.drv
  /nix/store/f80n7nw5nl5mw9lzagn3v2lgm67q1v8p-spacewasm-e24cf09355a90497148eb5029fdb8e3400bd63e3-dependency-closure.drv
  /nix/store/ipyyk9zxh3kbvk9c1znx79jcdrrvvg38-mantle-spacewasm-reference-bundler-0.1.0.drv
  /nix/store/j6r8vlls8h06h61gq52fgcg1b7593bib-spacewasm-e24cf09355a90497148eb5029fdb8e3400bd63e3-host-library.drv
  /nix/store/nk43mdjrailnmnrzy1mb5mgjwg2z4bxx-spacewasm-e24cf09355a90497148eb5029fdb8e3400bd63e3-corpora.drv
  /nix/store/pqdh5xf8y0k76h7pjvaskxbq289crkwg-spacewasm-e24cf09355a90497148eb5029fdb8e3400bd63e3-unit-tests.drv
  /nix/store/y3py5q02d27fq2nywdidz9zj3vcfz3zm-spacewasm-e24cf09355a90497148eb5029fdb8e3400bd63e3-evidence.drv
  /nix/store/z3lnw28akaqpbi51x6bqji7yx60maf2k-spacewasm-materialization-request.json.drv
  /nix/store/l6r3ig41jrdqfivsvnl88z0w7gq1kfj0-mantle-spacewasm-reference-bundle-e24cf09355a90497148eb5029fdb8e3400bd63e3.drv
building '/nix/store/ipyyk9zxh3kbvk9c1znx79jcdrrvvg38-mantle-spacewasm-reference-bundler-0.1.0.drv'...
building '/nix/store/dnkxlgzysy7ijnyzbhpjlvgy33djkydp-spacewasm-rust-1.91.1-toolchain-artifacts.drv'...
building '/nix/store/2d6aq6zpr1sagi0j0jv1r3vddqwmc5dp-spacewasm-source-e24cf09355a90497148eb5029fdb8e3400bd63e3.drv'...
mantle-spacewasm-reference-bundler> Running phase: unpackPhase
mantle-spacewasm-reference-bundler> unpacking source archive /nix/store/wk315yrpkiqf211qyp4ia5pypis4lbn9-mantle-spacewasm-bundler-source
building '/nix/store/ffx0nvpjb2fjhplla3g86yr1r9x1yz5j-jiff-0.2.28.drv'...
mantle-spacewasm-reference-bundler> source root is mantle-spacewasm-bundler-source
mantle-spacewasm-reference-bundler> Executing cargoSetupPostUnpackHook
building '/nix/store/vs8n8n619nihwbd6vbkd286326k3wsks-jiff-static-0.2.28.drv'...
building '/nix/store/i48khch94p5py5rckjxlkb2j76v4khyy-crate-wasm-encoder-0.220.1.tar.gz.drv'...
crate-wasm-encoder> structuredAttrs is enabled
building '/nix/store/ddjsw9gryi9sb8p983g62mhx698vfysh-crate-wasmparser-0.220.1.tar.gz.drv'...
crate-wasm-encoder> 
crate-wasm-encoder> trying https://crates.io/api/v1/crates/wasm-encoder/0.220.1/download
crate-wasm-encoder>   % Total    % Received % Xferd  Average Speed  Time    Time    Time   Current
crate-wasm-encoder>                                  Dload  Upload  Total   Spent   Left   Speed
crate-wasmparser> structuredAttrs is enabled
mantle-spacewasm-reference-bundler> Finished cargoSetupPostUnpackHook
mantle-spacewasm-reference-bundler> Running phase: patchPhase
mantle-spacewasm-reference-bundler> Executing cargoSetupPostPatchHook
mantle-spacewasm-reference-bundler> Validating consistency between /build/mantle-spacewasm-bundler-source/Cargo.lock and /build/cargo-vendor-dir/Cargo.lock
mantle-spacewasm-reference-bundler> Finished cargoSetupPostPatchHook
mantle-spacewasm-reference-bundler> Running phase: updateAutotoolsGnuConfigScriptsPhase
mantle-spacewasm-reference-bundler> Running phase: configurePhase
mantle-spacewasm-reference-bundler> Running phase: buildPhase
mantle-spacewasm-reference-bundler> Executing cargoBuildHook
mantle-spacewasm-reference-bundler> cargoBuildHook flags: -j 4 --target x86_64-unknown-linux-gnu --offline --profile release --package crunch-spacewasm --bin mantle-spacewasm-reference
crate-wasmparser> 
crate-wasmparser> trying https://crates.io/api/v1/crates/wasmparser/0.220.1/download
crate-wasmparser>   % Total    % Received % Xferd  Average Speed  Time    Time    Time   Current
crate-wasmparser>                                  Dload  Upload  Total   Spent   Left   Speed
crate-wasm-encoder>   0      0   0      0   0      0      0      0                              0
crate-wasm-encoder> curl: (22) The requested URL returned error: 403
crate-wasm-encoder> Warning: Problem (retrying all errors). Will retry in 1 second. 3 retries left.
crate-wasmparser>   0      0   0      0   0      0      0      0                              0
crate-wasmparser> curl: (22) The requested URL returned error: 403
crate-wasmparser> Warning: Problem (retrying all errors). Will retry in 1 second. 3 retries left.
mantle-spacewasm-reference-bundler>    Compiling proc-macro2 v1.0.106
mantle-spacewasm-reference-bundler>    Compiling unicode-ident v1.0.24
mantle-spacewasm-reference-bundler>    Compiling quote v1.0.46
mantle-spacewasm-reference-bundler>    Compiling shlex v2.0.1
mantle-spacewasm-reference-bundler>    Compiling find-msvc-tools v0.1.9
mantle-spacewasm-reference-bundler>    Compiling serde_core v1.0.228
building '/nix/store/nk43mdjrailnmnrzy1mb5mgjwg2z4bxx-spacewasm-e24cf09355a90497148eb5029fdb8e3400bd63e3-corpora.drv'...
crate-wasm-encoder>   0      0   0      0   0      0      0      0                              0
crate-wasm-encoder> curl: (22) The requested URL returned error: 403
crate-wasm-encoder> Warning: Problem (retrying all errors). Will retry in 2 seconds. 2 retries
crate-wasm-encoder> Warning: left.
crate-wasmparser>   0      0   0      0   0      0      0      0                              0
crate-wasmparser> curl: (22) The requested URL returned error: 403
crate-wasmparser> Warning: Problem (retrying all errors). Will retry in 2 seconds. 2 retries
crate-wasmparser> Warning: left.
mantle-spacewasm-reference-bundler>    Compiling cc v1.2.67
mantle-spacewasm-reference-bundler>    Compiling zmij v1.0.23
mantle-spacewasm-reference-bundler>    Compiling serde v1.0.228
mantle-spacewasm-reference-bundler>    Compiling serde_json v1.0.150
mantle-spacewasm-reference-bundler>    Compiling syn v2.0.118
mantle-spacewasm-reference-bundler>    Compiling cfg-if v1.0.4
mantle-spacewasm-reference-bundler>    Compiling arrayref v0.3.9
mantle-spacewasm-reference-bundler>    Compiling libc v0.2.186
mantle-spacewasm-reference-bundler>    Compiling blake3 v1.8.2
mantle-spacewasm-reference-bundler>    Compiling constant_time_eq v0.3.1
mantle-spacewasm-reference-bundler>    Compiling itoa v1.0.18
building '/nix/store/6v0ry0x1ph90g2y8y7s06aps5sx52k6z-crate-wasm-smith-0.220.1.tar.gz.drv'...
crate-wasm-smith> structuredAttrs is enabled
mantle-spacewasm-reference-bundler>    Compiling arrayvec v0.7.8
mantle-spacewasm-reference-bundler>    Compiling memchr v2.8.3
crate-wasm-smith> 
crate-wasm-smith> trying https://crates.io/api/v1/crates/wasm-smith/0.220.1/download
crate-wasm-smith>   % Total    % Received % Xferd  Average Speed  Time    Time    Time   Current
crate-wasm-smith>                                  Dload  Upload  Total   Spent   Left   Speed
crate-wasm-smith>   0      0   0      0   0      0      0      0                              0
crate-wasm-smith> curl: (22) The requested URL returned error: 403
crate-wasm-smith> Warning: Problem (retrying all errors). Will retry in 1 second. 3 retries left.
mantle-spacewasm-reference-bundler>    Compiling serde_derive v1.0.228
crate-wasm-smith>   0      0   0      0   0      0      0      0                              0
crate-wasm-smith> curl: (22) The requested URL returned error: 403
crate-wasm-smith> Warning: Problem (retrying all errors). Will retry in 2 seconds. 2 retries
crate-wasm-smith> Warning: left.
crate-wasm-encoder>   0      0   0      0   0      0      0      0                              0
crate-wasm-encoder> curl: (22) The requested URL returned error: 403
crate-wasm-encoder> Warning: Problem (retrying all errors). Will retry in 4 seconds. 1 retry left.
crate-wasmparser>   0      0   0      0   0      0      0      0                              0
crate-wasmparser> curl: (22) The requested URL returned error: 403
crate-wasmparser> Warning: Problem (retrying all errors). Will retry in 4 seconds. 1 retry left.
mantle-spacewasm-reference-bundler>    Compiling crunch-spacewasm-core v0.1.0 (/build/mantle-spacewasm-bundler-source/crates/crunch-spacewasm-core)
mantle-spacewasm-reference-bundler>    Compiling crunch-spacewasm v0.1.0 (/build/mantle-spacewasm-bundler-source/crates/crunch-spacewasm)
crate-wasm-smith>   0      0   0      0   0      0      0      0                              0
crate-wasm-smith> curl: (22) The requested URL returned error: 403
crate-wasm-smith> Warning: Problem (retrying all errors). Will retry in 4 seconds. 1 retry left.
crate-wasm-encoder>   0      0   0      0   0      0      0      0                              0
crate-wasm-encoder> curl: (22) The requested URL returned error: 403
crate-wasmparser>   0      0   0      0   0      0      0      0                              0
crate-wasmparser> curl: (22) The requested URL returned error: 403
crate-wasm-encoder> error: cannot download crate-wasm-encoder-0.220.1.tar.gz from any mirror
error: Cannot build '/nix/store/i48khch94p5py5rckjxlkb2j76v4khyy-crate-wasm-encoder-0.220.1.tar.gz.drv'.
       Reason: builder failed with exit code 1.
       Output paths:
         /nix/store/ybdlsp4sms675l32dpjqh1v05v31n95i-crate-wasm-encoder-0.220.1.tar.gz
       Last 18 log lines:
       > structuredAttrs is enabled
       >
       > trying https://crates.io/api/v1/crates/wasm-encoder/0.220.1/download
       >   % Total    % Received % Xferd  Average Speed  Time    Time    Time   Current
       >                                  Dload  Upload  Total   Spent   Left   Speed
       >   0      0   0      0   0      0      0      0                              0
       > curl: (22) The requested URL returned error: 403
       > Warning: Problem (retrying all errors). Will retry in 1 second. 3 retries left.
       >   0      0   0      0   0      0      0      0                              0
       > curl: (22) The requested URL returned error: 403
       > Warning: Problem (retrying all errors). Will retry in 2 seconds. 2 retries
       > Warning: left.
       >   0      0   0      0   0      0      0      0                              0
       > curl: (22) The requested URL returned error: 403
       > Warning: Problem (retrying all errors). Will retry in 4 seconds. 1 retry left.
       >   0      0   0      0   0      0      0      0                              0
       > curl: (22) The requested URL returned error: 403
       > error: cannot download crate-wasm-encoder-0.220.1.tar.gz from any mirror
       For full logs, run:
         nix log /nix/store/i48khch94p5py5rckjxlkb2j76v4khyy-crate-wasm-encoder-0.220.1.tar.gz.drv
building '/nix/store/k1wbvwzmh3c6qa65h6dc69pjpz0n9p3z-crate-wasmprinter-0.220.1.tar.gz.drv'...
error: build of resolved derivation '/nix/store/i48khch94p5py5rckjxlkb2j76v4khyy-crate-wasm-encoder-0.220.1.tar.gz.drv' failed
error: Cannot build '/nix/store/83kl614f3sb2xvcia542qrwb8j6l4p0g-wasm-encoder-0.220.1.drv'.
       Reason: 1 dependency failed.
       Output paths:
         /nix/store/5lfc77pdyhfcvry73hhf804igc317qxd-wasm-encoder-0.220.1
warning: killing stray builder process 1305225 ()...
warning: killing stray builder process 1305253 ()...
warning: killing stray builder process 1305527 ()...
error: Cannot build '/nix/store/zypz4v4qqh5vsikxnyzvzjhnwb98hfgp-cargo-vendor-dir.drv'.
       Reason: 1 dependency failed.
       Output paths:
         /nix/store/5cnakm860zwvidd95l1ds3z2xp60m7xj-cargo-vendor-dir
error: Cannot build '/nix/store/f80n7nw5nl5mw9lzagn3v2lgm67q1v8p-spacewasm-e24cf09355a90497148eb5029fdb8e3400bd63e3-dependency-closure.drv'.
       Reason: 1 dependency failed.
       Output paths:
         /nix/store/gzy0blp94p8cqbjzypmpsfhz30ldn564-spacewasm-e24cf09355a90497148eb5029fdb8e3400bd63e3-dependency-closure
error: Cannot build '/nix/store/lpf1s4c4v6v77588vjj2arxkmr13ckcg-spacewasm-offline-cargo-config.toml.drv'.
       Reason: 1 dependency failed.
       Output paths:
         /nix/store/c7srs3h8izczrdbc76v3ry92hyhzmc0q-spacewasm-offline-cargo-config.toml
error: Cannot build '/nix/store/z3lnw28akaqpbi51x6bqji7yx60maf2k-spacewasm-materialization-request.json.drv'.
       Reason: 1 dependency failed.
       Output paths:
         /nix/store/cbpybsh9d2xi0r8wg740z4pwabl16q8x-spacewasm-materialization-request.json
warning: killing stray builder process 1304485 ()...
warning: killing stray builder process 1304662 ()...
error (ignored): deleting cgroup "/sys/fs/cgroup/system.slice/nix-daemon.service/nix-build-uid-872415232": Device or resource busy
error: Cannot build '/nix/store/l6r3ig41jrdqfivsvnl88z0w7gq1kfj0-mantle-spacewasm-reference-bundle-e24cf09355a90497148eb5029fdb8e3400bd63e3.drv'.
       Reason: 1 dependency failed.
       Output paths:
         /nix/store/fz5gj0rc5v2mq1psbdmyygg11a16mim7-mantle-spacewasm-reference-bundle-e24cf09355a90497148eb5029fdb8e3400bd63e3
