copying path '/nix/store/hhccdmpa2bhqbagn2zgmgrwjbcdinn55-source' from 'http://100.100.103.95:5000'...
warning: file 'nar/1pzq6dhayzd6kgyhjwqr1bwq468z36vp0al101havv6d0pw1fa40.nar?hash=hhccdmpa2bhqbagn2zgmgrwjbcdinn55' does not exist in binary cache 'http://100.100.103.95:5000'
these 11 derivations will be built:
  /nix/store/55qq4aiiy3kl1vn7m0m6bhbwkrj8viin-spacewasm-e24cf09355a90497148eb5029fdb8e3400bd63e3-wasm-library.drv
  /nix/store/a4i60psfx1ja3a2xs9m3k7b3parjg0cj-spacewasm-e24cf09355a90497148eb5029fdb8e3400bd63e3-diagnostic-runner.drv
  /nix/store/7fncn6m53q19dy8d4m7ic55fdfdwi712-spacewasm-e24cf09355a90497148eb5029fdb8e3400bd63e3-fixture-report.drv
  /nix/store/c94bag0av4q868ig78ahrlrzh9mcm3sd-spacewasm-e24cf09355a90497148eb5029fdb8e3400bd63e3-dependency-closure.drv
  /nix/store/d32qk66pm2qmpp0dbjqsyv9v0qcyrn63-spacewasm-e24cf09355a90497148eb5029fdb8e3400bd63e3-unit-tests.drv
  /nix/store/idj54q1da8w21x0c59p8ay7vxnh2gin6-spacewasm-e24cf09355a90497148eb5029fdb8e3400bd63e3-spectest-address.drv
  /nix/store/w4jrclscwbypndanjqk3q80n0ms9vmq7-spacewasm-e24cf09355a90497148eb5029fdb8e3400bd63e3-host-library.drv
  /nix/store/hhb3vlbx51fc2jxy0hc4aan4r7dzjvaq-spacewasm-e24cf09355a90497148eb5029fdb8e3400bd63e3-evidence.drv
  /nix/store/gfd077dc1k70ziyvfc0as6r6f91r082i-spacewasm-materialization-request.json.drv
  /nix/store/ipyyk9zxh3kbvk9c1znx79jcdrrvvg38-mantle-spacewasm-reference-bundler-0.1.0.drv
  /nix/store/zydhx6wcj95saj8iqbckjlyrpfshfxws-mantle-spacewasm-reference-bundle-e24cf09355a90497148eb5029fdb8e3400bd63e3.drv
building '/nix/store/ipyyk9zxh3kbvk9c1znx79jcdrrvvg38-mantle-spacewasm-reference-bundler-0.1.0.drv'...
building '/nix/store/c94bag0av4q868ig78ahrlrzh9mcm3sd-spacewasm-e24cf09355a90497148eb5029fdb8e3400bd63e3-dependency-closure.drv'...
building '/nix/store/a4i60psfx1ja3a2xs9m3k7b3parjg0cj-spacewasm-e24cf09355a90497148eb5029fdb8e3400bd63e3-diagnostic-runner.drv'...
building '/nix/store/w4jrclscwbypndanjqk3q80n0ms9vmq7-spacewasm-e24cf09355a90497148eb5029fdb8e3400bd63e3-host-library.drv'...
mantle-spacewasm-reference-bundler> Running phase: unpackPhase
mantle-spacewasm-reference-bundler> unpacking source archive /nix/store/wk315yrpkiqf211qyp4ia5pypis4lbn9-mantle-spacewasm-bundler-source
mantle-spacewasm-reference-bundler> source root is mantle-spacewasm-bundler-source
mantle-spacewasm-reference-bundler> Executing cargoSetupPostUnpackHook
building '/nix/store/d32qk66pm2qmpp0dbjqsyv9v0qcyrn63-spacewasm-e24cf09355a90497148eb5029fdb8e3400bd63e3-unit-tests.drv'...
mantle-spacewasm-reference-bundler> Finished cargoSetupPostUnpackHook
mantle-spacewasm-reference-bundler> Running phase: patchPhase
mantle-spacewasm-reference-bundler> Executing cargoSetupPostPatchHook
mantle-spacewasm-reference-bundler> Validating consistency between /build/mantle-spacewasm-bundler-source/Cargo.lock and /build/cargo-vendor-dir/Cargo.lock
mantle-spacewasm-reference-bundler> Finished cargoSetupPostPatchHook
mantle-spacewasm-reference-bundler> Running phase: updateAutotoolsGnuConfigScriptsPhase
mantle-spacewasm-reference-bundler> Running phase: configurePhase
mantle-spacewasm-reference-bundler> Running phase: buildPhase
mantle-spacewasm-reference-bundler> Executing cargoBuildHook
mantle-spacewasm-reference-bundler> cargoBuildHook flags: -j 4 --target x86_64-unknown-linux-gnu --offline --profile release --package crunch-spacewasm --bin mantle-spacewasm-reference
spacewasm-e24cf09355a90497148eb5029fdb8e3400bd63e3-diagnostic-runner>    Compiling proc-macro2 v1.0.106
spacewasm-e24cf09355a90497148eb5029fdb8e3400bd63e3-diagnostic-runner>    Compiling quote v1.0.45
spacewasm-e24cf09355a90497148eb5029fdb8e3400bd63e3-diagnostic-runner>    Compiling unicode-ident v1.0.24
spacewasm-e24cf09355a90497148eb5029fdb8e3400bd63e3-diagnostic-runner>    Compiling serde_core v1.0.228
spacewasm-e24cf09355a90497148eb5029fdb8e3400bd63e3-diagnostic-runner>    Compiling libm v0.2.16
spacewasm-e24cf09355a90497148eb5029fdb8e3400bd63e3-diagnostic-runner>    Compiling zmij v1.0.21
spacewasm-e24cf09355a90497148eb5029fdb8e3400bd63e3-diagnostic-runner>    Compiling serde_json v1.0.150
spacewasm-e24cf09355a90497148eb5029fdb8e3400bd63e3-diagnostic-runner>    Compiling serde v1.0.228
spacewasm-e24cf09355a90497148eb5029fdb8e3400bd63e3-diagnostic-runner>    Compiling itoa v1.0.18
spacewasm-e24cf09355a90497148eb5029fdb8e3400bd63e3-diagnostic-runner>    Compiling memchr v2.8.2
spacewasm-e24cf09355a90497148eb5029fdb8e3400bd63e3-host-library>    Compiling libm v0.2.16
mantle-spacewasm-reference-bundler>    Compiling proc-macro2 v1.0.106
mantle-spacewasm-reference-bundler>    Compiling quote v1.0.46
mantle-spacewasm-reference-bundler>    Compiling unicode-ident v1.0.24
mantle-spacewasm-reference-bundler>    Compiling shlex v2.0.1
mantle-spacewasm-reference-bundler>    Compiling serde_core v1.0.228
mantle-spacewasm-reference-bundler>    Compiling find-msvc-tools v0.1.9
mantle-spacewasm-reference-bundler>    Compiling zmij v1.0.23
mantle-spacewasm-reference-bundler>    Compiling cc v1.2.67
spacewasm-e24cf09355a90497148eb5029fdb8e3400bd63e3-diagnostic-runner>    Compiling syn v2.0.118
mantle-spacewasm-reference-bundler>    Compiling serde v1.0.228
mantle-spacewasm-reference-bundler>    Compiling serde_json v1.0.150
spacewasm-e24cf09355a90497148eb5029fdb8e3400bd63e3-host-library>    Compiling spacewasm v0.0.0 (/build/source)
spacewasm-e24cf09355a90497148eb5029fdb8e3400bd63e3-diagnostic-runner>    Compiling spacewasm v0.0.0 (/build/source)
mantle-spacewasm-reference-bundler>    Compiling syn v2.0.118
mantle-spacewasm-reference-bundler>    Compiling memchr v2.8.3
mantle-spacewasm-reference-bundler>    Compiling blake3 v1.8.2
spacewasm-e24cf09355a90497148eb5029fdb8e3400bd63e3-diagnostic-runner>    Compiling serde_derive v1.0.228
mantle-spacewasm-reference-bundler>    Compiling itoa v1.0.18
mantle-spacewasm-reference-bundler>    Compiling cfg-if v1.0.4
mantle-spacewasm-reference-bundler>    Compiling libc v0.2.186
spacewasm-e24cf09355a90497148eb5029fdb8e3400bd63e3-host-library>     Finished `release` profile [optimized + debuginfo] target(s) in 2.23s
mantle-spacewasm-reference-bundler>    Compiling arrayvec v0.7.8
building '/nix/store/idj54q1da8w21x0c59p8ay7vxnh2gin6-spacewasm-e24cf09355a90497148eb5029fdb8e3400bd63e3-spectest-address.drv'...
mantle-spacewasm-reference-bundler>    Compiling constant_time_eq v0.3.1
mantle-spacewasm-reference-bundler>    Compiling arrayref v0.3.9
mantle-spacewasm-reference-bundler>    Compiling serde_derive v1.0.228
building '/nix/store/55qq4aiiy3kl1vn7m0m6bhbwkrj8viin-spacewasm-e24cf09355a90497148eb5029fdb8e3400bd63e3-wasm-library.drv'...
spacewasm-e24cf09355a90497148eb5029fdb8e3400bd63e3-wasm-library>    Compiling libm v0.2.16
mantle-spacewasm-reference-bundler>    Compiling crunch-spacewasm-core v0.1.0 (/build/mantle-spacewasm-bundler-source/crates/crunch-spacewasm-core)
spacewasm-e24cf09355a90497148eb5029fdb8e3400bd63e3-wasm-library>    Compiling spacewasm v0.0.0 (/build/source)
mantle-spacewasm-reference-bundler>    Compiling crunch-spacewasm v0.1.0 (/build/mantle-spacewasm-bundler-source/crates/crunch-spacewasm)
spacewasm-e24cf09355a90497148eb5029fdb8e3400bd63e3-wasm-library>     Finished `release` profile [optimized + debuginfo] target(s) in 1.58s
spacewasm-e24cf09355a90497148eb5029fdb8e3400bd63e3-diagnostic-runner>     Finished `release` profile [optimized + debuginfo] target(s) in 9.21s
building '/nix/store/7fncn6m53q19dy8d4m7ic55fdfdwi712-spacewasm-e24cf09355a90497148eb5029fdb8e3400bd63e3-fixture-report.drv'...
building '/nix/store/hhb3vlbx51fc2jxy0hc4aan4r7dzjvaq-spacewasm-e24cf09355a90497148eb5029fdb8e3400bd63e3-evidence.drv'...
building '/nix/store/gfd077dc1k70ziyvfc0as6r6f91r082i-spacewasm-materialization-request.json.drv'...
mantle-spacewasm-reference-bundler>     Finished `release` profile [optimized] target(s) in 9.35s
mantle-spacewasm-reference-bundler> Executing cargoInstallPostBuildHook
mantle-spacewasm-reference-bundler> Finished cargoInstallPostBuildHook
mantle-spacewasm-reference-bundler> Finished cargoBuildHook
mantle-spacewasm-reference-bundler> Running phase: installPhase
mantle-spacewasm-reference-bundler> Executing cargoInstallHook
mantle-spacewasm-reference-bundler> Finished cargoInstallHook
mantle-spacewasm-reference-bundler> Running phase: fixupPhase
mantle-spacewasm-reference-bundler> shrinking RPATHs of ELF executables and libraries in /nix/store/ix8dfcr8f30q6yycjbv7nr6y3s0zzbwf-mantle-spacewasm-reference-bundler-0.1.0
mantle-spacewasm-reference-bundler> shrinking /nix/store/ix8dfcr8f30q6yycjbv7nr6y3s0zzbwf-mantle-spacewasm-reference-bundler-0.1.0/bin/mantle-spacewasm-reference
mantle-spacewasm-reference-bundler> checking for references to /build/ in /nix/store/ix8dfcr8f30q6yycjbv7nr6y3s0zzbwf-mantle-spacewasm-reference-bundler-0.1.0...
mantle-spacewasm-reference-bundler> patching script interpreter paths in /nix/store/ix8dfcr8f30q6yycjbv7nr6y3s0zzbwf-mantle-spacewasm-reference-bundler-0.1.0
mantle-spacewasm-reference-bundler> stripping (with command strip and flags -S -p) in  /nix/store/ix8dfcr8f30q6yycjbv7nr6y3s0zzbwf-mantle-spacewasm-reference-bundler-0.1.0/bin
building '/nix/store/zydhx6wcj95saj8iqbckjlyrpfshfxws-mantle-spacewasm-reference-bundle-e24cf09355a90497148eb5029fdb8e3400bd63e3.drv'...
/nix/store/s10dpbgap6vk219sgvfqlmnp8kj3x9rf-mantle-spacewasm-reference-bundle-e24cf09355a90497148eb5029fdb8e3400bd63e3
