error (ignored): SQLite database '/home/brittonr/.cache/nix/eval-cache-v6/638d7e8c4599471c5ebc4f54b080796c8f08773550dc7276276260ff663227ec.sqlite' is busy
waiting for another Nix process to finish fetching input 'git+ssh://git@github.com/OnixResearch/onix-artifact.git?rev=e41340bec587b6d049b5cc518ec7db925dde84be&submodules=1'...
warning: /home/brittonr/git/OnixResearch/mantle/.pi/worktrees/drain-bind-source-review-evidence/Cargo.toml: file `/home/brittonr/git/OnixResearch/mantle/.pi/worktrees/drain-bind-source-review-evidence/src/main.rs` found to be present in multiple build targets:
  * `bin` target `crunch`
  * `bin` target `mantle`
    Blocking waiting for file lock on package cache
    Blocking waiting for file lock on package cache
    Blocking waiting for file lock on build directory
   Compiling fuse-backend-rs v0.12.0 (/home/brittonr/git/OnixResearch/mantle/.pi/worktrees/drain-bind-source-review-evidence/vendor/fuse-backend-rs)
   Compiling nix-compat v0.1.0 (/home/brittonr/git/OnixResearch/mantle/.pi/worktrees/drain-bind-source-review-evidence/vendor/nix-compat)
   Compiling crunch-attestation-core v0.1.0 (/home/brittonr/git/OnixResearch/mantle/.pi/worktrees/drain-bind-source-review-evidence/crates/crunch-attestation-core)
   Compiling nix-compat-derive v0.1.0 (/home/brittonr/git/OnixResearch/mantle/.pi/worktrees/drain-bind-source-review-evidence/vendor/nix-compat-derive)
   Compiling snix-castore v0.1.0 (/home/brittonr/git/OnixResearch/mantle/.pi/worktrees/drain-bind-source-review-evidence/vendor/snix-castore)
   Compiling snix-tracing v0.1.0 (/home/brittonr/git/OnixResearch/mantle/.pi/worktrees/drain-bind-source-review-evidence/vendor/snix-tracing)
   Compiling snix-store v0.1.0 (/home/brittonr/git/OnixResearch/mantle/.pi/worktrees/drain-bind-source-review-evidence/vendor/snix-store)
   Compiling snix-build v0.1.0 (/home/brittonr/git/OnixResearch/mantle/.pi/worktrees/drain-bind-source-review-evidence/vendor/snix-build)
   Compiling crunch-action-result-core v0.1.0 (/home/brittonr/git/OnixResearch/mantle/.pi/worktrees/drain-bind-source-review-evidence/crates/crunch-action-result-core)
   Compiling crunch-composition-core v0.1.0 (/home/brittonr/git/OnixResearch/mantle/.pi/worktrees/drain-bind-source-review-evidence/crates/crunch-composition-core)
   Compiling crunch-repair-core v0.1.0 (/home/brittonr/git/OnixResearch/mantle/.pi/worktrees/drain-bind-source-review-evidence/crates/crunch-repair-core)
   Compiling crunch-overlay-core v0.1.0 (/home/brittonr/git/OnixResearch/mantle/.pi/worktrees/drain-bind-source-review-evidence/crates/crunch-overlay-core)
   Compiling crunch-gc-core v0.1.0 (/home/brittonr/git/OnixResearch/mantle/.pi/worktrees/drain-bind-source-review-evidence/crates/crunch-gc-core)
   Compiling crunch-rust-cache-core v0.1.0 (/home/brittonr/git/OnixResearch/mantle/.pi/worktrees/drain-bind-source-review-evidence/crates/crunch-rust-cache-core)
   Compiling crunch-eval v0.1.0 (/home/brittonr/git/OnixResearch/mantle/.pi/worktrees/drain-bind-source-review-evidence/crates/crunch-eval)
   Compiling crunch-wasm-component-core v0.1.0 (/home/brittonr/git/OnixResearch/mantle/.pi/worktrees/drain-bind-source-review-evidence/crates/crunch-wasm-component-core)
   Compiling crunch-evaluation-stream-core v0.1.0 (/home/brittonr/git/OnixResearch/mantle/.pi/worktrees/drain-bind-source-review-evidence/crates/crunch-evaluation-stream-core)
   Compiling crunch-shell-core v0.1.0 (/home/brittonr/git/OnixResearch/mantle/.pi/worktrees/drain-bind-source-review-evidence/crates/crunch-shell-core)
   Compiling crunch-delta-core v0.1.0 (/home/brittonr/git/OnixResearch/mantle/.pi/worktrees/drain-bind-source-review-evidence/crates/crunch-delta-core)
   Compiling crunch-release-core v0.1.0 (/home/brittonr/git/OnixResearch/mantle/.pi/worktrees/drain-bind-source-review-evidence/crates/crunch-release-core)
   Compiling crunch-shell v0.1.0 (/home/brittonr/git/OnixResearch/mantle/.pi/worktrees/drain-bind-source-review-evidence/crates/crunch-shell)
   Compiling crunch-eval-budget-core v0.1.0 (/home/brittonr/git/OnixResearch/mantle/.pi/worktrees/drain-bind-source-review-evidence/crates/crunch-eval-budget-core)
   Compiling mantlepkgs-core v0.1.0 (/home/brittonr/git/OnixResearch/mantle/.pi/worktrees/drain-bind-source-review-evidence/crates/mantlepkgs-core)
   Compiling crunch-bootstrap-core v0.1.0 (/home/brittonr/git/OnixResearch/mantle/.pi/worktrees/drain-bind-source-review-evidence/crates/crunch-bootstrap-core)
   Compiling mantle-portable-client-core v0.1.0 (/home/brittonr/git/OnixResearch/mantle/.pi/worktrees/drain-bind-source-review-evidence/crates/mantle-portable-client-core)
   Compiling crunch-hardware-simulation-core v0.1.0 (/home/brittonr/git/OnixResearch/mantle/.pi/worktrees/drain-bind-source-review-evidence/crates/crunch-hardware-simulation-core)
   Compiling crunch-kernelscript-core v0.1.0 (/home/brittonr/git/OnixResearch/mantle/.pi/worktrees/drain-bind-source-review-evidence/crates/crunch-kernelscript-core)
   Compiling crunch-attestation v0.1.0 (/home/brittonr/git/OnixResearch/mantle/.pi/worktrees/drain-bind-source-review-evidence/crates/crunch-attestation)
   Compiling crunch-project-core v0.1.0 (/home/brittonr/git/OnixResearch/mantle/.pi/worktrees/drain-bind-source-review-evidence/crates/crunch-project-core)
   Compiling crunch-hardware-simulation v0.1.0 (/home/brittonr/git/OnixResearch/mantle/.pi/worktrees/drain-bind-source-review-evidence/crates/crunch-hardware-simulation)
   Compiling crunch-wasm-component v0.1.0 (/home/brittonr/git/OnixResearch/mantle/.pi/worktrees/drain-bind-source-review-evidence/crates/crunch-wasm-component)
   Compiling crunch-project v0.1.0 (/home/brittonr/git/OnixResearch/mantle/.pi/worktrees/drain-bind-source-review-evidence/crates/crunch-project)
   Compiling crunch-nar v0.1.0 (/home/brittonr/git/OnixResearch/mantle/.pi/worktrees/drain-bind-source-review-evidence/crates/crunch-nar)
   Compiling crunch-glue v0.1.0 (/home/brittonr/git/OnixResearch/mantle/.pi/worktrees/drain-bind-source-review-evidence/crates/crunch-glue)
   Compiling crunch-store v0.1.0 (/home/brittonr/git/OnixResearch/mantle/.pi/worktrees/drain-bind-source-review-evidence/crates/crunch-store)
   Compiling crunch-rust-cache v0.1.0 (/home/brittonr/git/OnixResearch/mantle/.pi/worktrees/drain-bind-source-review-evidence/crates/crunch-rust-cache)
   Compiling crunch-build v0.1.0 (/home/brittonr/git/OnixResearch/mantle/.pi/worktrees/drain-bind-source-review-evidence/crates/crunch-build)
   Compiling crunch-delta v0.1.0 (/home/brittonr/git/OnixResearch/mantle/.pi/worktrees/drain-bind-source-review-evidence/crates/crunch-delta)
   Compiling crunch-rustc-wrapper v0.1.0 (/home/brittonr/git/OnixResearch/mantle/.pi/worktrees/drain-bind-source-review-evidence/crates/crunch-rustc-wrapper)
   Compiling crunch-pipeline v0.1.0 (/home/brittonr/git/OnixResearch/mantle/.pi/worktrees/drain-bind-source-review-evidence/crates/crunch-pipeline)
   Compiling mantle v0.1.0 (/home/brittonr/git/OnixResearch/mantle/.pi/worktrees/drain-bind-source-review-evidence)
    Finished `test` profile [unoptimized + debuginfo] target(s) in 1m 32s
     Running tests/release_cli.rs (/home/brittonr/.cargo-target/debug/deps/release_cli-8a39f787965259e4)

running 150 tests
test attest_key_show_missing_signing_key_fails_without_generation ... ok
test attest_key_show_explicit_signing_key_prints_trusted_public_key ... ok
test attest_key_show_uses_default_config_signing_key ... ok
test function_address_binding_cli_accepts_optional_valence_without_kamacite ... ok
test attest_policy_init_witness_quorum_writes_explicit_threshold_and_selector ... ok
test attest_witness_create_rejects_rebuilt_binary_count_mismatch ... ok
test attest_policy_init_self_proof_only_writes_policy_files ... ok
test attest_witness_create_rejects_too_long_identity ... ok
test attest_policy_init_single_witness_writes_policy_files ... ok
test attest_release_show_prints_release_attestation_envelope ... ok
test attest_witness_create_prints_human_summary_without_json ... ok
test attest_policy_init_force_atomically_replaces_compatibility_policy ... ok
test function_address_binding_cli_emits_cairn_ready_required_receipt ... ok
test attest_policy_init_optional_witness_writes_zero_threshold_policy ... ok
test attest_policy_init_rejects_existing_policy_without_force ... ok
test attest_release_verify_reports_policy_insufficient_for_wrong_release_digest_witness ... ok
test attest_release_verify_skips_witness_signed_by_unknown_key_when_quorum_still_holds ... ok
test attest_release_verify_classifies_invalid_optional_witness_without_policy_failure ... ok
test attest_witness_create_writes_signed_witness_attestation ... ok
test attest_release_verify_rejects_duplicate_agreement_attachment ... ok
test attest_release_verify_rejects_invalid_release_signature ... ok
test attest_release_verify_reports_two_independent_witness_agreement ... ok
test attest_release_verify_reports_unsatisfied_for_same_host_class ... ok
test attest_release_verify_classifies_invalid_signature_witness ... ok
test attest_release_verify_reports_optional_witness_quorum_not_required ... ok
test attest_release_verify_classifies_malformed_witness_environment ... ok
test attest_release_verify_accepts_matching_agreement_attachment ... ok
test attest_release_verify_reports_policy_insufficient_for_untrusted_witness_identity ... ok
test attest_release_verify_classifies_revoked_witness ... ok
test attest_release_verify_keeps_multiple_optional_witnesses_without_quorum_claim ... ok
test attest_release_verify_rejects_mismatched_agreement_attachment ... ok
test release_manifest_schema_constant_matches_fixture_expectation ... ok
test attest_witness_show_and_release_verify_report_quorum_satisfied ... ok
test function_address_binding_cli_rejects_stale_valence_bytes_before_output ... ok
test function_address_binding_cli_rejects_stale_kamacite_logical_link ... ok
test function_address_preserves_binding_cli_accepts_optional_without_json_projection ... ok
test function_address_binding_cli_preserves_overclaim_rejection_receipt ... ok
test function_address_preserves_binding_cli_emits_required_receipt ... ok
test release_create_rejects_conflicting_source_acquisition_flags ... ok
test release_create_rejects_git_source_url_without_commit ... ok
test release_create_fails_when_proof_bundle_is_missing ... ok
test release_create_rejects_prerequisite_only_proof_bundle ... ok
test release_create_rejects_directory_symlink_escape_without_external_writes ... ok
test release_create_rejects_precreated_empty_destination_without_mutation ... ok
test release_create_rejects_invalid_provider_fixed_point_proof ... ok
test onix_release_profile_rejects_missing_cairn_and_strict_deterministic_evidence ... ok
test onix_release_profile_accepts_measured_handoff_and_strict_deterministic_evidence ... ok
test release_attest_writes_signed_release_attestation_and_default_dir ... ok
test release_create_records_git_source_metadata ... ok
test release_create_and_verify_cairn_handoff_through_cli ... ok
test release_attest_honors_json_output ... ok
test release_create_can_package_provider_fixed_point_proof ... ok
test release_create_and_verify_stack_provenance_sidecar ... ok
test release_exports_full_bootstrap_parity_without_witness_quorum ... ok
test release_nix_witness_keeps_legacy_path_bound_receipt_non_promoting ... ok
test attest_policy_init_rejects_invalid_new_profile_parameters_without_files ... ok
test release_create_and_verify_external_evidence_sidecar ... ok
test release_create_without_reproducibility_report_stays_ordinary_bundle ... ok
test release_nix_witness_rejects_deterministic_proof_source_drift ... ok
test release_nix_witness_rejects_missing_mantle_deterministic_proof ... ok
test onix_release_profile_rejects_practical_and_impure_deterministic_receipts ... ok
test release_nix_witness_writes_mismatch_receipt_without_promoting_proof_class ... ok
test release_nix_witness_require_match_fails_closed_on_digest_mismatch ... ok
test release_reproduce_fails_on_byte_length_drift ... ok
test release_reproduce_fails_on_digest_drift ... ok
test release_nix_witness_writes_match_receipt_from_located_nix_artifacts ... ok
test release_reproduce_fails_when_rebuilt_artifact_is_missing ... ok
test release_reproduce_fails_on_output_name_drift ... ok
test release_reproduce_rejects_unknown_workflow_version ... ok
test release_verify_fails_when_prerequisite_inventory_is_missing ... ok
test release_verify_fails_when_binary_artifact_is_missing ... ok
test release_verify_blocks_bundled_deterministic_proof_digest_mismatch ... ok
test release_verify_fails_when_proof_bundle_directory_is_missing ... ok
test release_verify_fails_when_source_archive_is_missing ... ok
test release_reproduce_rejects_direct_target_copy_authority_before_proof ... ok
test release_reproduce_fails_closed_without_deterministic_proof_sandbox ... ok
test release_verify_human_rejects_unsatisfied_stagex_without_success_marker ... ok
test release_verify_human_rejects_missing_required_reproducibility_without_success_marker ... ok
test release_verify_json_rejects_external_role_count_above_fixed_limit ... ok
test release_reproduce_rejects_recipe_bundle_authority_before_sandbox ... ok
test release_create_can_package_optional_reproducibility_report ... ok
test release_verify_json_rejects_missing_required_deterministic_proof_once ... ok
test release_verify_json_rejects_missing_required_external_role_once ... ok
test release_verify_json_rejects_missing_required_provider_proof_once ... ok
test release_verify_json_rejects_missing_required_stack_provenance_once ... ok
test release_verify_json_rejects_unsatisfied_stagex_policy_once ... ok
test release_verify_json_reports_absent_reproducibility ... ok
test release_verify_keeps_legacy_path_bound_receipt_non_promoting ... ok
test release_verify_provider_fixed_point_external_override_reports_source ... ok
test release_reproduce_writes_matched_report_from_isolated_rebuild_output ... ok
test release_verify_rejects_claim_boundary_violation ... ok
test cross_machine_witness_handoff_reports_quorum_satisfied ... ok
test release_verify_json_reports_mismatched_reproducibility ... ok
test release_verify_rejects_fake_proof_bundle_even_if_manifest_digest_matches ... ok
test release_verify_rejects_corrupted_bundled_deterministic_proof_file ... ok
test release_verify_rejects_manifest_schema_mismatch ... ok
test release_verify_rejects_missing_workflow_provenance ... ok
test release_verify_rejects_proof_linkage_source_digest_mismatch ... ok
test release_verify_rejects_missing_bundled_deterministic_proof_file ... ok
test release_verify_rejects_tampered_cairn_handoff_through_cli ... ok
test release_verify_rejects_stale_cairn_policy_through_cli ... ok
test release_verify_rejects_noncanonical_deterministic_isolation_evidence ... ok
test release_verify_reports_external_deterministic_override_source ... ok
test release_verify_json_reports_matched_reproducibility ... ok
test release_verify_require_deterministic_release_rejects_missing_isolation_evidence ... ok
test release_verify_reports_required_deterministic_release_from_artifacts ... ok
test release_verify_require_reproducible_fails_when_report_absent ... ok
test release_verify_required_provider_fixed_point_fails_when_missing ... ok
test release_verify_required_stack_provenance_fails_when_missing ... ok
test release_verify_requires_bundled_deterministic_artifacts_when_no_override_is_supplied ... ok
test release_verify_strict_requirement_coverage_rejects_legacy_only_bundle ... ok
test release_verify_succeeds_using_bundle_local_contents_only ... ok
test release_verify_strict_requirement_coverage_accepts_typed_bundle_evidence ... ok
test release_verify_required_provider_fixed_point_uses_bundled_proof ... ok
test release_verify_require_reproducible_accepts_matched_report ... ok
test release_verify_rejects_reproducibility_report_linkage_mismatch ... ok
test release_verify_rejects_non_canonical_reproducibility_report ... ok
test release_verify_reports_matched_reproducibility_report ... ok
test release_verify_rejects_reproducibility_report_artifact_set_mismatch ... ok
test release_verify_uses_bundle_local_deterministic_release_artifacts ... ok
test witness_export_rejects_release_id_mismatch ... ok
test release_reproduce_rejects_whole_bundle_prior_and_ordinary_output_inputs ... ok
test release_reproduce_writes_deterministic_proof_from_repeated_clean_runs ... ok
test release_reproduce_generated_two_clean_store_proof_verifies_deterministic_release ... ok
test witness_import_rejects_wrong_release_attestation_digest ... ok
test witness_import_rejects_missing_signature_sidecar ... ok
test function_address_preserves_binding_cli_negative_fixture_matrix_fails_closed ... ok
test witness_import_accepts_directory_source_and_skips_exact_duplicates ... ok
test witness_import_rejects_conflicting_duplicate_identity ... ok
test witness_rebuild_helper_rejects_incomplete_provider_bound_inputs ... ok
test witness_rebuild_helper_rejects_empty_provider_target ... ok
test witness_export_writes_request_directory ... ok
test witness_rebuild_cli_rejects_request_paths_that_escape_request_dir ... ok
test witness_rebuild_cli_rejects_unsupported_workflow_before_running_driver ... ok
test witness_rebuild_cli_rejects_published_output_name_mismatch_before_running_driver ... ok
test witness_rebuild_cli_rejects_symlinked_scratch_root_before_launching_driver ... ok
test witness_rebuild_cli_rejects_symlinked_helper_owned_scratch_entry_before_launching_driver ... ok
test witness_rebuild_cli_check_is_preflight_only ... ok
test function_address_binding_cli_negative_fixture_matrix_fails_closed ... ok
test witnessed_self_hosting_release_workflow_reports_quorum_satisfied ... ok
test release_reproduce_rejects_copy_hardlink_and_symlink_target_aliases ... ok
test witness_rebuild_helper_check_accepts_provider_bound_inputs ... ok
test witness_rebuild_helper_check_is_preflight_only ... ok
test witnessed_self_hosting_release_workflow_with_generated_keys_and_key_show_reports_quorum_satisfied ... ok
test witness_rebuild_helper_provider_bound_driver_passes_default_target ... ok
test witness_rebuild_cli_rejects_unmatched_rebuilt_output_digest ... ok
test witness_rebuild_cli_happy_path_writes_sidecars_and_audit ... ok
test witness_rebuild_helper_happy_path_writes_sidecars_and_audit ... ok
test witnessed_self_hosting_rebuild_workflow_reports_quorum_satisfied ... ok
test bootstrap_capabilities_reports_honest_public_status ... ok

test result: ok. 150 passed; 0 failed; 0 ignored; 0 measured; 0 filtered out; finished in 1.25s

