error (ignored): SQLite database '/home/brittonr/.cache/nix/eval-cache-v6/638d7e8c4599471c5ebc4f54b080796c8f08773550dc7276276260ff663227ec.sqlite' is busy
warning: /home/brittonr/git/OnixResearch/mantle/.pi/worktrees/drain-bind-source-review-evidence/Cargo.toml: file `/home/brittonr/git/OnixResearch/mantle/.pi/worktrees/drain-bind-source-review-evidence/src/main.rs` found to be present in multiple build targets:
  * `bin` target `crunch`
  * `bin` target `mantle`
    Blocking waiting for file lock on package cache
    Blocking waiting for file lock on package cache
    Blocking waiting for file lock on package cache
    Blocking waiting for file lock on build directory
   Compiling mantle v0.1.0 (/home/brittonr/git/OnixResearch/mantle/.pi/worktrees/drain-bind-source-review-evidence)
    Finished `test` profile [unoptimized + debuginfo] target(s) in 2m 21s
     Running unittests src/main.rs (/home/brittonr/.cargo-target/debug/deps/mantle-0783ce01096ea163)

running 11 tests
test release_attestation::tests::build_policy_file_contents_self_proof_only_rejects_identity ... ok
test release_attestation::tests::build_policy_file_contents_single_witness_requires_identity ... ok
test release_attestation::tests::validate_witness_identity_rejects_control_characters ... ok
test release_attestation::tests::build_policy_file_contents_self_proof_only_drops_witnesses ... ok
test release_attestation::tests::validate_witness_identity_rejects_overlong_names ... ok
test release_attestation::tests::trusted_witness_identity_filter_allows_empty_allowlist ... ok
test release_attestation::tests::build_release_attestation_uses_manifest_digests_and_relative_paths ... ok
test release_attestation::tests::verify_signature_with_policy_names_rejects_untrusted_policy_signer ... ok
test release_attestation::tests::verify_signature_bytes_accepts_matching_trusted_key ... ok
test release_attestation::tests::verify_signature_bytes_rejects_colliding_names_when_no_key_matches ... ok
test release_attestation::tests::verify_signature_bytes_accepts_later_matching_key_when_names_collide ... ok

test result: ok. 11 passed; 0 failed; 0 ignored; 0 measured; 2544 filtered out; finished in 0.01s

