$ cargo test -p crunch-build --lib remote_attempt --offline
warning: Cargo.toml: file `/home/brittonr/git/OnixResearch/mantle/.pi/worktrees/drain-verify-remote-admission-with-trellis/src/main.rs` found to be present in multiple build targets:
  * `bin` target `crunch`
  * `bin` target `mantle`
warning: `mantle` (manifest) generated 1 warning
   Compiling regex-automata v0.4.14
   Compiling syn v2.0.117
   Compiling jiff v0.2.23
   Compiling prodash v31.0.0
   Compiling ring v0.17.14
   Compiling aws-lc-sys v0.39.1
   Compiling blake3 v1.8.2
   Compiling encoding_rs v0.8.35
   Compiling serde_json v1.0.149
   Compiling rustversion v1.0.22
   Compiling ipnet v2.12.0
   Compiling hashbrown v0.15.5
   Compiling rustls-native-certs v0.8.3
   Compiling iri-string v0.7.12
   Compiling mime v0.3.17
   Compiling semver v1.0.28
   Compiling zstd-sys v2.0.16+zstd.1.5.7
   Compiling filetime v0.2.27
   Compiling portable-atomic v1.13.1
   Compiling utf8parse v0.2.2
   Compiling hashbrown v0.16.1
   Compiling rustc_version v0.4.1
   Compiling winnow v1.0.1
   Compiling heck v0.5.0
   Compiling anstyle-parse v1.0.0
   Compiling num-traits v0.2.19
   Compiling libmimalloc-sys v0.1.44
   Compiling curve25519-dalek v4.1.3
   Compiling gix-sec v0.13.2
   Compiling data-encoding v2.10.0
   Compiling colorchoice v1.0.5
   Compiling anstyle v1.0.14
   Compiling anyhow v1.0.102
   Compiling toml_datetime v1.1.1+spec-1.1.0
   Compiling anstyle-query v1.1.5
   Compiling unicode-segmentation v1.13.2
   Compiling indexmap v2.13.1
   Compiling is_terminal_polyfill v1.70.2
   Compiling unicode-width v0.2.2
   Compiling lazy_static v1.5.0
   Compiling anstream v1.0.0
   Compiling memoffset v0.6.5
   Compiling bzip2-sys v0.1.13+1.0.8
   Compiling convert_case v0.10.0
   Compiling lzma-sys v0.1.20
   Compiling sha2 v0.10.9
   Compiling vte v0.15.0
   Compiling clap_lex v1.1.0
   Compiling rustix v0.38.44
   Compiling zstd-safe v7.2.4
   Compiling typeid v1.0.3
   Compiling signature v2.2.0
   Compiling toml_parser v1.1.2+spec-1.1.0
   Compiling unicode-xid v0.2.6
   Compiling vt100 v0.16.2
   Compiling clap_builder v4.6.0
   Compiling ed25519 v2.2.3
   Compiling console v0.16.3
   Compiling sharded-slab v0.1.7
   Compiling arc-swap v1.9.1
   Compiling n0-future v0.3.2
   Compiling nix v0.31.3
   Compiling toml_edit v0.25.10+spec-1.1.0
   Compiling tracing-log v0.2.0
   Compiling thread_local v1.1.9
   Compiling bitflags v1.3.2
   Compiling diatomic-waker v0.2.3
   Compiling either v1.15.0
   Compiling adler2 v2.0.1
   Compiling thiserror v1.0.69
   Compiling parking v2.2.1
   Compiling unit-prefix v0.5.2
   Compiling spin v0.10.0
   Compiling erased-serde v0.4.10
   Compiling cordyceps v0.3.4
   Compiling cpufeatures v0.3.0
   Compiling zerocopy v0.8.48
   Compiling linux-raw-sys v0.4.15
   Compiling nu-ansi-term v0.50.3
   Compiling simd-adler32 v0.3.9
   Compiling getrandom v0.3.4
   Compiling chacha20 v0.10.0
   Compiling indicatif v0.18.4
   Compiling futures-lite v2.6.1
   Compiling miniz_oxide v0.8.9
   Compiling futures-buffered v0.2.13
   Compiling mimalloc v0.1.48
   Compiling xattr v1.6.1
   Compiling nibble_vec v0.1.0
   Compiling fuse-backend-rs v0.12.0 (/home/brittonr/git/OnixResearch/mantle/.pi/worktrees/drain-verify-remote-admission-with-trellis/vendor/fuse-backend-rs)
   Compiling ryu v1.0.23
   Compiling nix-compat v0.1.0 (/home/brittonr/git/OnixResearch/mantle/.pi/worktrees/drain-verify-remote-admission-with-trellis/vendor/nix-compat)
   Compiling proc-macro-crate v3.5.0
   Compiling redb v3.1.3
   Compiling endian-type v0.1.2
   Compiling iana-time-zone v0.1.65
   Compiling matchit v0.8.4
   Compiling rand v0.10.1
   Compiling radix_trie v0.2.1
   Compiling flate2 v1.1.9
   Compiling nix v0.24.3
   Compiling matchers v0.2.0
   Compiling bzip2 v0.5.2
   Compiling itertools v0.15.0
   Compiling vmm-sys-util v0.11.2
   Compiling mio v0.8.11
   Compiling proc-macro-error-attr2 v2.0.0
   Compiling caps v0.5.6
   Compiling vm-memory v0.10.0
   Compiling num_cpus v1.17.0
   Compiling nom v8.0.0
   Compiling snix-castore v0.1.0 (/home/brittonr/git/OnixResearch/mantle/.pi/worktrees/drain-verify-remote-admission-with-trellis/vendor/snix-castore)
   Compiling humantime v2.3.0
   Compiling rustc-hash v2.1.2
   Compiling fixedbitset v0.4.2
   Compiling threadpool v1.8.1
   Compiling rand_core v0.9.5
   Compiling regex v1.12.3
   Compiling synstructure v0.13.2
   Compiling darling_core v0.23.0
   Compiling darling_core v0.20.11
   Compiling proc-macro-error2 v2.0.1
   Compiling petgraph v0.6.5
   Compiling imara-diff v0.2.0
   Compiling imara-diff v0.1.8
   Compiling nix v0.29.0
   Compiling serde_bytes v0.11.19
   Compiling wu-manber v0.1.0 (https://github.com/tvlfyi/wu-manber.git#0d5b22be)
   Compiling md-5 v0.10.6
   Compiling uluru v3.1.0
   Compiling clru v0.6.3
   Compiling strum v0.26.3
   Compiling snix-store v0.1.0 (/home/brittonr/git/OnixResearch/mantle/.pi/worktrees/drain-verify-remote-admission-with-trellis/vendor/snix-store)
   Compiling snix-build v0.1.0 (/home/brittonr/git/OnixResearch/mantle/.pi/worktrees/drain-verify-remote-admission-with-trellis/vendor/snix-build)
   Compiling itertools v0.12.1
   Compiling rand_core v0.6.4
   Compiling serde_derive v1.0.228
   Compiling thiserror-impl v2.0.18
   Compiling tokio-macros v2.7.0
   Compiling futures-macro v0.3.32
   Compiling zerofrom-derive v0.1.7
   Compiling yoke-derive v0.8.2
   Compiling zerovec-derive v0.11.3
   Compiling displaydoc v0.2.5
   Compiling tracing-attributes v0.1.31
   Compiling curve25519-dalek-derive v0.1.1
   Compiling futures-util v0.3.32
   Compiling thiserror v2.0.18
   Compiling async-trait v0.1.89
   Compiling darling_macro v0.20.11
   Compiling clap_derive v4.6.0
   Compiling pin-project-internal v1.1.11
   Compiling zerofrom v0.1.7
   Compiling darling_macro v0.23.0
   Compiling derive_more-impl v2.1.1
   Compiling spez v0.1.2
   Compiling yoke v0.8.2
   Compiling darling v0.20.11
   Compiling thiserror-impl v1.0.69
   Compiling num_enum_derive v0.7.6
   Compiling n0-error-macros v0.1.3
   Compiling darling v0.23.0
   Compiling zerovec v0.11.6
   Compiling zerotrie v0.2.4
   Compiling serde_with_macros v3.18.0
   Compiling async-stream-impl v0.3.6
   Compiling tracing v0.1.44
   Compiling derive_builder_core v0.20.2
   Compiling cobs v0.3.0
   Compiling irpc-derive v0.10.0
   Compiling tracing-subscriber v0.3.23
   Compiling async-stream v0.3.6
   Compiling nix-compat-derive v0.1.0 (/home/brittonr/git/OnixResearch/mantle/.pi/worktrees/drain-verify-remote-admission-with-trellis/vendor/nix-compat-derive)
   Compiling pin-project v1.1.11
   Compiling n0-error v0.1.3
   Compiling num_enum v0.7.6
   Compiling tinystr v0.8.3
   Compiling potential_utf v0.1.5
   Compiling ppv-lite86 v0.2.21
   Compiling icu_collections v2.2.0
   Compiling icu_locale_core v2.2.0
   Compiling ed25519-dalek v2.2.0
   Compiling serde_with v3.18.0
   Compiling auto_impl v1.3.0
   Compiling getset v0.1.6
   Compiling typed-builder-macro v0.22.0
   Compiling strum_macros v0.26.4
   Compiling derive_builder_macro v0.20.2
   Compiling nix-archive v0.1.0
   Compiling derive_more v2.1.1
   Compiling maybe-async v0.2.10
   Compiling clap v4.6.0
   Compiling uuid v1.23.0
   Compiling lru v0.16.4
   Compiling clap-verbosity-flag v3.0.4
   Compiling derive_builder v0.20.2
   Compiling io-close v0.3.7
   Compiling wait-timeout v0.2.1
   Compiling count-write v0.1.0
   Compiling crc-catalog v2.4.0
   Compiling serde v1.0.228
   Compiling quick-error v1.2.3
   Compiling bit-vec v0.8.0
   Compiling crc v3.4.0
   Compiling rand_chacha v0.3.1
   Compiling rusty-fork v0.3.1
   Compiling rand_chacha v0.9.0
   Compiling icu_provider v2.2.0
   Compiling rand_xorshift v0.4.0
   Compiling rand v0.9.3
   Compiling tar v0.4.45
   Compiling bit-set v0.8.0
   Compiling tracing-indicatif v0.3.14
   Compiling crunch-repair-core v0.1.0 (/home/brittonr/git/OnixResearch/mantle/.pi/worktrees/drain-verify-remote-admission-with-trellis/crates/crunch-repair-core)
   Compiling crunch-gc-core v0.1.0 (/home/brittonr/git/OnixResearch/mantle/.pi/worktrees/drain-verify-remote-admission-with-trellis/crates/crunch-gc-core)
   Compiling crunch-overlay-core v0.1.0 (/home/brittonr/git/OnixResearch/mantle/.pi/worktrees/drain-verify-remote-admission-with-trellis/crates/crunch-overlay-core)
   Compiling webpki-roots v1.0.6
   Compiling icu_normalizer v2.2.0
   Compiling bytes v1.11.1
   Compiling bstr v1.12.1
   Compiling icu_properties v2.2.0
   Compiling quick-xml v0.40.1
   Compiling serde_urlencoded v0.7.1
   Compiling futures-executor v0.3.32
   Compiling chrono v0.4.44
   Compiling postcard v1.1.3
   Compiling serde_qs v0.12.0
   Compiling futures v0.3.32
   Compiling serde_tagged v0.3.0
   Compiling crunch-attestation-core v0.1.0 (/home/brittonr/git/OnixResearch/mantle/.pi/worktrees/drain-verify-remote-admission-with-trellis/crates/crunch-attestation-core)
   Compiling gix-validate v0.11.0
   Compiling gix-utils v0.3.1
   Compiling gix-error v0.2.1
   Compiling tokio v1.51.0
   Compiling gix-path v0.11.2
   Compiling http v1.4.0
   Compiling gix-packetline v0.21.2
   Compiling artifact-auth-core v0.1.0 (ssh://git@github.com/OnixResearch/onix-artifact.git?rev=c932138d880ddf4c2967f4c024b489b5c0022bf1#c932138d)
   Compiling oci-spec v0.7.1
   Compiling typed-builder v0.22.0
   Compiling gix-date v0.15.1
   Compiling gix-chunk v0.7.0
   Compiling gix-quote v0.7.0
   Compiling gix-features v0.46.2
   Compiling idna_adapter v1.2.1
   Compiling gix-command v0.8.0
   Compiling gix-actor v0.40.0
   Compiling gix-config-value v0.17.1
   Compiling gix-bitmap v0.3.0
   Compiling gix-url v0.35.2
   Compiling idna v1.1.0
   Compiling xz2 v0.1.7
   Compiling gix-mailmap v0.32.0
   Compiling crunch-action-result-core v0.1.0 (/home/brittonr/git/OnixResearch/mantle/.pi/worktrees/drain-verify-remote-admission-with-trellis/crates/crunch-action-result-core)
   Compiling crunch-composition-core v0.1.0 (/home/brittonr/git/OnixResearch/mantle/.pi/worktrees/drain-verify-remote-admission-with-trellis/crates/crunch-composition-core)
   Compiling fs2 v0.4.3
   Compiling gix-hash v0.23.0
   Compiling gix-fs v0.19.2
   Compiling http-body v1.0.1
   Compiling gix-glob v0.24.0
   Compiling gix-prompt v0.14.1
   Compiling ureq-proto v0.6.0
   Compiling yansi v1.0.1
   Compiling url v2.5.8
   Compiling http-body-util v0.1.3
   Compiling gix-hashtable v0.13.0
   Compiling gix-tempfile v21.0.2
   Compiling gix-commitgraph v0.35.0
   Compiling gix-credentials v0.37.1
   Compiling crunch-attestation v0.1.0 (/home/brittonr/git/OnixResearch/mantle/.pi/worktrees/drain-verify-remote-admission-with-trellis/crates/crunch-attestation)
   Compiling utf8-zero v0.8.1
   Compiling gix-object v0.58.0
   Compiling gix-attributes v0.31.0
   Compiling gix-ignore v0.19.1
   Compiling diff v0.1.13
   Compiling unarray v0.1.4
   Compiling gix-lock v21.0.2
   Compiling twox-hash v2.1.2
   Compiling proptest v1.11.0
   Compiling pretty_assertions v1.4.1
   Compiling artifact-auth-ed25519 v0.1.0 (ssh://git@github.com/OnixResearch/onix-artifact.git?rev=c932138d880ddf4c2967f4c024b489b5c0022bf1#c932138d)
   Compiling ruzstd v0.8.2
   Compiling crunch-remote-core v0.1.0 (/home/brittonr/git/OnixResearch/mantle/.pi/worktrees/drain-verify-remote-admission-with-trellis/crates/crunch-remote-core)
   Compiling rand v0.8.6
   Compiling lzma-rs v0.3.0
   Compiling gethostname v0.5.0
   Compiling gix-shallow v0.10.0
   Compiling bzip2-rs v0.1.2
   Compiling gix-pathspec v0.16.1
   Compiling zstd v0.13.3
   Compiling gix-revwalk v0.29.0
   Compiling gix-ref v0.61.0
   Compiling gix-filter v0.28.0
   Compiling gix-pack v0.68.0
   Compiling gix-traverse v0.55.0
   Compiling gix-revision v0.43.0
   Compiling gix-negotiate v0.29.0
   Compiling gix-index v0.49.0
   Compiling gix-worktree-stream v0.30.0
   Compiling gix-refspec v0.39.0
   Compiling gix-discover v0.49.0
   Compiling gix-config v0.54.0
   Compiling gix-archive v0.30.0
   Compiling gix-odb v0.78.0
   Compiling gix-worktree v0.50.0
   Compiling gix-diff v0.61.0
   Compiling gix-dir v0.23.0
   Compiling gix-worktree-state v0.28.0
   Compiling gix-submodule v0.28.0
   Compiling tokio-util v0.7.18
   Compiling tower v0.5.3
   Compiling tokio-stream v0.1.18
   Compiling async-compression v0.4.19
   Compiling gix-blame v0.11.0
   Compiling gix-status v0.28.0
   Compiling astral-tokio-tar v0.6.3
   Compiling fastcdc v3.2.1
   Compiling tower-http v0.6.8
   Compiling h2 v0.4.13
   Compiling irpc v0.13.0
   Compiling crunch-nar v0.1.0 (/home/brittonr/git/OnixResearch/mantle/.pi/worktrees/drain-verify-remote-admission-with-trellis/crates/crunch-nar)
   Compiling crunch-glue v0.1.0 (/home/brittonr/git/OnixResearch/mantle/.pi/worktrees/drain-verify-remote-admission-with-trellis/crates/crunch-glue)
   Compiling aws-lc-rs v1.16.2
   Compiling rustls v0.23.37
   Compiling hyper v1.9.0
   Compiling hyper-util v0.1.20
   Compiling rustls-webpki v0.103.13
   Compiling tokio-rustls v0.26.4
   Compiling rustls-platform-verifier v0.6.2
   Compiling ureq v3.3.0
   Compiling hyper-rustls v0.27.7
   Compiling reqwest v0.13.2
   Compiling reqwest-middleware v0.5.1
   Compiling object_store v0.14.0
   Compiling gix-transport v0.55.1
   Compiling reqwest-tracing v0.6.0
   Compiling gix-protocol v0.59.0
   Compiling snix-tracing v0.1.0 (/home/brittonr/git/OnixResearch/mantle/.pi/worktrees/drain-verify-remote-admission-with-trellis/vendor/snix-tracing)
   Compiling gix v0.81.0
   Compiling crunch-store v0.1.0 (/home/brittonr/git/OnixResearch/mantle/.pi/worktrees/drain-verify-remote-admission-with-trellis/crates/crunch-store)
   Compiling crunch-build v0.1.0 (/home/brittonr/git/OnixResearch/mantle/.pi/worktrees/drain-verify-remote-admission-with-trellis/crates/crunch-build)
    Finished `test` profile [unoptimized + debuginfo] target(s) in 47.33s
warning: the following packages contain code that will be rejected by a future version of Rust: n0-future v0.3.2, nix v0.29.0, nix v0.31.3, proc-macro-error2 v2.0.1
note: to see what the problems were, use the option `--future-incompat-report`, or run `cargo report future-incompatibilities --id 1`
     Running unittests src/lib.rs (/tmp/mantle-trellis-admission-target/debug/deps/crunch_build-bf1f350d7c914594)

running 28 tests
test distributed::remote_attempt::tests::malformed_assignment_nonce_fails_before_identity_derivation ... ok
test distributed::remote_attempt::tests::assignment_nonce_prevents_identity_reuse_after_state_reset ... ok
test distributed::remote_attempt::tests::retry_decision_uses_only_supplied_budget_and_time_facts ... ok
test distributed::remote_attempt::tests::duplicate_report_is_an_idempotent_no_op_and_conflict_is_rejected ... ok
test distributed::remote_attempt::tests::output_result_requires_separate_output_admission_authorization ... ok
test distributed::remote_attempt::tests::stale_report_is_rejected_before_output_admission ... ok
test distributed::remote_attempt::tests::malformed_identity_and_unknown_future_fence_fail_without_state_change ... ok
test distributed::remote_attempt::tests::transition_table_accepts_only_declared_live_edges ... ok
test distributed::remote_attempt::tests::repeated_assignment_advances_every_fence_generation ... ok
test distributed::remote_attempt::tests::result_ready_and_completion_require_matching_output_digest ... ok
test distributed::remote_attempt::tests::transfer_checkpoints_cannot_regress_with_a_fresh_event_id ... ok
test distributed::remote_attempt_log::tests::redaction_escapes_control_data_redacts_secrets_and_truncates_deterministically ... ok
test distributed::remote_attempt_log::tests::bounded_segment_accepts_multiple_contiguous_records ... ok
test distributed::remote_attempt_log::tests::malformed_policy_position_and_overflow_arithmetic_fail_closed ... ok
test distributed::remote_attempt_log::tests::stale_future_and_wrong_attempt_scopes_fail_before_manifest_change ... ok
test distributed::remote_attempt::tests::event_retention_exhaustion_fails_closed_without_evicting_conflict_history ... ok
test distributed::remote_attempt_log::tests::append_is_idempotent_and_changed_payload_under_event_id_conflicts ... ok
test distributed::remote_attempt_log::tests::canonical_record_segment_and_manifest_identities_are_deterministic ... ok
test distributed::remote_attempt::tests::advancing_a_valid_fence_never_decreases ... ok
test distributed::remote_attempt::tests::terminal_states_never_transition_to_live_states ... ok
test distributed::remote_attempt_log::tests::checked_accounting_never_wraps ... ok
test distributed::remote_attempt_log::tests::cursor_decision_table_distinguishes_retained_head_and_after_head ... ok
test distributed::remote_attempt_log::tests::chain_validation_rejects_payload_previous_digest_and_segment_tamper ... ok
test distributed::remote_attempt_log::tests::tampered_truncation_anchor_fails_closed ... ok
test distributed::remote_attempt_log::tests::replay_is_bounded_and_rejects_after_head_or_too_small_limit ... ok
test distributed::remote_attempt_log::tests::retention_creates_verifiable_anchor_and_distinguishes_truncated_cursor ... ok
test distributed::remote_attempt::tests::equivalent_facts_produce_equivalent_decisions ... ok
test distributed::remote_attempt_log::tests::equivalent_record_facts_produce_equivalent_identity ... ok

test result: ok. 28 passed; 0 failed; 0 ignored; 0 measured; 675 filtered out; finished in 0.15s
