$ nix run path:/home/brittonr/git/OnixResearch/cairn#cairn -- gate design verify-remote-admission-with-trellis --root .
{
  "change": "verify-remote-admission-with-trellis",
  "evidence_summary": {
    "docs_only": 0,
    "fixture": 0,
    "formal": 0,
    "mode": "advisory",
    "model": 0,
    "probe": 0,
    "property": 0
  },
  "input_hash": "58ed67def257e63cabc090d7076394f695dcfb23267a6f7e8529430e074ce912",
  "issues": [],
  "layout": "cairn",
  "policy": "mantle-default",
  "policy_hash": "acf9eb63eba35b8dfa98a4cdefca99088de442d8a20548ea3ab81a127b7b2746",
  "probe_evidence": null,
  "receipt_hash": "6b2d70ad6b7cae1d7a7c2d3fbddcbe112697758ae9adc4a89601f09797155f95",
  "stage": "design",
  "substance": [
    {
      "checkbox_tasks": 0,
      "kind": "design",
      "malformed_dependency_markers": 0,
      "path": "./.cairn/changes/verify-remote-admission-with-trellis/design.md",
      "requirement_blocks": 0,
      "scenario_blocks": 0,
      "substantive_lines": 29,
      "substantive_requirement_blocks": 0,
      "substantive_tasks": 0,
      "task_done": 0,
      "task_in_progress": 0,
      "task_todo": 0
    },
    {
      "checkbox_tasks": 0,
      "kind": "proposal",
      "malformed_dependency_markers": 0,
      "path": "./.cairn/changes/verify-remote-admission-with-trellis/proposal.md",
      "requirement_blocks": 0,
      "scenario_blocks": 0,
      "substantive_lines": 21,
      "substantive_requirement_blocks": 0,
      "substantive_tasks": 0,
      "task_done": 0,
      "task_in_progress": 0,
      "task_todo": 0
    },
    {
      "checkbox_tasks": 0,
      "kind": "delta_spec",
      "malformed_dependency_markers": 0,
      "path": "./.cairn/changes/verify-remote-admission-with-trellis/specs/remote-builds/spec.md",
      "requirement_blocks": 5,
      "scenario_blocks": 10,
      "substantive_lines": 45,
      "substantive_requirement_blocks": 5,
      "substantive_tasks": 0,
      "task_done": 0,
      "task_in_progress": 0,
      "task_todo": 0
    }
  ],
  "task_ordering": null,
  "valid": true,
  "verdict": "PASS"
}
