$ nix run path:/home/brittonr/git/OnixResearch/cairn#cairn -- gate proposal verify-remote-admission-with-trellis --root .
{
  "change": "verify-remote-admission-with-trellis",
  "evidence_summary": {
    "docs_only": 0,
    "fixture": 0,
    "formal": 0,
    "mode": "advisory",
    "model": 0,
    "probe": 0,
    "property": 0
  },
  "input_hash": "751701c7c1170c59bef19d63bb06d59bbf56533a27a27996f135e6cce14c8ba1",
  "issues": [],
  "layout": "cairn",
  "policy": "mantle-default",
  "policy_hash": "acf9eb63eba35b8dfa98a4cdefca99088de442d8a20548ea3ab81a127b7b2746",
  "probe_evidence": null,
  "receipt_hash": "0ea939e19e1562f424adc57f3544cec2a8c510cc4eb64b92efa27ed9832ff254",
  "stage": "proposal",
  "substance": [
    {
      "checkbox_tasks": 0,
      "kind": "proposal",
      "malformed_dependency_markers": 0,
      "path": "./.cairn/changes/verify-remote-admission-with-trellis/proposal.md",
      "requirement_blocks": 0,
      "scenario_blocks": 0,
      "substantive_lines": 21,
      "substantive_requirement_blocks": 0,
      "substantive_tasks": 0,
      "task_done": 0,
      "task_in_progress": 0,
      "task_todo": 0
    }
  ],
  "task_ordering": null,
  "valid": true,
  "verdict": "PASS"
}
