[clippy] first-party strict gate
running: cargo clippy --workspace --all-targets --no-deps --exclude fuse-backend-rs --exclude nix-compat --exclude nix-compat-derive --exclude snix-build --exclude snix-castore --exclude snix-store --exclude snix-tracing -- -D warnings
warning: /home/brittonr/git/OnixResearch/mantle/.pi/worktrees/drain-complete-store-capability-migration/Cargo.toml: file `/home/brittonr/git/OnixResearch/mantle/.pi/worktrees/drain-complete-store-capability-migration/src/main.rs` found to be present in multiple build targets:
  * `bin` target `crunch`
  * `bin` target `mantle`
   Compiling proc-macro2 v1.0.106
   Compiling quote v1.0.45
   Compiling unicode-ident v1.0.24
    Checking cfg-if v1.0.4
   Compiling serde_core v1.0.228
   Compiling serde v1.0.228
    Checking memchr v2.8.0
   Compiling libc v0.2.186
   Compiling version_check v0.9.5
    Checking subtle v2.6.1
    Checking const-oid v0.9.6
    Checking typenum v1.20.1
   Compiling shlex v1.3.0
   Compiling find-msvc-tools v0.1.9
   Compiling crossbeam-utils v0.8.21
    Checking itoa v1.0.18
    Checking smallvec v1.15.1
   Compiling parking_lot_core v0.9.12
    Checking once_cell v1.21.4
    Checking bitflags v2.11.0
    Checking regex-syntax v0.8.10
    Checking arrayvec v0.7.6
   Compiling crossbeam-epoch v0.9.20
   Compiling zmij v1.0.21
   Compiling rayon-core v1.13.0
   Compiling generic-array v0.14.7
    Checking scopeguard v1.2.0
   Compiling serde_json v1.0.149
    Checking constant_time_eq v0.3.1
    Checking lock_api v0.4.14
    Checking arrayref v0.3.9
    Checking allocator-api2 v0.2.21
    Checking equivalent v1.0.2
   Compiling thiserror v2.0.18
    Checking fastrand v2.4.1
    Checking foldhash v0.2.0
   Compiling rustix v1.1.4
    Checking cpufeatures v0.2.17
    Checking linux-raw-sys v0.12.1
    Checking stable_deref_trait v1.2.1
   Compiling crc32fast v1.5.0
    Checking log v0.4.29
    Checking rand_core v0.10.0
   Compiling getrandom v0.4.2
    Checking pin-project-lite v0.2.17
    Checking aho-corasick v1.1.4
    Checking same-file v1.0.6
    Checking hashbrown v0.16.1
    Checking zeroize v1.8.2
    Checking futures-core v0.3.32
   Compiling libm v0.2.16
   Compiling rustversion v1.0.22
    Checking walkdir v2.5.0
    Checking futures-io v0.3.32
    Checking futures-sink v0.3.32
    Checking futures-task v0.3.32
    Checking futures-channel v0.3.32
    Checking slab v0.4.12
    Checking tracing-core v0.1.36
    Checking fnv v1.0.7
   Compiling syn v2.0.117
    Checking foldhash v0.1.5
   Compiling autocfg v1.5.0
   Compiling fs_extra v1.3.0
    Checking crossbeam-deque v0.8.6
   Compiling dunce v1.0.5
   Compiling unicode-xid v0.2.6
    Checking base64 v0.22.1
    Checking crypto-common v0.1.7
    Checking block-buffer v0.10.4
   Compiling jobserver v0.1.34
    Checking percent-encoding v2.3.2
    Checking hashbrown v0.15.5
    Checking tinyvec_macros v0.1.1
    Checking data-encoding v2.10.0
    Checking unicode-width v0.2.2
    Checking tinyvec v1.11.0
    Checking digest v0.10.7
    Checking gix-trace v0.1.18
   Compiling strsim v0.11.1
   Compiling aws-lc-rs v1.16.2
    Checking regex-automata v0.4.14
    Checking either v1.15.0
   Compiling ident_case v1.0.1
   Compiling cc v1.2.59
    Checking errno v0.3.14
    Checking getrandom v0.2.17
    Checking mio v1.2.0
    Checking socket2 v0.6.3
    Checking sha1 v0.10.6
    Checking sha2 v0.10.9
    Checking unicode-normalization v0.1.25
    Checking rustls-pki-types v1.14.0
   Compiling indexmap v2.13.1
    Checking writeable v0.6.3
    Checking signal-hook-registry v1.4.8
    Checking ryu v1.0.23
    Checking parking_lot v0.12.5
    Checking litemap v0.8.2
    Checking rand_core v0.6.4
    Checking winnow v0.7.15
    Checking encoding_rs v0.8.35
   Compiling icu_normalizer_data v2.2.0
   Compiling pkg-config v0.3.32
   Compiling icu_properties_data v2.2.0
   Compiling httparse v1.10.1
    Checking utf8_iter v1.0.4
    Checking untrusted v0.9.0
   Compiling num-traits v0.2.19
    Checking ipnet v2.12.0
   Compiling rustls v0.23.37
    Checking colorchoice v1.0.5
    Checking human_format v1.2.1
   Compiling semver v1.0.28
    Checking bytesize v2.3.1
    Checking tower-service v0.3.3
    Checking atomic-waker v1.1.2
   Compiling cmake v0.1.58
    Checking try-lock v0.2.5
    Checking prodash v31.0.0
   Compiling rustc_version v0.4.1
    Checking signature v2.2.0
    Checking form_urlencoded v1.2.2
    Checking want v0.3.1
    Checking crossbeam-channel v0.5.15
   Compiling cfg_aliases v0.2.1
    Checking zlib-rs v0.6.3
    Checking sync_wrapper v1.0.2
    Checking tower-layer v0.3.3
    Checking openssl-probe v0.2.1
    Checking spin v0.9.9
    Checking iri-string v0.7.12
    Checking ed25519 v2.2.3
    Checking rustls-native-certs v0.8.3
   Compiling unicode-segmentation v1.13.2
    Checking lazy_static v1.5.0
    Checking anstyle v1.0.14
    Checking byteorder v1.5.0
   Compiling curve25519-dalek v4.1.3
    Checking mime v0.3.17
   Compiling blake3 v1.8.2
   Compiling aws-lc-sys v0.39.1
   Compiling ring v0.17.14
   Compiling winnow v1.0.1
    Checking adler2 v2.0.1
    Checking simd-adler32 v0.3.9
   Compiling libmimalloc-sys v0.1.44
   Compiling toml_datetime v1.1.1+spec-1.1.0
    Checking utf8parse v0.2.2
   Compiling heck v0.5.0
   Compiling heapless v0.8.0
    Checking hash32 v0.3.1
    Checking anstyle-parse v1.0.0
   Compiling convert_case v0.10.0
   Compiling zstd-sys v2.0.16+zstd.1.5.7
    Checking md-5 v0.10.6
    Checking thread_local v1.1.9
    Checking miniz_oxide v0.8.9
   Compiling portable-atomic v1.13.1
    Checking is_terminal_polyfill v1.70.2
    Checking anstyle-query v1.1.5
    Checking tempfile v3.27.0
    Checking filetime v0.2.27
    Checking clap_lex v1.1.0
   Compiling anyhow v1.0.102
   Compiling bzip2-sys v0.1.13+1.0.8
   Compiling lzma-sys v0.1.20
    Checking anstream v1.0.0
   Compiling memoffset v0.6.5
    Checking vte v0.15.0
    Checking jiff v0.2.23
   Compiling zstd-safe v7.2.4
    Checking regex v1.12.3
   Compiling nix-compat v0.1.0 (/home/brittonr/git/OnixResearch/mantle/.pi/worktrees/drain-complete-store-capability-migration/vendor/nix-compat)
   Compiling rustix v0.38.44
   Compiling typeid v1.0.3
    Checking clap_builder v4.6.0
    Checking vt100 v0.16.2
   Compiling toml_parser v1.1.2+spec-1.1.0
    Checking matchers v0.2.0
    Checking xattr v1.6.1
    Checking sharded-slab v0.1.7
    Checking faster-hex v0.10.0
   Compiling nix v0.31.3
   Compiling n0-future v0.3.2
    Checking arc-swap v1.9.1
    Checking console v0.16.3
    Checking tracing-log v0.2.0
    Checking nom v8.0.0
   Compiling erased-serde v0.4.10
    Checking cpufeatures v0.3.0
    Checking bitflags v1.3.2
    Checking parking v2.2.1
    Checking mimalloc v0.1.48
    Checking cordyceps v0.3.4
    Checking unit-prefix v0.5.2
   Compiling synstructure v0.13.2
   Compiling darling_core v0.23.0
   Compiling toml_edit v0.25.10+spec-1.1.0
   Compiling thiserror v1.0.69
    Checking nu-ansi-term v0.50.3
    Checking linux-raw-sys v0.4.15
    Checking spin v0.10.0
    Checking diatomic-waker v0.2.3
    Checking indicatif v0.18.4
    Checking futures-lite v2.6.1
   Compiling darling_core v0.20.11
    Checking chacha20 v0.10.0
    Checking flate2 v1.1.9
    Checking sha1-checked v0.10.0
    Checking nibble_vec v0.1.0
    Checking iana-time-zone v0.1.65
   Compiling redb v3.1.3
    Checking futures-buffered v0.2.13
    Checking endian-type v0.1.2
   Compiling fuse-backend-rs v0.12.0 (/home/brittonr/git/OnixResearch/mantle/.pi/worktrees/drain-complete-store-capability-migration/vendor/fuse-backend-rs)
    Checking matchit v0.8.4
    Checking rand v0.10.1
   Compiling proc-macro-crate v3.5.0
    Checking radix_trie v0.2.1
    Checking nix v0.24.3
    Checking bzip2 v0.5.2
    Checking vmm-sys-util v0.11.2
    Checking itertools v0.15.0
    Checking caps v0.5.6
    Checking vm-memory v0.10.0
    Checking mio v0.8.11
   Compiling serde_derive v1.0.228
   Compiling thiserror-impl v2.0.18
   Compiling tokio-macros v2.7.0
   Compiling futures-macro v0.3.32
   Compiling zerofrom-derive v0.1.7
   Compiling yoke-derive v0.8.2
   Compiling tracing-attributes v0.1.31
   Compiling zerovec-derive v0.11.3
   Compiling displaydoc v0.2.5
   Compiling curve25519-dalek-derive v0.1.1
   Compiling derive_more-impl v2.1.1
   Compiling num_enum_derive v0.7.6
    Checking futures-util v0.3.32
   Compiling clap_derive v4.6.0
   Compiling async-trait v0.1.89
   Compiling darling_macro v0.23.0
   Compiling pin-project-internal v1.1.11
    Checking zerofrom v0.1.7
   Compiling nix-compat-derive v0.1.0 (/home/brittonr/git/OnixResearch/mantle/.pi/worktrees/drain-complete-store-capability-migration/vendor/nix-compat-derive)
   Compiling n0-error-macros v0.1.3
    Checking yoke v0.8.2
    Checking tracing v0.1.44
   Compiling spez v0.1.2
   Compiling async-stream-impl v0.3.6
    Checking zerovec v0.11.6
    Checking zerotrie v0.2.4
   Compiling darling v0.23.0
    Checking num_enum v0.7.6
    Checking tracing-subscriber v0.3.23
   Compiling serde_with_macros v3.18.0
   Compiling thiserror-impl v1.0.69
   Compiling darling_macro v0.20.11
    Checking cobs v0.3.0
   Compiling irpc-derive v0.10.0
    Checking async-stream v0.3.6
    Checking tinystr v0.8.3
    Checking potential_utf v0.1.5
    Checking pin-project v1.1.11
    Checking n0-error v0.1.3
    Checking num_cpus v1.17.0
    Checking icu_locale_core v2.2.0
    Checking humantime v2.3.0
   Compiling snix-castore v0.1.0 (/home/brittonr/git/OnixResearch/mantle/.pi/worktrees/drain-complete-store-capability-migration/vendor/snix-castore)
    Checking fixedbitset v0.4.2
    Checking icu_collections v2.2.0
    Checking ed25519-dalek v2.2.0
    Checking rustc-hash v2.1.2
    Checking threadpool v1.8.1
    Checking petgraph v0.6.5
   Compiling auto_impl v1.3.0
    Checking serde_bytes v0.11.19
    Checking wu-manber v0.1.0 (https://github.com/tvlfyi/wu-manber.git#0d5b22be)
   Compiling proc-macro-error-attr2 v2.0.0
   Compiling darling v0.20.11
    Checking clap v4.6.0
    Checking derive_more v2.1.1
   Compiling snix-store v0.1.0 (/home/brittonr/git/OnixResearch/mantle/.pi/worktrees/drain-complete-store-capability-migration/vendor/snix-store)
   Compiling derive_builder_core v0.20.2
    Checking nix-archive v0.1.0
   Compiling nix v0.29.0
    Checking clap-verbosity-flag v3.0.4
    Checking tracing-indicatif v0.3.14
    Checking lru v0.16.4
    Checking icu_provider v2.2.0
    Checking count-write v0.1.0
   Compiling strum_macros v0.26.4
    Checking serde_with v3.18.0
   Compiling typed-builder-macro v0.22.0
    Checking uuid v1.23.0
   Compiling proc-macro-error2 v2.0.1
    Checking memmap2 v0.9.10
    Checking static_assertions v1.1.0
    Checking icu_normalizer v2.2.0
    Checking icu_properties v2.2.0
    Checking futures-executor v0.3.32
    Checking strum v0.26.3
   Compiling snix-build v0.1.0 (/home/brittonr/git/OnixResearch/mantle/.pi/worktrees/drain-complete-store-capability-migration/vendor/snix-build)
    Checking tar v0.4.45
    Checking futures v0.3.32
    Checking itertools v0.12.1
    Checking crunch-overlay-core v0.1.0 (/home/brittonr/git/OnixResearch/mantle/.pi/worktrees/drain-complete-store-capability-migration/crates/crunch-overlay-core)
   Compiling derive_builder_macro v0.20.2
   Compiling getset v0.1.6
    Checking crunch-repair-core v0.1.0 (/home/brittonr/git/OnixResearch/mantle/.pi/worktrees/drain-complete-store-capability-migration/crates/crunch-repair-core)
    Checking crunch-gc-core v0.1.0 (/home/brittonr/git/OnixResearch/mantle/.pi/worktrees/drain-complete-store-capability-migration/crates/crunch-gc-core)
    Checking fs2 v0.4.3
   Compiling signal-hook v0.4.4
    Checking bytes v1.11.1
    Checking bstr v1.12.1
    Checking crunch-attestation-core v0.1.0 (/home/brittonr/git/OnixResearch/mantle/.pi/worktrees/drain-complete-store-capability-migration/crates/crunch-attestation-core)
    Checking chrono v0.4.44
    Checking quick-xml v0.40.1
    Checking serde_urlencoded v0.7.1
    Checking serde_qs v0.12.0
    Checking postcard v1.1.3
    Checking serde_tagged v0.3.0
    Checking artifact-auth-core v0.1.0 (ssh://git@github.com/OnixResearch/onix-artifact.git?rev=c932138d880ddf4c2967f4c024b489b5c0022bf1#c932138d)
    Checking derive_builder v0.20.2
    Checking gix-validate v0.11.0
    Checking gix-utils v0.3.1
    Checking idna_adapter v1.2.1
    Checking gix-error v0.2.1
    Checking tokio v1.51.0
    Checking http v1.4.0
    Checking crunch-composition-core v0.1.0 (/home/brittonr/git/OnixResearch/mantle/.pi/worktrees/drain-complete-store-capability-migration/crates/crunch-composition-core)
    Checking idna v1.1.0
    Checking nonempty v0.12.0
    Checking gix-path v0.11.2
    Checking hashbrown v0.14.5
    Checking crunch-action-result-core v0.1.0 (/home/brittonr/git/OnixResearch/mantle/.pi/worktrees/drain-complete-store-capability-migration/crates/crunch-action-result-core)
    Checking typed-builder v0.22.0
    Checking gix-date v0.15.1
    Checking gix-chunk v0.7.0
    Checking gix-quote v0.7.0
    Checking gix-features v0.46.2
    Checking unicode-bom v2.0.3
    Checking xz2 v0.1.7
    Checking url v2.5.8
   Compiling zerocopy v0.8.48
    Checking gix-actor v0.40.0
    Checking kstring v2.0.2
    Checking oci-spec v0.7.1
    Checking crunch-attestation v0.1.0 (/home/brittonr/git/OnixResearch/mantle/.pi/worktrees/drain-complete-store-capability-migration/crates/crunch-attestation)
    Checking shell-words v1.1.1
    Checking gix-config-value v0.17.1
    Checking gix-hash v0.23.0
    Checking gix-fs v0.19.2
    Checking gix-glob v0.24.0
    Checking http-body v1.0.1
    Checking dashmap v6.1.0
   Compiling siphasher v1.0.2
    Checking gix-command v0.8.0
    Checking http-body-util v0.1.3
    Checking gix-hashtable v0.13.0
    Checking gix-commitgraph v0.35.0
   Compiling phf_shared v0.11.3
   Compiling fixedbitset v0.5.7
   Compiling term v1.2.1
    Checking bytemuck v1.25.0
    Checking gix-tempfile v21.0.2
    Checking gix-attributes v0.31.0
    Checking gix-object v0.58.0
   Compiling precomputed-hash v0.1.1
   Compiling keccak v0.1.6
   Compiling new_debug_unreachable v1.0.6
   Compiling bit-vec v0.8.0
    Checking gix-lock v21.0.2
   Compiling petgraph v0.7.1
    Checking safe_arch v1.2.0
   Compiling ena v0.14.4
   Compiling itertools v0.14.0
   Compiling ascii-canvas v4.0.0
   Compiling string_cache v0.8.9
   Compiling bit-set v0.8.0
    Checking gix-packetline v0.21.2
   Compiling pico-args v0.5.0
   Compiling malachite-nz v0.9.2
    Checking gix-sec v0.13.2
   Compiling proc-macro2-diagnostics v0.10.1
    Checking diff v0.1.13
    Checking unicode-width v0.1.14
    Checking yansi v1.0.1
    Checking gix-bitmap v0.3.0
    Checking toml_datetime v0.7.5+spec-1.1.0
    Checking wide v1.7.0
    Checking toml_writer v1.1.1+spec-1.1.0
    Checking gix-ignore v0.19.1
    Checking termcolor v1.4.1
   Compiling getrandom v0.3.4
    Checking gix-revwalk v0.29.0
    Checking pretty_assertions v1.4.1
    Checking gix-filter v0.28.0
    Checking gix-ref v0.61.0
    Checking gix-traverse v0.55.0
    Checking bitmaps v3.2.1
   Compiling heck v0.4.1
   Compiling sha3 v0.10.8
    Checking codespan-reporting v0.13.1
    Checking gix-pathspec v0.16.1
    Checking serde_spanned v1.1.1
    Checking hashlink v0.10.0
    Checking gix-index v0.49.0
   Compiling ouroboros_macro v0.18.5
   Compiling paste v1.0.15
    Checking arrayvec v0.5.2
    Checking aliasable v0.1.3
    Checking imbl-sized-chunks v0.1.3
    Checking arraydeque v0.5.1
    Checking typed-arena v2.0.2
    Checking malachite-base v0.9.2
    Checking codespan v0.13.1
    Checking toml v0.9.12+spec-1.1.0
    Checking toml_edit v0.24.1+spec-1.1.0
    Checking saphyr-parser v0.0.6
    Checking nickel-lang-vector v0.2.0
    Checking gix-url v0.35.2
    Checking pretty v0.12.5
    Checking crunch-rust-cache-core v0.1.0 (/home/brittonr/git/OnixResearch/mantle/.pi/worktrees/drain-complete-store-capability-migration/crates/crunch-rust-cache-core)
    Checking lalrpop-util v0.22.2
    Checking vte v0.14.1
    Checking unsafe-libyaml v0.2.11
    Checking simple-counter v0.1.0
    Checking bumpalo v3.20.2
    Checking rand_core v0.9.5
    Checking gix-revision v0.43.0
    Checking strip-ansi-escapes v0.2.1
    Checking gix-prompt v0.14.1
    Checking gix-worktree v0.50.0
    Checking imara-diff v0.2.0
    Checking imara-diff v0.1.8
    Checking sha-1 v0.10.1
    Checking json_scanner v0.1.0
    Checking crunch-delta-core v0.1.0 (/home/brittonr/git/OnixResearch/mantle/.pi/worktrees/drain-complete-store-capability-migration/crates/crunch-delta-core)
   Compiling indoc v2.0.7
    Checking gix-credentials v0.37.1
    Checking gix-discover v0.49.0
    Checking gix-refspec v0.39.0
    Checking clru v0.6.3
    Checking gix-diff v0.61.0
    Checking uluru v3.1.0
    Checking gix-config v0.54.0
    Checking serde_yaml v0.9.34+deprecated
    Checking gix-worktree-stream v0.30.0
    Checking gix-negotiate v0.29.0
    Checking ouroboros v0.18.5
    Checking gix-pack v0.68.0
    Checking gix-shallow v0.10.0
    Checking gix-dir v0.23.0
    Checking tokio-util v0.7.18
    Checking tower v0.5.3
    Checking tokio-stream v0.1.18
   Compiling maybe-async v0.2.10
    Checking io-close v0.3.7
    Checking crc-catalog v2.4.0
    Checking gix-blame v0.11.0
    Checking gix-status v0.28.0
    Checking gix-worktree-state v0.28.0
    Checking gix-archive v0.30.0
    Checking crc v3.4.0
    Checking fastcdc v3.2.1
    Checking astral-tokio-tar v0.6.3
    Checking tower-http v0.6.8
    Checking gix-mailmap v0.32.0
    Checking ureq-proto v0.6.0
    Checking webpki-roots v1.0.6
    Checking h2 v0.4.13
   Compiling io-lifetimes v3.0.1
    Checking twox-hash v2.1.2
   Compiling io-lifetimes v2.0.4
    Checking gix-submodule v0.28.0
    Checking base64ct v1.8.3
    Checking utf8-zero v0.8.1
    Checking ppv-lite86 v0.2.21
   Compiling logos-codegen v0.16.1
    Checking ruzstd v0.8.2
    Checking irpc v0.13.0
    Checking lzma-rs v0.3.0
    Checking pem-rfc7468 v0.7.0
    Checking artifact-auth-ed25519 v0.1.0 (ssh://git@github.com/OnixResearch/onix-artifact.git?rev=c932138d880ddf4c2967f4c024b489b5c0022bf1#c932138d)
    Checking gix-odb v0.78.0
    Checking gethostname v0.5.0
    Checking bzip2-rs v0.1.2
   Compiling io-extras v0.19.0
   Compiling signal-hook v0.3.18
   Compiling object v0.37.3
    Checking der v0.7.10
    Checking rand_chacha v0.3.1
   Compiling lalrpop v0.22.2
    Checking rand_chacha v0.9.0
   Compiling cap-primitives v4.0.2
    Checking gimli v0.32.3
    Checking fs-set-times v0.20.3
    Checking rand v0.8.6
    Checking rand v0.9.3
    Checking serde_spanned v0.6.9
    Checking toml_datetime v0.6.11
    Checking num-integer v0.1.46
    Checking rustix-linux-procfs v0.1.1
    Checking maybe-owned v0.3.4
   Compiling linkme-impl v0.3.37
    Checking toml_write v0.1.2
    Checking ambient-authority v0.0.2
   Compiling cap-std v4.0.2
   Compiling owo-colors v4.3.0
   Compiling num-bigint-dig v0.8.6
   Compiling litrs v1.0.0
    Checking rustc-demangle v0.1.28
    Checking toml_edit v0.22.27
    Checking crunch-nar v0.1.0 (/home/brittonr/git/OnixResearch/mantle/.pi/worktrees/drain-complete-store-capability-migration/crates/crunch-nar)
    Checking crunch-glue v0.1.0 (/home/brittonr/git/OnixResearch/mantle/.pi/worktrees/drain-complete-store-capability-migration/crates/crunch-glue)
    Checking spki v0.7.3
    Checking num-iter v0.1.46
    Checking signal-hook-mio v0.2.5
    Checking pkcs8 v0.10.2
    Checking crunch-project-core v0.1.0 (/home/brittonr/git/OnixResearch/mantle/.pi/worktrees/drain-complete-store-capability-migration/crates/crunch-project-core)
   Compiling logos-derive v0.16.1
    Checking crunch-evaluation-stream-core v0.1.0 (/home/brittonr/git/OnixResearch/mantle/.pi/worktrees/drain-complete-store-capability-migration/crates/crunch-evaluation-stream-core)
    Checking wait-timeout v0.2.1
   Compiling syn v3.0.3
   Compiling linkme v0.3.37
    Checking unicode-linebreak v0.1.5
    Checking bounded-tree-core v0.1.0 (https://seed.radicle.garden/zqhtZvsteJhxCJE96dMAZSZ9y1PX.git?rev=b0fd0103bc9eed2c1b6d852045959462d105d8f1#b0fd0103)
   Compiling document-features v0.2.12
   Compiling cap-fs-ext v4.0.2
    Checking is_ci v1.2.0
    Checking pkcs1 v0.7.5
    Checking supports-color v3.0.2
    Checking textwrap v0.16.2
    Checking logos v0.16.1
    Checking crunch-wasm-component-core v0.1.0 (/home/brittonr/git/OnixResearch/mantle/.pi/worktrees/drain-complete-store-capability-migration/crates/crunch-wasm-component-core)
    Checking crunch-shell-core v0.1.0 (/home/brittonr/git/OnixResearch/mantle/.pi/worktrees/drain-complete-store-capability-migration/crates/crunch-shell-core)
   Compiling miette-derive v7.6.0
    Checking fuzzy-matcher v0.3.7
    Checking terminal_size v0.4.4
    Checking supports-unicode v3.0.0
    Checking zstd v0.13.3
    Checking dyn-clone v1.0.20
    Checking supports-hyperlinks v3.2.0
    Checking secrecy v0.10.3
    Checking crossterm v0.29.0
    Checking etcetera v0.11.0
    Checking hyper v1.9.0
    Checking dotenvy v0.15.7
    Checking colored v3.1.1
    Checking detect-coding-agent v0.1.0
    Checking async-compression v0.4.19
    Checking crunch-shell v0.1.0 (/home/brittonr/git/OnixResearch/mantle/.pi/worktrees/drain-complete-store-capability-migration/crates/crunch-shell)
    Checking bounded-tree-cap v0.1.0 (https://seed.radicle.garden/zqhtZvsteJhxCJE96dMAZSZ9y1PX.git?rev=b0fd0103bc9eed2c1b6d852045959462d105d8f1#b0fd0103)
    Checking crunch-release-core v0.1.0 (/home/brittonr/git/OnixResearch/mantle/.pi/worktrees/drain-complete-store-capability-migration/crates/crunch-release-core)
    Checking chapter-tgz v0.1.0
    Checking nickel-export-core v0.1.0 (https://github.com/OnixResearch/nickel-export?rev=257fafc1c746f1faf156207043a4c826bfb16d49#257fafc1)
    Checking crunch-bootstrap-core v0.1.0 (/home/brittonr/git/OnixResearch/mantle/.pi/worktrees/drain-complete-store-capability-migration/crates/crunch-bootstrap-core)
    Checking crunch-eval-budget-core v0.1.0 (/home/brittonr/git/OnixResearch/mantle/.pi/worktrees/drain-complete-store-capability-migration/crates/crunch-eval-budget-core)
    Checking toml v0.8.23
    Checking mantlepkgs-core v0.1.0 (/home/brittonr/git/OnixResearch/mantle/.pi/worktrees/drain-complete-store-capability-migration/crates/mantlepkgs-core)
    Checking addr2line v0.25.1
    Checking mantle-portable-client-core v0.1.0 (/home/brittonr/git/OnixResearch/mantle/.pi/worktrees/drain-complete-store-capability-migration/crates/mantle-portable-client-core)
    Checking rsa v0.9.10
    Checking nix-derivation v0.1.0
    Checking durable-file-publication v0.1.0 (https://git.onix.computer/z3tAR4For7qw8ZirkJzoDw1VNDDLM.git?rev=951c27f59003cea9bfdb40ed4d89653d50fada1f#951c27f5)
    Checking crunch-kernelscript-core v0.1.0 (/home/brittonr/git/OnixResearch/mantle/.pi/worktrees/drain-complete-store-capability-migration/crates/crunch-kernelscript-core)
    Checking inquire v0.9.4
    Checking predicates-core v1.0.10
    Checking crunch-hardware-simulation-core v0.1.0 (/home/brittonr/git/OnixResearch/mantle/.pi/worktrees/drain-complete-store-capability-migration/crates/crunch-hardware-simulation-core)
    Checking float-cmp v0.10.0
   Compiling assert_cmd v2.2.0
    Checking difflib v0.4.0
    Checking termtree v0.5.1
    Checking normalize-line-endings v0.3.0
    Checking hyper-util v0.1.20
    Checking transactional-reconciliation-core v0.1.0 (https://seed.radicle.garden/z4Tky6zvC8w4Y6c4YBzNxVbq5n752.git?rev=606489b5f40298181214bb76bc3457b607f225d9#606489b5)
    Checking quick-error v1.2.3
    Checking predicates v3.1.4
    Checking predicates-tree v1.0.13
    Checking rand_xorshift v0.4.0
    Checking rusty-fork v0.3.1
    Checking unarray v0.1.4
    Checking crunch-spacewasm-core v0.1.0 (/home/brittonr/git/OnixResearch/mantle/.pi/worktrees/drain-complete-store-capability-migration/crates/crunch-spacewasm-core)
    Checking libbz2-rs-sys v0.2.3
    Checking backtrace v0.3.76
    Checking mantle-build-contract v0.1.0 (/home/brittonr/git/OnixResearch/mantle/.pi/worktrees/drain-complete-store-capability-migration/crates/mantle-build-contract)
    Checking proptest v1.11.0
    Checking backtrace-ext v0.2.1
    Checking bzip2 v0.6.1
    Checking miette v7.6.0
    Checking crunch-hardware-simulation v0.1.0 (/home/brittonr/git/OnixResearch/mantle/.pi/worktrees/drain-complete-store-capability-migration/crates/crunch-hardware-simulation)
    Checking secretspec v0.17.0
    Checking crunch-spacewasm v0.1.0 (/home/brittonr/git/OnixResearch/mantle/.pi/worktrees/drain-complete-store-capability-migration/crates/crunch-spacewasm)
    Checking crunch-kernelscript-adapter v0.1.0 (/home/brittonr/git/OnixResearch/mantle/.pi/worktrees/drain-complete-store-capability-migration/crates/crunch-kernelscript-adapter)
    Checking crunch-project v0.1.0 (/home/brittonr/git/OnixResearch/mantle/.pi/worktrees/drain-complete-store-capability-migration/crates/crunch-project)
    Checking crunch-wasm-component v0.1.0 (/home/brittonr/git/OnixResearch/mantle/.pi/worktrees/drain-complete-store-capability-migration/crates/crunch-wasm-component)
   Compiling nickel-lang-parser v0.3.0
   Compiling nickel-lang-core v0.18.0
    Checking malachite-q v0.9.2
    Checking malachite-float v0.9.2
    Checking rustls-webpki v0.103.13
    Checking malachite v0.9.2
    Checking tokio-rustls v0.26.4
    Checking rustls-platform-verifier v0.6.2
    Checking ureq v3.3.0
    Checking hyper-rustls v0.27.7
    Checking reqwest v0.13.2
    Checking reqwest-middleware v0.5.1
    Checking object_store v0.14.0
    Checking gix-transport v0.55.1
    Checking reqwest-tracing v0.6.0
    Checking gix-protocol v0.59.0
    Checking snix-tracing v0.1.0 (/home/brittonr/git/OnixResearch/mantle/.pi/worktrees/drain-complete-store-capability-migration/vendor/snix-tracing)
    Checking gix v0.81.0
    Checking crunch-store v0.1.0 (/home/brittonr/git/OnixResearch/mantle/.pi/worktrees/drain-complete-store-capability-migration/crates/crunch-store)
    Checking crunch-delta v0.1.0 (/home/brittonr/git/OnixResearch/mantle/.pi/worktrees/drain-complete-store-capability-migration/crates/crunch-delta)
    Checking crunch-rust-cache v0.1.0 (/home/brittonr/git/OnixResearch/mantle/.pi/worktrees/drain-complete-store-capability-migration/crates/crunch-rust-cache)
    Checking crunch-build v0.1.0 (/home/brittonr/git/OnixResearch/mantle/.pi/worktrees/drain-complete-store-capability-migration/crates/crunch-build)
    Checking crunch-rustc-wrapper v0.1.0 (/home/brittonr/git/OnixResearch/mantle/.pi/worktrees/drain-complete-store-capability-migration/crates/crunch-rustc-wrapper)
    Checking nickel-lang v2.2.0
    Checking crunch-eval v0.1.0 (/home/brittonr/git/OnixResearch/mantle/.pi/worktrees/drain-complete-store-capability-migration/crates/crunch-eval)
    Checking crunch-pipeline v0.1.0 (/home/brittonr/git/OnixResearch/mantle/.pi/worktrees/drain-complete-store-capability-migration/crates/crunch-pipeline)
    Checking mantle v0.1.0 (/home/brittonr/git/OnixResearch/mantle/.pi/worktrees/drain-complete-store-capability-migration)
    Finished `dev` profile [unoptimized + debuginfo] target(s) in 2m 16s
