warning: /home/brittonr/git/OnixResearch/mantle/.pi/worktrees/drain-complete-store-capability-migration/Cargo.toml: file `/home/brittonr/git/OnixResearch/mantle/.pi/worktrees/drain-complete-store-capability-migration/src/main.rs` found to be present in multiple build targets:
  * `bin` target `crunch`
  * `bin` target `mantle`
    Finished `test` profile [unoptimized + debuginfo] target(s) in 0.30s
     Running unittests src/main.rs (/home/brittonr/.cargo-target/debug/deps/mantle-0783ce01096ea163)

running 18 tests
test remote_transfer::tests::resume_child_process ... ok
test remote_transfer::tests::inline_payload_capability_rejects_oversized_data_before_write ... ok
test remote_transfer::tests::bounded_checkpoint_reader_rejects_growth_beyond_metadata_snapshot ... ok
test remote_transfer::tests::owned_atomic_publication_rejects_temp_and_destination_substitution ... ok
test remote_transfer::tests::oversized_control_and_total_bytes_reject_before_receiver_persistence ... ok
test remote_transfer::tests::session_lock_drop_unlocks_even_when_a_fork_like_descriptor_survives ... ok
test remote_transfer::tests::forged_manifest_and_concurrent_session_writer_fail_before_progress ... ok
test remote_transfer::tests::receiver_chunk_symlink_is_never_accepted_as_verified_content ... ok
test remote_transfer::tests::authority_checkpoint_and_lock_symlinks_fail_closed ... ok
test remote_transfer::tests::tampered_acknowledged_chunk_fails_closed_on_resume ... ok
test remote_transfer::tests::stale_scope_and_expired_lease_are_invalidated_before_reuse ... ok
test remote_transfer::tests::socket_data_plane_reserves_receiver_credit_before_chunk_allocation ... ok

running 1 test
test remote_transfer::tests::castore_blob_and_directory_adapters_preserve_existing_identities ... ok
test remote_transfer::tests::completion_without_admission_remains_an_explicit_non_claim ... ok
test remote_transfer::tests::resume_child_process ... ok

test result: ok. 1 passed; 0 failed; 0 ignored; 0 measured; 2554 filtered out; finished in 0.15s

test remote_transfer::tests::resume_across_process_uses_durable_checkpoint_and_receiver_facts ... ok
test remote_transfer::tests::interruption_persists_fenced_state_and_resume_sends_only_missing_chunks ... ok
test remote_transfer::tests::download_resume_and_delta_to_full_fallback_keep_admission_separate ... ok

running 1 test
test remote_transfer::tests::resume_child_process ... ok

test result: ok. 1 passed; 0 failed; 0 ignored; 0 measured; 2554 filtered out; finished in 2.48s

test remote_transfer::tests::download_resume_across_process_reuses_verified_receiver_chunks ... ok

test result: ok. 18 passed; 0 failed; 0 ignored; 0 measured; 2537 filtered out; finished in 3.24s

