     Locking 26 packages to latest Rust 1.99.0-nightly compatible versions
      Adding blake3 v1.8.2 (available: v1.8.7)
   Compiling proc-macro2 v1.0.107
   Compiling unicode-ident v1.0.24
   Compiling quote v1.0.47
   Compiling serde_core v1.0.229
   Compiling shlex v2.0.1
   Compiling find-msvc-tools v0.1.11
   Compiling zmij v1.0.23
   Compiling serde_json v1.0.151
   Compiling serde v1.0.229
   Compiling arrayvec v0.7.8
   Compiling constant_time_eq v0.3.1
   Compiling cfg-if v1.0.4
   Compiling memchr v2.8.3
   Compiling itoa v1.0.18
   Compiling allocator-api2 v0.2.21
   Compiling arrayref v0.3.9
   Compiling foldhash v0.2.0
   Compiling equivalent v1.0.2
   Compiling cc v1.4.4
   Compiling hashbrown v0.17.1
   Compiling syn v3.0.4
   Compiling iddqd v0.4.6
   Compiling blake3 v1.8.2
   Compiling serde_derive v1.0.229
   Compiling valence-core v0.1.0 (/tmp/valence-trellis-proof-acceptance/crates/valence-core)
   Compiling kamacite-core v0.1.0 (/tmp/kamacite-trellis-proof-v1/crates/kamacite-core)
   Compiling mantle-trellis-evidence-generator v0.1.0 (/tmp/mantle-trellis-evidence-generator)
error[E0618]: expected function, found `Vec<std::string::String>`
   --> src/main.rs:74:70
    |
 44 |     let assumptions = assumptions();
    |         ----------- `assumptions` has type `Vec<std::string::String>`
...
 74 |     let valence_input = valence_input(&proof_ir, &verifier_receipt, &assumptions());
    |                                                                      ^^^^^^^^^^^--
    |                                                                      |
    |                                                                      call expression requires function
...
211 | fn assumptions() -> Vec<String> {
    | ------------------------------- this function of the same name is available here, but it's shadowed by the local binding

For more information about this error, try `rustc --explain E0618`.
error: could not compile `mantle-trellis-evidence-generator` (bin "mantle-trellis-evidence-generator") due to 1 previous error
