warning: /home/brittonr/.cargo-target/mantle-v2-cairn-dev46/source/Cargo.toml: file `/home/brittonr/.cargo-target/mantle-v2-cairn-dev46/source/src/main.rs` found to be present in multiple build targets:
  * `bin` target `crunch`
  * `bin` target `mantle`
    Checking crunch-attestation-core v0.1.0 (/home/brittonr/.cargo-target/mantle-v2-cairn-dev46/source/crates/crunch-attestation-core)
    Checking crunch-nar v0.1.0 (/home/brittonr/.cargo-target/mantle-v2-cairn-dev46/source/crates/crunch-nar)
    Checking crunch-action-result-core v0.1.0 (/home/brittonr/.cargo-target/mantle-v2-cairn-dev46/source/crates/crunch-action-result-core)
    Checking crunch-overlay-core v0.1.0 (/home/brittonr/.cargo-target/mantle-v2-cairn-dev46/source/crates/crunch-overlay-core)
    Checking crunch-composition-core v0.1.0 (/home/brittonr/.cargo-target/mantle-v2-cairn-dev46/source/crates/crunch-composition-core)
    Checking crunch-gc-core v0.1.0 (/home/brittonr/.cargo-target/mantle-v2-cairn-dev46/source/crates/crunch-gc-core)
    Checking crunch-repair-core v0.1.0 (/home/brittonr/.cargo-target/mantle-v2-cairn-dev46/source/crates/crunch-repair-core)
    Checking crunch-rust-cache-core v0.1.0 (/home/brittonr/.cargo-target/mantle-v2-cairn-dev46/source/crates/crunch-rust-cache-core)
    Checking mantle-rust-plan-core v0.1.0 (/home/brittonr/.cargo-target/mantle-v2-cairn-dev46/source/crates/mantle-rust-plan-core)
    Checking crunch-wasm-component-core v0.1.0 (/home/brittonr/.cargo-target/mantle-v2-cairn-dev46/source/crates/crunch-wasm-component-core)
    Checking crunch-eval v0.1.0 (/home/brittonr/.cargo-target/mantle-v2-cairn-dev46/source/crates/crunch-eval)
    Checking crunch-evaluation-stream-core v0.1.0 (/home/brittonr/.cargo-target/mantle-v2-cairn-dev46/source/crates/crunch-evaluation-stream-core)
    Checking crunch-shell-core v0.1.0 (/home/brittonr/.cargo-target/mantle-v2-cairn-dev46/source/crates/crunch-shell-core)
    Checking crunch-delta-core v0.1.0 (/home/brittonr/.cargo-target/mantle-v2-cairn-dev46/source/crates/crunch-delta-core)
    Checking crunch-release-core v0.1.0 (/home/brittonr/.cargo-target/mantle-v2-cairn-dev46/source/crates/crunch-release-core)
    Checking crunch-eval-budget-core v0.1.0 (/home/brittonr/.cargo-target/mantle-v2-cairn-dev46/source/crates/crunch-eval-budget-core)
    Checking crunch-hardware-simulation-core v0.1.0 (/home/brittonr/.cargo-target/mantle-v2-cairn-dev46/source/crates/crunch-hardware-simulation-core)
    Checking crunch-kernelscript-core v0.1.0 (/home/brittonr/.cargo-target/mantle-v2-cairn-dev46/source/crates/crunch-kernelscript-core)
    Checking crunch-source-core v0.1.0 (/home/brittonr/.cargo-target/mantle-v2-cairn-dev46/source/crates/crunch-source-core)
    Checking mantlepkgs-core v0.1.0 (/home/brittonr/.cargo-target/mantle-v2-cairn-dev46/source/crates/mantlepkgs-core)
    Checking mantle-build-contract v0.1.0 (/home/brittonr/.cargo-target/mantle-v2-cairn-dev46/source/crates/mantle-build-contract)
    Checking crunch-spacewasm-core v0.1.0 (/home/brittonr/.cargo-target/mantle-v2-cairn-dev46/source/crates/crunch-spacewasm-core)
    Checking mantle-portable-client-core v0.1.0 (/home/brittonr/.cargo-target/mantle-v2-cairn-dev46/source/crates/mantle-portable-client-core)
    Checking crunch-shell v0.1.0 (/home/brittonr/.cargo-target/mantle-v2-cairn-dev46/source/crates/crunch-shell)
    Checking mantle-application-contract v0.1.0 (/home/brittonr/.cargo-target/mantle-v2-cairn-dev46/source/crates/mantle-application-contract)
    Checking mantle-rust-plan-app v0.1.0 (/home/brittonr/.cargo-target/mantle-v2-cairn-dev46/source/crates/mantle-rust-plan-app)
    Checking crunch-attestation v0.1.0 (/home/brittonr/.cargo-target/mantle-v2-cairn-dev46/source/crates/crunch-attestation)
    Checking crunch-project-core v0.1.0 (/home/brittonr/.cargo-target/mantle-v2-cairn-dev46/source/crates/crunch-project-core)
    Checking crunch-store v0.1.0 (/home/brittonr/.cargo-target/mantle-v2-cairn-dev46/source/crates/crunch-store)
    Checking crunch-glue v0.1.0 (/home/brittonr/.cargo-target/mantle-v2-cairn-dev46/source/crates/crunch-glue)
    Checking crunch-hardware-simulation v0.1.0 (/home/brittonr/.cargo-target/mantle-v2-cairn-dev46/source/crates/crunch-hardware-simulation)
    Checking crunch-spacewasm v0.1.0 (/home/brittonr/.cargo-target/mantle-v2-cairn-dev46/source/crates/crunch-spacewasm)
    Checking crunch-kernelscript-adapter v0.1.0 (/home/brittonr/.cargo-target/mantle-v2-cairn-dev46/source/crates/crunch-kernelscript-adapter)
    Checking crunch-wasm-component v0.1.0 (/home/brittonr/.cargo-target/mantle-v2-cairn-dev46/source/crates/crunch-wasm-component)
    Checking mantle-wasm-consumer-verifier v0.1.0 (/home/brittonr/.cargo-target/mantle-v2-cairn-dev46/source/crates/mantle-wasm-consumer-verifier)
    Checking crunch-project v0.1.0 (/home/brittonr/.cargo-target/mantle-v2-cairn-dev46/source/crates/crunch-project)
    Checking crunch-rust-cache v0.1.0 (/home/brittonr/.cargo-target/mantle-v2-cairn-dev46/source/crates/crunch-rust-cache)
    Checking crunch-build v0.1.0 (/home/brittonr/.cargo-target/mantle-v2-cairn-dev46/source/crates/crunch-build)
    Checking crunch-delta v0.1.0 (/home/brittonr/.cargo-target/mantle-v2-cairn-dev46/source/crates/crunch-delta)
    Checking crunch-rustc-wrapper v0.1.0 (/home/brittonr/.cargo-target/mantle-v2-cairn-dev46/source/crates/crunch-rustc-wrapper)
    Checking crunch-pipeline v0.1.0 (/home/brittonr/.cargo-target/mantle-v2-cairn-dev46/source/crates/crunch-pipeline)
    Checking mantle v0.1.0 (/home/brittonr/.cargo-target/mantle-v2-cairn-dev46/source)
    Finished `dev` profile [unoptimized + debuginfo] target(s) in 40.52s
