using receipt-bound full-source Rust host tools with ambient discovery disabled
mantle rust source first stage: mrustc-to-rust-1.90.0
scrubbing inherited Cargo/build-script environment
verified sources manifest: /home/brittonr/mantle-runs/receipt-fix-v31/.source-built-fixed-point-v60-minicargo-prefix-cold-20260825.source-built-fixed-point-staging-2664808/rust-provider-scratch/mrustc-first-stage-sources.json
build dir: /home/brittonr/mantle-runs/receipt-fix-v31/.source-built-fixed-point-v60-minicargo-prefix-cold-20260825.source-built-fixed-point-staging-2664808/rust-provider-scratch/build
output dir: /home/brittonr/mantle-runs/receipt-fix-v31/.source-built-fixed-point-v60-minicargo-prefix-cold-20260825.source-built-fixed-point-staging-2664808/rust-provider
writing minicargo workspace boundary
normalizing minicargo build-script OUT_DIR for static musl compiler host
normalizing minicargo rustc worker threads for static musl compiler host
disabling LLVM shared-tool and execinfo backtraces for source-root musl host
[CXX] -o .obj/main.o
[CXX] -o .obj/span.o
[CXX] -o .obj/rc_string.o
[CXX] -o .obj/debug.o
[CXX] -o .obj/ident.o
[CXX] -o .obj/ast/ast.o
[CXX] -o .obj/ast/types.o
[CXX] -o .obj/ast/crate.o
[CXX] -o .obj/ast/path.o
[CXX] -o .obj/ast/expr.o
[CXX] -o .obj/ast/pattern.o
[CXX] -o .obj/ast/dump.o
[CXX] -o .obj/parse/parseerror.o
[CXX] -o .obj/parse/token.o
[CXX] -o .obj/parse/tokentree.o
[CXX] -o .obj/parse/interpolated_fragment.o
[CXX] -o .obj/parse/tokenstream.o
[CXX] -o .obj/parse/lex.o
[CXX] -o .obj/parse/ttstream.o
[CXX] -o .obj/parse/root.o
[CXX] -o .obj/parse/paths.o
[CXX] -o .obj/parse/types.o
[CXX] -o .obj/parse/expr.o
[CXX] -o .obj/parse/pattern.o
[CXX] -o .obj/expand/mod.o
[CXX] -o .obj/expand/macro_rules.o
[CXX] -o .obj/expand/cfg.o
[CXX] -o .obj/expand/format_args.o
[CXX] -o .obj/expand/asm.o
[CXX] -o .obj/expand/concat.o
[CXX] -o .obj/expand/stringify.o
[CXX] -o .obj/expand/file_line.o
[CXX] -o .obj/expand/derive.o
[CXX] -o .obj/expand/lang_item.o
[CXX] -o .obj/expand/std_prelude.o
[CXX] -o .obj/expand/crate_tags.o
[CXX] -o .obj/expand/include.o
[CXX] -o .obj/expand/env.o
[CXX] -o .obj/expand/test.o
[CXX] -o .obj/expand/rustc_diagnostics.o
[CXX] -o .obj/expand/proc_macro.o
[CXX] -o .obj/expand/assert.o
[CXX] -o .obj/expand/compile_error.o
[CXX] -o .obj/expand/codegen.o
[CXX] -o .obj/expand/doc.o
[CXX] -o .obj/expand/lints.o
[CXX] -o .obj/expand/misc_attrs.o
[CXX] -o .obj/expand/stability.o
[CXX] -o .obj/expand/panic.o
[CXX] -o .obj/expand/rustc_box.o
[CXX] -o .obj/expand/test_harness.o
[CXX] -o .obj/macro_rules/mod.o
[CXX] -o .obj/macro_rules/eval.o
[CXX] -o .obj/macro_rules/parse.o
[CXX] -o .obj/resolve/use.o
[CXX] -o .obj/resolve/index.o
[CXX] -o .obj/resolve/absolute.o
[CXX] -o .obj/resolve/common.o
[CXX] -o .obj/hir/from_ast.o
[CXX] -o .obj/hir/from_ast_expr.o
[CXX] -o .obj/hir/dump.o
[CXX] -o .obj/hir/hir.o
[CXX] -o .obj/hir/hir_ops.o
[CXX] -o .obj/hir/generic_params.o
[CXX] -o .obj/hir/crate_ptr.o
[CXX] -o .obj/hir/expr_ptr.o
[CXX] -o .obj/hir/type.o
[CXX] -o .obj/hir/path.o
[CXX] -o .obj/hir/expr.o
[CXX] -o .obj/hir/pattern.o
[CXX] -o .obj/hir/visitor.o
[CXX] -o .obj/hir/crate_post_load.o
[CXX] -o .obj/hir/inherent_cache.o
[CXX] -o .obj/hir_conv/expand_type.o
[CXX] -o .obj/hir_conv/constant_evaluation.o
[CXX] -o .obj/hir_conv/resolve_ufcs.o
[CXX] -o .obj/hir_conv/bind.o
[CXX] -o .obj/hir_conv/markings.o
[CXX] -o .obj/hir_conv/lifetime_elision.o
[CXX] -o .obj/hir_typeck/outer.o
[CXX] -o .obj/hir_typeck/common.o
[CXX] -o .obj/hir_typeck/helpers.o
[CXX] -o .obj/hir_typeck/static.o
[CXX] -o .obj/hir_typeck/impl_ref.o
[CXX] -o .obj/hir_typeck/resolve_common.o
[CXX] -o .obj/hir_typeck/expr_visit.o
[CXX] -o .obj/hir_typeck/expr_cs.o
[CXX] -o .obj/hir_typeck/expr_cs__enum.o
[CXX] -o .obj/hir_typeck/expr_check.o
[CXX] -o .obj/hir_expand/annotate_value_usage.o
[CXX] -o .obj/hir_expand/closures.o
[CXX] -o .obj/hir_expand/ufcs_everything.o
[CXX] -o .obj/hir_expand/reborrow.o
[CXX] -o .obj/hir_expand/erased_types.o
[CXX] -o .obj/hir_expand/vtable.o
[CXX] -o .obj/hir_expand/static_borrow_constants.o
[CXX] -o .obj/hir_expand/lifetime_infer.o
[CXX] -o .obj/mir/mir.o
[CXX] -o .obj/mir/mir_ptr.o
[CXX] -o .obj/mir/dump.o
[CXX] -o .obj/mir/helpers.o
[CXX] -o .obj/mir/visit_crate_mir.o
[CXX] -o .obj/mir/from_hir.o
[CXX] -o .obj/mir/from_hir_match.o
[CXX] -o .obj/mir/mir_builder.o
[CXX] -o .obj/mir/check.o
[CXX] -o .obj/mir/cleanup.o
[CXX] -o .obj/mir/optimise.o
[CXX] -o .obj/mir/check_full.o
[CXX] -o .obj/mir/borrow_check.o
[CXX] -o .obj/hir/serialise.o
[CXX] -o .obj/hir/deserialise.o
[CXX] -o .obj/hir/serialise_lowlevel.o
[CXX] -o .obj/trans/trans_list.o
[CXX] -o .obj/trans/mangling_v2.o
[CXX] -o .obj/trans/enumerate.o
[CXX] -o .obj/trans/auto_impls.o
[CXX] -o .obj/trans/monomorphise.o
[CXX] -o .obj/trans/codegen.o
[CXX] -o .obj/trans/codegen_c.o
[CXX] -o .obj/trans/codegen_c_structured.o
[CXX] -o .obj/trans/codegen_mmir.o
[CXX] -o .obj/trans/target.o
[CXX] -o .obj/trans/allocator.o
/home/brittonr/mantle-runs/receipt-fix-v31/.source-built-fixed-point-v60-minicargo-prefix-cold-20260825.source-built-fixed-point-staging-2664808/native-store/pka7fl1gzm5hmw295h0462cz46jg7nvc-make-4.4.1-full-source-gcc10-v1/bin/make -C tools/common
make[1]: Entering directory '/home/brittonr/mantle-runs/receipt-fix-v31/.source-built-fixed-point-v60-minicargo-prefix-cold-20260825.source-built-fixed-point-staging-2664808/rust-provider-scratch/sources/mrustc-0.12.0/tools/common'
[CXX] toml.cpp
[CXX] path.cpp
[CXX] debug.cpp
[CXX] jobserver.cpp
[AR] ../../bin/common_lib.a
make[1]: Leaving directory '/home/brittonr/mantle-runs/receipt-fix-v31/.source-built-fixed-point-v60-minicargo-prefix-cold-20260825.source-built-fixed-point-staging-2664808/rust-provider-scratch/sources/mrustc-0.12.0/tools/common'
[CXX] -o .obj/version.o
[AR] bin/mrustc.a
[CXX] -o bin/mrustc
objcopy --only-keep-debug bin/mrustc bin/mrustc.debug
objcopy --add-gnu-debuglink=bin/mrustc.debug bin/mrustc
strip bin/mrustc
/home/brittonr/mantle-runs/receipt-fix-v31/.source-built-fixed-point-v60-minicargo-prefix-cold-20260825.source-built-fixed-point-staging-2664808/native-store/pka7fl1gzm5hmw295h0462cz46jg7nvc-make-4.4.1-full-source-gcc10-v1/bin/make -C tools/minicargo/
make[1]: Entering directory '/home/brittonr/mantle-runs/receipt-fix-v31/.source-built-fixed-point-v60-minicargo-prefix-cold-20260825.source-built-fixed-point-staging-2664808/rust-provider-scratch/sources/mrustc-0.12.0/tools/minicargo'
[CXX] main.cpp
[CXX] manifest.cpp
[CXX] repository.cpp
[CXX] cfg.cpp
[CXX] build.cpp
[CXX] jobs.cpp
[CXX] file_timestamp.cpp
[CXX] os.cpp
[CXX] resolve_0minicargo.cpp
[CXX] resolve_cargo.cpp
[CXX] -o ../../bin/minicargo
objcopy --only-keep-debug ../../bin/minicargo ../../bin/minicargo.debug
objcopy --add-gnu-debuglink=../../bin/minicargo.debug ../../bin/minicargo
strip ../../bin/minicargo
make[1]: Leaving directory '/home/brittonr/mantle-runs/receipt-fix-v31/.source-built-fixed-point-v60-minicargo-prefix-cold-20260825.source-built-fixed-point-staging-2664808/rust-provider-scratch/sources/mrustc-0.12.0/tools/minicargo'
test -e bin/minicargo
preparing source-root musl LLVM host compiler runtime
gcc.real: fatal error: cannot execute '/home/brittonr/mantle-runs/receipt-fix-v31/.source-built-fixed-point-v60-minicargo-prefix-cold-20260825.source-built-fixed-point-staging-2664808/native-store/kcvijyh0sibqcc4g9sqk694xyslzhpsx-full-source-seed-toolchain/bin/../libexec/gcc/x86_64-unknown-linux-musl/10.5.0/cc1': execv: Permission denied
compilation terminated.
