$ cairn archive harden-native-dynamic-derivation-admission --root . --execute
{
  "actions": [
    {
      "description": "move active change to archive: harden-native-dynamic-derivation-admission",
      "kind": "archive_change",
      "path": "./cairn/archive/1970-01-01-harden-native-dynamic-derivation-admission"
    }
  ],
  "blocked": false,
  "change": "harden-native-dynamic-derivation-admission",
  "dry_run": false,
  "input_hash": "8b23052233f82b95c8a8b104789e124a0de76d034f631b3a370fd02ee5d2089e",
  "layout": "cairn",
  "mutated": true,
  "mutation_manifest": {
    "after": {
      "entries": [
        {
          "content_hash": "0d1f155afa3920f8b6362a3233a4f7f7e49ffb443927bf132ab359db0b4b947e",
          "exists": true,
          "path": "./cairn/archive/1970-01-01-harden-native-dynamic-derivation-admission/design.md"
        },
        {
          "content_hash": "748c52cdf0ebd2699b725cb5c95dd07ce0111e75e06d768c7d38b9552c2de33d",
          "exists": true,
          "path": "./cairn/archive/1970-01-01-harden-native-dynamic-derivation-admission/evidence/admission-receipt.ncl"
        },
        {
          "content_hash": "0bdfc737350184d6718f7fc573d7f7da6adfe563e716c598293fd3e3647811a8",
          "exists": true,
          "path": "./cairn/archive/1970-01-01-harden-native-dynamic-derivation-admission/evidence/baseline-tests.log"
        },
        {
          "content_hash": "2057c564aeda0e39933e142230caca5725f14afc530089cde5087108ff87217d",
          "exists": true,
          "path": "./cairn/archive/1970-01-01-harden-native-dynamic-derivation-admission/evidence/cairn-archive.log"
        },
        {
          "content_hash": "8b184729ef1ca67aa8d7da6b601187007437d492eaa137a2d3aa1b5bde6cf210",
          "exists": true,
          "path": "./cairn/archive/1970-01-01-harden-native-dynamic-derivation-admission/evidence/cairn-post-sync-validation.log"
        },
        {
          "content_hash": "4a2dc558ec9f55f109e08cec6d77fd47efc600a7720cb0bcb8b249d935eb86e8",
          "exists": true,
          "path": "./cairn/archive/1970-01-01-harden-native-dynamic-derivation-admission/evidence/cairn-sync.log"
        },
        {
          "content_hash": "8cc7369bbb0797344f442a1f19ee1ca0ddf545871e37c1e34e567818a9ca96c6",
          "exists": true,
          "path": "./cairn/archive/1970-01-01-harden-native-dynamic-derivation-admission/evidence/cairn-validation.log"
        },
        {
          "content_hash": "86e840ad8f2a25114e85d3e8ca6ed8cc39b57a6d941d9edca6d6b96cfe33cca0",
          "exists": true,
          "path": "./cairn/archive/1970-01-01-harden-native-dynamic-derivation-admission/evidence/first-party-clippy.log"
        },
        {
          "content_hash": "4e1815933429b0a5e534ba94d39bdb98c48e31ce8eb54c4f1891d13f181356aa",
          "exists": true,
          "path": "./cairn/archive/1970-01-01-harden-native-dynamic-derivation-admission/evidence/fmt-all.log"
        },
        {
          "content_hash": "9679d8017b96f2e917f0b3f0afed21d2e39ae74285aa875147dc88e8b0397a4a",
          "exists": true,
          "path": "./cairn/archive/1970-01-01-harden-native-dynamic-derivation-admission/evidence/focused-tigerstyle.log"
        },
        {
          "content_hash": "41ce2c1f0d2c74392154dd8df81dc130a12944badad11e09787350185f9c8472",
          "exists": true,
          "path": "./cairn/archive/1970-01-01-harden-native-dynamic-derivation-admission/evidence/implementation-validation.log"
        },
        {
          "content_hash": "1d424d094e9fee899975a706b05872ce4d8277d8f57064bdf89f998df325c73f",
          "exists": true,
          "path": "./cairn/archive/1970-01-01-harden-native-dynamic-derivation-admission/evidence/implementation-validation.md"
        },
        {
          "content_hash": "dfd35f42e503137326876029344c318315c104e01b5b198fb695546e4af65c01",
          "exists": true,
          "path": "./cairn/archive/1970-01-01-harden-native-dynamic-derivation-admission/evidence/nix-package-check.log"
        },
        {
          "content_hash": "e9ae4341715819501cd54748b9fe83ec4d6f7c433272d0b97742179124963b80",
          "exists": true,
          "path": "./cairn/archive/1970-01-01-harden-native-dynamic-derivation-admission/evidence/portfolio-search.md"
        },
        {
          "content_hash": "9fc2c3afe3187046e4ba38b6ae925e064b6feb9bb1d8fd8bb25b3138d5f596de",
          "exists": true,
          "path": "./cairn/archive/1970-01-01-harden-native-dynamic-derivation-admission/evidence/scaffold-validation.log"
        },
        {
          "content_hash": "b07aafc214d1ae119aaf3d454d766f789c54fbc44168d82f662a9d09b6498983",
          "exists": true,
          "path": "./cairn/archive/1970-01-01-harden-native-dynamic-derivation-admission/evidence/workspace-tests.log"
        },
        {
          "content_hash": "493657104c3a77db5283772009781f7b76e9339592d8640fa801001c77c25633",
          "exists": true,
          "path": "./cairn/archive/1970-01-01-harden-native-dynamic-derivation-admission/evidence/zero-fallback-characterization.log"
        },
        {
          "content_hash": "284d615cc8c12b17425d58db57981eb6c2485671a81f975752165aadf5e34ee7",
          "exists": true,
          "path": "./cairn/archive/1970-01-01-harden-native-dynamic-derivation-admission/proposal.md"
        },
        {
          "content_hash": "21e498f854d2702757f9378ee413ad4244fe0c6ea2f4fddeaa05deb5c803d0bb",
          "exists": true,
          "path": "./cairn/archive/1970-01-01-harden-native-dynamic-derivation-admission/specs/dynamic-derivation-admission/spec.md"
        },
        {
          "content_hash": "c10714c570cc1bf2fe99e841735468dd6de1ace8ede1058eeb2f2d1c6245a577",
          "exists": true,
          "path": "./cairn/archive/1970-01-01-harden-native-dynamic-derivation-admission/tasks.md"
        },
        {
          "content_hash": null,
          "exists": false,
          "path": "./cairn/changes/harden-native-dynamic-derivation-admission"
        }
      ],
      "manifest_hash": "5bedc991cdc4c23d6fe5b4207626ff42661ddc79f64583c9c1db95c9ca47b442"
    },
    "before": {
      "entries": [
        {
          "content_hash": "0d1f155afa3920f8b6362a3233a4f7f7e49ffb443927bf132ab359db0b4b947e",
          "exists": true,
          "path": "./cairn/changes/harden-native-dynamic-derivation-admission/design.md"
        },
        {
          "content_hash": "748c52cdf0ebd2699b725cb5c95dd07ce0111e75e06d768c7d38b9552c2de33d",
          "exists": true,
          "path": "./cairn/changes/harden-native-dynamic-derivation-admission/evidence/admission-receipt.ncl"
        },
        {
          "content_hash": "0bdfc737350184d6718f7fc573d7f7da6adfe563e716c598293fd3e3647811a8",
          "exists": true,
          "path": "./cairn/changes/harden-native-dynamic-derivation-admission/evidence/baseline-tests.log"
        },
        {
          "content_hash": "2057c564aeda0e39933e142230caca5725f14afc530089cde5087108ff87217d",
          "exists": true,
          "path": "./cairn/changes/harden-native-dynamic-derivation-admission/evidence/cairn-archive.log"
        },
        {
          "content_hash": "8b184729ef1ca67aa8d7da6b601187007437d492eaa137a2d3aa1b5bde6cf210",
          "exists": true,
          "path": "./cairn/changes/harden-native-dynamic-derivation-admission/evidence/cairn-post-sync-validation.log"
        },
        {
          "content_hash": "4a2dc558ec9f55f109e08cec6d77fd47efc600a7720cb0bcb8b249d935eb86e8",
          "exists": true,
          "path": "./cairn/changes/harden-native-dynamic-derivation-admission/evidence/cairn-sync.log"
        },
        {
          "content_hash": "8cc7369bbb0797344f442a1f19ee1ca0ddf545871e37c1e34e567818a9ca96c6",
          "exists": true,
          "path": "./cairn/changes/harden-native-dynamic-derivation-admission/evidence/cairn-validation.log"
        },
        {
          "content_hash": "86e840ad8f2a25114e85d3e8ca6ed8cc39b57a6d941d9edca6d6b96cfe33cca0",
          "exists": true,
          "path": "./cairn/changes/harden-native-dynamic-derivation-admission/evidence/first-party-clippy.log"
        },
        {
          "content_hash": "4e1815933429b0a5e534ba94d39bdb98c48e31ce8eb54c4f1891d13f181356aa",
          "exists": true,
          "path": "./cairn/changes/harden-native-dynamic-derivation-admission/evidence/fmt-all.log"
        },
        {
          "content_hash": "9679d8017b96f2e917f0b3f0afed21d2e39ae74285aa875147dc88e8b0397a4a",
          "exists": true,
          "path": "./cairn/changes/harden-native-dynamic-derivation-admission/evidence/focused-tigerstyle.log"
        },
        {
          "content_hash": "41ce2c1f0d2c74392154dd8df81dc130a12944badad11e09787350185f9c8472",
          "exists": true,
          "path": "./cairn/changes/harden-native-dynamic-derivation-admission/evidence/implementation-validation.log"
        },
        {
          "content_hash": "1d424d094e9fee899975a706b05872ce4d8277d8f57064bdf89f998df325c73f",
          "exists": true,
          "path": "./cairn/changes/harden-native-dynamic-derivation-admission/evidence/implementation-validation.md"
        },
        {
          "content_hash": "dfd35f42e503137326876029344c318315c104e01b5b198fb695546e4af65c01",
          "exists": true,
          "path": "./cairn/changes/harden-native-dynamic-derivation-admission/evidence/nix-package-check.log"
        },
        {
          "content_hash": "e9ae4341715819501cd54748b9fe83ec4d6f7c433272d0b97742179124963b80",
          "exists": true,
          "path": "./cairn/changes/harden-native-dynamic-derivation-admission/evidence/portfolio-search.md"
        },
        {
          "content_hash": "9fc2c3afe3187046e4ba38b6ae925e064b6feb9bb1d8fd8bb25b3138d5f596de",
          "exists": true,
          "path": "./cairn/changes/harden-native-dynamic-derivation-admission/evidence/scaffold-validation.log"
        },
        {
          "content_hash": "b07aafc214d1ae119aaf3d454d766f789c54fbc44168d82f662a9d09b6498983",
          "exists": true,
          "path": "./cairn/changes/harden-native-dynamic-derivation-admission/evidence/workspace-tests.log"
        },
        {
          "content_hash": "493657104c3a77db5283772009781f7b76e9339592d8640fa801001c77c25633",
          "exists": true,
          "path": "./cairn/changes/harden-native-dynamic-derivation-admission/evidence/zero-fallback-characterization.log"
        },
        {
          "content_hash": "284d615cc8c12b17425d58db57981eb6c2485671a81f975752165aadf5e34ee7",
          "exists": true,
          "path": "./cairn/changes/harden-native-dynamic-derivation-admission/proposal.md"
        },
        {
          "content_hash": "21e498f854d2702757f9378ee413ad4244fe0c6ea2f4fddeaa05deb5c803d0bb",
          "exists": true,
          "path": "./cairn/changes/harden-native-dynamic-derivation-admission/specs/dynamic-derivation-admission/spec.md"
        },
        {
          "content_hash": "c10714c570cc1bf2fe99e841735468dd6de1ace8ede1058eeb2f2d1c6245a577",
          "exists": true,
          "path": "./cairn/changes/harden-native-dynamic-derivation-admission/tasks.md"
        }
      ],
      "manifest_hash": "9a7b85d4cd992d79b8e9ffd15f13186bd8656a37ce7edab8711bdc04620268f2"
    },
    "kind": "archive",
    "manifest_hash": "9ae2cfb8af7d297d21105282f74cbeaee4337f38819e4e9e2d44035c34331ca7"
  },
  "plan_hash": "6d7a701ab79470d6d4a1c33123b167af4f29340a5bcb7f05c82edde171818e7d",
  "policy": "mantle-default",
  "policy_hash": "810cfa56991a9d1f10038ca79bf9a7a0996a2ee756c4e62324f1cd3f8628c848",
  "reasons": [],
  "receipt_hash": "03ad886a5115a143620217cd241f0c7f8c3a7d57228b1e87004160d67f934027"
}

manual_archive_date_correction=1970-01-01-to-2026-08-10
command_exit=0
