Diff in /home/brittonr/git/OnixResearch/.worktrees/mantle-harden-native-dynamic-derivation-admission/src/source_built_fixed_point_shell.rs:18:
 use crate::errors::RunError;
 use crate::full_source_rust_binding_shell::FullSourceRustHostToolMaterializationRequest;
 use crate::native_toolchain_closure::NativeToolchainClosureOptions;
[31m-use crate::source_built_fixed_point::plan_source_built_fixed_point;
(B[m use crate::source_built_fixed_point::InitialOutputAuthorityState;
 use crate::source_built_fixed_point::ProofHermeticityMode;
[32m+use crate::source_built_fixed_point::SOURCE_BUILT_FIXED_POINT_OPEN_FILE_DESCRIPTORS_MAX;
(B[m use crate::source_built_fixed_point::SourceAuthorityInput;
 use crate::source_built_fixed_point::SourceAuthorityRole;
 use crate::source_built_fixed_point::SourceBuiltFixedPointPlan;
Diff in /home/brittonr/git/OnixResearch/.worktrees/mantle-harden-native-dynamic-derivation-admission/src/source_built_fixed_point_shell.rs:28:
 use crate::source_built_fixed_point::SourceBuiltFixedPointPolicies;
 use crate::source_built_fixed_point::SourceBuiltFixedPointResourceBounds;
 use crate::source_built_fixed_point::SourceContentKind;
[31m-use crate::source_built_fixed_point::SOURCE_BUILT_FIXED_POINT_OPEN_FILE_DESCRIPTORS_MAX;
(B[m[31m-use crate::source_built_fixed_point_dev_cache::dev_provider_cache_key;
(B[m[31m-use crate::source_built_fixed_point_dev_cache::evaluate_fast_fail;
(B[m[31m-use crate::source_built_fixed_point_dev_cache::evaluate_provider_cache_lookup;
(B[m[31m-use crate::source_built_fixed_point_dev_cache::validate_stage_marker;
(B[m[32m+use crate::source_built_fixed_point::plan_source_built_fixed_point;
(B[m[32m+use crate::source_built_fixed_point_dev_cache::DEV_CACHE_ENTRY_FILE;
(B[m use crate::source_built_fixed_point_dev_cache::DevCachePolicies;
 use crate::source_built_fixed_point_dev_cache::DevProviderCacheEntry;
 use crate::source_built_fixed_point_dev_cache::DevProviderCacheLookup;
Diff in /home/brittonr/git/OnixResearch/.worktrees/mantle-harden-native-dynamic-derivation-admission/src/source_built_fixed_point_shell.rs:39:
[32m+use crate::source_built_fixed_point_dev_cache::FAST_FAIL_SCHEMA;
(B[m use crate::source_built_fixed_point_dev_cache::FastFailDecision;
 use crate::source_built_fixed_point_dev_cache::StageCompletionMarker;
 use crate::source_built_fixed_point_dev_cache::StageMarkerValidation;
Diff in /home/brittonr/git/OnixResearch/.worktrees/mantle-harden-native-dynamic-derivation-admission/src/source_built_fixed_point_shell.rs:42:
[31m-use crate::source_built_fixed_point_dev_cache::DEV_CACHE_ENTRY_FILE;
(B[m[31m-use crate::source_built_fixed_point_dev_cache::FAST_FAIL_SCHEMA;
(B[m[32m+use crate::source_built_fixed_point_dev_cache::dev_provider_cache_key;
(B[m[32m+use crate::source_built_fixed_point_dev_cache::evaluate_fast_fail;
(B[m[32m+use crate::source_built_fixed_point_dev_cache::evaluate_provider_cache_lookup;
(B[m[32m+use crate::source_built_fixed_point_dev_cache::validate_stage_marker;
(B[m[32m+use crate::source_bundle::SourceBuiltFixedPointProfileRecords;
(B[m[32m+use crate::source_bundle::SourceRecord;
(B[m use crate::source_bundle::assemble_source_bundle;
 use crate::source_bundle::materialize_source_record_payload;
 use crate::source_bundle::source_built_fixed_point_profile_records;
Diff in /home/brittonr/git/OnixResearch/.worktrees/mantle-harden-native-dynamic-derivation-admission/src/source_built_fixed_point_shell.rs:47:
[31m-use crate::source_bundle::SourceBuiltFixedPointProfileRecords;
(B[m[31m-use crate::source_bundle::SourceRecord;
(B[m use crate::stagex_provider::StagexProviderRequest;
 use crate::stagex_transition::StagexTransitionRequest;
 
