this derivation will be built:
  /nix/store/3rnxcfiz8jknsvbaz791vl6gxb6xcjwz-mantle-0.1.0.drv
cannot build on 'ssh-ng://root@10.10.10.1': error: failed to start SSH connection to '10.10.10.1'
building '/nix/store/3rnxcfiz8jknsvbaz791vl6gxb6xcjwz-mantle-0.1.0.drv'...
mantle> Running phase: unpackPhase
mantle> unpacking source archive /nix/store/yhnpspp71izci778qqrvlk3p0hszv16h-source
mantle> source root is source
mantle> Running phase: patchPhase
mantle> Executing configureCargoCommonVars
mantle> decompressing cargo artifacts from /nix/store/iilnlzljd0nx6gjf5q2lgknlblna7j16-mantle-deps-0.1.0/target.tar.zst to target
mantle> Running phase: updateAutotoolsGnuConfigScriptsPhase
mantle> Running phase: configurePhase
mantle> will append /build/source/.cargo-home/config.toml with contents of /nix/store/abys2sj92cp7hc7hhsqz6nb5xs0v54m2-vendor-cargo-deps/config.toml
mantle> default configurePhase, nothing to do
mantle> Running phase: buildPhase
mantle> +++ command cargo --version
mantle> cargo 1.96.0-nightly (a357df4c2 2026-04-03)
mantle> +++ command cargo build --release --message-format json-render-diagnostics --locked
mantle> warning: /build/source/Cargo.toml: file `/build/source/src/main.rs` found to be present in multiple build targets:
mantle>   * `bin` target `crunch`
mantle>   * `bin` target `mantle`
mantle>    Compiling nix-compat v0.1.0 (/build/source/vendor/nix-compat)
mantle>    Compiling fuse-backend-rs v0.12.0 (/build/source/vendor/fuse-backend-rs)
mantle>    Compiling crunch-attestation-core v0.1.0 (/build/source/crates/crunch-attestation-core)
mantle>    Compiling nix-compat-derive v0.1.0 (/build/source/vendor/nix-compat-derive)
mantle>    Compiling snix-castore v0.1.0 (/build/source/vendor/snix-castore)
mantle>    Compiling snix-tracing v0.1.0 (/build/source/vendor/snix-tracing)
mantle>    Compiling crunch-attestation v0.1.0 (/build/source/crates/crunch-attestation)
mantle>    Compiling snix-build v0.1.0 (/build/source/vendor/snix-build)
mantle>    Compiling snix-store v0.1.0 (/build/source/vendor/snix-store)
mantle>    Compiling crunch-nar v0.1.0 (/build/source/crates/crunch-nar)
mantle>    Compiling crunch-action-result-core v0.1.0 (/build/source/crates/crunch-action-result-core)
mantle>    Compiling crunch-composition-core v0.1.0 (/build/source/crates/crunch-composition-core)
mantle>    Compiling crunch-repair-core v0.1.0 (/build/source/crates/crunch-repair-core)
mantle>    Compiling crunch-overlay-core v0.1.0 (/build/source/crates/crunch-overlay-core)
mantle>    Compiling crunch-gc-core v0.1.0 (/build/source/crates/crunch-gc-core)
mantle>    Compiling crunch-store v0.1.0 (/build/source/crates/crunch-store)
mantle>    Compiling crunch-rust-cache-core v0.1.0 (/build/source/crates/crunch-rust-cache-core)
mantle>    Compiling crunch-build v0.1.0 (/build/source/crates/crunch-build)
mantle>    Compiling crunch-rust-cache v0.1.0 (/build/source/crates/crunch-rust-cache)
mantle>    Compiling crunch-eval v0.1.0 (/build/source/crates/crunch-eval)
mantle>    Compiling crunch-glue v0.1.0 (/build/source/crates/crunch-glue)
mantle>    Compiling crunch-project-core v0.1.0 (/build/source/crates/crunch-project-core)
mantle>    Compiling crunch-wasm-component-core v0.1.0 (/build/source/crates/crunch-wasm-component-core)
mantle>    Compiling crunch-evaluation-stream-core v0.1.0 (/build/source/crates/crunch-evaluation-stream-core)
mantle>    Compiling crunch-shell-core v0.1.0 (/build/source/crates/crunch-shell-core)
mantle>    Compiling crunch-delta-core v0.1.0 (/build/source/crates/crunch-delta-core)
mantle>    Compiling crunch-delta v0.1.0 (/build/source/crates/crunch-delta)
mantle>    Compiling crunch-wasm-component v0.1.0 (/build/source/crates/crunch-wasm-component)
mantle>    Compiling crunch-shell v0.1.0 (/build/source/crates/crunch-shell)
mantle>    Compiling crunch-pipeline v0.1.0 (/build/source/crates/crunch-pipeline)
mantle>    Compiling crunch-project v0.1.0 (/build/source/crates/crunch-project)
mantle>    Compiling crunch-rustc-wrapper v0.1.0 (/build/source/crates/crunch-rustc-wrapper)
mantle>    Compiling mantlepkgs-core v0.1.0 (/build/source/crates/mantlepkgs-core)
mantle>    Compiling crunch-release-core v0.1.0 (/build/source/crates/crunch-release-core)
mantle>    Compiling crunch-eval-budget-core v0.1.0 (/build/source/crates/crunch-eval-budget-core)
mantle>    Compiling crunch-bootstrap-core v0.1.0 (/build/source/crates/crunch-bootstrap-core)
mantle>    Compiling mantle-portable-client-core v0.1.0 (/build/source/crates/mantle-portable-client-core)
mantle>    Compiling mantle v0.1.0 (/build/source)
mantle>     Finished `release` profile [optimized] target(s) in 4m 08s
mantle> searching for bins/libs to install from cargo build log at cargoBuildLogwc2n.json
mantle> installing /build/source/target/release/generate-portable-platform-profiles in postBuildInstallFromCargoBuildLogOutTempzPt/bin
mantle> installing /build/source/target/release/generate-operator-command-contract in postBuildInstallFromCargoBuildLogOutTempzPt/bin
mantle> installing /build/source/target/release/mantle in postBuildInstallFromCargoBuildLogOutTempzPt/bin
mantle> installing /build/source/target/release/crunch in postBuildInstallFromCargoBuildLogOutTempzPt/bin
mantle> searching for bins/libs complete
mantle> buildPhase completed in 4 minutes 8 seconds
mantle> Running phase: checkPhase
mantle> +++ command cargo test --release --locked
mantle> warning: /build/source/Cargo.toml: file `/build/source/src/main.rs` found to be present in multiple build targets:
mantle>   * `bin` target `crunch`
mantle>   * `bin` target `mantle`
mantle>    Compiling crunch-hardware-simulation-core v0.1.0 (/build/source/crates/crunch-hardware-simulation-core)
mantle>    Compiling crunch-kernelscript-core v0.1.0 (/build/source/crates/crunch-kernelscript-core)
mantle>    Compiling crunch-hardware-simulation v0.1.0 (/build/source/crates/crunch-hardware-simulation)
mantle>    Compiling mantle v0.1.0 (/build/source)
mantle>     Finished `release` profile [optimized] target(s) in 5m 02s
mantle>      Running unittests src/lib.rs (target/release/deps/mantle-2eba08b725324295)
mantle> 
mantle> running 174 tests
mantle> test bootstrap::tests::fetch_seed_metadata_logical_path_appends_provider_json ... ok
mantle> test bootstrap::tests::copy_path_recursively_materializes_read_only_source_directory ... ok
mantle> test bootstrap::tests::fetch_seed_provider_loads_explicit_legacy_compatibility_module ... ok
mantle> test bootstrap::tests::generate_seed_empty_packages ... ok
mantle> test bootstrap::tests::generate_seed_sanitizes_hyphens ... ok
mantle> test bootstrap::tests::fetch_seed_provider_records_reduction_surface ... ok
mantle> test bootstrap::tests::generate_seed_valid_structure ... ok
mantle> test bootstrap::tests::generate_source_root_seed_ncl_structure ... ok
mantle> test bootstrap::tests::resolve_empty_path_rejected ... ok
mantle> test bootstrap::tests::resolve_failure_reports_package ... ok
mantle> test bootstrap::tests::resolve_success ... ok
mantle> test bootstrap::tests::source_tree_file_candidates_empty_without_current_dir ... ok
mantle> test bootstrap::tests::source_tree_file_candidates_walk_up_from_current_dir ... ok
mantle> test bootstrap::tests::fetch_seed_provider_loads_with_embedded_stdlib ... ok
mantle> test bootstrap::tests::reduction_directory_preparation_makes_nested_read_only_tree_mutable ... ok
mantle> test build_correctness::tests::build_correctness_action_receipt_is_deterministic_and_bounded ... ok
mantle> test build_correctness::tests::build_correctness_action_spec_binds_determinism_policy_digest ... ok
mantle> test build_correctness::tests::build_correctness_action_spec_ref_changes_when_declared_input_changes ... ok
mantle> test build_correctness::tests::build_correctness_action_spec_ref_is_deterministic_for_equivalent_inputs ... ok
mantle> test build_correctness::tests::build_correctness_cas_admits_file_directory_symlink_generated_and_secret_objects ... ok
mantle> test build_correctness::tests::build_correctness_cas_rejects_digest_mismatch_shape_path_only_identity_and_path_traversal ... ok
mantle> test build_correctness::tests::build_correctness_frontend_refs_remain_opaque_boundary_data ... ok
mantle> test build_correctness::tests::build_correctness_hermetic_policy_reports_enforced_or_blocks_unsupported_modes ... ok
mantle> test build_correctness::tests::build_correctness_nickel_eval_receipt_binds_source_closure_and_blocks_undeclared_imports ... ok
mantle> test build_correctness::tests::build_correctness_nickel_import_validation_rejects_inputs_above_local_bounds ... ok
mantle> test build_correctness::tests::build_correctness_path_views_do_not_change_object_identity ... ok
mantle> test build_correctness::tests::build_correctness_prefixed_digest_preserves_compact_json_identity ... ok
mantle> test build_correctness::tests::build_correctness_reference_scan_accepts_declared_refs_and_rejects_forbidden_cases ... ok
mantle> test build_correctness::tests::build_correctness_reuse_admission_accepts_matching_receipts_and_rejects_stale_or_unsigned ... ok
mantle> test errors::tests::build_bwrap_namespace_suggests_sysctl ... ok
mantle> test errors::tests::build_fod_mismatch_suggests_update ... ok
mantle> test errors::tests::build_nonzero_exit_suggests_logs ... ok
mantle> test errors::tests::build_not_linux_suggests_doctor ... ok
mantle> test errors::tests::build_output_missing_suggests_out ... ok
mantle> test errors::tests::build_source_not_found_suggests_source_plan ... ok
mantle> test errors::tests::display_matches_human_format ... ok
mantle> test errors::tests::exit_codes ... ok
mantle> test errors::tests::human_format_build ... ok
mantle> test errors::tests::human_format_eval ... ok
mantle> test errors::tests::human_format_internal ... ok
mantle> test errors::tests::internal_nix_missing_suggests_canonical_fetch ... ok
mantle> test errors::tests::internal_store_missing_suggests_flag ... ok
mantle> test errors::tests::json_escapes_special_chars ... ok
mantle> test errors::tests::json_format_build ... ok
mantle> test errors::tests::json_format_eval ... ok
mantle> test errors::tests::json_format_internal ... ok
mantle> test errors::tests::kind_labels ... ok
mantle> test errors::tests::message_accessor ... ok
mantle> test errors::tests::no_suggestions_for_generic_build_error ... ok
mantle> test errors::tests::reported_format_is_empty ... ok
mantle> test fresh_clone_fixed_point::tests::report_admits_matching_offline_stages_and_binary_digests ... ok
mantle> test fresh_clone_fixed_point::tests::report_records_mismatched_binary_digests_without_admitting_fixed_point ... ok
mantle> test fresh_clone_fixed_point::tests::report_rejects_live_fetch_event ... ok
mantle> test fresh_clone_fixed_point::tests::report_rejects_staged_source_path_leak ... ok
mantle> test oci_projection::tests::canonical_layer_bytes_ignore_traversal_and_ambient_metadata_identity ... ok
mantle> test oci_projection::tests::deterministic_gzip_profile_round_trips_exactly ... ok
mantle> test oci_projection::tests::deterministic_projection_round_trips_as_admitted ... ok
mantle> test oci_projection::tests::external_layout_remains_compatibility_only ... ok
mantle> test oci_projection::tests::golden_reports_cover_full_minimal_and_both_import_states ... ok
mantle> test oci_projection::tests::imported_refs_are_attached_only_after_all_blobs_are_available ... ok
mantle> test oci_projection::tests::rejects_archive_path_collisions ... ok
mantle> test oci_projection::tests::rejects_descriptor_tampering_before_import ... ok
mantle> test oci_projection::tests::rejects_duplicate_descriptors_and_wrong_import_media_types ... ok
mantle> test oci_projection::tests::rejects_escaping_symlink_before_archive_construction ... ok
mantle> test oci_projection::tests::rejects_noncanonical_mantle_archive_but_allows_safe_external_archive ... ok
mantle> test oci_projection::tests::rejects_spec_projection_and_hidden_fallback_disagreement ... ok
mantle> test bootstrap::tests::generate_fetch_seed_ncl_structure ... ok
mantle> test oci_projection::tests::rejects_stale_missing_and_reordered_source_admissions_without_leaking_build_roots ... ok
mantle> test oci_projection::tests::rejects_traversal_wrong_media_and_invalid_bounds ... ok
mantle> test oci_projection::tests::rejects_truncated_archives_and_uncompressed_archive_bombs ... ok
mantle> test oci_projection::tests::rejects_unknown_behavior_fields_during_deserialization ... ok
mantle> test oci_projection::tests::rejects_wrong_digest_roles_and_noncanonical_order ... ok
mantle> test oci_projection::tests::source_admission_bundle_rejects_unknown_material ... ok
mantle> test oci_projection::tests::reviewed_onix_snapshots_preserve_the_explicit_adapter_boundary ... ok
mantle> test oci_registry::tests::metadata_manifest_accepts_exact_shape_and_rejects_subject_role_media_or_annotation_drift ... ok
mantle> test oci_registry::tests::pull_report_requires_immutable_digest_and_admitted_import ... ok
mantle> test oci_registry::tests::push_report_binds_accounting_and_rejects_receipt_tamper ... ok
mantle> test oci_registry::tests::registry_urls_confine_uploads_to_the_configured_authority ... ok
mantle> test oci_registry::tests::registry_report_golden_fixtures_match_rust_serialization ... ok
mantle> test oci_registry::tests::same_name_key_rotation_counts_distinct_keys_without_inflating_required_signers ... ok
mantle> test oci_registry::tests::signature_manifest_rejects_subject_metadata_and_domain_drift ... ok
mantle> test oci_registry::tests::signature_verification_rejects_unknown_revoked_domain_and_duplicate_evidence ... ok
mantle> test oci_registry::tests::signature_plan_satisfies_two_key_policy_and_binds_both_manifest_digests ... ok
mantle> test oci_registry::tests::target_validation_accepts_https_and_explicit_local_http ... ok
mantle> test oci_registry::tests::target_validation_rejects_unsafe_authority_and_names ... ok
mantle> test operator_contract::tests::catalog_rejects_alias_drift ... ok
mantle> test operator_contract::tests::catalog_accepts_matching_sorted_commands ... ok
mantle> test operator_contract::tests::catalog_rejects_flag_drift ... ok
mantle> test operator_contract::tests::catalog_rejects_json_contract_drift ... ok
mantle> test operator_contract::tests::catalog_rejects_stale_inventory_command ... ok
mantle> test operator_contract::tests::catalog_rejects_undocumented_command ... ok
mantle> test operator_contract::tests::generic_failure_has_no_invented_action ... ok
mantle> test operator_contract::tests::inventory_decode_rejects_malformed_generated_data ... ok
mantle> test operator_contract::tests::inventory_decode_rejects_unknown_support_state ... ok
mantle> test operator_contract::tests::inventory_rejects_compatibility_without_removal_gate ... ok
mantle> test operator_contract::tests::inventory_rejects_conflicting_surface_roles ... ok
mantle> test operator_contract::tests::inventory_rejects_duplicate_compatibility_spelling ... ok
mantle> test operator_contract::tests::inventory_rejects_missing_supported_operation ... ok
mantle> test operator_contract::tests::inventory_rejects_unknown_exit_class ... ok
mantle> test operator_contract::tests::inventory_rejects_unowned_surface ... ok
mantle> test operator_contract::tests::remediation_classifier_covers_reviewed_failure_classes ... ok
mantle> test operator_contract::tests::remediation_human_and_json_share_the_same_action ... ok
mantle> test operator_contract::tests::remediation_redacts_secret_bearing_subjects ... ok
mantle> test operator_contract::tests::workflow_rejects_a_documented_flag_missing_from_clap ... ok
mantle> test operator_contract::tests::inventory_rejects_oversized_surface_collection ... ok
mantle> test protected_exec::tests::generated_inventory_expands_explicit_seed_tools_and_ignores_path ... ok
mantle> test protected_exec::tests::generated_inventory_file_is_nickel_and_policy_valid ... ok
mantle> test protected_exec::tests::generated_inventory_missing_required_seed_path_fails_closed ... ok
mantle> test protected_exec::tests::generated_inventory_ignores_fake_path_host_helper_families ... ok
mantle> test protected_exec::tests::inventory_digest_binds_version_evidence_and_order_is_stable ... ok
mantle> test protected_exec::tests::generated_inventory_rejects_empty_or_non_executable_tool_roots ... ok
mantle> test protected_exec::tests::inventory_rejects_bad_provenance_and_relative_paths ... ok
mantle> test protected_exec::tests::inventory_rejects_digest_variants_at_one_path ... ok
mantle> test protected_exec::tests::inventory_rejects_forbidden_nix_even_with_digest ... ok
mantle> test protected_exec::tests::inventory_rejects_malformed_source_entries_before_fetch ... ok
mantle> test protected_exec::tests::inventory_rejects_malformed_or_ambiguous_extraction_rules ... ok
mantle> test protected_exec::tests::inventory_requires_bounded_version_evidence ... ok
mantle> test protected_exec::tests::inventory_requires_interoperability_reason_for_non_blake3_digest ... ok
mantle> test protected_exec::tests::inventory_requires_sandbox_entry_and_shell ... ok
mantle> test protected_exec::tests::normalized_path_id_is_deterministic ... ok
mantle> test protected_exec::tests::policy_allows_declared_seed_with_matching_digest ... ok
mantle> test protected_exec::tests::policy_allows_only_declared_source_urls ... ok
mantle> test protected_exec::tests::policy_rejects_undeclared_and_mismatched_executables ... ok
mantle> test protected_exec::tests::promote_verified_output_extends_policy_and_records_audit ... ok
mantle> test protected_exec::tests::promote_verified_output_rejects_duplicate_path ... ok
mantle> test protected_exec::tests::promote_verified_output_rejects_empty_set ... ok
mantle> test protected_exec::tests::inventory_rejects_source_entry_count_above_bound ... ok
mantle> test bootstrap::tests::write_provider_metadata_records_shared_schema ... ok
mantle> test protected_exec::tests::protected_launcher_rejects_before_command_is_returned ... ok
mantle> test protected_exec::tests::seed_closure_risk_report_names_inventory_entries ... ok
mantle> test protected_exec::tests::seed_closure_risk_reports_static_dynamic_and_script_shapes ... ok
mantle> test protected_exec::tests::seed_config_requires_explicit_environment_inputs ... ok
mantle> test protected_exec::tests::stagex_plan_allows_bounded_digest_variants_at_one_path ... ok
mantle> test protected_exec::tests::stagex_plan_preauthorizes_exact_future_output_digest ... ok
mantle> test protected_exec::tests::stagex_plan_rejects_duplicate_and_excessive_path_variants ... ok
mantle> test protected_exec::tests::stagex_plan_rejects_future_output_from_undeclared_stage ... ok
mantle> test protected_exec::tests::stagex_seed_policy_authorizes_only_the_bound_seed ... ok
mantle> test protected_exec::tests::stagex_seed_policy_rejects_relative_path_and_bad_digest ... ok
mantle> test protected_exec::tests::stagex_seed_policy_rejects_undeclared_output_promotion ... ok
mantle> test protected_exec::tests::unpromoted_executable_is_denied_after_promotion ... ok
mantle> test bootstrap::tests::stage_reduced_seed_provider_materializes_kernel_headers_in_target_include ... ok
mantle> test protected_exec_seccomp::linux::tests::diagnostic_exec_path_validation_is_bounded_and_absolute ... ok
mantle> test protected_exec::tests::protected_launcher_records_allowed_non_shell_command ... ok
mantle> test protected_exec_seccomp::linux::tests::adopted_descendant_reaper_rejects_failed_exit ... ok
mantle> test protected_exec::tests::protected_launcher_take_audit_events_drains_events ... ok
mantle> test protected_exec_seccomp::linux::tests::seccomp_listeners_require_distinct_fresh_worker_threads ... FAILED
mantle> test protected_exec_seccomp::linux::tests::diagnostic_observer_records_exact_paths_without_granting_authority ... ok
mantle> test protected_exec_seccomp::linux::tests::seccomp_supervisor_denies_digest_mismatch_before_execve ... ok
mantle> test protected_exec_seccomp::linux::tests::seccomp_supervisor_allows_declared_execve ... ok
mantle> test protected_exec_seccomp::linux::tests::seccomp_supervisor_allows_declared_execveat_descendant ... ok
mantle> test protected_exec_seccomp::linux::tests::seccomp_supervisor_denies_execveat_non_fdcwd_dirfd ... ok
mantle> test protected_exec_seccomp::linux::tests::seccomp_supervisor_denies_relative_exec_path ... ok
mantle> test protected_exec_seccomp::linux::tests::seccomp_supervisor_denies_undeclared_host_bwrap_before_execve ... ok
mantle> test protected_exec_seccomp::linux::tests::seccomp_supervisor_denies_unreadable_exec_path ... ok
mantle> test protected_exec_seccomp::linux::tests::seccomp_supervisor_unsupported_arch_fails_closed_before_filter_install ... ok
mantle> test protected_exec_seccomp::linux::tests::tracee_root_join_maps_sandbox_bin_sh_inside_root ... ok
mantle> test protected_exec_seccomp::linux::tests::tracee_root_join_rejects_ambiguous_relative_and_parent_paths ... ok
mantle> test remote_credentials::tests::invalid_entropy_and_repeated_entropy_fail_closed ... ok
mantle> test remote_credentials::tests::legacy_public_seed_prediction_does_not_match_new_token ... ok
mantle> test remote_credentials::tests::malformed_structural_state_cannot_reach_authentication_policy ... ok
mantle> test remote_credentials::tests::malformed_tokens_and_wrong_keys_fail_authentication ... ok
mantle> test remote_credentials::tests::nominal_roles_accept_valid_boundaries ... ok
mantle> test remote_credentials::tests::nominal_roles_reject_invalid_boundaries_and_overflow ... ok
mantle> test remote_credentials::tests::persisted_state_rejects_policy_limit_and_identity_violations ... ok
mantle> test remote_credentials::tests::policy_checks_follow_successful_verifier_comparison ... ok
mantle> test remote_credentials::tests::reviewed_ttl_and_use_boundaries_are_enforced ... ok
mantle> test remote_credentials::tests::secret_nominal_types_format_only_as_redacted ... ok
mantle> test remote_credentials::tests::state_serialization_contains_verifier_but_not_bearer_material ... ok
mantle> test remote_credentials::tests::valid_entropy_issues_and_verifies_ticket ... ok
mantle> test remote_credentials::tests::verifier_key_parser_rejects_malformed_and_zero_keys ... ok
mantle> test remote_credentials::tests::verifier_serialization_is_strict_and_debug_is_redacted ... ok
mantle> test protected_exec_seccomp::linux::tests::seccomp_supervisor_resolves_symlink_before_digesting ... ok
mantle> test protected_exec_seccomp::linux::tests::seccomp_supervisor_denies_orphan_exec_without_subreaper_adoption ... ok
mantle> test protected_exec_seccomp::linux::tests::seccomp_supervisor_reads_deep_descendant_exec_path ... ok
mantle> 
mantle> failures:
mantle> 
mantle> ---- protected_exec_seccomp::linux::tests::seccomp_listeners_require_distinct_fresh_worker_threads stdout ----
mantle> 
mantle> thread 'protected_exec_seccomp::linux::tests::seccomp_listeners_require_distinct_fresh_worker_threads' (11759) panicked at src/protected_exec_seccomp.rs:1081:13:
mantle> stdout=
mantle> running 1 test
mantle> test protected_exec_seccomp::linux::tests::seccomp_listeners_require_distinct_fresh_worker_threads ... FAILED
mantle> 
mantle> failures:
mantle> 
mantle> failures:
mantle>     protected_exec_seccomp::linux::tests::seccomp_listeners_require_distinct_fresh_worker_threads
mantle> 
mantle> test result: FAILED. 0 passed; 1 failed; 0 ignored; 0 measured; 173 filtered out; finished in 0.01s
mantle> 
mantle> 
mantle> stderr=
mantle> thread 'protected_exec_seccomp::linux::tests::seccomp_listeners_require_distinct_fresh_worker_threads' (11761) panicked at src/protected_exec_seccomp.rs:1369:76:
mantle> called `Result::unwrap()` on an `Err` value: Os { code: 2, kind: NotFound, message: "No such file or directory" }
mantle> note: run with `RUST_BACKTRACE=1` environment variable to display a backtrace
mantle> 
mantle> note: run with `RUST_BACKTRACE=1` environment variable to display a backtrace
mantle> 
mantle> 
mantle> failures:
mantle>     protected_exec_seccomp::linux::tests::seccomp_listeners_require_distinct_fresh_worker_threads
mantle> 
mantle> test result: FAILED. 173 passed; 1 failed; 0 ignored; 0 measured; 0 filtered out; finished in 0.36s
mantle> 
mantle> error: test failed, to rerun pass `--lib`
error: Cannot build '/nix/store/3rnxcfiz8jknsvbaz791vl6gxb6xcjwz-mantle-0.1.0.drv'.
       Reason: builder failed with exit code 101.
       Output paths:
         /nix/store/pc0c9hx1gkif5i1kdh4c2m5yqhy3jllg-mantle-0.1.0
       Last 25 log lines:
       > running 1 test
       > test protected_exec_seccomp::linux::tests::seccomp_listeners_require_distinct_fresh_worker_threads ... FAILED
       >
       > failures:
       >
       > failures:
       >     protected_exec_seccomp::linux::tests::seccomp_listeners_require_distinct_fresh_worker_threads
       >
       > test result: FAILED. 0 passed; 1 failed; 0 ignored; 0 measured; 173 filtered out; finished in 0.01s
       >
       >
       > stderr=
       > thread 'protected_exec_seccomp::linux::tests::seccomp_listeners_require_distinct_fresh_worker_threads' (11761) panicked at src/protected_exec_seccomp.rs:1369:76:
       > called `Result::unwrap()` on an `Err` value: Os { code: 2, kind: NotFound, message: "No such file or directory" }
       > note: run with `RUST_BACKTRACE=1` environment variable to display a backtrace
       >
       > note: run with `RUST_BACKTRACE=1` environment variable to display a backtrace
       >
       >
       > failures:
       >     protected_exec_seccomp::linux::tests::seccomp_listeners_require_distinct_fresh_worker_threads
       >
       > test result: FAILED. 173 passed; 1 failed; 0 ignored; 0 measured; 0 filtered out; finished in 0.36s
       >
       > error: test failed, to rerun pass `--lib`
       For full logs, run:
         nix log /nix/store/3rnxcfiz8jknsvbaz791vl6gxb6xcjwz-mantle-0.1.0.drv
