372a51aef1c1d06bef3ec1963bc61e89598b2912c8e709dce747637ffe49587d  stagex-ylwrap-sed-runner.c
d675a75869cba2e3c7cdb932ee75106a4a6094161e4d95fc196c08aa7b9723f8  stagex-ylwrap-sed-runner
f8a7228b0341fc4569583055936d9386de26c14a92e0da6e850f4c080abccbbc  stagex-sed-regular-file-bridge.sh
c3fcb7af220adc52a4ed74820a8e6de796794784f2b298ca63fcfc976f317cea  sed-bridge-audit.canonical.tsv
a7651398804ef354751a13adcb1737594daa698436199e038b9e23e2fd34f96b  generated/binutils/arlex.c
ec179b3977cc538050bb489823bfa6c43a311ec67335ffe4cb4111b322de7cc3  generated/binutils/arparse.c
54a34ca3ad6f80904f8568c2e0a1f18e68600ca2cff13cd24332913c49870a63  generated/binutils/arparse.h
4eba4042e9924ae639d7182c0eb13b59b6406bd31f8f0b3f5d9479f9bc18a0f5  generated/binutils/deflex.c
89844969db9d92164655611d77b7c589d1d0d5d932d7c66482b90789983fbf44  generated/binutils/defparse.c
f9e928aabcb4143ce830fe53ffbe66dea8410e64e3c8e34aa34ee7b50348de2e  generated/binutils/defparse.h
71ca1f4104e274f9ea2f200f02d024454b7ac269325e0624acdc483051d23217  generated/binutils/mcparse.c
aa74efe27fe5fbd514bedf7b874f6b6c0779be7bfde3dc97f38a2995614714ab  generated/binutils/mcparse.h
483a0b561e6cd5d81df3021b42f0e1b4b1c2c34686e71fe3f53fa44a2b62717b  generated/binutils/rcparse.c
d9f4bd2e6658415d47ac912f8100fa146b2b15a829f91619c973d408c164f668  generated/binutils/rcparse.h
af8fcaa29abe44488b1f59c264fb13f0e3b406cefd03f1b1d355c0782bf9e596  generated/binutils/sysinfo.c
bfbc3c0d30b7794327e677dcc489ff7f5d0605056ff49382367e51bde6cdb9fe  generated/binutils/sysinfo.h
81483133f1e1a0f7ba29f2ae05e5763a29162c14fb07dbbfc1f46a911694e966  generated/binutils/syslex.c
e4c71b6be835a49699194a1b1876523932d0e190c1f419995e29323d72dfc3db  generated/ld/deffilep.c
be773b3845dc5828c630b4e306f9fbf4696cde5fb702a284e40040fc7e5154fa  generated/ld/deffilep.h
502a2f1efd43b0942b58e5e96f178ce5e8121b3b25ce9c9eeb77727e48a87351  generated/ld/ldgram.c
48be12d5e50a085c2fc42c801af6da916c0385bf42f859fd989abb0fecaa71e1  generated/ld/ldgram.h
d02762fcb534e9ba26b97defacc3bc3aa53dad984f42df99b296d6012f5d0272  generated/ld/ldlex.c
preprocess_count=145
sed_bridge_invocation_count=3488
ylwrap_sed_invocation_count=18
