warning: /home/brittonr/git/OnixResearch/mantle/.pi/worktrees/drain-bind-source-review-evidence/Cargo.toml: file `/home/brittonr/git/OnixResearch/mantle/.pi/worktrees/drain-bind-source-review-evidence/src/main.rs` found to be present in multiple build targets:
  * `bin` target `crunch`
  * `bin` target `mantle`
    Blocking waiting for file lock on package cache
    Blocking waiting for file lock on package cache
   Compiling crunch-release-core v0.1.0 (/home/brittonr/git/OnixResearch/mantle/.pi/worktrees/drain-bind-source-review-evidence/crates/crunch-release-core)
    Finished `test` profile [unoptimized + debuginfo] target(s) in 9.66s
     Running unittests src/lib.rs (/home/brittonr/.cargo-target/debug/deps/crunch_release_core-222c0be1741f24e3)

running 235 tests
test cairn_handoff::tests::artifact_and_policy_paths_must_be_globally_unique ... ok
test ast_grep::tests::release_attachment_must_preserve_sidecar_non_claims ... ok
test ast_grep::tests::self_consistent_unpinned_tool_version_fails_closed ... ok
test ast_grep::tests::rule_test_summary_counts_must_balance ... ok
test ast_grep::tests::negative_fixture_matrix_fails_closed_with_deterministic_diagnostics ... ok
test ast_grep::tests::canonical_sidecar_identity_is_order_independent ... ok
test cairn_handoff::tests::required_profile_rejects_missing_receipt ... ok
test ast_grep::tests::positive_scan_and_rule_test_fixtures_validate ... ok
test cairn_handoff::tests::measured_handoff_and_same_bundle_receipt_pass ... ok
test chapter_transport::tests::invalid_entry_size_mode_and_shape_fail_closed ... ok
test chapter_transport::tests::invalid_plan_matrix_fails_closed ... ok
test chapter_transport::tests::receipt_rejects_stale_digest_counts_and_non_claims ... ok
test cairn_handoff::tests::stale_authentication_and_role_schema_swap_fail_closed ... ok
test content_bound_nominal::tests::malformed_roles_fail_closed ... ok
test content_bound_nominal::tests::nominal_content_bound_values_admit_valid_roles ... ok
test cairn_handoff::tests::stale_bytes_and_cross_bundle_reuse_fail_closed ... ok
test chapter_transport::tests::plan_is_input_order_independent_and_groups_roles ... ok
test content_bound_requirements::tests::legacy_optional_absence_remains_bounded_and_readable ... ok
test chapter_transport::tests::parse_rejects_noncanonical_and_unknown_fields ... ok
test content_bound_requirements::tests::selected_revision_integration_receipt_binds_exact_fixture_bytes ... ok
test chapter_transport::tests::canonical_index_and_receipt_round_trip ... ok
test content_bound_requirements::tests::frozen_cairn_and_valence_contract_fixtures_match_selected_revisions ... ok
test function_address_binding::tests::malformed_and_stale_binding_receipts_fail_closed ... ok
test content_bound_requirements::tests::producer_receipt_from_a_different_repository_fails ... ok
test function_address_binding::tests::manifest_selection_rejects_stale_valence_kamacite_logical_link ... ok
test function_address_binding::tests::manifest_selection_keeps_artifact_and_logical_receipt_digests_distinct ... ok
test determinism::tests::deterministic_receipt_rejects_provider_kind_mismatch ... ok
test determinism::tests::deterministic_receipt_accepts_policy_informational_audit_events ... ok
test determinism::tests::deterministic_receipt_blocks_degraded_audit_even_when_effect_is_declared ... ok
test determinism::tests::deterministic_receipt_accepts_strict_matching_runs ... ok
test function_address_binding::tests::optional_kamacite_metadata_is_all_present_or_all_absent ... ok
test function_address_binding::tests::receipt_hash_detects_non_linkage_tampering ... ok
test determinism::tests::deterministic_receipt_blocks_reused_output_store_identity ... ok
test gauntlet::tests::bootstrap_pressure_blocks_undeclared_protected_exec ... ok
test determinism::tests::deterministic_receipt_blocks_impure_mode ... ok
test function_address_binding::tests::renderer_maps_successful_verification_to_direct_cairn_fields ... ok
test determinism::tests::deterministic_receipt_rejects_unsupported_effect_policy ... ok
test function_address_binding::tests::canonical_receipt_hash_is_deterministic_and_binds_diagnostics ... ok
test determinism::tests::deterministic_receipt_blocks_unknown_audit_events_closed_by_default ... ok
test determinism::tests::deterministic_release_claim_rejects_failed_isolation_evidence ... ok
test content_bound_requirements::tests::stale_registry_wrong_repository_and_domain_substitution_fail ... ok
test gauntlet::tests::canonical_bytes_are_stable_for_equivalent_continuous_reports ... ok
test determinism::tests::deterministic_receipt_rejects_unsupported_sandbox_profile ... ok
test determinism::tests::deterministic_receipt_rejects_digest_drift ... ok
test function_address_binding::tests::rust_renderer_matches_registered_preserves_positive_fixture ... ok
test function_address_binding::tests::rust_renderer_matches_registered_positive_fixture ... ok
test function_address_binding::tests::renderer_preserves_failure_verification_without_promoting_it ... ok
test determinism::tests::legacy_path_bound_receipt_remains_parseable_but_non_promoting ... ok
test content_bound_requirements::tests::duplicate_coverage_missing_receipt_and_weakened_nonclaims_fail ... ok
test gauntlet::tests::continuous_gauntlet_marks_stale_source_digest ... ok
test determinism::tests::deterministic_sandbox_isolation_evidence_canonical_bytes_sort_checks ... ok
test gauntlet::tests::hermeticity_gauntlet_accepts_clean_strict_cell ... ok
test gauntlet::tests::canonical_report_rejects_malformed_digest ... ok
test gauntlet::tests::continuous_gauntlet_accepts_current_track ... ok
test gauntlet::tests::hermeticity_gauntlet_blocks_strict_violation ... ok
test gauntlet::tests::nix_mantle_comparison_blocks_missing_equivalence_policy ... ok
test gauntlet::tests::nix_mantle_comparison_matches_equivalent_digest_sets ... ok
test gauntlet::tests::repeatability_matrix_blocks_reused_fresh_store ... ok
test gauntlet::tests::repeatability_matrix_matches_fresh_isolated_cell ... ok
test gauntlet::tests::substitution_attack_accepts_trusted_case_and_rejects_malicious_strict_case ... ok
test gauntlet::tests::substitution_attack_blocks_malicious_acceptance ... ok
test determinism::tests::deterministic_receipt_rejects_missing_effect_observations ... ok
test genuine_rebuild::tests::descriptor_rejects_stale_argument_digest_and_single_run ... ok
test immutable_release::tests::deployment_retention_and_readiness_claims_fail_closed ... ok
test immutable_release::tests::canonical_evidence_is_metadata_order_independent ... ok
test global_reproducibility::tests::release_scoped_witness_evidence_alone_does_not_become_global ... ok
test genuine_rebuild::tests::authority_plan_accepts_declared_content_bound_inputs ... ok
test immutable_release::tests::digest_role_substitution_and_missing_binding_fail_closed ... ok
test immutable_release::tests::pointer_switch_and_rollback_preserve_previous_identity ... ok
test immutable_release::tests::evidence_binds_object_pointer_metadata_and_roles ... ok
test immutable_release::tests::pointer_to_missing_object_fails_closed ... ok
test immutable_release::tests::mutated_object_and_declared_identity_mismatch_fail_closed ... ok
test global_reproducibility::tests::global_reproducibility_report_accepts_tiny_eligible_universe ... ok
test manifest::tests::extract_full_proof_identity_fields_rejects_wrong_schema ... ok
test manifest::tests::function_address_policy_accepts_optional_absent_evidence ... ok
test manifest::tests::function_address_policy_rejects_required_absent_evidence ... ok
test immutable_release::tests::immutable_object_accepts_new_and_identical_publication ... ok
test manifest::tests::function_address_release_profile_maps_optional_and_required_modes ... ok
test manifest::tests::extract_full_proof_identity_fields_accepts_valid_manifest ... ok
test genuine_rebuild::tests::authority_plan_blocks_reused_and_overlapping_roots ... ok
test determinism::tests::deterministic_release_claim_rejects_profile_family_mismatch ... ok
test global_reproducibility::tests::global_reproducibility_report_canonical_bytes_are_stable ... ok
test manifest::tests::extract_full_proof_identity_fields_rejects_missing_provider_kind ... ok
test manifest::tests::canonical_bytes_are_stable_and_compact ... ok
test determinism::tests::deterministic_release_claim_requires_isolation_evidence ... ok
test manifest::tests::provider_fixed_point_release_artifact_binding_accepts_matching_binary ... ok
test manifest::tests::provider_fixed_point_release_artifact_binding_rejects_malformed_digest ... ok
test determinism::tests::deterministic_receipt_rejects_unsupported_workflow_version ... ok
test manifest::tests::release_profile_maps_generic_and_onix_stack_modes ... ok
test manifest::tests::generic_binding_receipt_is_deterministic_and_policy_order_independent ... ok
test genuine_rebuild::tests::authority_plan_blocks_whole_bundle_prior_and_ordinary_outputs ... ok
test manifest::tests::release_profile_rejects_unsupported_profile_or_stack_mode ... ok
test genuine_rebuild::tests::authority_plan_blocks_target_copy_alias_and_symlink ... ok
test manifest::tests::release_manifest_rejects_unknown_selected_provider_kind ... ok
test manifest::tests::function_address_policy_accepts_optional_and_required_generic_binding ... ok
test global_reproducibility::tests::global_reproducibility_blocks_required_negative_fixtures ... ok
test manifest::tests::legacy_manifest_omits_additive_content_bound_requirement_field ... ok
test manifest::tests::stack_provenance_policy_accepts_optional_absent_evidence ... ok
test manifest::tests::stack_provenance_policy_accepts_optional_present_evidence ... ok
test genuine_rebuild::tests::descriptor_digest_changes_for_every_authority_identity_drift ... ok
test manifest::tests::stack_provenance_policy_accepts_required_valid_evidence ... ok
test manifest::tests::stack_provenance_policy_rejects_required_absent_evidence ... ok
test determinism::tests::deterministic_receipt_canonical_bytes_are_stable ... ok
test manifest::tests::trellis_proof_optional_mode_accepts_absence_without_observations ... ok
test determinism::tests::deterministic_receipt_blocks_missing_or_unsupported_normalization_controls ... ok
test manifest::tests::provider_fixed_point_release_artifact_binding_rejects_mismatch ... ok
test manifest::tests::generic_binding_digest_changes_for_each_typed_link_domain ... ok
test determinism::tests::deterministic_release_claim_requires_exact_digest_set ... ok
test manifest::tests::provider_fixed_point_release_artifact_binding_rejects_missing_binaries ... ok
test manifest::tests::legacy_function_address_manifest_remains_readable ... ok
test immutable_release::tests::different_object_identity_creates_a_distinct_plan ... ok
test content_bound_requirements::tests::strict_mode_rejects_missing_and_invalid_optional_evidence ... ok
test manifest::tests::trellis_proof_formal_candidate_remains_recorded_only_in_mantle ... ok
test manifest::tests::validate_accepts_deterministic_proof_artifacts ... ok
test manifest::tests::validate_accepts_git_source_acquisition ... ok
test manifest::tests::trellis_proof_required_mode_fails_closed_without_accepted_upstream_authority ... ok
test manifest::tests::validate_accepts_manifest_without_provenance_coverage ... ok
test manifest::tests::stack_provenance_policy_rejects_required_invalid_fixture_matrix ... ok
test manifest::tests::validate_accepts_manifest_with_valid_external_evidence ... ok
test manifest::tests::validate_accepts_manifest_with_valid_provenance_coverage ... ok
test manifest::tests::validate_accepts_matching_external_source_acquisition ... ok
test manifest::tests::validate_accepts_kani_toolchain_evidence_with_matching_receipt ... ok
test manifest::tests::validate_rejects_absolute_member_path ... ok
test manifest::tests::validate_rejects_credential_bearing_git_source_url ... ok
test manifest::tests::validate_rejects_deterministic_proof_duplicate_path ... ok
test manifest::tests::validate_rejects_deterministic_proof_with_wrong_path ... ok
test manifest::tests::validate_rejects_deterministic_proof_with_wrong_role ... ok
test manifest::tests::validate_accepts_provider_fixed_point_proof_artifact ... ok
test manifest::tests::validate_rejects_external_evidence_duplicate_role ... ok
test manifest::tests::validate_rejects_external_evidence_empty_claim_scope ... ok
test manifest::tests::validate_rejects_external_evidence_empty_non_claims ... ok
test determinism::tests::deterministic_release_claim_rejects_missing_isolation_check ... ok
test manifest::tests::validate_rejects_external_evidence_empty_schema ... ok
test manifest::tests::validate_rejects_external_evidence_empty_role ... ok
test manifest::tests::validate_rejects_external_evidence_path_escape ... ok
test manifest::tests::validate_rejects_git_source_archive_digest_mismatch ... ok
test manifest::tests::validate_rejects_git_source_with_malformed_commit ... ok
test manifest::tests::validate_rejects_kani_missing_version ... ok
test manifest::tests::validate_accepts_function_address_through_generic_binding_without_projection ... ok
test manifest::tests::validate_rejects_kani_receipt_without_toolchain_identity ... ok
test manifest::tests::validate_rejects_kani_receipt_digest_mismatch ... ok
test manifest::tests::validate_rejects_kani_semantic_promotion ... ok
test manifest::tests::validate_rejects_kani_stale_closure_identity ... ok
test manifest::tests::validate_rejects_kani_unsupported_solver_metadata ... ok
test manifest::tests::validate_rejects_prerequisite_inventory_linkage_mismatch ... ok
test manifest::tests::validate_accepts_non_function_lifecycle_stub_as_opaque_metadata ... ok
test manifest::tests::validate_accepts_function_address_through_generic_binding_with_projection ... ok
test manifest::tests::validate_rejects_provenance_coverage_with_empty_all_covered_ids ... ok
test manifest::tests::validate_rejects_provenance_coverage_with_invalid_binary_hash ... ok
test manifest::tests::validate_rejects_provenance_coverage_with_weakened_boundary ... ok
test manifest::tests::trellis_proof_registered_fixture_is_optional_recorded_only ... ok
test manifest::tests::trellis_proof_required_accepted_formal_proof_fixture_passes ... ok
test manifest::tests::validate_keeps_non_trellis_proof_profiles_on_the_generic_contract ... ok
test manifest::tests::validate_rejects_external_evidence_invalid_digest ... ok
test manifest::tests::validate_rejects_kani_missing_required_non_claim ... ok
test manifest::tests::function_address_release_profile_rejects_unsupported_profile_or_mode ... ok
test manifest::tests::validate_rejects_provider_fixed_point_proof_file_kind ... ok
test manifest::tests::validate_rejects_provider_fixed_point_proof_with_wrong_role ... ok
test manifest::tests::validate_accepts_multiple_profiles_for_same_non_function_kind ... ok
test manifest::tests::validate_rejects_source_acquisition_digest_mismatch ... ok
test manifest::tests::validate_rejects_unsupported_source_acquisition_url ... ok
test manifest::tests::validate_rejects_stack_provenance_digest_mismatch ... ok
test manifest::tests::validate_rejects_stage2_digest_not_present_in_binaries ... ok
test manifest::tests::validate_rejects_stack_provenance_semantic_promotion ... ok
test manifest::tests::validate_accepts_stack_provenance_release_evidence_with_matching_sidecars ... ok
test nix_witness::tests::build_flag_order_changes_canonical_digest ... ok
test nix_witness::tests::canonicalization_preserves_flag_order_and_sorts_artifact_sets ... ok
test nix_witness::tests::mismatch_receipt_must_not_report_nix_witness_proof_class ... ok
test nix_witness::tests::missing_mantle_proof_digest_is_rejected ... ok
test nix_witness::tests::mismatch_is_fail_closed_to_cross_builder_mismatch_verdict ... ok
test oxide_worker::tests::accepts_valid_oxide_release_worker_fixture ... ok
test determinism::tests::deterministic_receipt_rejects_undeclared_observed_effects ... ok
test proof_audit::tests::approved_downgrade_records_policy_basis_and_narrower_claim ... ok
test proof_audit::tests::clean_or_informational_audit_sets_are_admitted_with_stable_digest ... ok
test oxide_worker::tests::rejects_invalid_oxide_release_worker_fixture_matrix ... ok
test nix_witness::tests::canonical_receipt_is_compact_stable_and_digest_bound ... ok
test proof_audit::tests::unknown_or_unapproved_audit_events_fail_closed ... ok
test proof_eligibility::tests::clean_strict_evidence_is_admitted ... ok
test nix_witness::tests::receipt_digest_must_match_canonical_bytes ... ok
test proof_eligibility::tests::missing_or_degraded_fact_classes_are_reported ... ok
test proof_eligibility::tests::practical_impure_and_missing_modes_are_blocked ... ok
test proof_eligibility::tests::unapproved_audit_events_fail_closed ... ok
test publication::tests::invalid_layout_and_policy_fail_closed ... ok
test publication::tests::cleanup_failure_can_augment_one_phase_failure_only ... ok
test publication::tests::plan_identity_is_deterministic_and_has_no_stage_name_input ... ok
test publication::tests::preexisting_destination_shapes_are_all_blockers ... ok
test reproducibility::tests::reproducibility_report_accepts_matching_linkage ... ok
test reproducibility::tests::reproducibility_report_accepts_matching_artifact_names_out_of_order ... ok
test publication::tests::state_machine_accepts_only_the_verified_commit_sequence ... ok
test publication::tests::state_machine_rejects_skips_and_post_commit_failures ... ok
test publication::tests::verification_rejection_and_commit_race_are_terminal_failures ... ok
test nix_witness::tests::verdict_must_match_digest_set_comparison ... ok
test publication::tests::plan_identity_changes_with_release_layout_input_or_policy ... ok
test publication::tests::staged_artifacts_must_match_the_pre_mutation_plan ... ok
test reproducibility::tests::reproducibility_report_accepts_mismatched_digest ... ok
test reproducibility::tests::reproducibility_report_accepts_missing_rebuilt_artifact_fixture ... ok
test reproducibility::tests::reproducibility_report_rejects_failed_verdict_with_rebuild_claim ... ok
test reproducibility::tests::reproducibility_report_rejects_impure_rebuild_claim ... ok
test reproducibility::tests::reproducibility_report_canonical_bytes_are_stable_and_sorted ... ok
test reproducibility::tests::reproducibility_report_rejects_matched_artifact_with_drift ... ok
test reproducibility::tests::reproducibility_report_rejects_missing_artifact_with_observed_digest ... ok
test reproducibility::tests::reproducibility_report_rejects_output_name_drift_fixture ... ok
test reproducibility::tests::reproducibility_report_rejects_rebuild_class_without_clean_store_identity ... ok
test reproducibility::tests::reproducibility_report_digest_is_blake3_of_canonical_bytes ... ok
test reproducibility::tests::reproducibility_report_rejects_proof_linkage_mismatch_fixture ... ok
test source_archive::tests::private_runtime_and_lifecycle_paths_are_excluded ... ok
test source_archive::tests::submodules_are_rejected ... ok
test source_archive::tests::source_paths_with_target_named_components_are_preserved ... ok
test source_archive::tests::symlink_targets_must_stay_relative ... ok
test source_archive::tests::unordered_entries_produce_stable_member_order ... ok
test source_archive::tests::unsafe_paths_are_rejected ... ok
test tree_copy::tests::blocker_order_is_deterministic_by_path_and_kind ... ok
test tree_copy::tests::compatibility_order_uses_mantle_string_paths_not_component_order ... ok
test tree_copy::tests::deterministic_plan_orders_directories_files_then_internal_symlinks ... ok
test tree_copy::tests::named_entry_depth_and_path_bounds_fail_closed ... ok
test tree_copy::tests::invalid_paths_parent_shapes_duplicates_and_special_files_are_rejected ... ok
test tree_copy::tests::zero_limits_are_rejected_before_entry_validation ... ok
test verification_decision::tests::all_required_contributors_accept_only_when_satisfied ... ok
test strict_regression::tests::strict_regression_suite_blocks_when_poisoned_fixture_is_admitted ... ok
test strict_regression::tests::strict_regression_suite_blocks_missing_required_axis ... ok
test strict_regression::tests::strict_regression_suite_blocks_unstable_clean_output_digest ... ok
test verification_decision::tests::completeness_guard_maps_every_required_contributor ... ok
test verification_decision::tests::diagnostic_overflow_is_bounded_and_fails_closed ... ok
test strict_regression::tests::strict_regression_suite_accepts_clean_and_poisoned_fixture_outcomes ... ok
test tree_copy::tests::symlink_policy_accepts_only_relative_targets_naming_another_planned_entry ... ok
test verification_decision::tests::one_required_blocker_rejects_manifest_success ... ok
test strict_regression::tests::strict_regression_suite_marks_unsupported_axis_as_non_claim ... ok
test verification_decision::tests::optional_absence_does_not_block_acceptance ... ok
test verification_decision::tests::multiple_required_blockers_keep_contributor_and_diagnostic_order ... ok
test manifest::tests::function_address_preserves_binding_passes_optional_and_required_modes ... ok
test content_bound_requirements::tests::valid_content_bound_release_is_order_independent ... ok
test manifest::tests::function_address_preserves_binding_rejects_invalid_metadata_matrix ... ok
test manifest::tests::trellis_proof_negative_fixture_matrix_fails_closed ... ok
test manifest::tests::function_address_generic_binding_rejects_invalid_fixture_matrix ... ok
test chapter_transport::tests::count_and_total_byte_limits_fail_closed ... ok

test result: ok. 235 passed; 0 failed; 0 ignored; 0 measured; 0 filtered out; finished in 0.01s

   Doc-tests crunch_release_core

running 1 test
test crates/crunch-release-core/src/content_bound_nominal.rs - content_bound_nominal::CheckedRequirementDigest (line 172) - compile fail ... ok

test result: ok. 1 passed; 0 failed; 0 ignored; 0 measured; 0 filtered out; finished in 0.29s

