mantle-runtime-fingerprint {"schema":"mantle-runtime-fingerprint-v1","mantle_version":"0.1.0","command":"self-build","logical_store_prefix":"/mantle/store","physical_store_dir":"/nix/store","state_dir":"/home/brittonr/.local/state/crunch","json_mode":false,"verbosity_source":"verbose-flag","diagnostic_scope":"selected-runtime-context-only","hermeticity_mode":"strict","substitution_mode":"disabled","substituter_count":0,"signing_key_selected":false,"trusted_public_key_count":0,"trust_unsigned":false}
Generated signing key: crunch-leviathan-1 (/home/brittonr/mantle-runs/receipt-fix-v31/.source-built-fixed-point-v48-final-receipt-20260823.source-built-fixed-point-staging-986207/native-state/signing-key)
[2m2026-08-23T06:59:53.461203Z[0m [32m INFO[0m [2mcrunch_store::handle[0m[2m:[0m blob service opened [3mpath[0m[2m=[0m/home/brittonr/mantle-runs/receipt-fix-v31/.source-built-fixed-point-v48-final-receipt-20260823.source-built-fixed-point-staging-986207/native-state/blobs
[2m2026-08-23T06:59:53.461551Z[0m [32m INFO[0m [2mredb::db[0m[2m:[0m Opening database "FileBackend { lock_supported: true, file: File { fd: 13, path: \"/home/brittonr/mantle-runs/receipt-fix-v31/.source-built-fixed-point-v48-final-receipt-20260823.source-built-fixed-point-staging-986207/native-state/directories.redb\", read: true, write: true } }"
[2m2026-08-23T06:59:53.481372Z[0m [33m WARN[0m [2mredb::db[0m[2m:[0m Database "FileBackend { lock_supported: true, file: File { fd: 13, path: \"/home/brittonr/mantle-runs/receipt-fix-v31/.source-built-fixed-point-v48-final-receipt-20260823.source-built-fixed-point-staging-986207/native-state/directories.redb\", read: true, write: true } }" not shutdown cleanly. Repairing
[2m2026-08-23T06:59:53.491345Z[0m [32m INFO[0m [2mredb::db[0m[2m:[0m Opening database "FileBackend { lock_supported: true, file: File { fd: 14, path: \"/home/brittonr/mantle-runs/receipt-fix-v31/.source-built-fixed-point-v48-final-receipt-20260823.source-built-fixed-point-staging-986207/native-state/pathinfo.redb\", read: true, write: true } }"
[2m2026-08-23T06:59:53.496551Z[0m [33m WARN[0m [2mredb::db[0m[2m:[0m Database "FileBackend { lock_supported: true, file: File { fd: 14, path: \"/home/brittonr/mantle-runs/receipt-fix-v31/.source-built-fixed-point-v48-final-receipt-20260823.source-built-fixed-point-staging-986207/native-state/pathinfo.redb\", read: true, write: true } }" not shutdown cleanly. Repairing
[2m2026-08-23T06:59:53.506143Z[0m [32m INFO[0m [2mcrunch_store::handle[0m[2m:[0m PathInfo database opened [3mpath[0m[2m=[0m/home/brittonr/mantle-runs/receipt-fix-v31/.source-built-fixed-point-v48-final-receipt-20260823.source-built-fixed-point-staging-986207/native-state/pathinfo.redb
[2m2026-08-23T06:59:55.032094Z[0m [32m INFO[0m [2mcrunch_store::handle[0m[2m:[0m blob service opened [3mpath[0m[2m=[0m/home/brittonr/mantle-runs/receipt-fix-v31/.source-built-fixed-point-v48-final-receipt-20260823.source-built-fixed-point-staging-986207/native-state/blobs
[2m2026-08-23T06:59:55.032333Z[0m [32m INFO[0m [2mredb::db[0m[2m:[0m Opening database "FileBackend { lock_supported: true, file: File { fd: 13, path: \"/home/brittonr/mantle-runs/receipt-fix-v31/.source-built-fixed-point-v48-final-receipt-20260823.source-built-fixed-point-staging-986207/native-state/directories.redb\", read: true, write: true } }"
[2m2026-08-23T06:59:55.032670Z[0m [32m INFO[0m [2mredb::db[0m[2m:[0m Found valid allocator state, full repair not needed
[2m2026-08-23T06:59:55.044797Z[0m [32m INFO[0m [2mredb::db[0m[2m:[0m Opening database "FileBackend { lock_supported: true, file: File { fd: 14, path: \"/home/brittonr/mantle-runs/receipt-fix-v31/.source-built-fixed-point-v48-final-receipt-20260823.source-built-fixed-point-staging-986207/native-state/pathinfo.redb\", read: true, write: true } }"
[2m2026-08-23T06:59:55.044889Z[0m [32m INFO[0m [2mredb::db[0m[2m:[0m Found valid allocator state, full repair not needed
[2m2026-08-23T06:59:55.048416Z[0m [32m INFO[0m [2mcrunch_store::handle[0m[2m:[0m PathInfo database opened [3mpath[0m[2m=[0m/home/brittonr/mantle-runs/receipt-fix-v31/.source-built-fixed-point-v48-final-receipt-20260823.source-built-fixed-point-staging-986207/native-state/pathinfo.redb
Admitted full-source provider /home/brittonr/mantle-runs/receipt-fix-v31/.source-built-fixed-point-v48-final-receipt-20260823.source-built-fixed-point-staging-986207/native-store/kcvijyh0sibqcc4g9sqk694xyslzhpsx-full-source-seed-toolchain
  output_digest_blake3: 63d9bc23cfcc232726527c141132ea35bc7ef9adf4ed7a952b5baa62bd466ed9
  source_closure_blake3: 7a97f836c8daa3dc5cbdf51a2d6ca59e7b995debac22fe5d08c091e667828778
  metadata_digest_blake3: 50ac462f76ed2033a6d760a9271081351ccb9493e6d9cd796e7b6abdab02a826
  report: /home/brittonr/mantle-runs/receipt-fix-v31/.source-built-fixed-point-v48-final-receipt-20260823.source-built-fixed-point-staging-986207/full-source-provider-admission.json
Materialized source-built native toolchain closure /home/brittonr/mantle-runs/receipt-fix-v31/.source-built-fixed-point-v48-final-receipt-20260823.source-built-fixed-point-staging-986207/source-built-toolchain-closure.json
  members: 17
  policy_digest_blake3: 78b6826b834f4aafd42cccfdc55e95b27df08be5698505d531a7e82b0a3f22b0
Cargo-free fixed-point: success
bundle: /home/brittonr/mantle-runs/receipt-fix-v31/.source-built-fixed-point-v48-final-receipt-20260823.source-built-fixed-point-staging-986207/cargo-free-fixed-point
stage1_binary_blake3: 2403feed4dba0959d1dbb1a202777827e82361492f19a7fc8c642f3b138f599c
stage2_binary_blake3: 2403feed4dba0959d1dbb1a202777827e82361492f19a7fc8c642f3b138f599c
hermeticity_mode: strict
strict_proof_admission: true
Completed source-built Mantle fixed-point proof /home/brittonr/mantle-runs/receipt-fix-v31/source-built-fixed-point-v48-final-receipt-20260823
  plan_digest_blake3: fc61749204d950065ae1c0c40a9272a64040a7a4365e4e60d7bb25ea6fb5e464
  receipt: /home/brittonr/mantle-runs/receipt-fix-v31/source-built-fixed-point-v48-final-receipt-20260823/deterministic-build-proof.json
