warning: Cargo.toml: file `/home/brittonr/git/OnixResearch/mantle/.pi/worktrees/repair-bootstrap-parity-baseline/src/main.rs` found to be present in multiple build targets:
  * `bin` target `crunch`
  * `bin` target `mantle`
warning: `mantle` (manifest) generated 1 warning
    Blocking waiting for file lock on build directory
warning: field `listener_fd` is never read
  --> src/protected_exec_seccomp.rs:77:9
   |
75 |     pub struct DiagnosticExecObserver {
   |                ---------------------- field in this struct
76 |         audit_events: Arc<Mutex<Vec<ProtectedSeccompAuditEvent>>>,
77 |         listener_fd: RawFd,
   |         ^^^^^^^^^^^
   |
   = note: `DiagnosticExecObserver` has a derived impl for the trait `Debug`, but this is intentionally ignored during dead code analysis
   = note: `#[warn(dead_code)]` (part of `#[warn(unused)]`) on by default

warning: method `listener_fd` is never used
  --> src/protected_exec_seccomp.rs:88:16
   |
80 |     impl DiagnosticExecObserver {
   |     --------------------------- method in this implementation
...
88 |         pub fn listener_fd(&self) -> RawFd {
   |                ^^^^^^^^^^^

warning: `mantle` (bin "mantle" test) generated 2 warnings
    Finished `test` profile [unoptimized + debuginfo] target(s) in 10.41s
warning: the following packages contain code that will be rejected by a future version of Rust: n0-future v0.3.2, nix v0.29.0, nix v0.31.3, proc-macro-error2 v2.0.1
note: to see what the problems were, use the option `--future-incompat-report`, or run `cargo report future-incompatibilities --id 13`
     Running unittests src/main.rs (/home/brittonr/.cargo-target/debug/deps/mantle-c4cda174cbbb31df)

running 20 tests
test operator_contract::tests::catalog_accepts_matching_sorted_commands ... ok
test operator_contract::tests::catalog_rejects_alias_drift ... ok
test operator_contract::tests::catalog_rejects_flag_drift ... ok
test operator_contract::tests::catalog_rejects_json_contract_drift ... ok
test operator_contract::tests::catalog_rejects_stale_inventory_command ... ok
test operator_contract::tests::catalog_rejects_undocumented_command ... ok
test operator_contract::tests::generic_failure_has_no_invented_action ... ok
test operator_contract::tests::inventory_decode_rejects_malformed_generated_data ... ok
test operator_contract::tests::inventory_decode_rejects_unknown_support_state ... ok
test operator_contract::tests::inventory_rejects_compatibility_without_removal_gate ... ok
test operator_contract::tests::inventory_rejects_conflicting_surface_roles ... ok
test operator_contract::tests::inventory_rejects_duplicate_compatibility_spelling ... ok
test operator_contract::tests::inventory_rejects_missing_supported_operation ... ok
test operator_contract::tests::inventory_rejects_oversized_surface_collection ... ok
test operator_contract::tests::inventory_rejects_unknown_exit_class ... ok
test operator_contract::tests::inventory_rejects_unowned_surface ... ok
test operator_contract::tests::remediation_classifier_covers_reviewed_failure_classes ... ok
test operator_contract::tests::remediation_human_and_json_share_the_same_action ... ok
test operator_contract::tests::remediation_redacts_secret_bearing_subjects ... ok
test operator_contract::tests::workflow_rejects_a_documented_flag_missing_from_clap ... ok

test result: ok. 20 passed; 0 failed; 0 ignored; 0 measured; 2530 filtered out; finished in 0.00s

