{
  "layout": "cairn",
  "resolution": {
    "diagnostics": [],
    "locator_consulted": false,
    "registry_lookup": "local_locator_only",
    "selected": {
      "project_identity": null,
      "root": ".",
      "source": "explicit_root",
      "store_id": null,
      "store_identity": null
    },
    "valid": true
  },
  "root": ".",
  "spec": {
    "id": "dynamic-plan-source-slices",
    "markdown": "# Dynamic Plan Source Slices Specification\n\n## Purpose\n\nDefines the `dynamic-plan-source-slices` capability.\n\n## Requirements\n\n### Requirement: Source slices use a versioned plan schema\n\nr[mantle.dynamic_plan_source_slices.versioned_schema] Mantle MUST accept source slices only in plans whose schema is `mantle-plan-v2`. A slice MUST declare a source id, a producer output name, a relative subpath, a store name, and an expected NAR BLAKE3. Mantle MUST keep `mantle-plan-v1` decoding, canonical bytes, and plan digests unchanged.\n\n#### Scenario: Version 2 plan declares a slice\n\n- GIVEN a producer declares a dynamic-plan output containing a `mantle-plan-v2` plan with one slice of its `sources` output\n- WHEN the worker decodes and validates the plan\n- THEN the plan MUST be admitted with the slice as a typed source and a canonical BLAKE3 plan digest that covers the slice's expected digest\n\n#### Scenario: Version 1 plan uses slice fields\n\n- GIVEN a `mantle-plan-v1` plan contains a slice-shaped source entry\n- WHEN the worker decodes it\n- THEN decoding MUST fail with a typed invalid-plan rejection\n- AND no unit MUST be registered from that plan\n\n#### Scenario: Accepted v1 fixture is unchanged\n\n- GIVEN an accepted `mantle-plan-v1` golden fixture\n- WHEN it is decoded and canonicalized after this change\n- THEN its canonical bytes and plan digest MUST equal the recorded values\n\n### Requirement: Slices are admitted before unit registration\n\nr[mantle.dynamic_plan_source_slices.content_admission] The worker MUST admit every slice of an accepted plan before registering any of that plan's units. Admission MUST locate the subtree inside the named producer output, MUST verify that its observed NAR BLAKE3 equals the declared value, and MUST publish it with signed PathInfo through the existing verified-source admission capability. Mantle MUST NOT add a second source admission path or a store interface inside the sandbox.\n\n#### Scenario: Slice becomes a source\n\n- GIVEN an accepted v2 plan whose slice names an existing directory in a declared producer output with a matching digest\n- WHEN the worker handles the producer's completion\n- THEN the slice MUST have signed PathInfo before any unit of the plan is registered\n- AND a unit that references the slice through `{{mantle-source:ID}}` MUST see that store path in its sandbox\n\n#### Scenario: Digest mismatch\n\n- GIVEN a slice whose observed NAR BLAKE3 differs from the declared value\n- WHEN the worker plans admission\n- THEN it MUST reject the plan with `slice-digest-mismatch`\n- AND it MUST NOT publish any slice or register any unit from that plan\n\n### Requirement: Slice identity depends only on content and name\n\nr[mantle.dynamic_plan_source_slices.content_identity] A slice's logical store path MUST be derived from its NAR content and declared store name under the configured logical prefix. The producing derivation, the producer output name, and the subpath MUST NOT affect the path.\n\n#### Scenario: Unchanged slice across producer reruns\n\n- GIVEN a producer rerun whose output changed only outside one slice\n- WHEN both plans are admitted\n- THEN that slice MUST resolve to the same store path in both runs\n- AND units whose derivations depend only on unchanged slices and unchanged inputs MUST keep their derivation paths\n\n#### Scenario: Identical content at two subpaths\n\n- GIVEN two slices with the same store name and identical content at different subpaths\n- WHEN the worker admits them\n- THEN both MUST resolve to one store path that is published once\n\n### Requirement: Slice admission is bounded and fails closed\n\nr[mantle.dynamic_plan_source_slices.bounded_rejection] Mantle MUST enforce named limits on slice count, subpath bytes, subpath depth, and admitted bytes per plan. It MUST reject undeclared producer outputs, absolute or escaping subpaths, empty path components, absent subpaths, symlinks on the walk to a slice root, and one source id declared with conflicting content. It MUST evaluate every slice before the first publication and MUST publish either all slices of a plan or none.\n\n#### Scenario: Escaping subpath\n\n- GIVEN a slice subpath containing `..`\n- WHEN the pure core validates the plan\n- THEN it MUST reject the plan with `slice-subpath-invalid` before any store effect\n\n#### Scenario: Symlink on the walk path\n\n- GIVEN a slice subpath whose intermediate component is a symlink in the producer output\n- WHEN the worker plans admission\n- THEN it MUST reject the plan with `slice-symlink-traversal` without following the link\n\n#### Scenario: Limit exceeded\n\n- GIVEN a plan whose slices exceed the named admitted-byte limit\n- WHEN the worker plans admission\n- THEN it MUST reject the plan with `slice-limit` naming the limit\n- AND registry, goal, and scheduler state MUST remain unchanged\n\n### Requirement: Slice admission is reported\n\nr[mantle.dynamic_plan_source_slices.provenance] Native dynamic-plan report rows MUST record, for every declared slice, the source id, producer output, subpath, declared and observed NAR BLAKE3, admitted store path when present, and admitted or rejected disposition, in canonical order.\n\n#### Scenario: Accepted plan with slices\n\n- GIVEN a v2 plan with two admitted slices\n- WHEN the build report is written\n- THEN the plan's native dynamic-plan row MUST list both slices with their store paths in source-id order\n\n#### Scenario: Rejected slice\n\n- GIVEN a v2 plan rejected for one absent slice\n- WHEN the build report is written\n- THEN the row MUST record the rejection kind and subpath\n- AND it MUST NOT list an admitted store path for any slice of that plan\n",
    "path": "./.cairn/specs/dynamic-plan-source-slices/spec.md",
    "title": "Dynamic Plan Source Slices Specification"
  }
}
