mantle-runtime-fingerprint {"schema":"mantle-runtime-fingerprint-v1","mantle_version":"0.1.0","command":"self-build","logical_store_prefix":"/mantle/store","physical_store_dir":"/nix/store","state_dir":"/home/brittonr/.local/state/crunch","json_mode":false,"verbosity_source":"verbose-flag","diagnostic_scope":"selected-runtime-context-only","hermeticity_mode":"strict","substitution_mode":"disabled","substituter_count":0,"signing_key_selected":false,"trusted_public_key_count":0,"trust_unsigned":false}
Generated signing key: crunch-leviathan-1 (/home/brittonr/mantle-runs/receipt-fix-v31/.source-built-fixed-point-v42-checkpoint-restored-20260822.source-built-fixed-point-staging-4127284/native-state/signing-key)
[2m2026-08-22T20:35:21.332061Z[0m [32m INFO[0m [2mcrunch_store::handle[0m[2m:[0m blob service opened [3mpath[0m[2m=[0m/home/brittonr/mantle-runs/receipt-fix-v31/.source-built-fixed-point-v42-checkpoint-restored-20260822.source-built-fixed-point-staging-4127284/native-state/blobs
[2m2026-08-22T20:35:21.332473Z[0m [32m INFO[0m [2mredb::db[0m[2m:[0m Opening database "FileBackend { lock_supported: true, file: File { fd: 13, path: \"/home/brittonr/mantle-runs/receipt-fix-v31/.source-built-fixed-point-v42-checkpoint-restored-20260822.source-built-fixed-point-staging-4127284/native-state/directories.redb\", read: true, write: true } }"
[2m2026-08-22T20:35:21.347849Z[0m [33m WARN[0m [2mredb::db[0m[2m:[0m Database "FileBackend { lock_supported: true, file: File { fd: 13, path: \"/home/brittonr/mantle-runs/receipt-fix-v31/.source-built-fixed-point-v42-checkpoint-restored-20260822.source-built-fixed-point-staging-4127284/native-state/directories.redb\", read: true, write: true } }" not shutdown cleanly. Repairing
[2m2026-08-22T20:35:21.358946Z[0m [32m INFO[0m [2mredb::db[0m[2m:[0m Opening database "FileBackend { lock_supported: true, file: File { fd: 14, path: \"/home/brittonr/mantle-runs/receipt-fix-v31/.source-built-fixed-point-v42-checkpoint-restored-20260822.source-built-fixed-point-staging-4127284/native-state/pathinfo.redb\", read: true, write: true } }"
[2m2026-08-22T20:35:21.364574Z[0m [33m WARN[0m [2mredb::db[0m[2m:[0m Database "FileBackend { lock_supported: true, file: File { fd: 14, path: \"/home/brittonr/mantle-runs/receipt-fix-v31/.source-built-fixed-point-v42-checkpoint-restored-20260822.source-built-fixed-point-staging-4127284/native-state/pathinfo.redb\", read: true, write: true } }" not shutdown cleanly. Repairing
[2m2026-08-22T20:35:21.375460Z[0m [32m INFO[0m [2mcrunch_store::handle[0m[2m:[0m PathInfo database opened [3mpath[0m[2m=[0m/home/brittonr/mantle-runs/receipt-fix-v31/.source-built-fixed-point-v42-checkpoint-restored-20260822.source-built-fixed-point-staging-4127284/native-state/pathinfo.redb
[2m2026-08-22T20:35:22.885627Z[0m [32m INFO[0m [2mcrunch_store::handle[0m[2m:[0m blob service opened [3mpath[0m[2m=[0m/home/brittonr/mantle-runs/receipt-fix-v31/.source-built-fixed-point-v42-checkpoint-restored-20260822.source-built-fixed-point-staging-4127284/native-state/blobs
[2m2026-08-22T20:35:22.885872Z[0m [32m INFO[0m [2mredb::db[0m[2m:[0m Opening database "FileBackend { lock_supported: true, file: File { fd: 13, path: \"/home/brittonr/mantle-runs/receipt-fix-v31/.source-built-fixed-point-v42-checkpoint-restored-20260822.source-built-fixed-point-staging-4127284/native-state/directories.redb\", read: true, write: true } }"
[2m2026-08-22T20:35:22.886211Z[0m [32m INFO[0m [2mredb::db[0m[2m:[0m Found valid allocator state, full repair not needed
[2m2026-08-22T20:35:22.900412Z[0m [32m INFO[0m [2mredb::db[0m[2m:[0m Opening database "FileBackend { lock_supported: true, file: File { fd: 14, path: \"/home/brittonr/mantle-runs/receipt-fix-v31/.source-built-fixed-point-v42-checkpoint-restored-20260822.source-built-fixed-point-staging-4127284/native-state/pathinfo.redb\", read: true, write: true } }"
[2m2026-08-22T20:35:22.900501Z[0m [32m INFO[0m [2mredb::db[0m[2m:[0m Found valid allocator state, full repair not needed
[2m2026-08-22T20:35:22.904247Z[0m [32m INFO[0m [2mcrunch_store::handle[0m[2m:[0m PathInfo database opened [3mpath[0m[2m=[0m/home/brittonr/mantle-runs/receipt-fix-v31/.source-built-fixed-point-v42-checkpoint-restored-20260822.source-built-fixed-point-staging-4127284/native-state/pathinfo.redb
Admitted full-source provider /home/brittonr/mantle-runs/receipt-fix-v31/.source-built-fixed-point-v42-checkpoint-restored-20260822.source-built-fixed-point-staging-4127284/native-store/kcvijyh0sibqcc4g9sqk694xyslzhpsx-full-source-seed-toolchain
  output_digest_blake3: 63d9bc23cfcc232726527c141132ea35bc7ef9adf4ed7a952b5baa62bd466ed9
  source_closure_blake3: 7a97f836c8daa3dc5cbdf51a2d6ca59e7b995debac22fe5d08c091e667828778
  metadata_digest_blake3: 50ac462f76ed2033a6d760a9271081351ccb9493e6d9cd796e7b6abdab02a826
  report: /home/brittonr/mantle-runs/receipt-fix-v31/.source-built-fixed-point-v42-checkpoint-restored-20260822.source-built-fixed-point-staging-4127284/full-source-provider-admission.json
error: build failed
source-built fixed-point proof failed closed: error: build failed
external-wrapper: rustc /home/brittonr/mantle-runs/receipt-fix-v31/.source-built-fixed-point-v42-checkpoint-restored-20260822.source-built-fixed-point-staging-4127284/rust-provider/bin/rustc is not a declared source-built toolchain closure member; preserved_attempt=/home/brittonr/mantle-runs/receipt-fix-v31/.source-built-fixed-point-v42-checkpoint-restored-20260822.source-built-fixed-point-staging-4127284
