WRAPPER
started_at=2026-08-22T17:01:15-04:00
wrapper_pid=4134106
source_commit=1b7bf4b4
source_transfer_parity=exact
profile_blake3=7a1cf089b63282efba8c4f42836d77144155f3c5daf035ee383a512693134596
orchestrator_blake3=6eed921c0cac544205a027f85d54c57183d5a4bd0ae30607561a97a18cfb1909
checkpoint_lookup_key_blake3=c2a4995c0435b2d385de630f2c8770b4bbb4c85c525b9e38d0cfed965c417848
checkpoint_digest_blake3=3894008488d95be470c97ebe6994eda40af98564dd0d69ffd05ae801693ba6b3
output=/home/brittonr/mantle-runs/receipt-fix-v31/source-built-fixed-point-v43-checkpoint-restored-20260822
proof_disk_bytes_max=700000000000
proof_jobs=16
finished_at=2026-08-22T18:52:20-04:00
exit_code=1
ATTEMPT
{
  "schema": "mantle-source-built-fixed-point-attempt-v1",
  "status": "failed",
  "plan_digest_blake3": "f587cadaf56521febc244f621ed216df137109b2d06a357324c88e46ec7d04ab",
  "blocker": "error: build failed\nsource-built fixed-point receipt blocked: stage evidence does not match plan: planned stagex-provider-publication StagexProvider, observed stagex-provider StagexProvider"
}LOG_TAIL
mantle-runtime-fingerprint {"schema":"mantle-runtime-fingerprint-v1","mantle_version":"0.1.0","command":"self-build","logical_store_prefix":"/mantle/store","physical_store_dir":"/nix/store","state_dir":"/home/brittonr/.local/state/crunch","json_mode":false,"verbosity_source":"verbose-flag","diagnostic_scope":"selected-runtime-context-only","hermeticity_mode":"strict","substitution_mode":"disabled","substituter_count":0,"signing_key_selected":false,"trusted_public_key_count":0,"trust_unsigned":false}
Generated signing key: crunch-leviathan-1 (/home/brittonr/mantle-runs/receipt-fix-v31/.source-built-fixed-point-v43-checkpoint-restored-20260822.source-built-fixed-point-staging-4134128/native-state/signing-key)
[2m2026-08-22T21:11:39.404652Z[0m [32m INFO[0m [2mcrunch_store::handle[0m[2m:[0m blob service opened [3mpath[0m[2m=[0m/home/brittonr/mantle-runs/receipt-fix-v31/.source-built-fixed-point-v43-checkpoint-restored-20260822.source-built-fixed-point-staging-4134128/native-state/blobs
[2m2026-08-22T21:11:39.405062Z[0m [32m INFO[0m [2mredb::db[0m[2m:[0m Opening database "FileBackend { lock_supported: true, file: File { fd: 13, path: \"/home/brittonr/mantle-runs/receipt-fix-v31/.source-built-fixed-point-v43-checkpoint-restored-20260822.source-built-fixed-point-staging-4134128/native-state/directories.redb\", read: true, write: true } }"
[2m2026-08-22T21:11:39.423568Z[0m [33m WARN[0m [2mredb::db[0m[2m:[0m Database "FileBackend { lock_supported: true, file: File { fd: 13, path: \"/home/brittonr/mantle-runs/receipt-fix-v31/.source-built-fixed-point-v43-checkpoint-restored-20260822.source-built-fixed-point-staging-4134128/native-state/directories.redb\", read: true, write: true } }" not shutdown cleanly. Repairing
[2m2026-08-22T21:11:39.434873Z[0m [32m INFO[0m [2mredb::db[0m[2m:[0m Opening database "FileBackend { lock_supported: true, file: File { fd: 14, path: \"/home/brittonr/mantle-runs/receipt-fix-v31/.source-built-fixed-point-v43-checkpoint-restored-20260822.source-built-fixed-point-staging-4134128/native-state/pathinfo.redb\", read: true, write: true } }"
[2m2026-08-22T21:11:39.440387Z[0m [33m WARN[0m [2mredb::db[0m[2m:[0m Database "FileBackend { lock_supported: true, file: File { fd: 14, path: \"/home/brittonr/mantle-runs/receipt-fix-v31/.source-built-fixed-point-v43-checkpoint-restored-20260822.source-built-fixed-point-staging-4134128/native-state/pathinfo.redb\", read: true, write: true } }" not shutdown cleanly. Repairing
[2m2026-08-22T21:11:39.452097Z[0m [32m INFO[0m [2mcrunch_store::handle[0m[2m:[0m PathInfo database opened [3mpath[0m[2m=[0m/home/brittonr/mantle-runs/receipt-fix-v31/.source-built-fixed-point-v43-checkpoint-restored-20260822.source-built-fixed-point-staging-4134128/native-state/pathinfo.redb
[2m2026-08-22T21:11:40.923833Z[0m [32m INFO[0m [2mcrunch_store::handle[0m[2m:[0m blob service opened [3mpath[0m[2m=[0m/home/brittonr/mantle-runs/receipt-fix-v31/.source-built-fixed-point-v43-checkpoint-restored-20260822.source-built-fixed-point-staging-4134128/native-state/blobs
[2m2026-08-22T21:11:40.924079Z[0m [32m INFO[0m [2mredb::db[0m[2m:[0m Opening database "FileBackend { lock_supported: true, file: File { fd: 13, path: \"/home/brittonr/mantle-runs/receipt-fix-v31/.source-built-fixed-point-v43-checkpoint-restored-20260822.source-built-fixed-point-staging-4134128/native-state/directories.redb\", read: true, write: true } }"
[2m2026-08-22T21:11:40.924427Z[0m [32m INFO[0m [2mredb::db[0m[2m:[0m Found valid allocator state, full repair not needed
[2m2026-08-22T21:11:40.938721Z[0m [32m INFO[0m [2mredb::db[0m[2m:[0m Opening database "FileBackend { lock_supported: true, file: File { fd: 14, path: \"/home/brittonr/mantle-runs/receipt-fix-v31/.source-built-fixed-point-v43-checkpoint-restored-20260822.source-built-fixed-point-staging-4134128/native-state/pathinfo.redb\", read: true, write: true } }"
[2m2026-08-22T21:11:40.938813Z[0m [32m INFO[0m [2mredb::db[0m[2m:[0m Found valid allocator state, full repair not needed
[2m2026-08-22T21:11:40.942517Z[0m [32m INFO[0m [2mcrunch_store::handle[0m[2m:[0m PathInfo database opened [3mpath[0m[2m=[0m/home/brittonr/mantle-runs/receipt-fix-v31/.source-built-fixed-point-v43-checkpoint-restored-20260822.source-built-fixed-point-staging-4134128/native-state/pathinfo.redb
Admitted full-source provider /home/brittonr/mantle-runs/receipt-fix-v31/.source-built-fixed-point-v43-checkpoint-restored-20260822.source-built-fixed-point-staging-4134128/native-store/kcvijyh0sibqcc4g9sqk694xyslzhpsx-full-source-seed-toolchain
  output_digest_blake3: 63d9bc23cfcc232726527c141132ea35bc7ef9adf4ed7a952b5baa62bd466ed9
  source_closure_blake3: 7a97f836c8daa3dc5cbdf51a2d6ca59e7b995debac22fe5d08c091e667828778
  metadata_digest_blake3: 50ac462f76ed2033a6d760a9271081351ccb9493e6d9cd796e7b6abdab02a826
  report: /home/brittonr/mantle-runs/receipt-fix-v31/.source-built-fixed-point-v43-checkpoint-restored-20260822.source-built-fixed-point-staging-4134128/full-source-provider-admission.json
Materialized source-built native toolchain closure /home/brittonr/mantle-runs/receipt-fix-v31/.source-built-fixed-point-v43-checkpoint-restored-20260822.source-built-fixed-point-staging-4134128/source-built-toolchain-closure.json
  members: 17
  policy_digest_blake3: 088a552cb2c3cdbd78887d23a7bcb08adefa687a13e00ae21cd99bfaba6b5a24
Cargo-free fixed-point: success
bundle: /home/brittonr/mantle-runs/receipt-fix-v31/.source-built-fixed-point-v43-checkpoint-restored-20260822.source-built-fixed-point-staging-4134128/cargo-free-fixed-point
stage1_binary_blake3: 4e48a03ef41c18bf98525c9c72d20b99e446db546ede971dc2c5f0118c3ecda7
stage2_binary_blake3: 4e48a03ef41c18bf98525c9c72d20b99e446db546ede971dc2c5f0118c3ecda7
hermeticity_mode: strict
strict_proof_admission: true
error: build failed
source-built fixed-point proof failed closed: error: build failed
source-built fixed-point receipt blocked: stage evidence does not match plan: planned stagex-provider-publication StagexProvider, observed stagex-provider StagexProvider; preserved_attempt=/home/brittonr/mantle-runs/receipt-fix-v31/.source-built-fixed-point-v43-checkpoint-restored-20260822.source-built-fixed-point-staging-4134128
TASK_LOG
[2m18:53:41[0m [33m WARN[0m [2mpueue_lib::network::client[0m[2m:[0m Different protocol version detected '0.30.0'. Consider updating and restarting the daemon.
┌──────────────────────────────────────┐
│ Task 290:    failed with exit code 1 │
└──────────────────────────────────────┘
Command: /home/brittonr/mantle-runs/receipt-fix-v31/run-proof-v43-checkpoint-restored.sh 
   Path: /home/brittonr/mantle-runs/receipt-fix-v31                                      
  Label: v43-checkpoint-restored-fixed-point                                             
  Start: Sat, 22 Aug 2026 17:01:15 -0400                                                 
    End: Sat, 22 Aug 2026 18:52:20 -0400                                                 
