TASK
{"id":293,"created_at":"2026-08-22T19:24:11.324356635-04:00","original_command":"/home/brittonr/mantle-runs/receipt-fix-v31/run-proof-v44-final-receipt.sh","command":"/home/brittonr/mantle-runs/receipt-fix-v31/run-proof-v44-final-receipt.sh","path":"/home/brittonr/mantle-runs/receipt-fix-v31","envs":{"PWD":"/home/brittonr","LC_NUMERIC":"en_US.UTF-8","NO_AT_BRIDGE":"1","_":"/run/current-system/sw/bin/pueue","PATH":"/run/wrappers/bin:/guix/current/bin:/home/brittonr/.guix-home/profile/bin:/home/brittonr/.guix-profile/bin:/home/brittonr/.nix-profile/bin:/nix/profile/bin:/home/brittonr/.local/state/nix/profile/bin:/etc/profiles/per-user/brittonr/bin:/nix/var/nix/profiles/default/bin:/run/current-system/sw/bin","SSH_ASKPASS":"","HOME":"/home/brittonr","GTK_PATH":"/guix/current/lib/gtk-2.0:/guix/current/lib/gtk-3.0:/guix/current/lib/gtk-4.0:/home/brittonr/.guix-home/profile/lib/gtk-2.0:/home/brittonr/.guix-home/profile/lib/gtk-3.0:/home/brittonr/.guix-home/profile/lib/gtk-4.0:/home/brittonr/.guix-profile/lib/gtk-2.0:/home/brittonr/.guix-profile/lib/gtk-3.0:/home/brittonr/.guix-profile/lib/gtk-4.0:/home/brittonr/.nix-profile/lib/gtk-2.0:/home/brittonr/.nix-profile/lib/gtk-3.0:/home/brittonr/.nix-profile/lib/gtk-4.0:/nix/profile/lib/gtk-2.0:/nix/profile/lib/gtk-3.0:/nix/profile/lib/gtk-4.0:/home/brittonr/.local/state/nix/profile/lib/gtk-2.0:/home/brittonr/.local/state/nix/profile/lib/gtk-3.0:/home/brittonr/.local/state/nix/profile/lib/gtk-4.0:/etc/profiles/per-user/brittonr/lib/gtk-2.0:/etc/profiles/per-user/brittonr/lib/gtk-3.0:/etc/profiles/per-user/brittonr/lib/gtk-4.0:/nix/var/nix/profiles/default/lib/gtk-2.0:/nix/var/nix/profiles/default/lib/gtk-3.0:/nix/var/nix/profiles/default/lib/gtk-4.0:/run/current-system/sw/lib/gtk-2.0:/run/current-system/sw/lib/gtk-3.0:/run/current-system/sw/lib/gtk-4.0","LC_TELEPHONE":"en_US.UTF-8","XDG_CONFIG_DIRS":"/etc/xdg:/guix/current/etc/xdg:/home/brittonr/.guix-home/profile/etc/xdg:/home/brittonr/.guix-profile/etc/xdg:/home/brittonr/.nix-profile/etc/xdg:/nix/profile/etc/xdg:/home/brittonr/.local/state/nix/profile/etc/xdg:/etc/profiles/per-user/brittonr/etc/xdg:/nix/var/nix/profiles/default/etc/xdg:/run/current-system/sw/etc/xdg","SSH_CONNECTION":"100.110.43.11 40540 100.90.108.13 22","NIX_LD_LIBRARY_PATH":"/run/current-system/sw/share/nix-ld/lib","NIX_PROFILES":"/run/current-system/sw /nix/var/nix/profiles/default /etc/profiles/per-user/brittonr /home/brittonr/.local/state/nix/profile /nix/profile /home/brittonr/.nix-profile /home/brittonr/.guix-profile /home/brittonr/.guix-home/profile /guix/current","GTK_A11Y":"none","PUEUE_WORKER_ID":"0","DBUS_SESSION_BUS_ADDRESS":"unix:path=/run/user/1555/bus","SSH_CLIENT":"100.110.43.11 40540 22","PAGER":"less","LC_MONETARY":"en_US.UTF-8","LOCALE_ARCHIVE":"/run/current-system/sw/lib/locale/locale-archive","NIX_USER_PROFILE_DIR":"/nix/var/nix/profiles/per-user/brittonr","XDG_SESSION_ID":"51","SSH_AUTH_SOCK":"/home/brittonr/.ssh/agent/s.4qJwfIJAcJ.sshd.cBxkCj3qCC","DIRENV_CONFIG":"/etc/direnv","LANG":"en_US.UTF-8","GUIX_LOCPATH":"/guix/current/lib/locale:/home/brittonr/.guix-home/profile/lib/locale:/home/brittonr/.guix-profile/lib/locale","CUDA_PATH":"/nix/store/v71nv2s0z7hz7mi9fjgr83xila3mj2x7-cuda-merged-12.9","LIBEXEC_PATH":"/guix/current/libexec:/home/brittonr/.guix-home/profile/libexec:/home/brittonr/.guix-profile/libexec:/home/brittonr/.nix-profile/libexec:/nix/profile/libexec:/home/brittonr/.local/state/nix/profile/libexec:/etc/profiles/per-user/brittonr/libexec:/nix/var/nix/profiles/default/libexec:/run/current-system/sw/libexec","TERMINFO_DIRS":"/guix/current/share/terminfo:/home/brittonr/.guix-home/profile/share/terminfo:/home/brittonr/.guix-profile/share/terminfo:/home/brittonr/.nix-profile/share/terminfo:/nix/profile/share/terminfo:/home/brittonr/.local/state/nix/profile/share/terminfo:/etc/profiles/per-user/brittonr/share/terminfo:/nix/var/nix/profiles/default/share/terminfo:/run/current-system/sw/share/terminfo","CUDA_HOME":"/nix/store/v71nv2s0z7hz7mi9fjgr83xila3mj2x7-cuda-merged-12.9","LC_MEASUREMENT":"en_US.UTF-8","EDITOR":"nvim","LC_ADDRESS":"en_US.UTF-8","PUEUE_GROUP":"receipt-v31","LC_IDENTIFICATION":"en_US.UTF-8","XDG_SESSION_TYPE":"tty","XCURSOR_PATH":"/home/brittonr/.icons:/home/brittonr/.local/share/icons:/guix/current/share/icons:/guix/current/share/pixmaps:/home/brittonr/.guix-home/profile/share/icons:/home/brittonr/.guix-home/profile/share/pixmaps:/home/brittonr/.guix-profile/share/icons:/home/brittonr/.guix-profile/share/pixmaps:/home/brittonr/.nix-profile/share/icons:/home/brittonr/.nix-profile/share/pixmaps:/nix/profile/share/icons:/nix/profile/share/pixmaps:/home/brittonr/.local/state/nix/profile/share/icons:/home/brittonr/.local/state/nix/profile/share/pixmaps:/etc/profiles/per-user/brittonr/share/icons:/etc/profiles/per-user/brittonr/share/pixmaps:/nix/var/nix/profiles/default/share/icons:/nix/var/nix/profiles/default/share/pixmaps:/run/current-system/sw/share/icons:/run/current-system/sw/share/pixmaps","XDG_SESSION_CLASS":"user","SHELL":"/run/current-system/sw/bin/bash","NIX_PATH":"nixpkgs=flake:nixpkgs:/nix/var/nix/profiles/per-user/root/channels","NIXPKGS_CONFIG":"/etc/nix/nixpkgs-config.nix","QTWEBKIT_PLUGIN_PATH":"/guix/current/lib/mozilla/plugins/:/home/brittonr/.guix-home/profile/lib/mozilla/plugins/:/home/brittonr/.guix-profile/lib/mozilla/plugins/:/home/brittonr/.nix-profile/lib/mozilla/plugins/:/nix/profile/lib/mozilla/plugins/:/home/brittonr/.local/state/nix/profile/lib/mozilla/plugins/:/etc/profiles/per-user/brittonr/lib/mozilla/plugins/:/nix/var/nix/profiles/default/lib/mozilla/plugins/:/run/current-system/sw/lib/mozilla/plugins/","LOGNAME":"brittonr","INFOPATH":"/guix/current/info:/guix/current/share/info:/home/brittonr/.guix-home/profile/info:/home/brittonr/.guix-home/profile/share/info:/home/brittonr/.guix-profile/info:/home/brittonr/.guix-profile/share/info:/home/brittonr/.nix-profile/info:/home/brittonr/.nix-profile/share/info:/nix/profile/info:/nix/profile/share/info:/home/brittonr/.local/state/nix/profile/info:/home/brittonr/.local/state/nix/profile/share/info:/etc/profiles/per-user/brittonr/info:/etc/profiles/per-user/brittonr/share/info:/nix/var/nix/profiles/default/info:/nix/var/nix/profiles/default/share/info:/run/current-system/sw/info:/run/current-system/sw/share/info","SYSTEMD_XKB_DIRECTORY":"/etc/X11/xkb","USER":"brittonr","CUDA_DEVICE_ORDER":"PCI_BUS_ID","TZDIR":"/etc/zoneinfo","NIX_LD":"/run/current-system/sw/share/nix-ld/lib/ld.so","TERM":"dumb","LESSKEYIN_SYSTEM":"/nix/store/a4w55l22jvjy3xs6qvf69z99gpixvjvw-lessconfig","__ETC_PROFILE_DONE":"1","__NIXOS_SET_ENVIRONMENT_DONE":"1","SHLVL":"0","XDG_RUNTIME_DIR":"/run/user/1555","LC_PAPER":"en_US.UTF-8","LC_TIME":"en_US.UTF-8","XDG_DATA_DIRS":"/guix/current/share:/home/brittonr/.guix-home/profile/share:/home/brittonr/.guix-profile/share:/home/brittonr/.nix-profile/share:/nix/profile/share:/home/brittonr/.local/state/nix/profile/share:/etc/profiles/per-user/brittonr/share:/nix/var/nix/profiles/default/share:/run/current-system/sw/share","LC_NAME":"en_US.UTF-8"},"group":"receipt-v31","dependencies":[],"priority":0,"label":"v44-checkpoint-final-receipt","status":{"Done":{"enqueued_at":"2026-08-22T19:24:11.324341456-04:00","start":"2026-08-22T19:24:11.524706763-04:00","end":"2026-08-22T20:16:09.858756936-04:00","result":"Killed"}}}
WRAPPER
started_at=2026-08-22T19:24:11-04:00
wrapper_pid=10593
source_commit=5fb4ea42
source_transfer_parity=exact
profile_blake3=3042005943ca8d1343da2231c3126bbbcb9ea232f27e509833e04dcf6bc40728
orchestrator_blake3=f0984b5af64355aafe4ec10e4ec03d01b6bea340b126a49626457559bf030171
checkpoint_lookup_key_blake3=c2a4995c0435b2d385de630f2c8770b4bbb4c85c525b9e38d0cfed965c417848
checkpoint_digest_blake3=3894008488d95be470c97ebe6994eda40af98564dd0d69ffd05ae801693ba6b3
output=/home/brittonr/mantle-runs/receipt-fix-v31/source-built-fixed-point-v44-final-receipt-20260822
proof_disk_bytes_max=700000000000
proof_jobs=16
ROOT=/home/brittonr/mantle-runs/receipt-fix-v31/.source-built-fixed-point-v44-final-receipt-20260822.source-built-fixed-point-staging-10615
ATTEMPT
{
  "schema": "mantle-source-built-fixed-point-attempt-v1",
  "status": "running",
  "plan_digest_blake3": "107b9e3264f28fbaebdce73eeff9240848d409a0c1cbcd5c57d03d967c761fac",
  "blocker": null
}PROCESS
LOG_TAIL
mantle-runtime-fingerprint {"schema":"mantle-runtime-fingerprint-v1","mantle_version":"0.1.0","command":"self-build","logical_store_prefix":"/mantle/store","physical_store_dir":"/nix/store","state_dir":"/home/brittonr/.local/state/crunch","json_mode":false,"verbosity_source":"verbose-flag","diagnostic_scope":"selected-runtime-context-only","hermeticity_mode":"strict","substitution_mode":"disabled","substituter_count":0,"signing_key_selected":false,"trusted_public_key_count":0,"trust_unsigned":false}
Generated signing key: crunch-leviathan-1 (/home/brittonr/mantle-runs/receipt-fix-v31/.source-built-fixed-point-v44-final-receipt-20260822.source-built-fixed-point-staging-10615/native-state/signing-key)
[2m2026-08-22T23:34:45.986827Z[0m [32m INFO[0m [2mcrunch_store::handle[0m[2m:[0m blob service opened [3mpath[0m[2m=[0m/home/brittonr/mantle-runs/receipt-fix-v31/.source-built-fixed-point-v44-final-receipt-20260822.source-built-fixed-point-staging-10615/native-state/blobs
[2m2026-08-22T23:34:45.987148Z[0m [32m INFO[0m [2mredb::db[0m[2m:[0m Opening database "FileBackend { lock_supported: true, file: File { fd: 13, path: \"/home/brittonr/mantle-runs/receipt-fix-v31/.source-built-fixed-point-v44-final-receipt-20260822.source-built-fixed-point-staging-10615/native-state/directories.redb\", read: true, write: true } }"
[2m2026-08-22T23:34:45.995453Z[0m [33m WARN[0m [2mredb::db[0m[2m:[0m Database "FileBackend { lock_supported: true, file: File { fd: 13, path: \"/home/brittonr/mantle-runs/receipt-fix-v31/.source-built-fixed-point-v44-final-receipt-20260822.source-built-fixed-point-staging-10615/native-state/directories.redb\", read: true, write: true } }" not shutdown cleanly. Repairing
[2m2026-08-22T23:34:46.006720Z[0m [32m INFO[0m [2mredb::db[0m[2m:[0m Opening database "FileBackend { lock_supported: true, file: File { fd: 14, path: \"/home/brittonr/mantle-runs/receipt-fix-v31/.source-built-fixed-point-v44-final-receipt-20260822.source-built-fixed-point-staging-10615/native-state/pathinfo.redb\", read: true, write: true } }"
[2m2026-08-22T23:34:46.012535Z[0m [33m WARN[0m [2mredb::db[0m[2m:[0m Database "FileBackend { lock_supported: true, file: File { fd: 14, path: \"/home/brittonr/mantle-runs/receipt-fix-v31/.source-built-fixed-point-v44-final-receipt-20260822.source-built-fixed-point-staging-10615/native-state/pathinfo.redb\", read: true, write: true } }" not shutdown cleanly. Repairing
[2m2026-08-22T23:34:46.023724Z[0m [32m INFO[0m [2mcrunch_store::handle[0m[2m:[0m PathInfo database opened [3mpath[0m[2m=[0m/home/brittonr/mantle-runs/receipt-fix-v31/.source-built-fixed-point-v44-final-receipt-20260822.source-built-fixed-point-staging-10615/native-state/pathinfo.redb
[2m2026-08-22T23:34:47.435553Z[0m [32m INFO[0m [2mcrunch_store::handle[0m[2m:[0m blob service opened [3mpath[0m[2m=[0m/home/brittonr/mantle-runs/receipt-fix-v31/.source-built-fixed-point-v44-final-receipt-20260822.source-built-fixed-point-staging-10615/native-state/blobs
[2m2026-08-22T23:34:47.435770Z[0m [32m INFO[0m [2mredb::db[0m[2m:[0m Opening database "FileBackend { lock_supported: true, file: File { fd: 13, path: \"/home/brittonr/mantle-runs/receipt-fix-v31/.source-built-fixed-point-v44-final-receipt-20260822.source-built-fixed-point-staging-10615/native-state/directories.redb\", read: true, write: true } }"
[2m2026-08-22T23:34:47.435980Z[0m [32m INFO[0m [2mredb::db[0m[2m:[0m Found valid allocator state, full repair not needed
[2m2026-08-22T23:34:47.445380Z[0m [32m INFO[0m [2mredb::db[0m[2m:[0m Opening database "FileBackend { lock_supported: true, file: File { fd: 14, path: \"/home/brittonr/mantle-runs/receipt-fix-v31/.source-built-fixed-point-v44-final-receipt-20260822.source-built-fixed-point-staging-10615/native-state/pathinfo.redb\", read: true, write: true } }"
[2m2026-08-22T23:34:47.445482Z[0m [32m INFO[0m [2mredb::db[0m[2m:[0m Found valid allocator state, full repair not needed
[2m2026-08-22T23:34:47.449239Z[0m [32m INFO[0m [2mcrunch_store::handle[0m[2m:[0m PathInfo database opened [3mpath[0m[2m=[0m/home/brittonr/mantle-runs/receipt-fix-v31/.source-built-fixed-point-v44-final-receipt-20260822.source-built-fixed-point-staging-10615/native-state/pathinfo.redb
Admitted full-source provider /home/brittonr/mantle-runs/receipt-fix-v31/.source-built-fixed-point-v44-final-receipt-20260822.source-built-fixed-point-staging-10615/native-store/kcvijyh0sibqcc4g9sqk694xyslzhpsx-full-source-seed-toolchain
  output_digest_blake3: 63d9bc23cfcc232726527c141132ea35bc7ef9adf4ed7a952b5baa62bd466ed9
  source_closure_blake3: 7a97f836c8daa3dc5cbdf51a2d6ca59e7b995debac22fe5d08c091e667828778
  metadata_digest_blake3: 50ac462f76ed2033a6d760a9271081351ccb9493e6d9cd796e7b6abdab02a826
  report: /home/brittonr/mantle-runs/receipt-fix-v31/.source-built-fixed-point-v44-final-receipt-20260822.source-built-fixed-point-staging-10615/full-source-provider-admission.json
Materialized source-built native toolchain closure /home/brittonr/mantle-runs/receipt-fix-v31/.source-built-fixed-point-v44-final-receipt-20260822.source-built-fixed-point-staging-10615/source-built-toolchain-closure.json
  members: 17
  policy_digest_blake3: e2b13ca18b44be85bbfbccf26c57a3a49f7e526d0efab3463430abd1e5f9f238
DISK
free_bytes=665722134528
KERNEL
