{
  "change": "promote-full-bootstrap-parity",
  "evidence_summary": {
    "docs_only": 0,
    "fixture": 0,
    "formal": 0,
    "mode": "advisory",
    "model": 0,
    "probe": 0,
    "property": 0
  },
  "input_hash": "e052accc0d8242d6e476cc23596624d1924160663a60d5dc80cade83d4eebf30",
  "issues": [],
  "layout": "cairn",
  "policy": "mantle-default",
  "policy_hash": "69891b1b46c1b38dad36043d5603ad45768bbeb4bc61ad10b72bc0cbabadb0d7",
  "probe_evidence": null,
  "receipt_hash": "b7efc3878486c33b83c306a5dfcc3866bcbd30f119fe6b8f3caf48698af18f6a",
  "stage": "proposal",
  "substance": [
    {
      "checkbox_tasks": 0,
      "kind": "proposal",
      "malformed_dependency_markers": 0,
      "path": "./.cairn/changes/promote-full-bootstrap-parity/proposal.md",
      "requirement_blocks": 0,
      "scenario_blocks": 0,
      "substantive_lines": 14,
      "substantive_requirement_blocks": 0,
      "substantive_tasks": 0,
      "task_done": 0,
      "task_in_progress": 0,
      "task_todo": 0
    }
  ],
  "task_ordering": null,
  "valid": true,
  "verdict": "PASS"
}
