{
  "actions": [
    {
      "description": "move active change to archive: separate-remote-build-hexagon",
      "kind": "archive_change",
      "path": "./.cairn/changes/separate-remote-build-hexagon"
    }
  ],
  "blocked": false,
  "change": "separate-remote-build-hexagon",
  "cross_repo_dependencies": {
    "blocked_count": 0,
    "dependency_count": 0,
    "input_hash": "4c32804db9c0d3309e48dd7148eb9f3d3e23f5cd4b0110d83a6fddd7d3046f09",
    "non_claims": [
      "dependency satisfaction proves presented receipt linkage only",
      "dependency satisfaction does not prove upstream correctness or remote trust",
      "dependency satisfaction does not prove downstream integration correctness or release eligibility"
    ],
    "policy_hash": "69891b1b46c1b38dad36043d5603ad45768bbeb4bc61ad10b72bc0cbabadb0d7",
    "receipt_hash": "6767ed8b14dd8f3564cacd001ffaea47a8049f223b6d42df429717fe3476d2f6",
    "rows": [],
    "satisfied_count": 0,
    "schema": "cairn.cross-repo-dependency-receipt.v1",
    "valid": true,
    "verdict": "PASS"
  },
  "cross_repo_evidence_issues": [],
  "dry_run": true,
  "input_hash": "29d15c0f201b1df26fa5231778119932e2f8f3b211b275dbb486606c705cb7c8",
  "layout": "cairn",
  "mutated": false,
  "mutation_manifest": null,
  "plan_hash": "e01fda3d3348420a5526094a8d9f28c4f75de53474545dbfe9f28a8da8e98d75",
  "policy": "mantle-default",
  "policy_hash": "69891b1b46c1b38dad36043d5603ad45768bbeb4bc61ad10b72bc0cbabadb0d7",
  "reasons": [],
  "receipt_hash": "6427dbc7b788eb58a504e3d3c15ddd797372d3974ef2e09eb183837dc612fa17"
}
